18:08:59 **** Clean-only build of configuration Debug for project f303_perla_blank ****
make -j16 clean 
rm -rf ./Main_app/Src/MY_LIB/MY_driver_can.cyclo ./Main_app/Src/MY_LIB/MY_driver_can.d ./Main_app/Src/MY_LIB/MY_driver_can.o ./Main_app/Src/MY_LIB/MY_driver_can.su ./Main_app/Src/MY_LIB/MY_driver_fan.cyclo ./Main_app/Src/MY_LIB/MY_driver_fan.d ./Main_app/Src/MY_LIB/MY_driver_fan.o ./Main_app/Src/MY_LIB/MY_driver_fan.su ./Main_app/Src/MY_LIB/MY_driver_i2c.cyclo ./Main_app/Src/MY_LIB/MY_driver_i2c.d ./Main_app/Src/MY_LIB/MY_driver_i2c.o ./Main_app/Src/MY_LIB/MY_driver_i2c.su ./Main_app/Src/MY_LIB/MY_driver_serwo.cyclo ./Main_app/Src/MY_LIB/MY_driver_serwo.d ./Main_app/Src/MY_LIB/MY_driver_serwo.o ./Main_app/Src/MY_LIB/MY_driver_serwo.su
rm -rf ./Main_app/Src/EKO_LIB/I2C_driver.cyclo ./Main_app/Src/EKO_LIB/I2C_driver.d ./Main_app/Src/EKO_LIB/I2C_driver.o ./Main_app/Src/EKO_LIB/I2C_driver.su ./Main_app/Src/EKO_LIB/can_driver.cyclo ./Main_app/Src/EKO_LIB/can_driver.d ./Main_app/Src/EKO_LIB/can_driver.o ./Main_app/Src/EKO_LIB/can_driver.su
rm -rf ./Main_app/Src/cooler_left_app.cyclo ./Main_app/Src/cooler_left_app.d ./Main_app/Src/cooler_left_app.o ./Main_app/Src/cooler_left_app.su ./Main_app/Src/cooler_test.cyclo ./Main_app/Src/cooler_test.d ./Main_app/Src/cooler_test.o ./Main_app/Src/cooler_test.su
rm -rf ./Drivers/STM32F3xx_HAL_Driver/Src/stm32f3xx_hal.cyclo ./Drivers/STM32F3xx_HAL_Driver/Src/stm32f3xx_hal.d ./Drivers/STM32F3xx_HAL_Driver/Src/stm32f3xx_hal.o ./Drivers/STM32F3xx_HAL_Driver/Src/stm32f3xx_hal.su ./Drivers/STM32F3xx_HAL_Driver/Src/stm32f3xx_hal_can.cyclo ./Drivers/STM32F3xx_HAL_Driver/Src/stm32f3xx_hal_can.d ./Drivers/STM32F3xx_HAL_Driver/Src/stm32f3xx_hal_can.o ./Drivers/STM32F3xx_HAL_Driver/Src/stm32f3xx_hal_can.su ./Drivers/STM32F3xx_HAL_Driver/Src/stm32f3xx_hal_cortex.cyclo ./Drivers/STM32F3xx_HAL_Driver/Src/stm32f3xx_hal_cortex.d ./Drivers/STM32F3xx_HAL_Driver/Src/stm32f3xx_hal_cortex.o ./Drivers/STM32F3xx_HAL_Driver/Src/stm32f3xx_hal_cortex.su ./Drivers/STM32F3xx_HAL_Driver/Src/stm32f3xx_hal_dma.cyclo ./Drivers/STM32F3xx_HAL_Driver/Src/stm32f3xx_hal_dma.d ./Drivers/STM32F3xx_HAL_Driver/Src/stm32f3xx_hal_dma.o ./Drivers/STM32F3xx_HAL_Driver/Src/stm32f3xx_hal_dma.su ./Drivers/STM32F3xx_HAL_Driver/Src/stm32f3xx_hal_exti.cyclo ./Drivers/STM32F3xx_HAL_Driver/Src/stm32f3xx_hal_exti.d ./Drivers/STM32F3xx_HAL_Driver/Src/stm32f3xx_hal_exti.o ./Drivers/STM32F3xx_HAL_Driver/Src/stm32f3xx_hal_exti.su ./Drivers/STM32F3xx_HAL_Driver/Src/stm32f3xx_hal_flash.cyclo ./Drivers/STM32F3xx_HAL_Driver/Src/stm32f3xx_hal_flash.d ./Drivers/STM32F3xx_HAL_Driver/Src/stm32f3xx_hal_flash.o ./Drivers/STM32F3xx_HAL_Driver/Src/stm32f3xx_hal_flash.su ./Drivers/STM32F3xx_HAL_Driver/Src/stm32f3xx_hal_flash_ex.cyclo ./Drivers/STM32F3xx_HAL_Driver/Src/stm32f3xx_hal_flash_ex.d ./Drivers/STM32F3xx_HAL_Driver/Src/stm32f3xx_hal_flash_ex.o ./Drivers/STM32F3xx_HAL_Driver/Src/stm32f3xx_hal_flash_ex.su ./Drivers/STM32F3xx_HAL_Driver/Src/stm32f3xx_hal_gpio.cyclo ./Drivers/STM32F3xx_HAL_Driver/Src/stm32f3xx_hal_gpio.d ./Drivers/STM32F3xx_HAL_Driver/Src/stm32f3xx_hal_gpio.o ./Drivers/STM32F3xx_HAL_Driver/Src/stm32f3xx_hal_gpio.su ./Drivers/STM32F3xx_HAL_Driver/Src/stm32f3xx_hal_i2c.cyclo ./Drivers/STM32F3xx_HAL_Driver/Src/stm32f3xx_hal_i2c.d ./Drivers/STM32F3xx_HAL_Driver/Src/stm32f3xx_hal_i2c.o ./Drivers/STM32F3xx_HAL_Driver/Src/stm32f3xx_hal_i2c.su ./Drivers/STM32F3xx_HAL_Driver/Src/stm32f3xx_hal_i2c_ex.cyclo ./Drivers/STM32F3xx_HAL_Driver/Src/stm32f3xx_hal_i2c_ex.d ./Drivers/STM32F3xx_HAL_Driver/Src/stm32f3xx_hal_i2c_ex.o ./Drivers/STM32F3xx_HAL_Driver/Src/stm32f3xx_hal_i2c_ex.su ./Drivers/STM32F3xx_HAL_Driver/Src/stm32f3xx_hal_pwr.cyclo ./Drivers/STM32F3xx_HAL_Driver/Src/stm32f3xx_hal_pwr.d ./Drivers/STM32F3xx_HAL_Driver/Src/stm32f3xx_hal_pwr.o ./Drivers/STM32F3xx_HAL_Driver/Src/stm32f3xx_hal_pwr.su ./Drivers/STM32F3xx_HAL_Driver/Src/stm32f3xx_hal_pwr_ex.cyclo ./Drivers/STM32F3xx_HAL_Driver/Src/stm32f3xx_hal_pwr_ex.d ./Drivers/STM32F3xx_HAL_Driver/Src/stm32f3xx_hal_pwr_ex.o ./Drivers/STM32F3xx_HAL_Driver/Src/stm32f3xx_hal_pwr_ex.su ./Drivers/STM32F3xx_HAL_Driver/Src/stm32f3xx_hal_rcc.cyclo ./Drivers/STM32F3xx_HAL_Driver/Src/stm32f3xx_hal_rcc.d ./Drivers/STM32F3xx_HAL_Driver/Src/stm32f3xx_hal_rcc.o ./Drivers/STM32F3xx_HAL_Driver/Src/stm32f3xx_hal_rcc.su ./Drivers/STM32F3xx_HAL_Driver/Src/stm32f3xx_hal_rcc_ex.cyclo ./Drivers/STM32F3xx_HAL_Driver/Src/stm32f3xx_hal_rcc_ex.d ./Drivers/STM32F3xx_HAL_Driver/Src/stm32f3xx_hal_rcc_ex.o ./Drivers/STM32F3xx_HAL_Driver/Src/stm32f3xx_hal_rcc_ex.su ./Drivers/STM32F3xx_HAL_Driver/Src/stm32f3xx_hal_tim.cyclo ./Drivers/STM32F3xx_HAL_Driver/Src/stm32f3xx_hal_tim.d ./Drivers/STM32F3xx_HAL_Driver/Src/stm32f3xx_hal_tim.o ./Drivers/STM32F3xx_HAL_Driver/Src/stm32f3xx_hal_tim.su ./Drivers/STM32F3xx_HAL_Driver/Src/stm32f3xx_hal_tim_ex.cyclo ./Drivers/STM32F3xx_HAL_Driver/Src/stm32f3xx_hal_tim_ex.d ./Drivers/STM32F3xx_HAL_Driver/Src/stm32f3xx_hal_tim_ex.o ./Drivers/STM32F3xx_HAL_Driver/Src/stm32f3xx_hal_tim_ex.su
rm -rf ./Core/Startup/startup_stm32f303k8tx.d ./Core/Startup/startup_stm32f303k8tx.o
rm -rf ./Core/Src/can.cyclo ./Core/Src/can.d ./Core/Src/can.o ./Core/Src/can.su ./Core/Src/dma.cyclo ./Core/Src/dma.d ./Core/Src/dma.o ./Core/Src/dma.su ./Core/Src/gpio.cyclo ./Core/Src/gpio.d ./Core/Src/gpio.o ./Core/Src/gpio.su ./Core/Src/i2c.cyclo ./Core/Src/i2c.d ./Core/Src/i2c.o ./Core/Src/i2c.su ./Core/Src/main.cyclo ./Core/Src/main.d ./Core/Src/main.o ./Core/Src/main.su ./Core/Src/stm32f3xx_hal_msp.cyclo ./Core/Src/stm32f3xx_hal_msp.d ./Core/Src/stm32f3xx_hal_msp.o ./Core/Src/stm32f3xx_hal_msp.su ./Core/Src/stm32f3xx_it.cyclo ./Core/Src/stm32f3xx_it.d ./Core/Src/stm32f3xx_it.o ./Core/Src/stm32f3xx_it.su ./Core/Src/syscalls.cyclo ./Core/Src/syscalls.d ./Core/Src/syscalls.o ./Core/Src/syscalls.su ./Core/Src/sysmem.cyclo ./Core/Src/sysmem.d ./Core/Src/sysmem.o ./Core/Src/sysmem.su ./Core/Src/system_stm32f3xx.cyclo ./Core/Src/system_stm32f3xx.d ./Core/Src/system_stm32f3xx.o ./Core/Src/system_stm32f3xx.su ./Core/Src/tim.cyclo ./Core/Src/tim.d ./Core/Src/tim.o ./Core/Src/tim.su
rm -rf default.size.stdout f303_perla_blank.elf f303_perla_blank.list f303_perla_blank.map
 
18:09:01 **** Build of configuration Debug for project f303_perla_blank ****
make -j16 all 
arm-none-eabi-gcc "../Main_app/Src/MY_LIB/MY_driver_can.c" -mcpu=cortex-m4 -std=gnu11 -g3 -DDEBUG -DUSE_HAL_DRIVER -DSTM32F303x8 -c -I"E:/Pulpit/PCB/Plytki_chlodzenia_SOFTWARE/Cooling_back/f303_perla_blank/Main_app/Inc/EKO_LIB" -I"E:/Pulpit/PCB/Plytki_chlodzenia_SOFTWARE/Cooling_back/f303_perla_blank/Main_app/Inc/MY_LIB" -I"E:/Pulpit/PCB/Plytki_chlodzenia_SOFTWARE/Cooling_back/f303_perla_blank/Main_app/Src/EKO_LIB" -I"E:/Pulpit/PCB/Plytki_chlodzenia_SOFTWARE/Cooling_back/f303_perla_blank/Main_app/Src/MY_LIB" -I../Core/Inc -I../Drivers/STM32F3xx_HAL_Driver/Inc -I../Drivers/STM32F3xx_HAL_Driver/Inc/Legacy -I../Drivers/CMSIS/Device/ST/STM32F3xx/Include -I../Drivers/CMSIS/Include -O0 -ffunction-sections -fdata-sections -Wall -fstack-usage -fcyclomatic-complexity -MMD -MP -MF"Main_app/Src/MY_LIB/MY_driver_can.d" -MT"Main_app/Src/MY_LIB/MY_driver_can.o" --specs=nano.specs -mfpu=fpv4-sp-d16 -mfloat-abi=hard -mthumb -o "Main_app/Src/MY_LIB/MY_driver_can.o"
arm-none-eabi-gcc "../Main_app/Src/MY_LIB/MY_driver_fan.c" -mcpu=cortex-m4 -std=gnu11 -g3 -DDEBUG -DUSE_HAL_DRIVER -DSTM32F303x8 -c -I"E:/Pulpit/PCB/Plytki_chlodzenia_SOFTWARE/Cooling_back/f303_perla_blank/Main_app/Inc/EKO_LIB" -I"E:/Pulpit/PCB/Plytki_chlodzenia_SOFTWARE/Cooling_back/f303_perla_blank/Main_app/Inc/MY_LIB" -I"E:/Pulpit/PCB/Plytki_chlodzenia_SOFTWARE/Cooling_back/f303_perla_blank/Main_app/Src/EKO_LIB" -I"E:/Pulpit/PCB/Plytki_chlodzenia_SOFTWARE/Cooling_back/f303_perla_blank/Main_app/Src/MY_LIB" -I../Core/Inc -I../Drivers/STM32F3xx_HAL_Driver/Inc -I../Drivers/STM32F3xx_HAL_Driver/Inc/Legacy -I../Drivers/CMSIS/Device/ST/STM32F3xx/Include -I../Drivers/CMSIS/Include -O0 -ffunction-sections -fdata-sections -Wall -fstack-usage -fcyclomatic-complexity -MMD -MP -MF"Main_app/Src/MY_LIB/MY_driver_fan.d" -MT"Main_app/Src/MY_LIB/MY_driver_fan.o" --specs=nano.specs -mfpu=fpv4-sp-d16 -mfloat-abi=hard -mthumb -o "Main_app/Src/MY_LIB/MY_driver_fan.o"
arm-none-eabi-gcc "../Main_app/Src/MY_LIB/MY_driver_i2c.c" -mcpu=cortex-m4 -std=gnu11 -g3 -DDEBUG -DUSE_HAL_DRIVER -DSTM32F303x8 -c -I"E:/Pulpit/PCB/Plytki_chlodzenia_SOFTWARE/Cooling_back/f303_perla_blank/Main_app/Inc/EKO_LIB" -I"E:/Pulpit/PCB/Plytki_chlodzenia_SOFTWARE/Cooling_back/f303_perla_blank/Main_app/Inc/MY_LIB" -I"E:/Pulpit/PCB/Plytki_chlodzenia_SOFTWARE/Cooling_back/f303_perla_blank/Main_app/Src/EKO_LIB" -I"E:/Pulpit/PCB/Plytki_chlodzenia_SOFTWARE/Cooling_back/f303_perla_blank/Main_app/Src/MY_LIB" -I../Core/Inc -I../Drivers/STM32F3xx_HAL_Driver/Inc -I../Drivers/STM32F3xx_HAL_Driver/Inc/Legacy -I../Drivers/CMSIS/Device/ST/STM32F3xx/Include -I../Drivers/CMSIS/Include -O0 -ffunction-sections -fdata-sections -Wall -fstack-usage -fcyclomatic-complexity -MMD -MP -MF"Main_app/Src/MY_LIB/MY_driver_i2c.d" -MT"Main_app/Src/MY_LIB/MY_driver_i2c.o" --specs=nano.specs -mfpu=fpv4-sp-d16 -mfloat-abi=hard -mthumb -o "Main_app/Src/MY_LIB/MY_driver_i2c.o"
arm-none-eabi-gcc "../Main_app/Src/MY_LIB/MY_driver_serwo.c" -mcpu=cortex-m4 -std=gnu11 -g3 -DDEBUG -DUSE_HAL_DRIVER -DSTM32F303x8 -c -I"E:/Pulpit/PCB/Plytki_chlodzenia_SOFTWARE/Cooling_back/f303_perla_blank/Main_app/Inc/EKO_LIB" -I"E:/Pulpit/PCB/Plytki_chlodzenia_SOFTWARE/Cooling_back/f303_perla_blank/Main_app/Inc/MY_LIB" -I"E:/Pulpit/PCB/Plytki_chlodzenia_SOFTWARE/Cooling_back/f303_perla_blank/Main_app/Src/EKO_LIB" -I"E:/Pulpit/PCB/Plytki_chlodzenia_SOFTWARE/Cooling_back/f303_perla_blank/Main_app/Src/MY_LIB" -I../Core/Inc -I../Drivers/STM32F3xx_HAL_Driver/Inc -I../Drivers/STM32F3xx_HAL_Driver/Inc/Legacy -I../Drivers/CMSIS/Device/ST/STM32F3xx/Include -I../Drivers/CMSIS/Include -O0 -ffunction-sections -fdata-sections -Wall -fstack-usage -fcyclomatic-complexity -MMD -MP -MF"Main_app/Src/MY_LIB/MY_driver_serwo.d" -MT"Main_app/Src/MY_LIB/MY_driver_serwo.o" --specs=nano.specs -mfpu=fpv4-sp-d16 -mfloat-abi=hard -mthumb -o "Main_app/Src/MY_LIB/MY_driver_serwo.o"
arm-none-eabi-gcc "../Main_app/Src/EKO_LIB/I2C_driver.c" -mcpu=cortex-m4 -std=gnu11 -g3 -DDEBUG -DUSE_HAL_DRIVER -DSTM32F303x8 -c -I"E:/Pulpit/PCB/Plytki_chlodzenia_SOFTWARE/Cooling_back/f303_perla_blank/Main_app/Inc/EKO_LIB" -I"E:/Pulpit/PCB/Plytki_chlodzenia_SOFTWARE/Cooling_back/f303_perla_blank/Main_app/Inc/MY_LIB" -I"E:/Pulpit/PCB/Plytki_chlodzenia_SOFTWARE/Cooling_back/f303_perla_blank/Main_app/Src/EKO_LIB" -I"E:/Pulpit/PCB/Plytki_chlodzenia_SOFTWARE/Cooling_back/f303_perla_blank/Main_app/Src/MY_LIB" -I../Core/Inc -I../Drivers/STM32F3xx_HAL_Driver/Inc -I../Drivers/STM32F3xx_HAL_Driver/Inc/Legacy -I../Drivers/CMSIS/Device/ST/STM32F3xx/Include -I../Drivers/CMSIS/Include -O0 -ffunction-sections -fdata-sections -Wall -fstack-usage -fcyclomatic-complexity -MMD -MP -MF"Main_app/Src/EKO_LIB/I2C_driver.d" -MT"Main_app/Src/EKO_LIB/I2C_driver.o" --specs=nano.specs -mfpu=fpv4-sp-d16 -mfloat-abi=hard -mthumb -o "Main_app/Src/EKO_LIB/I2C_driver.o"
arm-none-eabi-gcc "../Main_app/Src/EKO_LIB/can_driver.c" -mcpu=cortex-m4 -std=gnu11 -g3 -DDEBUG -DUSE_HAL_DRIVER -DSTM32F303x8 -c -I"E:/Pulpit/PCB/Plytki_chlodzenia_SOFTWARE/Cooling_back/f303_perla_blank/Main_app/Inc/EKO_LIB" -I"E:/Pulpit/PCB/Plytki_chlodzenia_SOFTWARE/Cooling_back/f303_perla_blank/Main_app/Inc/MY_LIB" -I"E:/Pulpit/PCB/Plytki_chlodzenia_SOFTWARE/Cooling_back/f303_perla_blank/Main_app/Src/EKO_LIB" -I"E:/Pulpit/PCB/Plytki_chlodzenia_SOFTWARE/Cooling_back/f303_perla_blank/Main_app/Src/MY_LIB" -I../Core/Inc -I../Drivers/STM32F3xx_HAL_Driver/Inc -I../Drivers/STM32F3xx_HAL_Driver/Inc/Legacy -I../Drivers/CMSIS/Device/ST/STM32F3xx/Include -I../Drivers/CMSIS/Include -O0 -ffunction-sections -fdata-sections -Wall -fstack-usage -fcyclomatic-complexity -MMD -MP -MF"Main_app/Src/EKO_LIB/can_driver.d" -MT"Main_app/Src/EKO_LIB/can_driver.o" --specs=nano.specs -mfpu=fpv4-sp-d16 -mfloat-abi=hard -mthumb -o "Main_app/Src/EKO_LIB/can_driver.o"
arm-none-eabi-gcc "../Main_app/Src/cooler_left_app.c" -mcpu=cortex-m4 -std=gnu11 -g3 -DDEBUG -DUSE_HAL_DRIVER -DSTM32F303x8 -c -I"E:/Pulpit/PCB/Plytki_chlodzenia_SOFTWARE/Cooling_back/f303_perla_blank/Main_app/Inc/EKO_LIB" -I"E:/Pulpit/PCB/Plytki_chlodzenia_SOFTWARE/Cooling_back/f303_perla_blank/Main_app/Src" -I"E:/Pulpit/PCB/Plytki_chlodzenia_SOFTWARE/Cooling_back/f303_perla_blank/Main_app/Inc" -I"E:/Pulpit/PCB/Plytki_chlodzenia_SOFTWARE/Cooling_back/f303_perla_blank/Main_app/Inc/MY_LIB" -I"E:/Pulpit/PCB/Plytki_chlodzenia_SOFTWARE/Cooling_back/f303_perla_blank/Main_app/Src/EKO_LIB" -I"E:/Pulpit/PCB/Plytki_chlodzenia_SOFTWARE/Cooling_back/f303_perla_blank/Main_app/Src/MY_LIB" -I../Core/Inc -I../Drivers/STM32F3xx_HAL_Driver/Inc -I../Drivers/STM32F3xx_HAL_Driver/Inc/Legacy -I../Drivers/CMSIS/Device/ST/STM32F3xx/Include -I../Drivers/CMSIS/Include -O0 -ffunction-sections -fdata-sections -Wall -fstack-usage -fcyclomatic-complexity -MMD -MP -MF"Main_app/Src/cooler_left_app.d" -MT"Main_app/Src/cooler_left_app.o" --specs=nano.specs -mfpu=fpv4-sp-d16 -mfloat-abi=hard -mthumb -o "Main_app/Src/cooler_left_app.o"
arm-none-eabi-gcc "../Main_app/Src/cooler_test.c" -mcpu=cortex-m4 -std=gnu11 -g3 -DDEBUG -DUSE_HAL_DRIVER -DSTM32F303x8 -c -I"E:/Pulpit/PCB/Plytki_chlodzenia_SOFTWARE/Cooling_back/f303_perla_blank/Main_app/Inc/EKO_LIB" -I"E:/Pulpit/PCB/Plytki_chlodzenia_SOFTWARE/Cooling_back/f303_perla_blank/Main_app/Inc/MY_LIB" -I"E:/Pulpit/PCB/Plytki_chlodzenia_SOFTWARE/Cooling_back/f303_perla_blank/Main_app/Src/EKO_LIB" -I"E:/Pulpit/PCB/Plytki_chlodzenia_SOFTWARE/Cooling_back/f303_perla_blank/Main_app/Src/MY_LIB" -I../Core/Inc -I../Drivers/STM32F3xx_HAL_Driver/Inc -I../Drivers/STM32F3xx_HAL_Driver/Inc/Legacy -I../Drivers/CMSIS/Device/ST/STM32F3xx/Include -I../Drivers/CMSIS/Include -O0 -ffunction-sections -fdata-sections -Wall -fstack-usage -fcyclomatic-complexity -MMD -MP -MF"Main_app/Src/cooler_test.d" -MT"Main_app/Src/cooler_test.o" --specs=nano.specs -mfpu=fpv4-sp-d16 -mfloat-abi=hard -mthumb -o "Main_app/Src/cooler_test.o"
arm-none-eabi-gcc "../Drivers/STM32F3xx_HAL_Driver/Src/stm32f3xx_hal.c" -mcpu=cortex-m4 -std=gnu11 -g3 -DDEBUG -DUSE_HAL_DRIVER -DSTM32F303x8 -c -I"E:/Pulpit/PCB/Plytki_chlodzenia_SOFTWARE/Cooling_back/f303_perla_blank/Main_app/Inc/EKO_LIB" -I"E:/Pulpit/PCB/Plytki_chlodzenia_SOFTWARE/Cooling_back/f303_perla_blank/Main_app/Inc/MY_LIB" -I"E:/Pulpit/PCB/Plytki_chlodzenia_SOFTWARE/Cooling_back/f303_perla_blank/Main_app/Src/EKO_LIB" -I"E:/Pulpit/PCB/Plytki_chlodzenia_SOFTWARE/Cooling_back/f303_perla_blank/Main_app/Src/MY_LIB" -I../Core/Inc -I../Drivers/STM32F3xx_HAL_Driver/Inc -I../Drivers/STM32F3xx_HAL_Driver/Inc/Legacy -I../Drivers/CMSIS/Device/ST/STM32F3xx/Include -I../Drivers/CMSIS/Include -O0 -ffunction-sections -fdata-sections -Wall -fstack-usage -fcyclomatic-complexity -MMD -MP -MF"Drivers/STM32F3xx_HAL_Driver/Src/stm32f3xx_hal.d" -MT"Drivers/STM32F3xx_HAL_Driver/Src/stm32f3xx_hal.o" --specs=nano.specs -mfpu=fpv4-sp-d16 -mfloat-abi=hard -mthumb -o "Drivers/STM32F3xx_HAL_Driver/Src/stm32f3xx_hal.o"
arm-none-eabi-gcc "../Drivers/STM32F3xx_HAL_Driver/Src/stm32f3xx_hal_can.c" -mcpu=cortex-m4 -std=gnu11 -g3 -DDEBUG -DUSE_HAL_DRIVER -DSTM32F303x8 -c -I"E:/Pulpit/PCB/Plytki_chlodzenia_SOFTWARE/Cooling_back/f303_perla_blank/Main_app/Inc/EKO_LIB" -I"E:/Pulpit/PCB/Plytki_chlodzenia_SOFTWARE/Cooling_back/f303_perla_blank/Main_app/Inc/MY_LIB" -I"E:/Pulpit/PCB/Plytki_chlodzenia_SOFTWARE/Cooling_back/f303_perla_blank/Main_app/Src/EKO_LIB" -I"E:/Pulpit/PCB/Plytki_chlodzenia_SOFTWARE/Cooling_back/f303_perla_blank/Main_app/Src/MY_LIB" -I../Core/Inc -I../Drivers/STM32F3xx_HAL_Driver/Inc -I../Drivers/STM32F3xx_HAL_Driver/Inc/Legacy -I../Drivers/CMSIS/Device/ST/STM32F3xx/Include -I../Drivers/CMSIS/Include -O0 -ffunction-sections -fdata-sections -Wall -fstack-usage -fcyclomatic-complexity -MMD -MP -MF"Drivers/STM32F3xx_HAL_Driver/Src/stm32f3xx_hal_can.d" -MT"Drivers/STM32F3xx_HAL_Driver/Src/stm32f3xx_hal_can.o" --specs=nano.specs -mfpu=fpv4-sp-d16 -mfloat-abi=hard -mthumb -o "Drivers/STM32F3xx_HAL_Driver/Src/stm32f3xx_hal_can.o"
arm-none-eabi-gcc "../Drivers/STM32F3xx_HAL_Driver/Src/stm32f3xx_hal_cortex.c" -mcpu=cortex-m4 -std=gnu11 -g3 -DDEBUG -DUSE_HAL_DRIVER -DSTM32F303x8 -c -I"E:/Pulpit/PCB/Plytki_chlodzenia_SOFTWARE/Cooling_back/f303_perla_blank/Main_app/Inc/EKO_LIB" -I"E:/Pulpit/PCB/Plytki_chlodzenia_SOFTWARE/Cooling_back/f303_perla_blank/Main_app/Inc/MY_LIB" -I"E:/Pulpit/PCB/Plytki_chlodzenia_SOFTWARE/Cooling_back/f303_perla_blank/Main_app/Src/EKO_LIB" -I"E:/Pulpit/PCB/Plytki_chlodzenia_SOFTWARE/Cooling_back/f303_perla_blank/Main_app/Src/MY_LIB" -I../Core/Inc -I../Drivers/STM32F3xx_HAL_Driver/Inc -I../Drivers/STM32F3xx_HAL_Driver/Inc/Legacy -I../Drivers/CMSIS/Device/ST/STM32F3xx/Include -I../Drivers/CMSIS/Include -O0 -ffunction-sections -fdata-sections -Wall -fstack-usage -fcyclomatic-complexity -MMD -MP -MF"Drivers/STM32F3xx_HAL_Driver/Src/stm32f3xx_hal_cortex.d" -MT"Drivers/STM32F3xx_HAL_Driver/Src/stm32f3xx_hal_cortex.o" --specs=nano.specs -mfpu=fpv4-sp-d16 -mfloat-abi=hard -mthumb -o "Drivers/STM32F3xx_HAL_Driver/Src/stm32f3xx_hal_cortex.o"
arm-none-eabi-gcc "../Drivers/STM32F3xx_HAL_Driver/Src/stm32f3xx_hal_dma.c" -mcpu=cortex-m4 -std=gnu11 -g3 -DDEBUG -DUSE_HAL_DRIVER -DSTM32F303x8 -c -I"E:/Pulpit/PCB/Plytki_chlodzenia_SOFTWARE/Cooling_back/f303_perla_blank/Main_app/Inc/EKO_LIB" -I"E:/Pulpit/PCB/Plytki_chlodzenia_SOFTWARE/Cooling_back/f303_perla_blank/Main_app/Inc/MY_LIB" -I"E:/Pulpit/PCB/Plytki_chlodzenia_SOFTWARE/Cooling_back/f303_perla_blank/Main_app/Src/EKO_LIB" -I"E:/Pulpit/PCB/Plytki_chlodzenia_SOFTWARE/Cooling_back/f303_perla_blank/Main_app/Src/MY_LIB" -I../Core/Inc -I../Drivers/STM32F3xx_HAL_Driver/Inc -I../Drivers/STM32F3xx_HAL_Driver/Inc/Legacy -I../Drivers/CMSIS/Device/ST/STM32F3xx/Include -I../Drivers/CMSIS/Include -O0 -ffunction-sections -fdata-sections -Wall -fstack-usage -fcyclomatic-complexity -MMD -MP -MF"Drivers/STM32F3xx_HAL_Driver/Src/stm32f3xx_hal_dma.d" -MT"Drivers/STM32F3xx_HAL_Driver/Src/stm32f3xx_hal_dma.o" --specs=nano.specs -mfpu=fpv4-sp-d16 -mfloat-abi=hard -mthumb -o "Drivers/STM32F3xx_HAL_Driver/Src/stm32f3xx_hal_dma.o"
arm-none-eabi-gcc "../Drivers/STM32F3xx_HAL_Driver/Src/stm32f3xx_hal_exti.c" -mcpu=cortex-m4 -std=gnu11 -g3 -DDEBUG -DUSE_HAL_DRIVER -DSTM32F303x8 -c -I"E:/Pulpit/PCB/Plytki_chlodzenia_SOFTWARE/Cooling_back/f303_perla_blank/Main_app/Inc/EKO_LIB" -I"E:/Pulpit/PCB/Plytki_chlodzenia_SOFTWARE/Cooling_back/f303_perla_blank/Main_app/Inc/MY_LIB" -I"E:/Pulpit/PCB/Plytki_chlodzenia_SOFTWARE/Cooling_back/f303_perla_blank/Main_app/Src/EKO_LIB" -I"E:/Pulpit/PCB/Plytki_chlodzenia_SOFTWARE/Cooling_back/f303_perla_blank/Main_app/Src/MY_LIB" -I../Core/Inc -I../Drivers/STM32F3xx_HAL_Driver/Inc -I../Drivers/STM32F3xx_HAL_Driver/Inc/Legacy -I../Drivers/CMSIS/Device/ST/STM32F3xx/Include -I../Drivers/CMSIS/Include -O0 -ffunction-sections -fdata-sections -Wall -fstack-usage -fcyclomatic-complexity -MMD -MP -MF"Drivers/STM32F3xx_HAL_Driver/Src/stm32f3xx_hal_exti.d" -MT"Drivers/STM32F3xx_HAL_Driver/Src/stm32f3xx_hal_exti.o" --specs=nano.specs -mfpu=fpv4-sp-d16 -mfloat-abi=hard -mthumb -o "Drivers/STM32F3xx_HAL_Driver/Src/stm32f3xx_hal_exti.o"
arm-none-eabi-gcc "../Drivers/STM32F3xx_HAL_Driver/Src/stm32f3xx_hal_flash.c" -mcpu=cortex-m4 -std=gnu11 -g3 -DDEBUG -DUSE_HAL_DRIVER -DSTM32F303x8 -c -I"E:/Pulpit/PCB/Plytki_chlodzenia_SOFTWARE/Cooling_back/f303_perla_blank/Main_app/Inc/EKO_LIB" -I"E:/Pulpit/PCB/Plytki_chlodzenia_SOFTWARE/Cooling_back/f303_perla_blank/Main_app/Inc/MY_LIB" -I"E:/Pulpit/PCB/Plytki_chlodzenia_SOFTWARE/Cooling_back/f303_perla_blank/Main_app/Src/EKO_LIB" -I"E:/Pulpit/PCB/Plytki_chlodzenia_SOFTWARE/Cooling_back/f303_perla_blank/Main_app/Src/MY_LIB" -I../Core/Inc -I../Drivers/STM32F3xx_HAL_Driver/Inc -I../Drivers/STM32F3xx_HAL_Driver/Inc/Legacy -I../Drivers/CMSIS/Device/ST/STM32F3xx/Include -I../Drivers/CMSIS/Include -O0 -ffunction-sections -fdata-sections -Wall -fstack-usage -fcyclomatic-complexity -MMD -MP -MF"Drivers/STM32F3xx_HAL_Driver/Src/stm32f3xx_hal_flash.d" -MT"Drivers/STM32F3xx_HAL_Driver/Src/stm32f3xx_hal_flash.o" --specs=nano.specs -mfpu=fpv4-sp-d16 -mfloat-abi=hard -mthumb -o "Drivers/STM32F3xx_HAL_Driver/Src/stm32f3xx_hal_flash.o"
arm-none-eabi-gcc "../Drivers/STM32F3xx_HAL_Driver/Src/stm32f3xx_hal_flash_ex.c" -mcpu=cortex-m4 -std=gnu11 -g3 -DDEBUG -DUSE_HAL_DRIVER -DSTM32F303x8 -c -I"E:/Pulpit/PCB/Plytki_chlodzenia_SOFTWARE/Cooling_back/f303_perla_blank/Main_app/Inc/EKO_LIB" -I"E:/Pulpit/PCB/Plytki_chlodzenia_SOFTWARE/Cooling_back/f303_perla_blank/Main_app/Inc/MY_LIB" -I"E:/Pulpit/PCB/Plytki_chlodzenia_SOFTWARE/Cooling_back/f303_perla_blank/Main_app/Src/EKO_LIB" -I"E:/Pulpit/PCB/Plytki_chlodzenia_SOFTWARE/Cooling_back/f303_perla_blank/Main_app/Src/MY_LIB" -I../Core/Inc -I../Drivers/STM32F3xx_HAL_Driver/Inc -I../Drivers/STM32F3xx_HAL_Driver/Inc/Legacy -I../Drivers/CMSIS/Device/ST/STM32F3xx/Include -I../Drivers/CMSIS/Include -O0 -ffunction-sections -fdata-sections -Wall -fstack-usage -fcyclomatic-complexity -MMD -MP -MF"Drivers/STM32F3xx_HAL_Driver/Src/stm32f3xx_hal_flash_ex.d" -MT"Drivers/STM32F3xx_HAL_Driver/Src/stm32f3xx_hal_flash_ex.o" --specs=nano.specs -mfpu=fpv4-sp-d16 -mfloat-abi=hard -mthumb -o "Drivers/STM32F3xx_HAL_Driver/Src/stm32f3xx_hal_flash_ex.o"
arm-none-eabi-gcc "../Drivers/STM32F3xx_HAL_Driver/Src/stm32f3xx_hal_gpio.c" -mcpu=cortex-m4 -std=gnu11 -g3 -DDEBUG -DUSE_HAL_DRIVER -DSTM32F303x8 -c -I"E:/Pulpit/PCB/Plytki_chlodzenia_SOFTWARE/Cooling_back/f303_perla_blank/Main_app/Inc/EKO_LIB" -I"E:/Pulpit/PCB/Plytki_chlodzenia_SOFTWARE/Cooling_back/f303_perla_blank/Main_app/Inc/MY_LIB" -I"E:/Pulpit/PCB/Plytki_chlodzenia_SOFTWARE/Cooling_back/f303_perla_blank/Main_app/Src/EKO_LIB" -I"E:/Pulpit/PCB/Plytki_chlodzenia_SOFTWARE/Cooling_back/f303_perla_blank/Main_app/Src/MY_LIB" -I../Core/Inc -I../Drivers/STM32F3xx_HAL_Driver/Inc -I../Drivers/STM32F3xx_HAL_Driver/Inc/Legacy -I../Drivers/CMSIS/Device/ST/STM32F3xx/Include -I../Drivers/CMSIS/Include -O0 -ffunction-sections -fdata-sections -Wall -fstack-usage -fcyclomatic-complexity -MMD -MP -MF"Drivers/STM32F3xx_HAL_Driver/Src/stm32f3xx_hal_gpio.d" -MT"Drivers/STM32F3xx_HAL_Driver/Src/stm32f3xx_hal_gpio.o" --specs=nano.specs -mfpu=fpv4-sp-d16 -mfloat-abi=hard -mthumb -o "Drivers/STM32F3xx_HAL_Driver/Src/stm32f3xx_hal_gpio.o"
arm-none-eabi-gcc "../Drivers/STM32F3xx_HAL_Driver/Src/stm32f3xx_hal_i2c.c" -mcpu=cortex-m4 -std=gnu11 -g3 -DDEBUG -DUSE_HAL_DRIVER -DSTM32F303x8 -c -I"E:/Pulpit/PCB/Plytki_chlodzenia_SOFTWARE/Cooling_back/f303_perla_blank/Main_app/Inc/EKO_LIB" -I"E:/Pulpit/PCB/Plytki_chlodzenia_SOFTWARE/Cooling_back/f303_perla_blank/Main_app/Inc/MY_LIB" -I"E:/Pulpit/PCB/Plytki_chlodzenia_SOFTWARE/Cooling_back/f303_perla_blank/Main_app/Src/EKO_LIB" -I"E:/Pulpit/PCB/Plytki_chlodzenia_SOFTWARE/Cooling_back/f303_perla_blank/Main_app/Src/MY_LIB" -I../Core/Inc -I../Drivers/STM32F3xx_HAL_Driver/Inc -I../Drivers/STM32F3xx_HAL_Driver/Inc/Legacy -I../Drivers/CMSIS/Device/ST/STM32F3xx/Include -I../Drivers/CMSIS/Include -O0 -ffunction-sections -fdata-sections -Wall -fstack-usage -fcyclomatic-complexity -MMD -MP -MF"Drivers/STM32F3xx_HAL_Driver/Src/stm32f3xx_hal_i2c.d" -MT"Drivers/STM32F3xx_HAL_Driver/Src/stm32f3xx_hal_i2c.o" --specs=nano.specs -mfpu=fpv4-sp-d16 -mfloat-abi=hard -mthumb -o "Drivers/STM32F3xx_HAL_Driver/Src/stm32f3xx_hal_i2c.o"
../Main_app/Src/cooler_left_app.c: In function 'COOLER_app':
../Main_app/Src/cooler_left_app.c:154:27: warning: enumeration value 'CAN_FRAME_BMS_TEMP_1' not handled in switch [-Wswitch]
  154 |                           switch(msg.name)
      |                           ^~~~~~
../Main_app/Src/cooler_left_app.c:154:27: warning: enumeration value 'CAN_FRAME_BMS_TEMP_2' not handled in switch [-Wswitch]
../Main_app/Src/cooler_left_app.c:154:27: warning: enumeration value 'CAN_FRAME_BMS_TEMP_3' not handled in switch [-Wswitch]
../Main_app/Src/cooler_left_app.c:154:27: warning: enumeration value 'CAN_FRAME_BMS_TEMP_4' not handled in switch [-Wswitch]
../Main_app/Src/cooler_left_app.c:154:27: warning: enumeration value 'CAN_FRAME_BMS_TEMP_5' not handled in switch [-Wswitch]
../Main_app/Src/cooler_left_app.c:154:27: warning: enumeration value 'CAN_FRAME_BMS_TEMP_6' not handled in switch [-Wswitch]
../Main_app/Src/cooler_left_app.c:154:27: warning: enumeration value 'CAN_FRAME_BMS_TEMP_7' not handled in switch [-Wswitch]
../Main_app/Src/cooler_left_app.c:154:27: warning: enumeration value 'CAN_FRAME_BMS_TEMP_8' not handled in switch [-Wswitch]
../Main_app/Src/cooler_left_app.c:154:27: warning: enumeration value 'CAN_FRAME_BMS_TEMP_9' not handled in switch [-Wswitch]
../Main_app/Src/cooler_left_app.c:154:27: warning: enumeration value 'CAN_FRAME_SAFE_STATE' not handled in switch [-Wswitch]
../Main_app/Src/cooler_left_app.c:154:27: warning: enumeration value 'CAN_FRAME_BATTERY_SET_FAN' not handled in switch [-Wswitch]
../Main_app/Src/cooler_left_app.c:154:27: warning: enumeration value 'CAN_FRAME_UNKNOWN' not handled in switch [-Wswitch]
../Main_app/Src/MY_LIB/MY_driver_i2c.c: In function 'AM2320_StateMachine':
../Main_app/Src/MY_LIB/MY_driver_i2c.c:153:5: warning: enumeration value 'AM2320_IDLE' not handled in switch [-Wswitch]
  153 |     switch (am2320State)
      |     ^~~~~~
arm-none-eabi-gcc "../Drivers/STM32F3xx_HAL_Driver/Src/stm32f3xx_hal_i2c_ex.c" -mcpu=cortex-m4 -std=gnu11 -g3 -DDEBUG -DUSE_HAL_DRIVER -DSTM32F303x8 -c -I"E:/Pulpit/PCB/Plytki_chlodzenia_SOFTWARE/Cooling_back/f303_perla_blank/Main_app/Inc/EKO_LIB" -I"E:/Pulpit/PCB/Plytki_chlodzenia_SOFTWARE/Cooling_back/f303_perla_blank/Main_app/Inc/MY_LIB" -I"E:/Pulpit/PCB/Plytki_chlodzenia_SOFTWARE/Cooling_back/f303_perla_blank/Main_app/Src/EKO_LIB" -I"E:/Pulpit/PCB/Plytki_chlodzenia_SOFTWARE/Cooling_back/f303_perla_blank/Main_app/Src/MY_LIB" -I../Core/Inc -I../Drivers/STM32F3xx_HAL_Driver/Inc -I../Drivers/STM32F3xx_HAL_Driver/Inc/Legacy -I../Drivers/CMSIS/Device/ST/STM32F3xx/Include -I../Drivers/CMSIS/Include -O0 -ffunction-sections -fdata-sections -Wall -fstack-usage -fcyclomatic-complexity -MMD -MP -MF"Drivers/STM32F3xx_HAL_Driver/Src/stm32f3xx_hal_i2c_ex.d" -MT"Drivers/STM32F3xx_HAL_Driver/Src/stm32f3xx_hal_i2c_ex.o" --specs=nano.specs -mfpu=fpv4-sp-d16 -mfloat-abi=hard -mthumb -o "Drivers/STM32F3xx_HAL_Driver/Src/stm32f3xx_hal_i2c_ex.o"
arm-none-eabi-gcc "../Drivers/STM32F3xx_HAL_Driver/Src/stm32f3xx_hal_pwr.c" -mcpu=cortex-m4 -std=gnu11 -g3 -DDEBUG -DUSE_HAL_DRIVER -DSTM32F303x8 -c -I"E:/Pulpit/PCB/Plytki_chlodzenia_SOFTWARE/Cooling_back/f303_perla_blank/Main_app/Inc/EKO_LIB" -I"E:/Pulpit/PCB/Plytki_chlodzenia_SOFTWARE/Cooling_back/f303_perla_blank/Main_app/Inc/MY_LIB" -I"E:/Pulpit/PCB/Plytki_chlodzenia_SOFTWARE/Cooling_back/f303_perla_blank/Main_app/Src/EKO_LIB" -I"E:/Pulpit/PCB/Plytki_chlodzenia_SOFTWARE/Cooling_back/f303_perla_blank/Main_app/Src/MY_LIB" -I../Core/Inc -I../Drivers/STM32F3xx_HAL_Driver/Inc -I../Drivers/STM32F3xx_HAL_Driver/Inc/Legacy -I../Drivers/CMSIS/Device/ST/STM32F3xx/Include -I../Drivers/CMSIS/Include -O0 -ffunction-sections -fdata-sections -Wall -fstack-usage -fcyclomatic-complexity -MMD -MP -MF"Drivers/STM32F3xx_HAL_Driver/Src/stm32f3xx_hal_pwr.d" -MT"Drivers/STM32F3xx_HAL_Driver/Src/stm32f3xx_hal_pwr.o" --specs=nano.specs -mfpu=fpv4-sp-d16 -mfloat-abi=hard -mthumb -o "Drivers/STM32F3xx_HAL_Driver/Src/stm32f3xx_hal_pwr.o"
arm-none-eabi-gcc "../Drivers/STM32F3xx_HAL_Driver/Src/stm32f3xx_hal_pwr_ex.c" -mcpu=cortex-m4 -std=gnu11 -g3 -DDEBUG -DUSE_HAL_DRIVER -DSTM32F303x8 -c -I"E:/Pulpit/PCB/Plytki_chlodzenia_SOFTWARE/Cooling_back/f303_perla_blank/Main_app/Inc/EKO_LIB" -I"E:/Pulpit/PCB/Plytki_chlodzenia_SOFTWARE/Cooling_back/f303_perla_blank/Main_app/Inc/MY_LIB" -I"E:/Pulpit/PCB/Plytki_chlodzenia_SOFTWARE/Cooling_back/f303_perla_blank/Main_app/Src/EKO_LIB" -I"E:/Pulpit/PCB/Plytki_chlodzenia_SOFTWARE/Cooling_back/f303_perla_blank/Main_app/Src/MY_LIB" -I../Core/Inc -I../Drivers/STM32F3xx_HAL_Driver/Inc -I../Drivers/STM32F3xx_HAL_Driver/Inc/Legacy -I../Drivers/CMSIS/Device/ST/STM32F3xx/Include -I../Drivers/CMSIS/Include -O0 -ffunction-sections -fdata-sections -Wall -fstack-usage -fcyclomatic-complexity -MMD -MP -MF"Drivers/STM32F3xx_HAL_Driver/Src/stm32f3xx_hal_pwr_ex.d" -MT"Drivers/STM32F3xx_HAL_Driver/Src/stm32f3xx_hal_pwr_ex.o" --specs=nano.specs -mfpu=fpv4-sp-d16 -mfloat-abi=hard -mthumb -o "Drivers/STM32F3xx_HAL_Driver/Src/stm32f3xx_hal_pwr_ex.o"
arm-none-eabi-gcc "../Drivers/STM32F3xx_HAL_Driver/Src/stm32f3xx_hal_rcc.c" -mcpu=cortex-m4 -std=gnu11 -g3 -DDEBUG -DUSE_HAL_DRIVER -DSTM32F303x8 -c -I"E:/Pulpit/PCB/Plytki_chlodzenia_SOFTWARE/Cooling_back/f303_perla_blank/Main_app/Inc/EKO_LIB" -I"E:/Pulpit/PCB/Plytki_chlodzenia_SOFTWARE/Cooling_back/f303_perla_blank/Main_app/Inc/MY_LIB" -I"E:/Pulpit/PCB/Plytki_chlodzenia_SOFTWARE/Cooling_back/f303_perla_blank/Main_app/Src/EKO_LIB" -I"E:/Pulpit/PCB/Plytki_chlodzenia_SOFTWARE/Cooling_back/f303_perla_blank/Main_app/Src/MY_LIB" -I../Core/Inc -I../Drivers/STM32F3xx_HAL_Driver/Inc -I../Drivers/STM32F3xx_HAL_Driver/Inc/Legacy -I../Drivers/CMSIS/Device/ST/STM32F3xx/Include -I../Drivers/CMSIS/Include -O0 -ffunction-sections -fdata-sections -Wall -fstack-usage -fcyclomatic-complexity -MMD -MP -MF"Drivers/STM32F3xx_HAL_Driver/Src/stm32f3xx_hal_rcc.d" -MT"Drivers/STM32F3xx_HAL_Driver/Src/stm32f3xx_hal_rcc.o" --specs=nano.specs -mfpu=fpv4-sp-d16 -mfloat-abi=hard -mthumb -o "Drivers/STM32F3xx_HAL_Driver/Src/stm32f3xx_hal_rcc.o"
arm-none-eabi-gcc "../Drivers/STM32F3xx_HAL_Driver/Src/stm32f3xx_hal_rcc_ex.c" -mcpu=cortex-m4 -std=gnu11 -g3 -DDEBUG -DUSE_HAL_DRIVER -DSTM32F303x8 -c -I"E:/Pulpit/PCB/Plytki_chlodzenia_SOFTWARE/Cooling_back/f303_perla_blank/Main_app/Inc/EKO_LIB" -I"E:/Pulpit/PCB/Plytki_chlodzenia_SOFTWARE/Cooling_back/f303_perla_blank/Main_app/Inc/MY_LIB" -I"E:/Pulpit/PCB/Plytki_chlodzenia_SOFTWARE/Cooling_back/f303_perla_blank/Main_app/Src/EKO_LIB" -I"E:/Pulpit/PCB/Plytki_chlodzenia_SOFTWARE/Cooling_back/f303_perla_blank/Main_app/Src/MY_LIB" -I../Core/Inc -I../Drivers/STM32F3xx_HAL_Driver/Inc -I../Drivers/STM32F3xx_HAL_Driver/Inc/Legacy -I../Drivers/CMSIS/Device/ST/STM32F3xx/Include -I../Drivers/CMSIS/Include -O0 -ffunction-sections -fdata-sections -Wall -fstack-usage -fcyclomatic-complexity -MMD -MP -MF"Drivers/STM32F3xx_HAL_Driver/Src/stm32f3xx_hal_rcc_ex.d" -MT"Drivers/STM32F3xx_HAL_Driver/Src/stm32f3xx_hal_rcc_ex.o" --specs=nano.specs -mfpu=fpv4-sp-d16 -mfloat-abi=hard -mthumb -o "Drivers/STM32F3xx_HAL_Driver/Src/stm32f3xx_hal_rcc_ex.o"
arm-none-eabi-gcc "../Drivers/STM32F3xx_HAL_Driver/Src/stm32f3xx_hal_tim.c" -mcpu=cortex-m4 -std=gnu11 -g3 -DDEBUG -DUSE_HAL_DRIVER -DSTM32F303x8 -c -I"E:/Pulpit/PCB/Plytki_chlodzenia_SOFTWARE/Cooling_back/f303_perla_blank/Main_app/Inc/EKO_LIB" -I"E:/Pulpit/PCB/Plytki_chlodzenia_SOFTWARE/Cooling_back/f303_perla_blank/Main_app/Inc/MY_LIB" -I"E:/Pulpit/PCB/Plytki_chlodzenia_SOFTWARE/Cooling_back/f303_perla_blank/Main_app/Src/EKO_LIB" -I"E:/Pulpit/PCB/Plytki_chlodzenia_SOFTWARE/Cooling_back/f303_perla_blank/Main_app/Src/MY_LIB" -I../Core/Inc -I../Drivers/STM32F3xx_HAL_Driver/Inc -I../Drivers/STM32F3xx_HAL_Driver/Inc/Legacy -I../Drivers/CMSIS/Device/ST/STM32F3xx/Include -I../Drivers/CMSIS/Include -O0 -ffunction-sections -fdata-sections -Wall -fstack-usage -fcyclomatic-complexity -MMD -MP -MF"Drivers/STM32F3xx_HAL_Driver/Src/stm32f3xx_hal_tim.d" -MT"Drivers/STM32F3xx_HAL_Driver/Src/stm32f3xx_hal_tim.o" --specs=nano.specs -mfpu=fpv4-sp-d16 -mfloat-abi=hard -mthumb -o "Drivers/STM32F3xx_HAL_Driver/Src/stm32f3xx_hal_tim.o"
arm-none-eabi-gcc "../Drivers/STM32F3xx_HAL_Driver/Src/stm32f3xx_hal_tim_ex.c" -mcpu=cortex-m4 -std=gnu11 -g3 -DDEBUG -DUSE_HAL_DRIVER -DSTM32F303x8 -c -I"E:/Pulpit/PCB/Plytki_chlodzenia_SOFTWARE/Cooling_back/f303_perla_blank/Main_app/Inc/EKO_LIB" -I"E:/Pulpit/PCB/Plytki_chlodzenia_SOFTWARE/Cooling_back/f303_perla_blank/Main_app/Inc/MY_LIB" -I"E:/Pulpit/PCB/Plytki_chlodzenia_SOFTWARE/Cooling_back/f303_perla_blank/Main_app/Src/EKO_LIB" -I"E:/Pulpit/PCB/Plytki_chlodzenia_SOFTWARE/Cooling_back/f303_perla_blank/Main_app/Src/MY_LIB" -I../Core/Inc -I../Drivers/STM32F3xx_HAL_Driver/Inc -I../Drivers/STM32F3xx_HAL_Driver/Inc/Legacy -I../Drivers/CMSIS/Device/ST/STM32F3xx/Include -I../Drivers/CMSIS/Include -O0 -ffunction-sections -fdata-sections -Wall -fstack-usage -fcyclomatic-complexity -MMD -MP -MF"Drivers/STM32F3xx_HAL_Driver/Src/stm32f3xx_hal_tim_ex.d" -MT"Drivers/STM32F3xx_HAL_Driver/Src/stm32f3xx_hal_tim_ex.o" --specs=nano.specs -mfpu=fpv4-sp-d16 -mfloat-abi=hard -mthumb -o "Drivers/STM32F3xx_HAL_Driver/Src/stm32f3xx_hal_tim_ex.o"
arm-none-eabi-gcc -mcpu=cortex-m4 -g3 -DDEBUG -c -I"E:/Pulpit/PCB/Plytki_chlodzenia_SOFTWARE/Biblioteki/stm-drivers/CAN/Inc" -I"E:/Pulpit/PCB/Plytki_chlodzenia_SOFTWARE/Biblioteki/stm-drivers/CAN/Src" -x assembler-with-cpp -MMD -MP -MF"Core/Startup/startup_stm32f303k8tx.d" -MT"Core/Startup/startup_stm32f303k8tx.o" --specs=nano.specs -mfpu=fpv4-sp-d16 -mfloat-abi=hard -mthumb -o "Core/Startup/startup_stm32f303k8tx.o" "../Core/Startup/startup_stm32f303k8tx.s"
arm-none-eabi-gcc "../Core/Src/can.c" -mcpu=cortex-m4 -std=gnu11 -g3 -DDEBUG -DUSE_HAL_DRIVER -DSTM32F303x8 -c -I"E:/Pulpit/PCB/Plytki_chlodzenia_SOFTWARE/Cooling_back/f303_perla_blank/Main_app/Inc/EKO_LIB" -I"E:/Pulpit/PCB/Plytki_chlodzenia_SOFTWARE/Cooling_back/f303_perla_blank/Main_app/Inc/MY_LIB" -I"E:/Pulpit/PCB/Plytki_chlodzenia_SOFTWARE/Cooling_back/f303_perla_blank/Main_app/Src/EKO_LIB" -I"E:/Pulpit/PCB/Plytki_chlodzenia_SOFTWARE/Cooling_back/f303_perla_blank/Main_app/Src/MY_LIB" -I../Core/Inc -I../Drivers/STM32F3xx_HAL_Driver/Inc -I../Drivers/STM32F3xx_HAL_Driver/Inc/Legacy -I../Drivers/CMSIS/Device/ST/STM32F3xx/Include -I../Drivers/CMSIS/Include -O0 -ffunction-sections -fdata-sections -Wall -fstack-usage -fcyclomatic-complexity -MMD -MP -MF"Core/Src/can.d" -MT"Core/Src/can.o" --specs=nano.specs -mfpu=fpv4-sp-d16 -mfloat-abi=hard -mthumb -o "Core/Src/can.o"
arm-none-eabi-gcc "../Core/Src/dma.c" -mcpu=cortex-m4 -std=gnu11 -g3 -DDEBUG -DUSE_HAL_DRIVER -DSTM32F303x8 -c -I"E:/Pulpit/PCB/Plytki_chlodzenia_SOFTWARE/Cooling_back/f303_perla_blank/Main_app/Inc/EKO_LIB" -I"E:/Pulpit/PCB/Plytki_chlodzenia_SOFTWARE/Cooling_back/f303_perla_blank/Main_app/Inc/MY_LIB" -I"E:/Pulpit/PCB/Plytki_chlodzenia_SOFTWARE/Cooling_back/f303_perla_blank/Main_app/Src/EKO_LIB" -I"E:/Pulpit/PCB/Plytki_chlodzenia_SOFTWARE/Cooling_back/f303_perla_blank/Main_app/Src/MY_LIB" -I../Core/Inc -I../Drivers/STM32F3xx_HAL_Driver/Inc -I../Drivers/STM32F3xx_HAL_Driver/Inc/Legacy -I../Drivers/CMSIS/Device/ST/STM32F3xx/Include -I../Drivers/CMSIS/Include -O0 -ffunction-sections -fdata-sections -Wall -fstack-usage -fcyclomatic-complexity -MMD -MP -MF"Core/Src/dma.d" -MT"Core/Src/dma.o" --specs=nano.specs -mfpu=fpv4-sp-d16 -mfloat-abi=hard -mthumb -o "Core/Src/dma.o"
arm-none-eabi-gcc "../Core/Src/gpio.c" -mcpu=cortex-m4 -std=gnu11 -g3 -DDEBUG -DUSE_HAL_DRIVER -DSTM32F303x8 -c -I"E:/Pulpit/PCB/Plytki_chlodzenia_SOFTWARE/Cooling_back/f303_perla_blank/Main_app/Inc/EKO_LIB" -I"E:/Pulpit/PCB/Plytki_chlodzenia_SOFTWARE/Cooling_back/f303_perla_blank/Main_app/Inc/MY_LIB" -I"E:/Pulpit/PCB/Plytki_chlodzenia_SOFTWARE/Cooling_back/f303_perla_blank/Main_app/Src/EKO_LIB" -I"E:/Pulpit/PCB/Plytki_chlodzenia_SOFTWARE/Cooling_back/f303_perla_blank/Main_app/Src/MY_LIB" -I../Core/Inc -I../Drivers/STM32F3xx_HAL_Driver/Inc -I../Drivers/STM32F3xx_HAL_Driver/Inc/Legacy -I../Drivers/CMSIS/Device/ST/STM32F3xx/Include -I../Drivers/CMSIS/Include -O0 -ffunction-sections -fdata-sections -Wall -fstack-usage -fcyclomatic-complexity -MMD -MP -MF"Core/Src/gpio.d" -MT"Core/Src/gpio.o" --specs=nano.specs -mfpu=fpv4-sp-d16 -mfloat-abi=hard -mthumb -o "Core/Src/gpio.o"
arm-none-eabi-gcc "../Core/Src/i2c.c" -mcpu=cortex-m4 -std=gnu11 -g3 -DDEBUG -DUSE_HAL_DRIVER -DSTM32F303x8 -c -I"E:/Pulpit/PCB/Plytki_chlodzenia_SOFTWARE/Cooling_back/f303_perla_blank/Main_app/Inc/EKO_LIB" -I"E:/Pulpit/PCB/Plytki_chlodzenia_SOFTWARE/Cooling_back/f303_perla_blank/Main_app/Inc/MY_LIB" -I"E:/Pulpit/PCB/Plytki_chlodzenia_SOFTWARE/Cooling_back/f303_perla_blank/Main_app/Src/EKO_LIB" -I"E:/Pulpit/PCB/Plytki_chlodzenia_SOFTWARE/Cooling_back/f303_perla_blank/Main_app/Src/MY_LIB" -I../Core/Inc -I../Drivers/STM32F3xx_HAL_Driver/Inc -I../Drivers/STM32F3xx_HAL_Driver/Inc/Legacy -I../Drivers/CMSIS/Device/ST/STM32F3xx/Include -I../Drivers/CMSIS/Include -O0 -ffunction-sections -fdata-sections -Wall -fstack-usage -fcyclomatic-complexity -MMD -MP -MF"Core/Src/i2c.d" -MT"Core/Src/i2c.o" --specs=nano.specs -mfpu=fpv4-sp-d16 -mfloat-abi=hard -mthumb -o "Core/Src/i2c.o"
arm-none-eabi-gcc "../Core/Src/main.c" -mcpu=cortex-m4 -std=gnu11 -g3 -DDEBUG -DUSE_HAL_DRIVER -DSTM32F303x8 -c -I"E:/Pulpit/PCB/Plytki_chlodzenia_SOFTWARE/Cooling_back/f303_perla_blank/Main_app/Inc/EKO_LIB" -I"E:/Pulpit/PCB/Plytki_chlodzenia_SOFTWARE/Cooling_back/f303_perla_blank/Main_app/Inc" -I"E:/Pulpit/PCB/Plytki_chlodzenia_SOFTWARE/Cooling_back/f303_perla_blank/Main_app/Src" -I"E:/Pulpit/PCB/Plytki_chlodzenia_SOFTWARE/Cooling_back/f303_perla_blank/Main_app/Inc/MY_LIB" -I"E:/Pulpit/PCB/Plytki_chlodzenia_SOFTWARE/Cooling_back/f303_perla_blank/Main_app/Src/EKO_LIB" -I"E:/Pulpit/PCB/Plytki_chlodzenia_SOFTWARE/Cooling_back/f303_perla_blank/Main_app/Src/MY_LIB" -I../Core/Inc -I../Drivers/STM32F3xx_HAL_Driver/Inc -I../Drivers/STM32F3xx_HAL_Driver/Inc/Legacy -I../Drivers/CMSIS/Device/ST/STM32F3xx/Include -I../Drivers/CMSIS/Include -O0 -ffunction-sections -fdata-sections -Wall -fstack-usage -fcyclomatic-complexity -MMD -MP -MF"Core/Src/main.d" -MT"Core/Src/main.o" --specs=nano.specs -mfpu=fpv4-sp-d16 -mfloat-abi=hard -mthumb -o "Core/Src/main.o"
arm-none-eabi-gcc "../Core/Src/stm32f3xx_hal_msp.c" -mcpu=cortex-m4 -std=gnu11 -g3 -DDEBUG -DUSE_HAL_DRIVER -DSTM32F303x8 -c -I"E:/Pulpit/PCB/Plytki_chlodzenia_SOFTWARE/Cooling_back/f303_perla_blank/Main_app/Inc/EKO_LIB" -I"E:/Pulpit/PCB/Plytki_chlodzenia_SOFTWARE/Cooling_back/f303_perla_blank/Main_app/Inc/MY_LIB" -I"E:/Pulpit/PCB/Plytki_chlodzenia_SOFTWARE/Cooling_back/f303_perla_blank/Main_app/Src/EKO_LIB" -I"E:/Pulpit/PCB/Plytki_chlodzenia_SOFTWARE/Cooling_back/f303_perla_blank/Main_app/Src/MY_LIB" -I../Core/Inc -I../Drivers/STM32F3xx_HAL_Driver/Inc -I../Drivers/STM32F3xx_HAL_Driver/Inc/Legacy -I../Drivers/CMSIS/Device/ST/STM32F3xx/Include -I../Drivers/CMSIS/Include -O0 -ffunction-sections -fdata-sections -Wall -fstack-usage -fcyclomatic-complexity -MMD -MP -MF"Core/Src/stm32f3xx_hal_msp.d" -MT"Core/Src/stm32f3xx_hal_msp.o" --specs=nano.specs -mfpu=fpv4-sp-d16 -mfloat-abi=hard -mthumb -o "Core/Src/stm32f3xx_hal_msp.o"
arm-none-eabi-gcc "../Core/Src/stm32f3xx_it.c" -mcpu=cortex-m4 -std=gnu11 -g3 -DDEBUG -DUSE_HAL_DRIVER -DSTM32F303x8 -c -I"E:/Pulpit/PCB/Plytki_chlodzenia_SOFTWARE/Cooling_back/f303_perla_blank/Main_app/Inc/EKO_LIB" -I"E:/Pulpit/PCB/Plytki_chlodzenia_SOFTWARE/Cooling_back/f303_perla_blank/Main_app/Inc/MY_LIB" -I"E:/Pulpit/PCB/Plytki_chlodzenia_SOFTWARE/Cooling_back/f303_perla_blank/Main_app/Src/EKO_LIB" -I"E:/Pulpit/PCB/Plytki_chlodzenia_SOFTWARE/Cooling_back/f303_perla_blank/Main_app/Src/MY_LIB" -I../Core/Inc -I../Drivers/STM32F3xx_HAL_Driver/Inc -I../Drivers/STM32F3xx_HAL_Driver/Inc/Legacy -I../Drivers/CMSIS/Device/ST/STM32F3xx/Include -I../Drivers/CMSIS/Include -O0 -ffunction-sections -fdata-sections -Wall -fstack-usage -fcyclomatic-complexity -MMD -MP -MF"Core/Src/stm32f3xx_it.d" -MT"Core/Src/stm32f3xx_it.o" --specs=nano.specs -mfpu=fpv4-sp-d16 -mfloat-abi=hard -mthumb -o "Core/Src/stm32f3xx_it.o"
arm-none-eabi-gcc "../Core/Src/syscalls.c" -mcpu=cortex-m4 -std=gnu11 -g3 -DDEBUG -DUSE_HAL_DRIVER -DSTM32F303x8 -c -I"E:/Pulpit/PCB/Plytki_chlodzenia_SOFTWARE/Cooling_back/f303_perla_blank/Main_app/Inc/EKO_LIB" -I"E:/Pulpit/PCB/Plytki_chlodzenia_SOFTWARE/Cooling_back/f303_perla_blank/Main_app/Inc/MY_LIB" -I"E:/Pulpit/PCB/Plytki_chlodzenia_SOFTWARE/Cooling_back/f303_perla_blank/Main_app/Src/EKO_LIB" -I"E:/Pulpit/PCB/Plytki_chlodzenia_SOFTWARE/Cooling_back/f303_perla_blank/Main_app/Src/MY_LIB" -I../Core/Inc -I../Drivers/STM32F3xx_HAL_Driver/Inc -I../Drivers/STM32F3xx_HAL_Driver/Inc/Legacy -I../Drivers/CMSIS/Device/ST/STM32F3xx/Include -I../Drivers/CMSIS/Include -O0 -ffunction-sections -fdata-sections -Wall -fstack-usage -fcyclomatic-complexity -MMD -MP -MF"Core/Src/syscalls.d" -MT"Core/Src/syscalls.o" --specs=nano.specs -mfpu=fpv4-sp-d16 -mfloat-abi=hard -mthumb -o "Core/Src/syscalls.o"
arm-none-eabi-gcc "../Core/Src/sysmem.c" -mcpu=cortex-m4 -std=gnu11 -g3 -DDEBUG -DUSE_HAL_DRIVER -DSTM32F303x8 -c -I"E:/Pulpit/PCB/Plytki_chlodzenia_SOFTWARE/Cooling_back/f303_perla_blank/Main_app/Inc/EKO_LIB" -I"E:/Pulpit/PCB/Plytki_chlodzenia_SOFTWARE/Cooling_back/f303_perla_blank/Main_app/Inc/MY_LIB" -I"E:/Pulpit/PCB/Plytki_chlodzenia_SOFTWARE/Cooling_back/f303_perla_blank/Main_app/Src/EKO_LIB" -I"E:/Pulpit/PCB/Plytki_chlodzenia_SOFTWARE/Cooling_back/f303_perla_blank/Main_app/Src/MY_LIB" -I../Core/Inc -I../Drivers/STM32F3xx_HAL_Driver/Inc -I../Drivers/STM32F3xx_HAL_Driver/Inc/Legacy -I../Drivers/CMSIS/Device/ST/STM32F3xx/Include -I../Drivers/CMSIS/Include -O0 -ffunction-sections -fdata-sections -Wall -fstack-usage -fcyclomatic-complexity -MMD -MP -MF"Core/Src/sysmem.d" -MT"Core/Src/sysmem.o" --specs=nano.specs -mfpu=fpv4-sp-d16 -mfloat-abi=hard -mthumb -o "Core/Src/sysmem.o"
arm-none-eabi-gcc "../Core/Src/system_stm32f3xx.c" -mcpu=cortex-m4 -std=gnu11 -g3 -DDEBUG -DUSE_HAL_DRIVER -DSTM32F303x8 -c -I"E:/Pulpit/PCB/Plytki_chlodzenia_SOFTWARE/Cooling_back/f303_perla_blank/Main_app/Inc/EKO_LIB" -I"E:/Pulpit/PCB/Plytki_chlodzenia_SOFTWARE/Cooling_back/f303_perla_blank/Main_app/Inc/MY_LIB" -I"E:/Pulpit/PCB/Plytki_chlodzenia_SOFTWARE/Cooling_back/f303_perla_blank/Main_app/Src/EKO_LIB" -I"E:/Pulpit/PCB/Plytki_chlodzenia_SOFTWARE/Cooling_back/f303_perla_blank/Main_app/Src/MY_LIB" -I../Core/Inc -I../Drivers/STM32F3xx_HAL_Driver/Inc -I../Drivers/STM32F3xx_HAL_Driver/Inc/Legacy -I../Drivers/CMSIS/Device/ST/STM32F3xx/Include -I../Drivers/CMSIS/Include -O0 -ffunction-sections -fdata-sections -Wall -fstack-usage -fcyclomatic-complexity -MMD -MP -MF"Core/Src/system_stm32f3xx.d" -MT"Core/Src/system_stm32f3xx.o" --specs=nano.specs -mfpu=fpv4-sp-d16 -mfloat-abi=hard -mthumb -o "Core/Src/system_stm32f3xx.o"
arm-none-eabi-gcc "../Core/Src/tim.c" -mcpu=cortex-m4 -std=gnu11 -g3 -DDEBUG -DUSE_HAL_DRIVER -DSTM32F303x8 -c -I"E:/Pulpit/PCB/Plytki_chlodzenia_SOFTWARE/Cooling_back/f303_perla_blank/Main_app/Inc/EKO_LIB" -I"E:/Pulpit/PCB/Plytki_chlodzenia_SOFTWARE/Cooling_back/f303_perla_blank/Main_app/Inc/MY_LIB" -I"E:/Pulpit/PCB/Plytki_chlodzenia_SOFTWARE/Cooling_back/f303_perla_blank/Main_app/Src/EKO_LIB" -I"E:/Pulpit/PCB/Plytki_chlodzenia_SOFTWARE/Cooling_back/f303_perla_blank/Main_app/Src/MY_LIB" -I../Core/Inc -I../Drivers/STM32F3xx_HAL_Driver/Inc -I../Drivers/STM32F3xx_HAL_Driver/Inc/Legacy -I../Drivers/CMSIS/Device/ST/STM32F3xx/Include -I../Drivers/CMSIS/Include -O0 -ffunction-sections -fdata-sections -Wall -fstack-usage -fcyclomatic-complexity -MMD -MP -MF"Core/Src/tim.d" -MT"Core/Src/tim.o" --specs=nano.specs -mfpu=fpv4-sp-d16 -mfloat-abi=hard -mthumb -o "Core/Src/tim.o"
arm-none-eabi-gcc -o "f303_perla_blank.elf" @"objects.list"   -mcpu=cortex-m4 -T"E:\Pulpit\PCB\Plytki_chlodzenia_SOFTWARE\Cooling_back\f303_perla_blank\STM32F303K8TX_FLASH.ld" --specs=nosys.specs -Wl,-Map="f303_perla_blank.map" -Wl,--gc-sections -static --specs=nano.specs -mfpu=fpv4-sp-d16 -mfloat-abi=hard -mthumb -Wl,--start-group -lc -lm -Wl,--end-group
Finished building target: f303_perla_blank.elf
 
arm-none-eabi-size  f303_perla_blank.elf 
arm-none-eabi-objdump -h -S f303_perla_blank.elf  > "f303_perla_blank.list"
   text	   data	    bss	    dec	    hex	filename
  32132	     12	   3820	  35964	   8c7c	f303_perla_blank.elf
Finished building: default.size.stdout
 
Finished building: f303_perla_blank.list
 
18:09:08 **** Incremental Build of configuration Debug for project f303_perla_blank ****
make -j16 all 
arm-none-eabi-size  f303_perla_blank.elf 
   text	   data	    bss	    dec	    hex	filename
  32132	     12	   3820	  35964	   8c7c	f303_perla_blank.elf
Finished building: default.size.stdout
 
18:12:05 **** Incremental Build of configuration Debug for project f303_perla_blank ****
make -j16 all 
arm-none-eabi-gcc "../Main_app/Src/MY_LIB/MY_driver_fan.c" -mcpu=cortex-m4 -std=gnu11 -g3 -DDEBUG -DUSE_HAL_DRIVER -DSTM32F303x8 -c -I"E:/Pulpit/PCB/Plytki_chlodzenia_SOFTWARE/Cooling_back/f303_perla_blank/Main_app/Inc/EKO_LIB" -I"E:/Pulpit/PCB/Plytki_chlodzenia_SOFTWARE/Cooling_back/f303_perla_blank/Main_app/Inc/MY_LIB" -I"E:/Pulpit/PCB/Plytki_chlodzenia_SOFTWARE/Cooling_back/f303_perla_blank/Main_app/Src/EKO_LIB" -I"E:/Pulpit/PCB/Plytki_chlodzenia_SOFTWARE/Cooling_back/f303_perla_blank/Main_app/Src/MY_LIB" -I../Core/Inc -I../Drivers/STM32F3xx_HAL_Driver/Inc -I../Drivers/STM32F3xx_HAL_Driver/Inc/Legacy -I../Drivers/CMSIS/Device/ST/STM32F3xx/Include -I../Drivers/CMSIS/Include -O0 -ffunction-sections -fdata-sections -Wall -fstack-usage -fcyclomatic-complexity -MMD -MP -MF"Main_app/Src/MY_LIB/MY_driver_fan.d" -MT"Main_app/Src/MY_LIB/MY_driver_fan.o" --specs=nano.specs -mfpu=fpv4-sp-d16 -mfloat-abi=hard -mthumb -o "Main_app/Src/MY_LIB/MY_driver_fan.o"
arm-none-eabi-gcc "../Main_app/Src/cooler_left_app.c" -mcpu=cortex-m4 -std=gnu11 -g3 -DDEBUG -DUSE_HAL_DRIVER -DSTM32F303x8 -c -I"E:/Pulpit/PCB/Plytki_chlodzenia_SOFTWARE/Cooling_back/f303_perla_blank/Main_app/Inc/EKO_LIB" -I"E:/Pulpit/PCB/Plytki_chlodzenia_SOFTWARE/Cooling_back/f303_perla_blank/Main_app/Src" -I"E:/Pulpit/PCB/Plytki_chlodzenia_SOFTWARE/Cooling_back/f303_perla_blank/Main_app/Inc" -I"E:/Pulpit/PCB/Plytki_chlodzenia_SOFTWARE/Cooling_back/f303_perla_blank/Main_app/Inc/MY_LIB" -I"E:/Pulpit/PCB/Plytki_chlodzenia_SOFTWARE/Cooling_back/f303_perla_blank/Main_app/Src/EKO_LIB" -I"E:/Pulpit/PCB/Plytki_chlodzenia_SOFTWARE/Cooling_back/f303_perla_blank/Main_app/Src/MY_LIB" -I../Core/Inc -I../Drivers/STM32F3xx_HAL_Driver/Inc -I../Drivers/STM32F3xx_HAL_Driver/Inc/Legacy -I../Drivers/CMSIS/Device/ST/STM32F3xx/Include -I../Drivers/CMSIS/Include -O0 -ffunction-sections -fdata-sections -Wall -fstack-usage -fcyclomatic-complexity -MMD -MP -MF"Main_app/Src/cooler_left_app.d" -MT"Main_app/Src/cooler_left_app.o" --specs=nano.specs -mfpu=fpv4-sp-d16 -mfloat-abi=hard -mthumb -o "Main_app/Src/cooler_left_app.o"
arm-none-eabi-gcc -o "f303_perla_blank.elf" @"objects.list"   -mcpu=cortex-m4 -T"E:\Pulpit\PCB\Plytki_chlodzenia_SOFTWARE\Cooling_back\f303_perla_blank\STM32F303K8TX_FLASH.ld" --specs=nosys.specs -Wl,-Map="f303_perla_blank.map" -Wl,--gc-sections -static --specs=nano.specs -mfpu=fpv4-sp-d16 -mfloat-abi=hard -mthumb -Wl,--start-group -lc -lm -Wl,--end-group
Finished building target: f303_perla_blank.elf
 
arm-none-eabi-size  f303_perla_blank.elf 
arm-none-eabi-objdump -h -S f303_perla_blank.elf  > "f303_perla_blank.list"
   text	   data	    bss	    dec	    hex	filename
  22804	     12	   3796	  26612	   67f4	f303_perla_blank.elf
Finished building: default.size.stdout
 
Finished building: f303_perla_blank.list
 
18:13:21 **** Incremental Build of configuration Debug for project f303_perla_blank ****
make -j16 all 
arm-none-eabi-gcc "../Main_app/Src/cooler_left_app.c" -mcpu=cortex-m4 -std=gnu11 -g3 -DDEBUG -DUSE_HAL_DRIVER -DSTM32F303x8 -c -I"E:/Pulpit/PCB/Plytki_chlodzenia_SOFTWARE/Cooling_back/f303_perla_blank/Main_app/Inc/EKO_LIB" -I"E:/Pulpit/PCB/Plytki_chlodzenia_SOFTWARE/Cooling_back/f303_perla_blank/Main_app/Src" -I"E:/Pulpit/PCB/Plytki_chlodzenia_SOFTWARE/Cooling_back/f303_perla_blank/Main_app/Inc" -I"E:/Pulpit/PCB/Plytki_chlodzenia_SOFTWARE/Cooling_back/f303_perla_blank/Main_app/Inc/MY_LIB" -I"E:/Pulpit/PCB/Plytki_chlodzenia_SOFTWARE/Cooling_back/f303_perla_blank/Main_app/Src/EKO_LIB" -I"E:/Pulpit/PCB/Plytki_chlodzenia_SOFTWARE/Cooling_back/f303_perla_blank/Main_app/Src/MY_LIB" -I../Core/Inc -I../Drivers/STM32F3xx_HAL_Driver/Inc -I../Drivers/STM32F3xx_HAL_Driver/Inc/Legacy -I../Drivers/CMSIS/Device/ST/STM32F3xx/Include -I../Drivers/CMSIS/Include -O0 -ffunction-sections -fdata-sections -Wall -fstack-usage -fcyclomatic-complexity -MMD -MP -MF"Main_app/Src/cooler_left_app.d" -MT"Main_app/Src/cooler_left_app.o" --specs=nano.specs -mfpu=fpv4-sp-d16 -mfloat-abi=hard -mthumb -o "Main_app/Src/cooler_left_app.o"
arm-none-eabi-gcc -o "f303_perla_blank.elf" @"objects.list"   -mcpu=cortex-m4 -T"E:\Pulpit\PCB\Plytki_chlodzenia_SOFTWARE\Cooling_back\f303_perla_blank\STM32F303K8TX_FLASH.ld" --specs=nosys.specs -Wl,-Map="f303_perla_blank.map" -Wl,--gc-sections -static --specs=nano.specs -mfpu=fpv4-sp-d16 -mfloat-abi=hard -mthumb -Wl,--start-group -lc -lm -Wl,--end-group
Finished building target: f303_perla_blank.elf
 
arm-none-eabi-size  f303_perla_blank.elf 
arm-none-eabi-objdump -h -S f303_perla_blank.elf  > "f303_perla_blank.list"
   text	   data	    bss	    dec	    hex	filename
  22460	     12	   3644	  26116	   6604	f303_perla_blank.elf
Finished building: default.size.stdout
 
Finished building: f303_perla_blank.list
 
19:06:25 **** Build of configuration Debug for project f303_perla_blank ****
make -j16 all 
arm-none-eabi-gcc "../Main_app/Src/MY_LIB/MY_driver_can.c" -mcpu=cortex-m4 -std=gnu11 -g3 -DDEBUG -DUSE_HAL_DRIVER -DSTM32F303x8 -c -I"E:/Pulpit/PCB/Plytki_chlodzenia_SOFTWARE/Cooling_back/f303_perla_blank/Main_app/Inc/EKO_LIB" -I"E:/Pulpit/PCB/Plytki_chlodzenia_SOFTWARE/Cooling_back/f303_perla_blank/Main_app/Inc/MY_LIB" -I"E:/Pulpit/PCB/Plytki_chlodzenia_SOFTWARE/Cooling_back/f303_perla_blank/Main_app/Src/EKO_LIB" -I"E:/Pulpit/PCB/Plytki_chlodzenia_SOFTWARE/Cooling_back/f303_perla_blank/Main_app/Src/MY_LIB" -I../Core/Inc -I../Drivers/STM32F3xx_HAL_Driver/Inc -I../Drivers/STM32F3xx_HAL_Driver/Inc/Legacy -I../Drivers/CMSIS/Device/ST/STM32F3xx/Include -I../Drivers/CMSIS/Include -O0 -ffunction-sections -fdata-sections -Wall -fstack-usage -fcyclomatic-complexity -MMD -MP -MF"Main_app/Src/MY_LIB/MY_driver_can.d" -MT"Main_app/Src/MY_LIB/MY_driver_can.o" --specs=nano.specs -mfpu=fpv4-sp-d16 -mfloat-abi=hard -mthumb -o "Main_app/Src/MY_LIB/MY_driver_can.o"
arm-none-eabi-gcc "../Main_app/Src/MY_LIB/MY_driver_fan.c" -mcpu=cortex-m4 -std=gnu11 -g3 -DDEBUG -DUSE_HAL_DRIVER -DSTM32F303x8 -c -I"E:/Pulpit/PCB/Plytki_chlodzenia_SOFTWARE/Cooling_back/f303_perla_blank/Main_app/Inc/EKO_LIB" -I"E:/Pulpit/PCB/Plytki_chlodzenia_SOFTWARE/Cooling_back/f303_perla_blank/Main_app/Inc/MY_LIB" -I"E:/Pulpit/PCB/Plytki_chlodzenia_SOFTWARE/Cooling_back/f303_perla_blank/Main_app/Src/EKO_LIB" -I"E:/Pulpit/PCB/Plytki_chlodzenia_SOFTWARE/Cooling_back/f303_perla_blank/Main_app/Src/MY_LIB" -I../Core/Inc -I../Drivers/STM32F3xx_HAL_Driver/Inc -I../Drivers/STM32F3xx_HAL_Driver/Inc/Legacy -I../Drivers/CMSIS/Device/ST/STM32F3xx/Include -I../Drivers/CMSIS/Include -O0 -ffunction-sections -fdata-sections -Wall -fstack-usage -fcyclomatic-complexity -MMD -MP -MF"Main_app/Src/MY_LIB/MY_driver_fan.d" -MT"Main_app/Src/MY_LIB/MY_driver_fan.o" --specs=nano.specs -mfpu=fpv4-sp-d16 -mfloat-abi=hard -mthumb -o "Main_app/Src/MY_LIB/MY_driver_fan.o"
arm-none-eabi-gcc "../Main_app/Src/cooler_left_app.c" -mcpu=cortex-m4 -std=gnu11 -g3 -DDEBUG -DUSE_HAL_DRIVER -DSTM32F303x8 -c -I"E:/Pulpit/PCB/Plytki_chlodzenia_SOFTWARE/Cooling_back/f303_perla_blank/Main_app/Inc/EKO_LIB" -I"E:/Pulpit/PCB/Plytki_chlodzenia_SOFTWARE/Cooling_back/f303_perla_blank/Main_app/Src" -I"E:/Pulpit/PCB/Plytki_chlodzenia_SOFTWARE/Cooling_back/f303_perla_blank/Main_app/Inc" -I"E:/Pulpit/PCB/Plytki_chlodzenia_SOFTWARE/Cooling_back/f303_perla_blank/Main_app/Inc/MY_LIB" -I"E:/Pulpit/PCB/Plytki_chlodzenia_SOFTWARE/Cooling_back/f303_perla_blank/Main_app/Src/EKO_LIB" -I"E:/Pulpit/PCB/Plytki_chlodzenia_SOFTWARE/Cooling_back/f303_perla_blank/Main_app/Src/MY_LIB" -I../Core/Inc -I../Drivers/STM32F3xx_HAL_Driver/Inc -I../Drivers/STM32F3xx_HAL_Driver/Inc/Legacy -I../Drivers/CMSIS/Device/ST/STM32F3xx/Include -I../Drivers/CMSIS/Include -O0 -ffunction-sections -fdata-sections -Wall -fstack-usage -fcyclomatic-complexity -MMD -MP -MF"Main_app/Src/cooler_left_app.d" -MT"Main_app/Src/cooler_left_app.o" --specs=nano.specs -mfpu=fpv4-sp-d16 -mfloat-abi=hard -mthumb -o "Main_app/Src/cooler_left_app.o"
arm-none-eabi-gcc "../Main_app/Src/cooler_test.c" -mcpu=cortex-m4 -std=gnu11 -g3 -DDEBUG -DUSE_HAL_DRIVER -DSTM32F303x8 -c -I"E:/Pulpit/PCB/Plytki_chlodzenia_SOFTWARE/Cooling_back/f303_perla_blank/Main_app/Inc/EKO_LIB" -I"E:/Pulpit/PCB/Plytki_chlodzenia_SOFTWARE/Cooling_back/f303_perla_blank/Main_app/Inc/MY_LIB" -I"E:/Pulpit/PCB/Plytki_chlodzenia_SOFTWARE/Cooling_back/f303_perla_blank/Main_app/Src/EKO_LIB" -I"E:/Pulpit/PCB/Plytki_chlodzenia_SOFTWARE/Cooling_back/f303_perla_blank/Main_app/Src/MY_LIB" -I../Core/Inc -I../Drivers/STM32F3xx_HAL_Driver/Inc -I../Drivers/STM32F3xx_HAL_Driver/Inc/Legacy -I../Drivers/CMSIS/Device/ST/STM32F3xx/Include -I../Drivers/CMSIS/Include -O0 -ffunction-sections -fdata-sections -Wall -fstack-usage -fcyclomatic-complexity -MMD -MP -MF"Main_app/Src/cooler_test.d" -MT"Main_app/Src/cooler_test.o" --specs=nano.specs -mfpu=fpv4-sp-d16 -mfloat-abi=hard -mthumb -o "Main_app/Src/cooler_test.o"
arm-none-eabi-gcc "../Core/Src/main.c" -mcpu=cortex-m4 -std=gnu11 -g3 -DDEBUG -DUSE_HAL_DRIVER -DSTM32F303x8 -c -I"E:/Pulpit/PCB/Plytki_chlodzenia_SOFTWARE/Cooling_back/f303_perla_blank/Main_app/Inc/EKO_LIB" -I"E:/Pulpit/PCB/Plytki_chlodzenia_SOFTWARE/Cooling_back/f303_perla_blank/Main_app/Inc" -I"E:/Pulpit/PCB/Plytki_chlodzenia_SOFTWARE/Cooling_back/f303_perla_blank/Main_app/Src" -I"E:/Pulpit/PCB/Plytki_chlodzenia_SOFTWARE/Cooling_back/f303_perla_blank/Main_app/Inc/MY_LIB" -I"E:/Pulpit/PCB/Plytki_chlodzenia_SOFTWARE/Cooling_back/f303_perla_blank/Main_app/Src/EKO_LIB" -I"E:/Pulpit/PCB/Plytki_chlodzenia_SOFTWARE/Cooling_back/f303_perla_blank/Main_app/Src/MY_LIB" -I../Core/Inc -I../Drivers/STM32F3xx_HAL_Driver/Inc -I../Drivers/STM32F3xx_HAL_Driver/Inc/Legacy -I../Drivers/CMSIS/Device/ST/STM32F3xx/Include -I../Drivers/CMSIS/Include -O0 -ffunction-sections -fdata-sections -Wall -fstack-usage -fcyclomatic-complexity -MMD -MP -MF"Core/Src/main.d" -MT"Core/Src/main.o" --specs=nano.specs -mfpu=fpv4-sp-d16 -mfloat-abi=hard -mthumb -o "Core/Src/main.o"
../Main_app/Src/MY_LIB/MY_driver_fan.c:10:10: fatal error: MY_driver_i2c.h: No such file or directory
   10 | #include "MY_driver_i2c.h"
      |          ^~~~~~~~~~~~~~~~~
../Main_app/Src/cooler_test.c:11:11: fatal error: MY_driver_serwo.h: No such file or directory
   11 | # include "MY_driver_serwo.h"
      |           ^~~~~~~~~~~~~~~~~~~
compilation terminated.
compilation terminated.
make: *** [Main_app/Src/subdir.mk:24: Main_app/Src/cooler_test.o] Error 1
make: *** Waiting for unfinished jobs....
make: *** [Main_app/Src/MY_LIB/subdir.mk:22: Main_app/Src/MY_LIB/MY_driver_fan.o] Error 1
In file included from ../Core/Src/main.c:30:
E:/Pulpit/PCB/Plytki_chlodzenia_SOFTWARE/Cooling_back/f303_perla_blank/Main_app/Inc/cooler_test.h:14:11: fatal error: MY_driver_serwo.h: No such file or directory
   14 | # include "MY_driver_serwo.h"
      |           ^~~~~~~~~~~~~~~~~~~
compilation terminated.
make: *** [Core/Src/subdir.mk:51: Core/Src/main.o] Error 1
"make -j16 all" terminated with exit code 2. Build might be incomplete.
19:06:52 **** Incremental Build of configuration Debug for project f303_perla_blank ****
make -j16 all 
arm-none-eabi-gcc "../Main_app/Src/MY_LIB/MY_driver_fan.c" -mcpu=cortex-m4 -std=gnu11 -g3 -DDEBUG -DUSE_HAL_DRIVER -DSTM32F303x8 -c -I"E:/Pulpit/PCB/Plytki_chlodzenia_SOFTWARE/Cooling_back/f303_perla_blank/Main_app/Inc/EKO_LIB" -I"E:/Pulpit/PCB/Plytki_chlodzenia_SOFTWARE/Cooling_back/f303_perla_blank/Main_app/Inc/MY_LIB" -I"E:/Pulpit/PCB/Plytki_chlodzenia_SOFTWARE/Cooling_back/f303_perla_blank/Main_app/Src/EKO_LIB" -I"E:/Pulpit/PCB/Plytki_chlodzenia_SOFTWARE/Cooling_back/f303_perla_blank/Main_app/Src/MY_LIB" -I../Core/Inc -I../Drivers/STM32F3xx_HAL_Driver/Inc -I../Drivers/STM32F3xx_HAL_Driver/Inc/Legacy -I../Drivers/CMSIS/Device/ST/STM32F3xx/Include -I../Drivers/CMSIS/Include -O0 -ffunction-sections -fdata-sections -Wall -fstack-usage -fcyclomatic-complexity -MMD -MP -MF"Main_app/Src/MY_LIB/MY_driver_fan.d" -MT"Main_app/Src/MY_LIB/MY_driver_fan.o" --specs=nano.specs -mfpu=fpv4-sp-d16 -mfloat-abi=hard -mthumb -o "Main_app/Src/MY_LIB/MY_driver_fan.o"
arm-none-eabi-gcc "../Main_app/Src/cooler_test.c" -mcpu=cortex-m4 -std=gnu11 -g3 -DDEBUG -DUSE_HAL_DRIVER -DSTM32F303x8 -c -I"E:/Pulpit/PCB/Plytki_chlodzenia_SOFTWARE/Cooling_back/f303_perla_blank/Main_app/Inc/EKO_LIB" -I"E:/Pulpit/PCB/Plytki_chlodzenia_SOFTWARE/Cooling_back/f303_perla_blank/Main_app/Inc/MY_LIB" -I"E:/Pulpit/PCB/Plytki_chlodzenia_SOFTWARE/Cooling_back/f303_perla_blank/Main_app/Src/EKO_LIB" -I"E:/Pulpit/PCB/Plytki_chlodzenia_SOFTWARE/Cooling_back/f303_perla_blank/Main_app/Src/MY_LIB" -I../Core/Inc -I../Drivers/STM32F3xx_HAL_Driver/Inc -I../Drivers/STM32F3xx_HAL_Driver/Inc/Legacy -I../Drivers/CMSIS/Device/ST/STM32F3xx/Include -I../Drivers/CMSIS/Include -O0 -ffunction-sections -fdata-sections -Wall -fstack-usage -fcyclomatic-complexity -MMD -MP -MF"Main_app/Src/cooler_test.d" -MT"Main_app/Src/cooler_test.o" --specs=nano.specs -mfpu=fpv4-sp-d16 -mfloat-abi=hard -mthumb -o "Main_app/Src/cooler_test.o"
arm-none-eabi-gcc "../Core/Src/main.c" -mcpu=cortex-m4 -std=gnu11 -g3 -DDEBUG -DUSE_HAL_DRIVER -DSTM32F303x8 -c -I"E:/Pulpit/PCB/Plytki_chlodzenia_SOFTWARE/Cooling_back/f303_perla_blank/Main_app/Inc/EKO_LIB" -I"E:/Pulpit/PCB/Plytki_chlodzenia_SOFTWARE/Cooling_back/f303_perla_blank/Main_app/Inc" -I"E:/Pulpit/PCB/Plytki_chlodzenia_SOFTWARE/Cooling_back/f303_perla_blank/Main_app/Src" -I"E:/Pulpit/PCB/Plytki_chlodzenia_SOFTWARE/Cooling_back/f303_perla_blank/Main_app/Inc/MY_LIB" -I"E:/Pulpit/PCB/Plytki_chlodzenia_SOFTWARE/Cooling_back/f303_perla_blank/Main_app/Src/EKO_LIB" -I"E:/Pulpit/PCB/Plytki_chlodzenia_SOFTWARE/Cooling_back/f303_perla_blank/Main_app/Src/MY_LIB" -I../Core/Inc -I../Drivers/STM32F3xx_HAL_Driver/Inc -I../Drivers/STM32F3xx_HAL_Driver/Inc/Legacy -I../Drivers/CMSIS/Device/ST/STM32F3xx/Include -I../Drivers/CMSIS/Include -O0 -ffunction-sections -fdata-sections -Wall -fstack-usage -fcyclomatic-complexity -MMD -MP -MF"Core/Src/main.d" -MT"Core/Src/main.o" --specs=nano.specs -mfpu=fpv4-sp-d16 -mfloat-abi=hard -mthumb -o "Core/Src/main.o"
../Main_app/Src/MY_LIB/MY_driver_fan.c:10:10: fatal error: MY_driver_i2c.h: No such file or directory
   10 | #include "MY_driver_i2c.h"
      |          ^~~~~~~~~~~~~~~~~
compilation terminated.
make: *** [Main_app/Src/MY_LIB/subdir.mk:22: Main_app/Src/MY_LIB/MY_driver_fan.o] Error 1
make: *** Waiting for unfinished jobs....
../Main_app/Src/cooler_test.c: In function 'TEST_Serwo':
../Main_app/Src/cooler_test.c:36:17: error: implicit declaration of function 'SERWO_SetPulse' [-Wimplicit-function-declaration]
   36 |                 SERWO_SetPulse(&htim3, &canBufferTx,dutyTable_[0], dutyTable_[1]);
      |                 ^~~~~~~~~~~~~~
../Main_app/Src/cooler_test.c: In function 'TEST_AM2320':
../Main_app/Src/cooler_test.c:67:9: error: implicit declaration of function 'AM2320_StateMachine' [-Wimplicit-function-declaration]
   67 |         AM2320_StateMachine();
      |         ^~~~~~~~~~~~~~~~~~~
make: *** [Main_app/Src/subdir.mk:24: Main_app/Src/cooler_test.o] Error 1
"make -j16 all" terminated with exit code 2. Build might be incomplete.
19:07:07 **** Incremental Build of configuration Debug for project f303_perla_blank ****
make -j16 all 
arm-none-eabi-gcc "../Main_app/Src/MY_LIB/MY_driver_fan.c" -mcpu=cortex-m4 -std=gnu11 -g3 -DDEBUG -DUSE_HAL_DRIVER -DSTM32F303x8 -c -I"E:/Pulpit/PCB/Plytki_chlodzenia_SOFTWARE/Cooling_back/f303_perla_blank/Main_app/Inc/EKO_LIB" -I"E:/Pulpit/PCB/Plytki_chlodzenia_SOFTWARE/Cooling_back/f303_perla_blank/Main_app/Inc/MY_LIB" -I"E:/Pulpit/PCB/Plytki_chlodzenia_SOFTWARE/Cooling_back/f303_perla_blank/Main_app/Src/EKO_LIB" -I"E:/Pulpit/PCB/Plytki_chlodzenia_SOFTWARE/Cooling_back/f303_perla_blank/Main_app/Src/MY_LIB" -I../Core/Inc -I../Drivers/STM32F3xx_HAL_Driver/Inc -I../Drivers/STM32F3xx_HAL_Driver/Inc/Legacy -I../Drivers/CMSIS/Device/ST/STM32F3xx/Include -I../Drivers/CMSIS/Include -O0 -ffunction-sections -fdata-sections -Wall -fstack-usage -fcyclomatic-complexity -MMD -MP -MF"Main_app/Src/MY_LIB/MY_driver_fan.d" -MT"Main_app/Src/MY_LIB/MY_driver_fan.o" --specs=nano.specs -mfpu=fpv4-sp-d16 -mfloat-abi=hard -mthumb -o "Main_app/Src/MY_LIB/MY_driver_fan.o"
arm-none-eabi-gcc "../Main_app/Src/cooler_test.c" -mcpu=cortex-m4 -std=gnu11 -g3 -DDEBUG -DUSE_HAL_DRIVER -DSTM32F303x8 -c -I"E:/Pulpit/PCB/Plytki_chlodzenia_SOFTWARE/Cooling_back/f303_perla_blank/Main_app/Inc/EKO_LIB" -I"E:/Pulpit/PCB/Plytki_chlodzenia_SOFTWARE/Cooling_back/f303_perla_blank/Main_app/Inc/MY_LIB" -I"E:/Pulpit/PCB/Plytki_chlodzenia_SOFTWARE/Cooling_back/f303_perla_blank/Main_app/Src/EKO_LIB" -I"E:/Pulpit/PCB/Plytki_chlodzenia_SOFTWARE/Cooling_back/f303_perla_blank/Main_app/Src/MY_LIB" -I../Core/Inc -I../Drivers/STM32F3xx_HAL_Driver/Inc -I../Drivers/STM32F3xx_HAL_Driver/Inc/Legacy -I../Drivers/CMSIS/Device/ST/STM32F3xx/Include -I../Drivers/CMSIS/Include -O0 -ffunction-sections -fdata-sections -Wall -fstack-usage -fcyclomatic-complexity -MMD -MP -MF"Main_app/Src/cooler_test.d" -MT"Main_app/Src/cooler_test.o" --specs=nano.specs -mfpu=fpv4-sp-d16 -mfloat-abi=hard -mthumb -o "Main_app/Src/cooler_test.o"
../Main_app/Src/MY_LIB/MY_driver_fan.c:10:10: fatal error: MY_driver_i2c.h: No such file or directory
   10 | #include "MY_driver_i2c.h"
      |          ^~~~~~~~~~~~~~~~~
compilation terminated.
make: *** [Main_app/Src/MY_LIB/subdir.mk:22: Main_app/Src/MY_LIB/MY_driver_fan.o] Error 1
make: *** Waiting for unfinished jobs....
../Main_app/Src/cooler_test.c: In function 'TEST_AM2320':
../Main_app/Src/cooler_test.c:67:9: error: implicit declaration of function 'AM2320_StateMachine' [-Wimplicit-function-declaration]
   67 |         AM2320_StateMachine();
      |         ^~~~~~~~~~~~~~~~~~~
make: *** [Main_app/Src/subdir.mk:24: Main_app/Src/cooler_test.o] Error 1
"make -j16 all" terminated with exit code 2. Build might be incomplete.
19:07:15 **** Incremental Build of configuration Debug for project f303_perla_blank ****
make -j16 all 
arm-none-eabi-gcc "../Main_app/Src/MY_LIB/MY_driver_fan.c" -mcpu=cortex-m4 -std=gnu11 -g3 -DDEBUG -DUSE_HAL_DRIVER -DSTM32F303x8 -c -I"E:/Pulpit/PCB/Plytki_chlodzenia_SOFTWARE/Cooling_back/f303_perla_blank/Main_app/Inc/EKO_LIB" -I"E:/Pulpit/PCB/Plytki_chlodzenia_SOFTWARE/Cooling_back/f303_perla_blank/Main_app/Inc/MY_LIB" -I"E:/Pulpit/PCB/Plytki_chlodzenia_SOFTWARE/Cooling_back/f303_perla_blank/Main_app/Src/EKO_LIB" -I"E:/Pulpit/PCB/Plytki_chlodzenia_SOFTWARE/Cooling_back/f303_perla_blank/Main_app/Src/MY_LIB" -I../Core/Inc -I../Drivers/STM32F3xx_HAL_Driver/Inc -I../Drivers/STM32F3xx_HAL_Driver/Inc/Legacy -I../Drivers/CMSIS/Device/ST/STM32F3xx/Include -I../Drivers/CMSIS/Include -O0 -ffunction-sections -fdata-sections -Wall -fstack-usage -fcyclomatic-complexity -MMD -MP -MF"Main_app/Src/MY_LIB/MY_driver_fan.d" -MT"Main_app/Src/MY_LIB/MY_driver_fan.o" --specs=nano.specs -mfpu=fpv4-sp-d16 -mfloat-abi=hard -mthumb -o "Main_app/Src/MY_LIB/MY_driver_fan.o"
arm-none-eabi-gcc "../Main_app/Src/cooler_test.c" -mcpu=cortex-m4 -std=gnu11 -g3 -DDEBUG -DUSE_HAL_DRIVER -DSTM32F303x8 -c -I"E:/Pulpit/PCB/Plytki_chlodzenia_SOFTWARE/Cooling_back/f303_perla_blank/Main_app/Inc/EKO_LIB" -I"E:/Pulpit/PCB/Plytki_chlodzenia_SOFTWARE/Cooling_back/f303_perla_blank/Main_app/Inc/MY_LIB" -I"E:/Pulpit/PCB/Plytki_chlodzenia_SOFTWARE/Cooling_back/f303_perla_blank/Main_app/Src/EKO_LIB" -I"E:/Pulpit/PCB/Plytki_chlodzenia_SOFTWARE/Cooling_back/f303_perla_blank/Main_app/Src/MY_LIB" -I../Core/Inc -I../Drivers/STM32F3xx_HAL_Driver/Inc -I../Drivers/STM32F3xx_HAL_Driver/Inc/Legacy -I../Drivers/CMSIS/Device/ST/STM32F3xx/Include -I../Drivers/CMSIS/Include -O0 -ffunction-sections -fdata-sections -Wall -fstack-usage -fcyclomatic-complexity -MMD -MP -MF"Main_app/Src/cooler_test.d" -MT"Main_app/Src/cooler_test.o" --specs=nano.specs -mfpu=fpv4-sp-d16 -mfloat-abi=hard -mthumb -o "Main_app/Src/cooler_test.o"
../Main_app/Src/MY_LIB/MY_driver_fan.c:10:10: fatal error: MY_driver_i2c.h: No such file or directory
   10 | #include "MY_driver_i2c.h"
      |          ^~~~~~~~~~~~~~~~~
compilation terminated.
make: *** [Main_app/Src/MY_LIB/subdir.mk:22: Main_app/Src/MY_LIB/MY_driver_fan.o] Error 1
make: *** Waiting for unfinished jobs....
"make -j16 all" terminated with exit code 2. Build might be incomplete.
19:07:32 **** Incremental Build of configuration Debug for project f303_perla_blank ****
make -j16 all 
arm-none-eabi-gcc "../Main_app/Src/MY_LIB/MY_driver_fan.c" -mcpu=cortex-m4 -std=gnu11 -g3 -DDEBUG -DUSE_HAL_DRIVER -DSTM32F303x8 -c -I"E:/Pulpit/PCB/Plytki_chlodzenia_SOFTWARE/Cooling_back/f303_perla_blank/Main_app/Inc/EKO_LIB" -I"E:/Pulpit/PCB/Plytki_chlodzenia_SOFTWARE/Cooling_back/f303_perla_blank/Main_app/Inc/MY_LIB" -I"E:/Pulpit/PCB/Plytki_chlodzenia_SOFTWARE/Cooling_back/f303_perla_blank/Main_app/Src/EKO_LIB" -I"E:/Pulpit/PCB/Plytki_chlodzenia_SOFTWARE/Cooling_back/f303_perla_blank/Main_app/Src/MY_LIB" -I../Core/Inc -I../Drivers/STM32F3xx_HAL_Driver/Inc -I../Drivers/STM32F3xx_HAL_Driver/Inc/Legacy -I../Drivers/CMSIS/Device/ST/STM32F3xx/Include -I../Drivers/CMSIS/Include -O0 -ffunction-sections -fdata-sections -Wall -fstack-usage -fcyclomatic-complexity -MMD -MP -MF"Main_app/Src/MY_LIB/MY_driver_fan.d" -MT"Main_app/Src/MY_LIB/MY_driver_fan.o" --specs=nano.specs -mfpu=fpv4-sp-d16 -mfloat-abi=hard -mthumb -o "Main_app/Src/MY_LIB/MY_driver_fan.o"
../Main_app/Src/MY_LIB/MY_driver_fan.c: In function 'FAN_CabinController':
../Main_app/Src/MY_LIB/MY_driver_fan.c:173:17: error: implicit declaration of function 'AM2320_GetTempHum' [-Wimplicit-function-declaration]
  173 |                 AM2320_GetTempHum(&tempX10, &humX10);
      |                 ^~~~~~~~~~~~~~~~~
make: *** [Main_app/Src/MY_LIB/subdir.mk:22: Main_app/Src/MY_LIB/MY_driver_fan.o] Error 1
"make -j16 all" terminated with exit code 2. Build might be incomplete.
19:08:13 **** Incremental Build of configuration Debug for project f303_perla_blank ****
make -j16 all 
arm-none-eabi-gcc "../Main_app/Src/MY_LIB/MY_driver_fan.c" -mcpu=cortex-m4 -std=gnu11 -g3 -DDEBUG -DUSE_HAL_DRIVER -DSTM32F303x8 -c -I"E:/Pulpit/PCB/Plytki_chlodzenia_SOFTWARE/Cooling_back/f303_perla_blank/Main_app/Inc/EKO_LIB" -I"E:/Pulpit/PCB/Plytki_chlodzenia_SOFTWARE/Cooling_back/f303_perla_blank/Main_app/Inc/MY_LIB" -I"E:/Pulpit/PCB/Plytki_chlodzenia_SOFTWARE/Cooling_back/f303_perla_blank/Main_app/Src/EKO_LIB" -I"E:/Pulpit/PCB/Plytki_chlodzenia_SOFTWARE/Cooling_back/f303_perla_blank/Main_app/Src/MY_LIB" -I../Core/Inc -I../Drivers/STM32F3xx_HAL_Driver/Inc -I../Drivers/STM32F3xx_HAL_Driver/Inc/Legacy -I../Drivers/CMSIS/Device/ST/STM32F3xx/Include -I../Drivers/CMSIS/Include -O0 -ffunction-sections -fdata-sections -Wall -fstack-usage -fcyclomatic-complexity -MMD -MP -MF"Main_app/Src/MY_LIB/MY_driver_fan.d" -MT"Main_app/Src/MY_LIB/MY_driver_fan.o" --specs=nano.specs -mfpu=fpv4-sp-d16 -mfloat-abi=hard -mthumb -o "Main_app/Src/MY_LIB/MY_driver_fan.o"
arm-none-eabi-gcc "../Main_app/Src/cooler_left_app.c" -mcpu=cortex-m4 -std=gnu11 -g3 -DDEBUG -DUSE_HAL_DRIVER -DSTM32F303x8 -c -I"E:/Pulpit/PCB/Plytki_chlodzenia_SOFTWARE/Cooling_back/f303_perla_blank/Main_app/Inc/EKO_LIB" -I"E:/Pulpit/PCB/Plytki_chlodzenia_SOFTWARE/Cooling_back/f303_perla_blank/Main_app/Src" -I"E:/Pulpit/PCB/Plytki_chlodzenia_SOFTWARE/Cooling_back/f303_perla_blank/Main_app/Inc" -I"E:/Pulpit/PCB/Plytki_chlodzenia_SOFTWARE/Cooling_back/f303_perla_blank/Main_app/Inc/MY_LIB" -I"E:/Pulpit/PCB/Plytki_chlodzenia_SOFTWARE/Cooling_back/f303_perla_blank/Main_app/Src/EKO_LIB" -I"E:/Pulpit/PCB/Plytki_chlodzenia_SOFTWARE/Cooling_back/f303_perla_blank/Main_app/Src/MY_LIB" -I../Core/Inc -I../Drivers/STM32F3xx_HAL_Driver/Inc -I../Drivers/STM32F3xx_HAL_Driver/Inc/Legacy -I../Drivers/CMSIS/Device/ST/STM32F3xx/Include -I../Drivers/CMSIS/Include -O0 -ffunction-sections -fdata-sections -Wall -fstack-usage -fcyclomatic-complexity -MMD -MP -MF"Main_app/Src/cooler_left_app.d" -MT"Main_app/Src/cooler_left_app.o" --specs=nano.specs -mfpu=fpv4-sp-d16 -mfloat-abi=hard -mthumb -o "Main_app/Src/cooler_left_app.o"
arm-none-eabi-gcc "../Main_app/Src/cooler_test.c" -mcpu=cortex-m4 -std=gnu11 -g3 -DDEBUG -DUSE_HAL_DRIVER -DSTM32F303x8 -c -I"E:/Pulpit/PCB/Plytki_chlodzenia_SOFTWARE/Cooling_back/f303_perla_blank/Main_app/Inc/EKO_LIB" -I"E:/Pulpit/PCB/Plytki_chlodzenia_SOFTWARE/Cooling_back/f303_perla_blank/Main_app/Inc/MY_LIB" -I"E:/Pulpit/PCB/Plytki_chlodzenia_SOFTWARE/Cooling_back/f303_perla_blank/Main_app/Src/EKO_LIB" -I"E:/Pulpit/PCB/Plytki_chlodzenia_SOFTWARE/Cooling_back/f303_perla_blank/Main_app/Src/MY_LIB" -I../Core/Inc -I../Drivers/STM32F3xx_HAL_Driver/Inc -I../Drivers/STM32F3xx_HAL_Driver/Inc/Legacy -I../Drivers/CMSIS/Device/ST/STM32F3xx/Include -I../Drivers/CMSIS/Include -O0 -ffunction-sections -fdata-sections -Wall -fstack-usage -fcyclomatic-complexity -MMD -MP -MF"Main_app/Src/cooler_test.d" -MT"Main_app/Src/cooler_test.o" --specs=nano.specs -mfpu=fpv4-sp-d16 -mfloat-abi=hard -mthumb -o "Main_app/Src/cooler_test.o"
arm-none-eabi-gcc "../Core/Src/main.c" -mcpu=cortex-m4 -std=gnu11 -g3 -DDEBUG -DUSE_HAL_DRIVER -DSTM32F303x8 -c -I"E:/Pulpit/PCB/Plytki_chlodzenia_SOFTWARE/Cooling_back/f303_perla_blank/Main_app/Inc/EKO_LIB" -I"E:/Pulpit/PCB/Plytki_chlodzenia_SOFTWARE/Cooling_back/f303_perla_blank/Main_app/Inc" -I"E:/Pulpit/PCB/Plytki_chlodzenia_SOFTWARE/Cooling_back/f303_perla_blank/Main_app/Src" -I"E:/Pulpit/PCB/Plytki_chlodzenia_SOFTWARE/Cooling_back/f303_perla_blank/Main_app/Inc/MY_LIB" -I"E:/Pulpit/PCB/Plytki_chlodzenia_SOFTWARE/Cooling_back/f303_perla_blank/Main_app/Src/EKO_LIB" -I"E:/Pulpit/PCB/Plytki_chlodzenia_SOFTWARE/Cooling_back/f303_perla_blank/Main_app/Src/MY_LIB" -I../Core/Inc -I../Drivers/STM32F3xx_HAL_Driver/Inc -I../Drivers/STM32F3xx_HAL_Driver/Inc/Legacy -I../Drivers/CMSIS/Device/ST/STM32F3xx/Include -I../Drivers/CMSIS/Include -O0 -ffunction-sections -fdata-sections -Wall -fstack-usage -fcyclomatic-complexity -MMD -MP -MF"Core/Src/main.d" -MT"Core/Src/main.o" --specs=nano.specs -mfpu=fpv4-sp-d16 -mfloat-abi=hard -mthumb -o "Core/Src/main.o"
arm-none-eabi-gcc -o "f303_perla_blank.elf" @"objects.list"   -mcpu=cortex-m4 -T"E:\Pulpit\PCB\Plytki_chlodzenia_SOFTWARE\Cooling_back\f303_perla_blank\STM32F303K8TX_FLASH.ld" --specs=nosys.specs -Wl,-Map="f303_perla_blank.map" -Wl,--gc-sections -static --specs=nano.specs -mfpu=fpv4-sp-d16 -mfloat-abi=hard -mthumb -Wl,--start-group -lc -lm -Wl,--end-group
Finished building target: f303_perla_blank.elf
 
arm-none-eabi-size  f303_perla_blank.elf 
arm-none-eabi-objdump -h -S f303_perla_blank.elf  > "f303_perla_blank.list"
   text	   data	    bss	    dec	    hex	filename
  22460	     12	   3644	  26116	   6604	f303_perla_blank.elf
Finished building: default.size.stdout
 
Finished building: f303_perla_blank.list
 
18:15:25 **** Build of configuration Debug for project f303_perla_blank ****
make -j16 all 
arm-none-eabi-gcc "../Main_app/Src/MY_LIB/MY_driver_can.c" -mcpu=cortex-m4 -std=gnu11 -g3 -DDEBUG -DUSE_HAL_DRIVER -DSTM32F303x8 -c -I"E:/Pulpit/PCB/SOFT_Nie_Git/Cooling_back/Cooling_back/f303_perla_blank/Main_app/Inc/EKO_LIB" -I"E:/Pulpit/PCB/SOFT_Nie_Git/Cooling_back/Cooling_back/f303_perla_blank/Main_app/Inc/MY_LIB" -I"E:/Pulpit/PCB/SOFT_Nie_Git/Cooling_back/Cooling_back/f303_perla_blank/Main_app/Src/EKO_LIB" -I"E:/Pulpit/PCB/SOFT_Nie_Git/Cooling_back/Cooling_back/f303_perla_blank/Main_app/Src/MY_LIB" -I../Core/Inc -I../Drivers/STM32F3xx_HAL_Driver/Inc -I../Drivers/STM32F3xx_HAL_Driver/Inc/Legacy -I../Drivers/CMSIS/Device/ST/STM32F3xx/Include -I../Drivers/CMSIS/Include -O0 -ffunction-sections -fdata-sections -Wall -fstack-usage -fcyclomatic-complexity -MMD -MP -MF"Main_app/Src/MY_LIB/MY_driver_can.d" -MT"Main_app/Src/MY_LIB/MY_driver_can.o" --specs=nano.specs -mfpu=fpv4-sp-d16 -mfloat-abi=hard -mthumb -o "Main_app/Src/MY_LIB/MY_driver_can.o"
arm-none-eabi-gcc "../Main_app/Src/MY_LIB/MY_driver_fan.c" -mcpu=cortex-m4 -std=gnu11 -g3 -DDEBUG -DUSE_HAL_DRIVER -DSTM32F303x8 -c -I"E:/Pulpit/PCB/SOFT_Nie_Git/Cooling_back/Cooling_back/f303_perla_blank/Main_app/Inc/EKO_LIB" -I"E:/Pulpit/PCB/SOFT_Nie_Git/Cooling_back/Cooling_back/f303_perla_blank/Main_app/Inc/MY_LIB" -I"E:/Pulpit/PCB/SOFT_Nie_Git/Cooling_back/Cooling_back/f303_perla_blank/Main_app/Src/EKO_LIB" -I"E:/Pulpit/PCB/SOFT_Nie_Git/Cooling_back/Cooling_back/f303_perla_blank/Main_app/Src/MY_LIB" -I../Core/Inc -I../Drivers/STM32F3xx_HAL_Driver/Inc -I../Drivers/STM32F3xx_HAL_Driver/Inc/Legacy -I../Drivers/CMSIS/Device/ST/STM32F3xx/Include -I../Drivers/CMSIS/Include -O0 -ffunction-sections -fdata-sections -Wall -fstack-usage -fcyclomatic-complexity -MMD -MP -MF"Main_app/Src/MY_LIB/MY_driver_fan.d" -MT"Main_app/Src/MY_LIB/MY_driver_fan.o" --specs=nano.specs -mfpu=fpv4-sp-d16 -mfloat-abi=hard -mthumb -o "Main_app/Src/MY_LIB/MY_driver_fan.o"
arm-none-eabi-gcc "../Main_app/Src/MY_LIB/MY_driver_i2c.c" -mcpu=cortex-m4 -std=gnu11 -g3 -DDEBUG -DUSE_HAL_DRIVER -DSTM32F303x8 -c -I"E:/Pulpit/PCB/SOFT_Nie_Git/Cooling_back/Cooling_back/f303_perla_blank/Main_app/Inc/EKO_LIB" -I"E:/Pulpit/PCB/SOFT_Nie_Git/Cooling_back/Cooling_back/f303_perla_blank/Main_app/Inc/MY_LIB" -I"E:/Pulpit/PCB/SOFT_Nie_Git/Cooling_back/Cooling_back/f303_perla_blank/Main_app/Src/EKO_LIB" -I"E:/Pulpit/PCB/SOFT_Nie_Git/Cooling_back/Cooling_back/f303_perla_blank/Main_app/Src/MY_LIB" -I../Core/Inc -I../Drivers/STM32F3xx_HAL_Driver/Inc -I../Drivers/STM32F3xx_HAL_Driver/Inc/Legacy -I../Drivers/CMSIS/Device/ST/STM32F3xx/Include -I../Drivers/CMSIS/Include -O0 -ffunction-sections -fdata-sections -Wall -fstack-usage -fcyclomatic-complexity -MMD -MP -MF"Main_app/Src/MY_LIB/MY_driver_i2c.d" -MT"Main_app/Src/MY_LIB/MY_driver_i2c.o" --specs=nano.specs -mfpu=fpv4-sp-d16 -mfloat-abi=hard -mthumb -o "Main_app/Src/MY_LIB/MY_driver_i2c.o"
arm-none-eabi-gcc "../Main_app/Src/MY_LIB/MY_driver_serwo.c" -mcpu=cortex-m4 -std=gnu11 -g3 -DDEBUG -DUSE_HAL_DRIVER -DSTM32F303x8 -c -I"E:/Pulpit/PCB/SOFT_Nie_Git/Cooling_back/Cooling_back/f303_perla_blank/Main_app/Inc/EKO_LIB" -I"E:/Pulpit/PCB/SOFT_Nie_Git/Cooling_back/Cooling_back/f303_perla_blank/Main_app/Inc/MY_LIB" -I"E:/Pulpit/PCB/SOFT_Nie_Git/Cooling_back/Cooling_back/f303_perla_blank/Main_app/Src/EKO_LIB" -I"E:/Pulpit/PCB/SOFT_Nie_Git/Cooling_back/Cooling_back/f303_perla_blank/Main_app/Src/MY_LIB" -I../Core/Inc -I../Drivers/STM32F3xx_HAL_Driver/Inc -I../Drivers/STM32F3xx_HAL_Driver/Inc/Legacy -I../Drivers/CMSIS/Device/ST/STM32F3xx/Include -I../Drivers/CMSIS/Include -O0 -ffunction-sections -fdata-sections -Wall -fstack-usage -fcyclomatic-complexity -MMD -MP -MF"Main_app/Src/MY_LIB/MY_driver_serwo.d" -MT"Main_app/Src/MY_LIB/MY_driver_serwo.o" --specs=nano.specs -mfpu=fpv4-sp-d16 -mfloat-abi=hard -mthumb -o "Main_app/Src/MY_LIB/MY_driver_serwo.o"
arm-none-eabi-gcc "../Main_app/Src/EKO_LIB/I2C_driver.c" -mcpu=cortex-m4 -std=gnu11 -g3 -DDEBUG -DUSE_HAL_DRIVER -DSTM32F303x8 -c -I"E:/Pulpit/PCB/SOFT_Nie_Git/Cooling_back/Cooling_back/f303_perla_blank/Main_app/Inc/EKO_LIB" -I"E:/Pulpit/PCB/SOFT_Nie_Git/Cooling_back/Cooling_back/f303_perla_blank/Main_app/Inc/MY_LIB" -I"E:/Pulpit/PCB/SOFT_Nie_Git/Cooling_back/Cooling_back/f303_perla_blank/Main_app/Src/EKO_LIB" -I"E:/Pulpit/PCB/SOFT_Nie_Git/Cooling_back/Cooling_back/f303_perla_blank/Main_app/Src/MY_LIB" -I../Core/Inc -I../Drivers/STM32F3xx_HAL_Driver/Inc -I../Drivers/STM32F3xx_HAL_Driver/Inc/Legacy -I../Drivers/CMSIS/Device/ST/STM32F3xx/Include -I../Drivers/CMSIS/Include -O0 -ffunction-sections -fdata-sections -Wall -fstack-usage -fcyclomatic-complexity -MMD -MP -MF"Main_app/Src/EKO_LIB/I2C_driver.d" -MT"Main_app/Src/EKO_LIB/I2C_driver.o" --specs=nano.specs -mfpu=fpv4-sp-d16 -mfloat-abi=hard -mthumb -o "Main_app/Src/EKO_LIB/I2C_driver.o"
arm-none-eabi-gcc "../Main_app/Src/EKO_LIB/can_driver.c" -mcpu=cortex-m4 -std=gnu11 -g3 -DDEBUG -DUSE_HAL_DRIVER -DSTM32F303x8 -c -I"E:/Pulpit/PCB/SOFT_Nie_Git/Cooling_back/Cooling_back/f303_perla_blank/Main_app/Inc/EKO_LIB" -I"E:/Pulpit/PCB/SOFT_Nie_Git/Cooling_back/Cooling_back/f303_perla_blank/Main_app/Inc/MY_LIB" -I"E:/Pulpit/PCB/SOFT_Nie_Git/Cooling_back/Cooling_back/f303_perla_blank/Main_app/Src/EKO_LIB" -I"E:/Pulpit/PCB/SOFT_Nie_Git/Cooling_back/Cooling_back/f303_perla_blank/Main_app/Src/MY_LIB" -I../Core/Inc -I../Drivers/STM32F3xx_HAL_Driver/Inc -I../Drivers/STM32F3xx_HAL_Driver/Inc/Legacy -I../Drivers/CMSIS/Device/ST/STM32F3xx/Include -I../Drivers/CMSIS/Include -O0 -ffunction-sections -fdata-sections -Wall -fstack-usage -fcyclomatic-complexity -MMD -MP -MF"Main_app/Src/EKO_LIB/can_driver.d" -MT"Main_app/Src/EKO_LIB/can_driver.o" --specs=nano.specs -mfpu=fpv4-sp-d16 -mfloat-abi=hard -mthumb -o "Main_app/Src/EKO_LIB/can_driver.o"
arm-none-eabi-gcc "../Main_app/Src/cooler_left_app.c" -mcpu=cortex-m4 -std=gnu11 -g3 -DDEBUG -DUSE_HAL_DRIVER -DSTM32F303x8 -c -I"E:/Pulpit/PCB/SOFT_Nie_Git/Cooling_back/Cooling_back/f303_perla_blank/Main_app/Inc/EKO_LIB" -I"E:/Pulpit/PCB/SOFT_Nie_Git/Cooling_back/Cooling_back/f303_perla_blank/Main_app/Inc/MY_LIB" -I"E:/Pulpit/PCB/SOFT_Nie_Git/Cooling_back/Cooling_back/f303_perla_blank/Main_app/Src/EKO_LIB" -I"E:/Pulpit/PCB/SOFT_Nie_Git/Cooling_back/Cooling_back/f303_perla_blank/Main_app/Src/MY_LIB" -I../Core/Inc -I../Drivers/STM32F3xx_HAL_Driver/Inc -I../Drivers/STM32F3xx_HAL_Driver/Inc/Legacy -I../Drivers/CMSIS/Device/ST/STM32F3xx/Include -I../Drivers/CMSIS/Include -O0 -ffunction-sections -fdata-sections -Wall -fstack-usage -fcyclomatic-complexity -MMD -MP -MF"Main_app/Src/cooler_left_app.d" -MT"Main_app/Src/cooler_left_app.o" --specs=nano.specs -mfpu=fpv4-sp-d16 -mfloat-abi=hard -mthumb -o "Main_app/Src/cooler_left_app.o"
arm-none-eabi-gcc "../Main_app/Src/cooler_test.c" -mcpu=cortex-m4 -std=gnu11 -g3 -DDEBUG -DUSE_HAL_DRIVER -DSTM32F303x8 -c -I"E:/Pulpit/PCB/SOFT_Nie_Git/Cooling_back/Cooling_back/f303_perla_blank/Main_app/Inc/EKO_LIB" -I"E:/Pulpit/PCB/SOFT_Nie_Git/Cooling_back/Cooling_back/f303_perla_blank/Main_app/Inc/MY_LIB" -I"E:/Pulpit/PCB/SOFT_Nie_Git/Cooling_back/Cooling_back/f303_perla_blank/Main_app/Src/EKO_LIB" -I"E:/Pulpit/PCB/SOFT_Nie_Git/Cooling_back/Cooling_back/f303_perla_blank/Main_app/Src/MY_LIB" -I../Core/Inc -I../Drivers/STM32F3xx_HAL_Driver/Inc -I../Drivers/STM32F3xx_HAL_Driver/Inc/Legacy -I../Drivers/CMSIS/Device/ST/STM32F3xx/Include -I../Drivers/CMSIS/Include -O0 -ffunction-sections -fdata-sections -Wall -fstack-usage -fcyclomatic-complexity -MMD -MP -MF"Main_app/Src/cooler_test.d" -MT"Main_app/Src/cooler_test.o" --specs=nano.specs -mfpu=fpv4-sp-d16 -mfloat-abi=hard -mthumb -o "Main_app/Src/cooler_test.o"
arm-none-eabi-gcc "../Drivers/STM32F3xx_HAL_Driver/Src/stm32f3xx_hal.c" -mcpu=cortex-m4 -std=gnu11 -g3 -DDEBUG -DUSE_HAL_DRIVER -DSTM32F303x8 -c -I"E:/Pulpit/PCB/SOFT_Nie_Git/Cooling_back/Cooling_back/f303_perla_blank/Main_app/Inc/EKO_LIB" -I"E:/Pulpit/PCB/SOFT_Nie_Git/Cooling_back/Cooling_back/f303_perla_blank/Main_app/Inc/MY_LIB" -I"E:/Pulpit/PCB/SOFT_Nie_Git/Cooling_back/Cooling_back/f303_perla_blank/Main_app/Src/EKO_LIB" -I"E:/Pulpit/PCB/SOFT_Nie_Git/Cooling_back/Cooling_back/f303_perla_blank/Main_app/Src/MY_LIB" -I../Core/Inc -I../Drivers/STM32F3xx_HAL_Driver/Inc -I../Drivers/STM32F3xx_HAL_Driver/Inc/Legacy -I../Drivers/CMSIS/Device/ST/STM32F3xx/Include -I../Drivers/CMSIS/Include -O0 -ffunction-sections -fdata-sections -Wall -fstack-usage -fcyclomatic-complexity -MMD -MP -MF"Drivers/STM32F3xx_HAL_Driver/Src/stm32f3xx_hal.d" -MT"Drivers/STM32F3xx_HAL_Driver/Src/stm32f3xx_hal.o" --specs=nano.specs -mfpu=fpv4-sp-d16 -mfloat-abi=hard -mthumb -o "Drivers/STM32F3xx_HAL_Driver/Src/stm32f3xx_hal.o"
[...]
arm-none-eabi-gcc "../Drivers/STM32F3xx_HAL_Driver/Src/stm32f3xx_hal_i2c_ex.c" -mcpu=cortex-m4 -std=gnu11 -g3 -DDEBUG -DUSE_HAL_DRIVER -DSTM32F303x8 -c -I"E:/Pulpit/PCB/SOFT_Nie_Git/Cooling_back/Cooling_back/f303_perla_blank/Main_app/Inc/EKO_LIB" -I"E:/Pulpit/PCB/SOFT_Nie_Git/Cooling_back/Cooling_back/f303_perla_blank/Main_app/Inc/MY_LIB" -I"E:/Pulpit/PCB/SOFT_Nie_Git/Cooling_back/Cooling_back/f303_perla_blank/Main_app/Src/EKO_LIB" -I"E:/Pulpit/PCB/SOFT_Nie_Git/Cooling_back/Cooling_back/f303_perla_blank/Main_app/Src/MY_LIB" -I../Core/Inc -I../Drivers/STM32F3xx_HAL_Driver/Inc -I../Drivers/STM32F3xx_HAL_Driver/Inc/Legacy -I../Drivers/CMSIS/Device/ST/STM32F3xx/Include -I../Drivers/CMSIS/Include -O0 -ffunction-sections -fdata-sections -Wall -fstack-usage -fcyclomatic-complexity -MMD -MP -MF"Drivers/STM32F3xx_HAL_Driver/Src/stm32f3xx_hal_i2c_ex.d" -MT"Drivers/STM32F3xx_HAL_Driver/Src/stm32f3xx_hal_i2c_ex.o" --specs=nano.specs -mfpu=fpv4-sp-d16 -mfloat-abi=hard -mthumb -o "Drivers/STM32F3xx_HAL_Driver/Src/stm32f3xx_hal_i2c_ex.o"
arm-none-eabi-gcc "../Drivers/STM32F3xx_HAL_Driver/Src/stm32f3xx_hal_pwr.c" -mcpu=cortex-m4 -std=gnu11 -g3 -DDEBUG -DUSE_HAL_DRIVER -DSTM32F303x8 -c -I"E:/Pulpit/PCB/SOFT_Nie_Git/Cooling_back/Cooling_back/f303_perla_blank/Main_app/Inc/EKO_LIB" -I"E:/Pulpit/PCB/SOFT_Nie_Git/Cooling_back/Cooling_back/f303_perla_blank/Main_app/Inc/MY_LIB" -I"E:/Pulpit/PCB/SOFT_Nie_Git/Cooling_back/Cooling_back/f303_perla_blank/Main_app/Src/EKO_LIB" -I"E:/Pulpit/PCB/SOFT_Nie_Git/Cooling_back/Cooling_back/f303_perla_blank/Main_app/Src/MY_LIB" -I../Core/Inc -I../Drivers/STM32F3xx_HAL_Driver/Inc -I../Drivers/STM32F3xx_HAL_Driver/Inc/Legacy -I../Drivers/CMSIS/Device/ST/STM32F3xx/Include -I../Drivers/CMSIS/Include -O0 -ffunction-sections -fdata-sections -Wall -fstack-usage -fcyclomatic-complexity -MMD -MP -MF"Drivers/STM32F3xx_HAL_Driver/Src/stm32f3xx_hal_pwr.d" -MT"Drivers/STM32F3xx_HAL_Driver/Src/stm32f3xx_hal_pwr.o" --specs=nano.specs -mfpu=fpv4-sp-d16 -mfloat-abi=hard -mthumb -o "Drivers/STM32F3xx_HAL_Driver/Src/stm32f3xx_hal_pwr.o"
arm-none-eabi-gcc "../Drivers/STM32F3xx_HAL_Driver/Src/stm32f3xx_hal_pwr_ex.c" -mcpu=cortex-m4 -std=gnu11 -g3 -DDEBUG -DUSE_HAL_DRIVER -DSTM32F303x8 -c -I"E:/Pulpit/PCB/SOFT_Nie_Git/Cooling_back/Cooling_back/f303_perla_blank/Main_app/Inc/EKO_LIB" -I"E:/Pulpit/PCB/SOFT_Nie_Git/Cooling_back/Cooling_back/f303_perla_blank/Main_app/Inc/MY_LIB" -I"E:/Pulpit/PCB/SOFT_Nie_Git/Cooling_back/Cooling_back/f303_perla_blank/Main_app/Src/EKO_LIB" -I"E:/Pulpit/PCB/SOFT_Nie_Git/Cooling_back/Cooling_back/f303_perla_blank/Main_app/Src/MY_LIB" -I../Core/Inc -I../Drivers/STM32F3xx_HAL_Driver/Inc -I../Drivers/STM32F3xx_HAL_Driver/Inc/Legacy -I../Drivers/CMSIS/Device/ST/STM32F3xx/Include -I../Drivers/CMSIS/Include -O0 -ffunction-sections -fdata-sections -Wall -fstack-usage -fcyclomatic-complexity -MMD -MP -MF"Drivers/STM32F3xx_HAL_Driver/Src/stm32f3xx_hal_pwr_ex.d" -MT"Drivers/STM32F3xx_HAL_Driver/Src/stm32f3xx_hal_pwr_ex.o" --specs=nano.specs -mfpu=fpv4-sp-d16 -mfloat-abi=hard -mthumb -o "Drivers/STM32F3xx_HAL_Driver/Src/stm32f3xx_hal_pwr_ex.o"
arm-none-eabi-gcc "../Drivers/STM32F3xx_HAL_Driver/Src/stm32f3xx_hal_rcc.c" -mcpu=cortex-m4 -std=gnu11 -g3 -DDEBUG -DUSE_HAL_DRIVER -DSTM32F303x8 -c -I"E:/Pulpit/PCB/SOFT_Nie_Git/Cooling_back/Cooling_back/f303_perla_blank/Main_app/Inc/EKO_LIB" -I"E:/Pulpit/PCB/SOFT_Nie_Git/Cooling_back/Cooling_back/f303_perla_blank/Main_app/Inc/MY_LIB" -I"E:/Pulpit/PCB/SOFT_Nie_Git/Cooling_back/Cooling_back/f303_perla_blank/Main_app/Src/EKO_LIB" -I"E:/Pulpit/PCB/SOFT_Nie_Git/Cooling_back/Cooling_back/f303_perla_blank/Main_app/Src/MY_LIB" -I../Core/Inc -I../Drivers/STM32F3xx_HAL_Driver/Inc -I../Drivers/STM32F3xx_HAL_Driver/Inc/Legacy -I../Drivers/CMSIS/Device/ST/STM32F3xx/Include -I../Drivers/CMSIS/Include -O0 -ffunction-sections -fdata-sections -Wall -fstack-usage -fcyclomatic-complexity -MMD -MP -MF"Drivers/STM32F3xx_HAL_Driver/Src/stm32f3xx_hal_rcc.d" -MT"Drivers/STM32F3xx_HAL_Driver/Src/stm32f3xx_hal_rcc.o" --specs=nano.specs -mfpu=fpv4-sp-d16 -mfloat-abi=hard -mthumb -o "Drivers/STM32F3xx_HAL_Driver/Src/stm32f3xx_hal_rcc.o"
arm-none-eabi-gcc "../Drivers/STM32F3xx_HAL_Driver/Src/stm32f3xx_hal_rcc_ex.c" -mcpu=cortex-m4 -std=gnu11 -g3 -DDEBUG -DUSE_HAL_DRIVER -DSTM32F303x8 -c -I"E:/Pulpit/PCB/SOFT_Nie_Git/Cooling_back/Cooling_back/f303_perla_blank/Main_app/Inc/EKO_LIB" -I"E:/Pulpit/PCB/SOFT_Nie_Git/Cooling_back/Cooling_back/f303_perla_blank/Main_app/Inc/MY_LIB" -I"E:/Pulpit/PCB/SOFT_Nie_Git/Cooling_back/Cooling_back/f303_perla_blank/Main_app/Src/EKO_LIB" -I"E:/Pulpit/PCB/SOFT_Nie_Git/Cooling_back/Cooling_back/f303_perla_blank/Main_app/Src/MY_LIB" -I../Core/Inc -I../Drivers/STM32F3xx_HAL_Driver/Inc -I../Drivers/STM32F3xx_HAL_Driver/Inc/Legacy -I../Drivers/CMSIS/Device/ST/STM32F3xx/Include -I../Drivers/CMSIS/Include -O0 -ffunction-sections -fdata-sections -Wall -fstack-usage -fcyclomatic-complexity -MMD -MP -MF"Drivers/STM32F3xx_HAL_Driver/Src/stm32f3xx_hal_rcc_ex.d" -MT"Drivers/STM32F3xx_HAL_Driver/Src/stm32f3xx_hal_rcc_ex.o" --specs=nano.specs -mfpu=fpv4-sp-d16 -mfloat-abi=hard -mthumb -o "Drivers/STM32F3xx_HAL_Driver/Src/stm32f3xx_hal_rcc_ex.o"
arm-none-eabi-gcc "../Drivers/STM32F3xx_HAL_Driver/Src/stm32f3xx_hal_tim.c" -mcpu=cortex-m4 -std=gnu11 -g3 -DDEBUG -DUSE_HAL_DRIVER -DSTM32F303x8 -c -I"E:/Pulpit/PCB/SOFT_Nie_Git/Cooling_back/Cooling_back/f303_perla_blank/Main_app/Inc/EKO_LIB" -I"E:/Pulpit/PCB/SOFT_Nie_Git/Cooling_back/Cooling_back/f303_perla_blank/Main_app/Inc/MY_LIB" -I"E:/Pulpit/PCB/SOFT_Nie_Git/Cooling_back/Cooling_back/f303_perla_blank/Main_app/Src/EKO_LIB" -I"E:/Pulpit/PCB/SOFT_Nie_Git/Cooling_back/Cooling_back/f303_perla_blank/Main_app/Src/MY_LIB" -I../Core/Inc -I../Drivers/STM32F3xx_HAL_Driver/Inc -I../Drivers/STM32F3xx_HAL_Driver/Inc/Legacy -I../Drivers/CMSIS/Device/ST/STM32F3xx/Include -I../Drivers/CMSIS/Include -O0 -ffunction-sections -fdata-sections -Wall -fstack-usage -fcyclomatic-complexity -MMD -MP -MF"Drivers/STM32F3xx_HAL_Driver/Src/stm32f3xx_hal_tim.d" -MT"Drivers/STM32F3xx_HAL_Driver/Src/stm32f3xx_hal_tim.o" --specs=nano.specs -mfpu=fpv4-sp-d16 -mfloat-abi=hard -mthumb -o "Drivers/STM32F3xx_HAL_Driver/Src/stm32f3xx_hal_tim.o"
arm-none-eabi-gcc "../Drivers/STM32F3xx_HAL_Driver/Src/stm32f3xx_hal_tim_ex.c" -mcpu=cortex-m4 -std=gnu11 -g3 -DDEBUG -DUSE_HAL_DRIVER -DSTM32F303x8 -c -I"E:/Pulpit/PCB/SOFT_Nie_Git/Cooling_back/Cooling_back/f303_perla_blank/Main_app/Inc/EKO_LIB" -I"E:/Pulpit/PCB/SOFT_Nie_Git/Cooling_back/Cooling_back/f303_perla_blank/Main_app/Inc/MY_LIB" -I"E:/Pulpit/PCB/SOFT_Nie_Git/Cooling_back/Cooling_back/f303_perla_blank/Main_app/Src/EKO_LIB" -I"E:/Pulpit/PCB/SOFT_Nie_Git/Cooling_back/Cooling_back/f303_perla_blank/Main_app/Src/MY_LIB" -I../Core/Inc -I../Drivers/STM32F3xx_HAL_Driver/Inc -I../Drivers/STM32F3xx_HAL_Driver/Inc/Legacy -I../Drivers/CMSIS/Device/ST/STM32F3xx/Include -I../Drivers/CMSIS/Include -O0 -ffunction-sections -fdata-sections -Wall -fstack-usage -fcyclomatic-complexity -MMD -MP -MF"Drivers/STM32F3xx_HAL_Driver/Src/stm32f3xx_hal_tim_ex.d" -MT"Drivers/STM32F3xx_HAL_Driver/Src/stm32f3xx_hal_tim_ex.o" --specs=nano.specs -mfpu=fpv4-sp-d16 -mfloat-abi=hard -mthumb -o "Drivers/STM32F3xx_HAL_Driver/Src/stm32f3xx_hal_tim_ex.o"
../Main_app/Src/MY_LIB/MY_driver_i2c.c: In function 'AM2320_StateMachine':
../Main_app/Src/MY_LIB/MY_driver_i2c.c:153:5: warning: enumeration value 'AM2320_IDLE' not handled in switch [-Wswitch]
arm-none-eabi-gcc "../Core/Src/can.c" -mcpu=cortex-m4 -std=gnu11 -g3 -DDEBUG -DUSE_HAL_DRIVER -DSTM32F303x8 -c -I"E:/Pulpit/PCB/SOFT_Nie_Git/Cooling_back/Cooling_back/f303_perla_blank/Main_app/Inc/EKO_LIB" -I"E:/Pulpit/PCB/SOFT_Nie_Git/Cooling_back/Cooling_back/f303_perla_blank/Main_app/Inc/MY_LIB" -I"E:/Pulpit/PCB/SOFT_Nie_Git/Cooling_back/Cooling_back/f303_perla_blank/Main_app/Src/EKO_LIB" -I"E:/Pulpit/PCB/SOFT_Nie_Git/Cooling_back/Cooling_back/f303_perla_blank/Main_app/Src/MY_LIB" -I../Core/Inc -I../Drivers/STM32F3xx_HAL_Driver/Inc -I../Drivers/STM32F3xx_HAL_Driver/Inc/Legacy -I../Drivers/CMSIS/Device/ST/STM32F3xx/Include -I../Drivers/CMSIS/Include -O0 -ffunction-sections -fdata-sections -Wall -fstack-usage -fcyclomatic-complexity -MMD -MP -MF"Core/Src/can.d" -MT"Core/Src/can.o" --specs=nano.specs -mfpu=fpv4-sp-d16 -mfloat-abi=hard -mthumb -o "Core/Src/can.o"
  153 |     switch (am2320State)
      |     ^~~~~~
arm-none-eabi-gcc "../Core/Src/dma.c" -mcpu=cortex-m4 -std=gnu11 -g3 -DDEBUG -DUSE_HAL_DRIVER -DSTM32F303x8 -c -I"E:/Pulpit/PCB/SOFT_Nie_Git/Cooling_back/Cooling_back/f303_perla_blank/Main_app/Inc/EKO_LIB" -I"E:/Pulpit/PCB/SOFT_Nie_Git/Cooling_back/Cooling_back/f303_perla_blank/Main_app/Inc/MY_LIB" -I"E:/Pulpit/PCB/SOFT_Nie_Git/Cooling_back/Cooling_back/f303_perla_blank/Main_app/Src/EKO_LIB" -I"E:/Pulpit/PCB/SOFT_Nie_Git/Cooling_back/Cooling_back/f303_perla_blank/Main_app/Src/MY_LIB" -I../Core/Inc -I../Drivers/STM32F3xx_HAL_Driver/Inc -I../Drivers/STM32F3xx_HAL_Driver/Inc/Legacy -I../Drivers/CMSIS/Device/ST/STM32F3xx/Include -I../Drivers/CMSIS/Include -O0 -ffunction-sections -fdata-sections -Wall -fstack-usage -fcyclomatic-complexity -MMD -MP -MF"Core/Src/dma.d" -MT"Core/Src/dma.o" --specs=nano.specs -mfpu=fpv4-sp-d16 -mfloat-abi=hard -mthumb -o "Core/Src/dma.o"
arm-none-eabi-gcc "../Core/Src/gpio.c" -mcpu=cortex-m4 -std=gnu11 -g3 -DDEBUG -DUSE_HAL_DRIVER -DSTM32F303x8 -c -I"E:/Pulpit/PCB/SOFT_Nie_Git/Cooling_back/Cooling_back/f303_perla_blank/Main_app/Inc/EKO_LIB" -I"E:/Pulpit/PCB/SOFT_Nie_Git/Cooling_back/Cooling_back/f303_perla_blank/Main_app/Inc/MY_LIB" -I"E:/Pulpit/PCB/SOFT_Nie_Git/Cooling_back/Cooling_back/f303_perla_blank/Main_app/Src/EKO_LIB" -I"E:/Pulpit/PCB/SOFT_Nie_Git/Cooling_back/Cooling_back/f303_perla_blank/Main_app/Src/MY_LIB" -I../Core/Inc -I../Drivers/STM32F3xx_HAL_Driver/Inc -I../Drivers/STM32F3xx_HAL_Driver/Inc/Legacy -I../Drivers/CMSIS/Device/ST/STM32F3xx/Include -I../Drivers/CMSIS/Include -O0 -ffunction-sections -fdata-sections -Wall -fstack-usage -fcyclomatic-complexity -MMD -MP -MF"Core/Src/gpio.d" -MT"Core/Src/gpio.o" --specs=nano.specs -mfpu=fpv4-sp-d16 -mfloat-abi=hard -mthumb -o "Core/Src/gpio.o"
arm-none-eabi-gcc "../Core/Src/i2c.c" -mcpu=cortex-m4 -std=gnu11 -g3 -DDEBUG -DUSE_HAL_DRIVER -DSTM32F303x8 -c -I"E:/Pulpit/PCB/SOFT_Nie_Git/Cooling_back/Cooling_back/f303_perla_blank/Main_app/Inc/EKO_LIB" -I"E:/Pulpit/PCB/SOFT_Nie_Git/Cooling_back/Cooling_back/f303_perla_blank/Main_app/Inc/MY_LIB" -I"E:/Pulpit/PCB/SOFT_Nie_Git/Cooling_back/Cooling_back/f303_perla_blank/Main_app/Src/EKO_LIB" -I"E:/Pulpit/PCB/SOFT_Nie_Git/Cooling_back/Cooling_back/f303_perla_blank/Main_app/Src/MY_LIB" -I../Core/Inc -I../Drivers/STM32F3xx_HAL_Driver/Inc -I../Drivers/STM32F3xx_HAL_Driver/Inc/Legacy -I../Drivers/CMSIS/Device/ST/STM32F3xx/Include -I../Drivers/CMSIS/Include -O0 -ffunction-sections -fdata-sections -Wall -fstack-usage -fcyclomatic-complexity -MMD -MP -MF"Core/Src/i2c.d" -MT"Core/Src/i2c.o" --specs=nano.specs -mfpu=fpv4-sp-d16 -mfloat-abi=hard -mthumb -o "Core/Src/i2c.o"
arm-none-eabi-gcc "../Core/Src/main.c" -mcpu=cortex-m4 -std=gnu11 -g3 -DDEBUG -DUSE_HAL_DRIVER -DSTM32F303x8 -c -I"E:/Pulpit/PCB/SOFT_Nie_Git/Cooling_back/Cooling_back/f303_perla_blank/Main_app/Inc/EKO_LIB" -I"E:/Pulpit/PCB/SOFT_Nie_Git/Cooling_back/Cooling_back/f303_perla_blank/Main_app/Inc" -I"E:/Pulpit/PCB/SOFT_Nie_Git/Cooling_back/Cooling_back/f303_perla_blank/Main_app/Src" -I"E:/Pulpit/PCB/SOFT_Nie_Git/Cooling_back/Cooling_back/f303_perla_blank/Main_app/Inc/MY_LIB" -I"E:/Pulpit/PCB/SOFT_Nie_Git/Cooling_back/Cooling_back/f303_perla_blank/Main_app/Src/EKO_LIB" -I"E:/Pulpit/PCB/SOFT_Nie_Git/Cooling_back/Cooling_back/f303_perla_blank/Main_app/Src/MY_LIB" -I../Core/Inc -I../Drivers/STM32F3xx_HAL_Driver/Inc -I../Drivers/STM32F3xx_HAL_Driver/Inc/Legacy -I../Drivers/CMSIS/Device/ST/STM32F3xx/Include -I../Drivers/CMSIS/Include -O0 -ffunction-sections -fdata-sections -Wall -fstack-usage -fcyclomatic-complexity -MMD -MP -MF"Core/Src/main.d" -MT"Core/Src/main.o" --specs=nano.specs -mfpu=fpv4-sp-d16 -mfloat-abi=hard -mthumb -o "Core/Src/main.o"
arm-none-eabi-gcc "../Core/Src/stm32f3xx_hal_msp.c" -mcpu=cortex-m4 -std=gnu11 -g3 -DDEBUG -DUSE_HAL_DRIVER -DSTM32F303x8 -c -I"E:/Pulpit/PCB/SOFT_Nie_Git/Cooling_back/Cooling_back/f303_perla_blank/Main_app/Inc/EKO_LIB" -I"E:/Pulpit/PCB/SOFT_Nie_Git/Cooling_back/Cooling_back/f303_perla_blank/Main_app/Inc/MY_LIB" -I"E:/Pulpit/PCB/SOFT_Nie_Git/Cooling_back/Cooling_back/f303_perla_blank/Main_app/Src/EKO_LIB" -I"E:/Pulpit/PCB/SOFT_Nie_Git/Cooling_back/Cooling_back/f303_perla_blank/Main_app/Src/MY_LIB" -I../Core/Inc -I../Drivers/STM32F3xx_HAL_Driver/Inc -I../Drivers/STM32F3xx_HAL_Driver/Inc/Legacy -I../Drivers/CMSIS/Device/ST/STM32F3xx/Include -I../Drivers/CMSIS/Include -O0 -ffunction-sections -fdata-sections -Wall -fstack-usage -fcyclomatic-complexity -MMD -MP -MF"Core/Src/stm32f3xx_hal_msp.d" -MT"Core/Src/stm32f3xx_hal_msp.o" --specs=nano.specs -mfpu=fpv4-sp-d16 -mfloat-abi=hard -mthumb -o "Core/Src/stm32f3xx_hal_msp.o"
arm-none-eabi-gcc "../Core/Src/stm32f3xx_it.c" -mcpu=cortex-m4 -std=gnu11 -g3 -DDEBUG -DUSE_HAL_DRIVER -DSTM32F303x8 -c -I"E:/Pulpit/PCB/SOFT_Nie_Git/Cooling_back/Cooling_back/f303_perla_blank/Main_app/Inc/EKO_LIB" -I"E:/Pulpit/PCB/SOFT_Nie_Git/Cooling_back/Cooling_back/f303_perla_blank/Main_app/Inc/MY_LIB" -I"E:/Pulpit/PCB/SOFT_Nie_Git/Cooling_back/Cooling_back/f303_perla_blank/Main_app/Src/EKO_LIB" -I"E:/Pulpit/PCB/SOFT_Nie_Git/Cooling_back/Cooling_back/f303_perla_blank/Main_app/Src/MY_LIB" -I../Core/Inc -I../Drivers/STM32F3xx_HAL_Driver/Inc -I../Drivers/STM32F3xx_HAL_Driver/Inc/Legacy -I../Drivers/CMSIS/Device/ST/STM32F3xx/Include -I../Drivers/CMSIS/Include -O0 -ffunction-sections -fdata-sections -Wall -fstack-usage -fcyclomatic-complexity -MMD -MP -MF"Core/Src/stm32f3xx_it.d" -MT"Core/Src/stm32f3xx_it.o" --specs=nano.specs -mfpu=fpv4-sp-d16 -mfloat-abi=hard -mthumb -o "Core/Src/stm32f3xx_it.o"
arm-none-eabi-gcc "../Core/Src/syscalls.c" -mcpu=cortex-m4 -std=gnu11 -g3 -DDEBUG -DUSE_HAL_DRIVER -DSTM32F303x8 -c -I"E:/Pulpit/PCB/SOFT_Nie_Git/Cooling_back/Cooling_back/f303_perla_blank/Main_app/Inc/EKO_LIB" -I"E:/Pulpit/PCB/SOFT_Nie_Git/Cooling_back/Cooling_back/f303_perla_blank/Main_app/Inc/MY_LIB" -I"E:/Pulpit/PCB/SOFT_Nie_Git/Cooling_back/Cooling_back/f303_perla_blank/Main_app/Src/EKO_LIB" -I"E:/Pulpit/PCB/SOFT_Nie_Git/Cooling_back/Cooling_back/f303_perla_blank/Main_app/Src/MY_LIB" -I../Core/Inc -I../Drivers/STM32F3xx_HAL_Driver/Inc -I../Drivers/STM32F3xx_HAL_Driver/Inc/Legacy -I../Drivers/CMSIS/Device/ST/STM32F3xx/Include -I../Drivers/CMSIS/Include -O0 -ffunction-sections -fdata-sections -Wall -fstack-usage -fcyclomatic-complexity -MMD -MP -MF"Core/Src/syscalls.d" -MT"Core/Src/syscalls.o" --specs=nano.specs -mfpu=fpv4-sp-d16 -mfloat-abi=hard -mthumb -o "Core/Src/syscalls.o"
arm-none-eabi-gcc "../Core/Src/sysmem.c" -mcpu=cortex-m4 -std=gnu11 -g3 -DDEBUG -DUSE_HAL_DRIVER -DSTM32F303x8 -c -I"E:/Pulpit/PCB/SOFT_Nie_Git/Cooling_back/Cooling_back/f303_perla_blank/Main_app/Inc/EKO_LIB" -I"E:/Pulpit/PCB/SOFT_Nie_Git/Cooling_back/Cooling_back/f303_perla_blank/Main_app/Inc/MY_LIB" -I"E:/Pulpit/PCB/SOFT_Nie_Git/Cooling_back/Cooling_back/f303_perla_blank/Main_app/Src/EKO_LIB" -I"E:/Pulpit/PCB/SOFT_Nie_Git/Cooling_back/Cooling_back/f303_perla_blank/Main_app/Src/MY_LIB" -I../Core/Inc -I../Drivers/STM32F3xx_HAL_Driver/Inc -I../Drivers/STM32F3xx_HAL_Driver/Inc/Legacy -I../Drivers/CMSIS/Device/ST/STM32F3xx/Include -I../Drivers/CMSIS/Include -O0 -ffunction-sections -fdata-sections -Wall -fstack-usage -fcyclomatic-complexity -MMD -MP -MF"Core/Src/sysmem.d" -MT"Core/Src/sysmem.o" --specs=nano.specs -mfpu=fpv4-sp-d16 -mfloat-abi=hard -mthumb -o "Core/Src/sysmem.o"
arm-none-eabi-gcc "../Core/Src/system_stm32f3xx.c" -mcpu=cortex-m4 -std=gnu11 -g3 -DDEBUG -DUSE_HAL_DRIVER -DSTM32F303x8 -c -I"E:/Pulpit/PCB/SOFT_Nie_Git/Cooling_back/Cooling_back/f303_perla_blank/Main_app/Inc/EKO_LIB" -I"E:/Pulpit/PCB/SOFT_Nie_Git/Cooling_back/Cooling_back/f303_perla_blank/Main_app/Inc/MY_LIB" -I"E:/Pulpit/PCB/SOFT_Nie_Git/Cooling_back/Cooling_back/f303_perla_blank/Main_app/Src/EKO_LIB" -I"E:/Pulpit/PCB/SOFT_Nie_Git/Cooling_back/Cooling_back/f303_perla_blank/Main_app/Src/MY_LIB" -I../Core/Inc -I../Drivers/STM32F3xx_HAL_Driver/Inc -I../Drivers/STM32F3xx_HAL_Driver/Inc/Legacy -I../Drivers/CMSIS/Device/ST/STM32F3xx/Include -I../Drivers/CMSIS/Include -O0 -ffunction-sections -fdata-sections -Wall -fstack-usage -fcyclomatic-complexity -MMD -MP -MF"Core/Src/system_stm32f3xx.d" -MT"Core/Src/system_stm32f3xx.o" --specs=nano.specs -mfpu=fpv4-sp-d16 -mfloat-abi=hard -mthumb -o "Core/Src/system_stm32f3xx.o"
arm-none-eabi-gcc "../Core/Src/tim.c" -mcpu=cortex-m4 -std=gnu11 -g3 -DDEBUG -DUSE_HAL_DRIVER -DSTM32F303x8 -c -I"E:/Pulpit/PCB/SOFT_Nie_Git/Cooling_back/Cooling_back/f303_perla_blank/Main_app/Inc/EKO_LIB" -I"E:/Pulpit/PCB/SOFT_Nie_Git/Cooling_back/Cooling_back/f303_perla_blank/Main_app/Inc/MY_LIB" -I"E:/Pulpit/PCB/SOFT_Nie_Git/Cooling_back/Cooling_back/f303_perla_blank/Main_app/Src/EKO_LIB" -I"E:/Pulpit/PCB/SOFT_Nie_Git/Cooling_back/Cooling_back/f303_perla_blank/Main_app/Src/MY_LIB" -I../Core/Inc -I../Drivers/STM32F3xx_HAL_Driver/Inc -I../Drivers/STM32F3xx_HAL_Driver/Inc/Legacy -I../Drivers/CMSIS/Device/ST/STM32F3xx/Include -I../Drivers/CMSIS/Include -O0 -ffunction-sections -fdata-sections -Wall -fstack-usage -fcyclomatic-complexity -MMD -MP -MF"Core/Src/tim.d" -MT"Core/Src/tim.o" --specs=nano.specs -mfpu=fpv4-sp-d16 -mfloat-abi=hard -mthumb -o "Core/Src/tim.o"
arm-none-eabi-gcc -o "f303_perla_blank.elf" @"objects.list"   -mcpu=cortex-m4 -T"E:\Pulpit\PCB\SOFT_Nie_Git\Cooling_back\Cooling_back\f303_perla_blank\STM32F303K8TX_FLASH.ld" --specs=nosys.specs -Wl,-Map="f303_perla_blank.map" -Wl,--gc-sections -static --specs=nano.specs -mfpu=fpv4-sp-d16 -mfloat-abi=hard -mthumb -Wl,--start-group -lc -lm -Wl,--end-group
Finished building target: f303_perla_blank.elf
 
arm-none-eabi-size  f303_perla_blank.elf 
arm-none-eabi-objdump -h -S f303_perla_blank.elf  > "f303_perla_blank.list"
   text	   data	    bss	    dec	    hex	filename
  25532	     12	   5048	  30592	   7780	f303_perla_blank.elf
Finished building: default.size.stdout
 
Finished building: f303_perla_blank.list
 
18:16:10 **** Incremental Build of configuration Debug for project f303_perla_blank ****
make -j16 all 
arm-none-eabi-size  f303_perla_blank.elf 
   text	   data	    bss	    dec	    hex	filename
  25532	     12	   5048	  30592	   7780	f303_perla_blank.elf
Finished building: default.size.stdout
 
18:16:39 **** Incremental Build of configuration Debug for project f303_perla_blank ****
make -j16 all 
arm-none-eabi-size  f303_perla_blank.elf 
   text	   data	    bss	    dec	    hex	filename
  25532	     12	   5048	  30592	   7780	f303_perla_blank.elf
Finished building: default.size.stdout
 
18:17:10 **** Incremental Build of configuration Debug for project f303_perla_blank ****
make -j16 all 
arm-none-eabi-size  f303_perla_blank.elf 
   text	   data	    bss	    dec	    hex	filename
  25532	     12	   5048	  30592	   7780	f303_perla_blank.elf
Finished building: default.size.stdout
 
