19:20:52 **** Build of configuration Debug for project f303_perla_blank ****
make -j16 all 
arm-none-eabi-gcc "../Main_app/Src/MY_LIB/MY_driver_can.c" -mcpu=cortex-m4 -std=gnu11 -g3 -DDEBUG -DUSE_HAL_DRIVER -DSTM32F303x8 -c -I"E:/Pulpit/PCB/SOFT_Nie_Git/Cooling_back/Cooling_back/f303_perla_blank/Main_app/Inc/EKO_LIB" -I"E:/Pulpit/PCB/SOFT_Nie_Git/Cooling_back/Cooling_back/f303_perla_blank/Main_app/Inc/MY_LIB" -I"E:/Pulpit/PCB/SOFT_Nie_Git/Cooling_back/Cooling_back/f303_perla_blank/Main_app/Src/EKO_LIB" -I"E:/Pulpit/PCB/SOFT_Nie_Git/Cooling_back/Cooling_back/f303_perla_blank/Main_app/Src/MY_LIB" -I../Core/Inc -I../Drivers/STM32F3xx_HAL_Driver/Inc -I../Drivers/STM32F3xx_HAL_Driver/Inc/Legacy -I../Drivers/CMSIS/Device/ST/STM32F3xx/Include -I../Drivers/CMSIS/Include -O0 -ffunction-sections -fdata-sections -Wall -fstack-usage -fcyclomatic-complexity -MMD -MP -MF"Main_app/Src/MY_LIB/MY_driver_can.d" -MT"Main_app/Src/MY_LIB/MY_driver_can.o" --specs=nano.specs -mfpu=fpv4-sp-d16 -mfloat-abi=hard -mthumb -o "Main_app/Src/MY_LIB/MY_driver_can.o"
arm-none-eabi-gcc "../Main_app/Src/MY_LIB/MY_driver_fan.c" -mcpu=cortex-m4 -std=gnu11 -g3 -DDEBUG -DUSE_HAL_DRIVER -DSTM32F303x8 -c -I"E:/Pulpit/PCB/SOFT_Nie_Git/Cooling_back/Cooling_back/f303_perla_blank/Main_app/Inc/EKO_LIB" -I"E:/Pulpit/PCB/SOFT_Nie_Git/Cooling_back/Cooling_back/f303_perla_blank/Main_app/Inc/MY_LIB" -I"E:/Pulpit/PCB/SOFT_Nie_Git/Cooling_back/Cooling_back/f303_perla_blank/Main_app/Src/EKO_LIB" -I"E:/Pulpit/PCB/SOFT_Nie_Git/Cooling_back/Cooling_back/f303_perla_blank/Main_app/Src/MY_LIB" -I../Core/Inc -I../Drivers/STM32F3xx_HAL_Driver/Inc -I../Drivers/STM32F3xx_HAL_Driver/Inc/Legacy -I../Drivers/CMSIS/Device/ST/STM32F3xx/Include -I../Drivers/CMSIS/Include -O0 -ffunction-sections -fdata-sections -Wall -fstack-usage -fcyclomatic-complexity -MMD -MP -MF"Main_app/Src/MY_LIB/MY_driver_fan.d" -MT"Main_app/Src/MY_LIB/MY_driver_fan.o" --specs=nano.specs -mfpu=fpv4-sp-d16 -mfloat-abi=hard -mthumb -o "Main_app/Src/MY_LIB/MY_driver_fan.o"
arm-none-eabi-gcc "../Main_app/Src/MY_LIB/MY_driver_i2c.c" -mcpu=cortex-m4 -std=gnu11 -g3 -DDEBUG -DUSE_HAL_DRIVER -DSTM32F303x8 -c -I"E:/Pulpit/PCB/SOFT_Nie_Git/Cooling_back/Cooling_back/f303_perla_blank/Main_app/Inc/EKO_LIB" -I"E:/Pulpit/PCB/SOFT_Nie_Git/Cooling_back/Cooling_back/f303_perla_blank/Main_app/Inc/MY_LIB" -I"E:/Pulpit/PCB/SOFT_Nie_Git/Cooling_back/Cooling_back/f303_perla_blank/Main_app/Src/EKO_LIB" -I"E:/Pulpit/PCB/SOFT_Nie_Git/Cooling_back/Cooling_back/f303_perla_blank/Main_app/Src/MY_LIB" -I../Core/Inc -I../Drivers/STM32F3xx_HAL_Driver/Inc -I../Drivers/STM32F3xx_HAL_Driver/Inc/Legacy -I../Drivers/CMSIS/Device/ST/STM32F3xx/Include -I../Drivers/CMSIS/Include -O0 -ffunction-sections -fdata-sections -Wall -fstack-usage -fcyclomatic-complexity -MMD -MP -MF"Main_app/Src/MY_LIB/MY_driver_i2c.d" -MT"Main_app/Src/MY_LIB/MY_driver_i2c.o" --specs=nano.specs -mfpu=fpv4-sp-d16 -mfloat-abi=hard -mthumb -o "Main_app/Src/MY_LIB/MY_driver_i2c.o"
arm-none-eabi-gcc "../Main_app/Src/MY_LIB/MY_driver_serwo.c" -mcpu=cortex-m4 -std=gnu11 -g3 -DDEBUG -DUSE_HAL_DRIVER -DSTM32F303x8 -c -I"E:/Pulpit/PCB/SOFT_Nie_Git/Cooling_back/Cooling_back/f303_perla_blank/Main_app/Inc/EKO_LIB" -I"E:/Pulpit/PCB/SOFT_Nie_Git/Cooling_back/Cooling_back/f303_perla_blank/Main_app/Inc/MY_LIB" -I"E:/Pulpit/PCB/SOFT_Nie_Git/Cooling_back/Cooling_back/f303_perla_blank/Main_app/Src/EKO_LIB" -I"E:/Pulpit/PCB/SOFT_Nie_Git/Cooling_back/Cooling_back/f303_perla_blank/Main_app/Src/MY_LIB" -I../Core/Inc -I../Drivers/STM32F3xx_HAL_Driver/Inc -I../Drivers/STM32F3xx_HAL_Driver/Inc/Legacy -I../Drivers/CMSIS/Device/ST/STM32F3xx/Include -I../Drivers/CMSIS/Include -O0 -ffunction-sections -fdata-sections -Wall -fstack-usage -fcyclomatic-complexity -MMD -MP -MF"Main_app/Src/MY_LIB/MY_driver_serwo.d" -MT"Main_app/Src/MY_LIB/MY_driver_serwo.o" --specs=nano.specs -mfpu=fpv4-sp-d16 -mfloat-abi=hard -mthumb -o "Main_app/Src/MY_LIB/MY_driver_serwo.o"
arm-none-eabi-gcc "../Main_app/Src/EKO_LIB/I2C_driver.c" -mcpu=cortex-m4 -std=gnu11 -g3 -DDEBUG -DUSE_HAL_DRIVER -DSTM32F303x8 -c -I"E:/Pulpit/PCB/SOFT_Nie_Git/Cooling_back/Cooling_back/f303_perla_blank/Main_app/Inc/EKO_LIB" -I"E:/Pulpit/PCB/SOFT_Nie_Git/Cooling_back/Cooling_back/f303_perla_blank/Main_app/Inc/MY_LIB" -I"E:/Pulpit/PCB/SOFT_Nie_Git/Cooling_back/Cooling_back/f303_perla_blank/Main_app/Src/EKO_LIB" -I"E:/Pulpit/PCB/SOFT_Nie_Git/Cooling_back/Cooling_back/f303_perla_blank/Main_app/Src/MY_LIB" -I../Core/Inc -I../Drivers/STM32F3xx_HAL_Driver/Inc -I../Drivers/STM32F3xx_HAL_Driver/Inc/Legacy -I../Drivers/CMSIS/Device/ST/STM32F3xx/Include -I../Drivers/CMSIS/Include -O0 -ffunction-sections -fdata-sections -Wall -fstack-usage -fcyclomatic-complexity -MMD -MP -MF"Main_app/Src/EKO_LIB/I2C_driver.d" -MT"Main_app/Src/EKO_LIB/I2C_driver.o" --specs=nano.specs -mfpu=fpv4-sp-d16 -mfloat-abi=hard -mthumb -o "Main_app/Src/EKO_LIB/I2C_driver.o"
arm-none-eabi-gcc "../Main_app/Src/EKO_LIB/can_driver.c" -mcpu=cortex-m4 -std=gnu11 -g3 -DDEBUG -DUSE_HAL_DRIVER -DSTM32F303x8 -c -I"E:/Pulpit/PCB/SOFT_Nie_Git/Cooling_back/Cooling_back/f303_perla_blank/Main_app/Inc/EKO_LIB" -I"E:/Pulpit/PCB/SOFT_Nie_Git/Cooling_back/Cooling_back/f303_perla_blank/Main_app/Inc/MY_LIB" -I"E:/Pulpit/PCB/SOFT_Nie_Git/Cooling_back/Cooling_back/f303_perla_blank/Main_app/Src/EKO_LIB" -I"E:/Pulpit/PCB/SOFT_Nie_Git/Cooling_back/Cooling_back/f303_perla_blank/Main_app/Src/MY_LIB" -I../Core/Inc -I../Drivers/STM32F3xx_HAL_Driver/Inc -I../Drivers/STM32F3xx_HAL_Driver/Inc/Legacy -I../Drivers/CMSIS/Device/ST/STM32F3xx/Include -I../Drivers/CMSIS/Include -O0 -ffunction-sections -fdata-sections -Wall -fstack-usage -fcyclomatic-complexity -MMD -MP -MF"Main_app/Src/EKO_LIB/can_driver.d" -MT"Main_app/Src/EKO_LIB/can_driver.o" --specs=nano.specs -mfpu=fpv4-sp-d16 -mfloat-abi=hard -mthumb -o "Main_app/Src/EKO_LIB/can_driver.o"
arm-none-eabi-gcc "../Main_app/Src/cooler_left_app.c" -mcpu=cortex-m4 -std=gnu11 -g3 -DDEBUG -DUSE_HAL_DRIVER -DSTM32F303x8 -c -I"E:/Pulpit/PCB/SOFT_Nie_Git/Cooling_back/Cooling_back/f303_perla_blank/Main_app/Inc/EKO_LIB" -I"E:/Pulpit/PCB/SOFT_Nie_Git/Cooling_back/Cooling_back/f303_perla_blank/Main_app/Inc/MY_LIB" -I"E:/Pulpit/PCB/SOFT_Nie_Git/Cooling_back/Cooling_back/f303_perla_blank/Main_app/Src/EKO_LIB" -I"E:/Pulpit/PCB/SOFT_Nie_Git/Cooling_back/Cooling_back/f303_perla_blank/Main_app/Src/MY_LIB" -I../Core/Inc -I../Drivers/STM32F3xx_HAL_Driver/Inc -I../Drivers/STM32F3xx_HAL_Driver/Inc/Legacy -I../Drivers/CMSIS/Device/ST/STM32F3xx/Include -I../Drivers/CMSIS/Include -O0 -ffunction-sections -fdata-sections -Wall -fstack-usage -fcyclomatic-complexity -MMD -MP -MF"Main_app/Src/cooler_left_app.d" -MT"Main_app/Src/cooler_left_app.o" --specs=nano.specs -mfpu=fpv4-sp-d16 -mfloat-abi=hard -mthumb -o "Main_app/Src/cooler_left_app.o"
arm-none-eabi-gcc "../Main_app/Src/cooler_test.c" -mcpu=cortex-m4 -std=gnu11 -g3 -DDEBUG -DUSE_HAL_DRIVER -DSTM32F303x8 -c -I"E:/Pulpit/PCB/SOFT_Nie_Git/Cooling_back/Cooling_back/f303_perla_blank/Main_app/Inc/EKO_LIB" -I"E:/Pulpit/PCB/SOFT_Nie_Git/Cooling_back/Cooling_back/f303_perla_blank/Main_app/Inc/MY_LIB" -I"E:/Pulpit/PCB/SOFT_Nie_Git/Cooling_back/Cooling_back/f303_perla_blank/Main_app/Src/EKO_LIB" -I"E:/Pulpit/PCB/SOFT_Nie_Git/Cooling_back/Cooling_back/f303_perla_blank/Main_app/Src/MY_LIB" -I../Core/Inc -I../Drivers/STM32F3xx_HAL_Driver/Inc -I../Drivers/STM32F3xx_HAL_Driver/Inc/Legacy -I../Drivers/CMSIS/Device/ST/STM32F3xx/Include -I../Drivers/CMSIS/Include -O0 -ffunction-sections -fdata-sections -Wall -fstack-usage -fcyclomatic-complexity -MMD -MP -MF"Main_app/Src/cooler_test.d" -MT"Main_app/Src/cooler_test.o" --specs=nano.specs -mfpu=fpv4-sp-d16 -mfloat-abi=hard -mthumb -o "Main_app/Src/cooler_test.o"
arm-none-eabi-gcc "../Drivers/STM32F3xx_HAL_Driver/Src/stm32f3xx_hal.c" -mcpu=cortex-m4 -std=gnu11 -g3 -DDEBUG -DUSE_HAL_DRIVER -DSTM32F303x8 -c -I"E:/Pulpit/PCB/SOFT_Nie_Git/Cooling_back/Cooling_back/f303_perla_blank/Main_app/Inc/EKO_LIB" -I"E:/Pulpit/PCB/SOFT_Nie_Git/Cooling_back/Cooling_back/f303_perla_blank/Main_app/Inc/MY_LIB" -I"E:/Pulpit/PCB/SOFT_Nie_Git/Cooling_back/Cooling_back/f303_perla_blank/Main_app/Src/EKO_LIB" -I"E:/Pulpit/PCB/SOFT_Nie_Git/Cooling_back/Cooling_back/f303_perla_blank/Main_app/Src/MY_LIB" -I../Core/Inc -I../Drivers/STM32F3xx_HAL_Driver/Inc -I../Drivers/STM32F3xx_HAL_Driver/Inc/Legacy -I../Drivers/CMSIS/Device/ST/STM32F3xx/Include -I../Drivers/CMSIS/Include -O0 -ffunction-sections -fdata-sections -Wall -fstack-usage -fcyclomatic-complexity -MMD -MP -MF"Drivers/STM32F3xx_HAL_Driver/Src/stm32f3xx_hal.d" -MT"Drivers/STM32F3xx_HAL_Driver/Src/stm32f3xx_hal.o" --specs=nano.specs -mfpu=fpv4-sp-d16 -mfloat-abi=hard -mthumb -o "Drivers/STM32F3xx_HAL_Driver/Src/stm32f3xx_hal.o"
arm-none-eabi-gcc "../Drivers/STM32F3xx_HAL_Driver/Src/stm32f3xx_hal_can.c" -mcpu=cortex-m4 -std=gnu11 -g3 -DDEBUG -DUSE_HAL_DRIVER -DSTM32F303x8 -c -I"E:/Pulpit/PCB/SOFT_Nie_Git/Cooling_back/Cooling_back/f303_perla_blank/Main_app/Inc/EKO_LIB" -I"E:/Pulpit/PCB/SOFT_Nie_Git/Cooling_back/Cooling_back/f303_perla_blank/Main_app/Inc/MY_LIB" -I"E:/Pulpit/PCB/SOFT_Nie_Git/Cooling_back/Cooling_back/f303_perla_blank/Main_app/Src/EKO_LIB" -I"E:/Pulpit/PCB/SOFT_Nie_Git/Cooling_back/Cooling_back/f303_perla_blank/Main_app/Src/MY_LIB" -I../Core/Inc -I../Drivers/STM32F3xx_HAL_Driver/Inc -I../Drivers/STM32F3xx_HAL_Driver/Inc/Legacy -I../Drivers/CMSIS/Device/ST/STM32F3xx/Include -I../Drivers/CMSIS/Include -O0 -ffunction-sections -fdata-sections -Wall -fstack-usage -fcyclomatic-complexity -MMD -MP -MF"Drivers/STM32F3xx_HAL_Driver/Src/stm32f3xx_hal_can.d" -MT"Drivers/STM32F3xx_HAL_Driver/Src/stm32f3xx_hal_can.o" --specs=nano.specs -mfpu=fpv4-sp-d16 -mfloat-abi=hard -mthumb -o "Drivers/STM32F3xx_HAL_Driver/Src/stm32f3xx_hal_can.o"
arm-none-eabi-gcc "../Drivers/STM32F3xx_HAL_Driver/Src/stm32f3xx_hal_cortex.c" -mcpu=cortex-m4 -std=gnu11 -g3 -DDEBUG -DUSE_HAL_DRIVER -DSTM32F303x8 -c -I"E:/Pulpit/PCB/SOFT_Nie_Git/Cooling_back/Cooling_back/f303_perla_blank/Main_app/Inc/EKO_LIB" -I"E:/Pulpit/PCB/SOFT_Nie_Git/Cooling_back/Cooling_back/f303_perla_blank/Main_app/Inc/MY_LIB" -I"E:/Pulpit/PCB/SOFT_Nie_Git/Cooling_back/Cooling_back/f303_perla_blank/Main_app/Src/EKO_LIB" -I"E:/Pulpit/PCB/SOFT_Nie_Git/Cooling_back/Cooling_back/f303_perla_blank/Main_app/Src/MY_LIB" -I../Core/Inc -I../Drivers/STM32F3xx_HAL_Driver/Inc -I../Drivers/STM32F3xx_HAL_Driver/Inc/Legacy -I../Drivers/CMSIS/Device/ST/STM32F3xx/Include -I../Drivers/CMSIS/Include -O0 -ffunction-sections -fdata-sections -Wall -fstack-usage -fcyclomatic-complexity -MMD -MP -MF"Drivers/STM32F3xx_HAL_Driver/Src/stm32f3xx_hal_cortex.d" -MT"Drivers/STM32F3xx_HAL_Driver/Src/stm32f3xx_hal_cortex.o" --specs=nano.specs -mfpu=fpv4-sp-d16 -mfloat-abi=hard -mthumb -o "Drivers/STM32F3xx_HAL_Driver/Src/stm32f3xx_hal_cortex.o"
arm-none-eabi-gcc "../Drivers/STM32F3xx_HAL_Driver/Src/stm32f3xx_hal_dma.c" -mcpu=cortex-m4 -std=gnu11 -g3 -DDEBUG -DUSE_HAL_DRIVER -DSTM32F303x8 -c -I"E:/Pulpit/PCB/SOFT_Nie_Git/Cooling_back/Cooling_back/f303_perla_blank/Main_app/Inc/EKO_LIB" -I"E:/Pulpit/PCB/SOFT_Nie_Git/Cooling_back/Cooling_back/f303_perla_blank/Main_app/Inc/MY_LIB" -I"E:/Pulpit/PCB/SOFT_Nie_Git/Cooling_back/Cooling_back/f303_perla_blank/Main_app/Src/EKO_LIB" -I"E:/Pulpit/PCB/SOFT_Nie_Git/Cooling_back/Cooling_back/f303_perla_blank/Main_app/Src/MY_LIB" -I../Core/Inc -I../Drivers/STM32F3xx_HAL_Driver/Inc -I../Drivers/STM32F3xx_HAL_Driver/Inc/Legacy -I../Drivers/CMSIS/Device/ST/STM32F3xx/Include -I../Drivers/CMSIS/Include -O0 -ffunction-sections -fdata-sections -Wall -fstack-usage -fcyclomatic-complexity -MMD -MP -MF"Drivers/STM32F3xx_HAL_Driver/Src/stm32f3xx_hal_dma.d" -MT"Drivers/STM32F3xx_HAL_Driver/Src/stm32f3xx_hal_dma.o" --specs=nano.specs -mfpu=fpv4-sp-d16 -mfloat-abi=hard -mthumb -o "Drivers/STM32F3xx_HAL_Driver/Src/stm32f3xx_hal_dma.o"
arm-none-eabi-gcc "../Drivers/STM32F3xx_HAL_Driver/Src/stm32f3xx_hal_exti.c" -mcpu=cortex-m4 -std=gnu11 -g3 -DDEBUG -DUSE_HAL_DRIVER -DSTM32F303x8 -c -I"E:/Pulpit/PCB/SOFT_Nie_Git/Cooling_back/Cooling_back/f303_perla_blank/Main_app/Inc/EKO_LIB" -I"E:/Pulpit/PCB/SOFT_Nie_Git/Cooling_back/Cooling_back/f303_perla_blank/Main_app/Inc/MY_LIB" -I"E:/Pulpit/PCB/SOFT_Nie_Git/Cooling_back/Cooling_back/f303_perla_blank/Main_app/Src/EKO_LIB" -I"E:/Pulpit/PCB/SOFT_Nie_Git/Cooling_back/Cooling_back/f303_perla_blank/Main_app/Src/MY_LIB" -I../Core/Inc -I../Drivers/STM32F3xx_HAL_Driver/Inc -I../Drivers/STM32F3xx_HAL_Driver/Inc/Legacy -I../Drivers/CMSIS/Device/ST/STM32F3xx/Include -I../Drivers/CMSIS/Include -O0 -ffunction-sections -fdata-sections -Wall -fstack-usage -fcyclomatic-complexity -MMD -MP -MF"Drivers/STM32F3xx_HAL_Driver/Src/stm32f3xx_hal_exti.d" -MT"Drivers/STM32F3xx_HAL_Driver/Src/stm32f3xx_hal_exti.o" --specs=nano.specs -mfpu=fpv4-sp-d16 -mfloat-abi=hard -mthumb -o "Drivers/STM32F3xx_HAL_Driver/Src/stm32f3xx_hal_exti.o"
arm-none-eabi-gcc "../Drivers/STM32F3xx_HAL_Driver/Src/stm32f3xx_hal_flash.c" -mcpu=cortex-m4 -std=gnu11 -g3 -DDEBUG -DUSE_HAL_DRIVER -DSTM32F303x8 -c -I"E:/Pulpit/PCB/SOFT_Nie_Git/Cooling_back/Cooling_back/f303_perla_blank/Main_app/Inc/EKO_LIB" -I"E:/Pulpit/PCB/SOFT_Nie_Git/Cooling_back/Cooling_back/f303_perla_blank/Main_app/Inc/MY_LIB" -I"E:/Pulpit/PCB/SOFT_Nie_Git/Cooling_back/Cooling_back/f303_perla_blank/Main_app/Src/EKO_LIB" -I"E:/Pulpit/PCB/SOFT_Nie_Git/Cooling_back/Cooling_back/f303_perla_blank/Main_app/Src/MY_LIB" -I../Core/Inc -I../Drivers/STM32F3xx_HAL_Driver/Inc -I../Drivers/STM32F3xx_HAL_Driver/Inc/Legacy -I../Drivers/CMSIS/Device/ST/STM32F3xx/Include -I../Drivers/CMSIS/Include -O0 -ffunction-sections -fdata-sections -Wall -fstack-usage -fcyclomatic-complexity -MMD -MP -MF"Drivers/STM32F3xx_HAL_Driver/Src/stm32f3xx_hal_flash.d" -MT"Drivers/STM32F3xx_HAL_Driver/Src/stm32f3xx_hal_flash.o" --specs=nano.specs -mfpu=fpv4-sp-d16 -mfloat-abi=hard -mthumb -o "Drivers/STM32F3xx_HAL_Driver/Src/stm32f3xx_hal_flash.o"
arm-none-eabi-gcc "../Drivers/STM32F3xx_HAL_Driver/Src/stm32f3xx_hal_flash_ex.c" -mcpu=cortex-m4 -std=gnu11 -g3 -DDEBUG -DUSE_HAL_DRIVER -DSTM32F303x8 -c -I"E:/Pulpit/PCB/SOFT_Nie_Git/Cooling_back/Cooling_back/f303_perla_blank/Main_app/Inc/EKO_LIB" -I"E:/Pulpit/PCB/SOFT_Nie_Git/Cooling_back/Cooling_back/f303_perla_blank/Main_app/Inc/MY_LIB" -I"E:/Pulpit/PCB/SOFT_Nie_Git/Cooling_back/Cooling_back/f303_perla_blank/Main_app/Src/EKO_LIB" -I"E:/Pulpit/PCB/SOFT_Nie_Git/Cooling_back/Cooling_back/f303_perla_blank/Main_app/Src/MY_LIB" -I../Core/Inc -I../Drivers/STM32F3xx_HAL_Driver/Inc -I../Drivers/STM32F3xx_HAL_Driver/Inc/Legacy -I../Drivers/CMSIS/Device/ST/STM32F3xx/Include -I../Drivers/CMSIS/Include -O0 -ffunction-sections -fdata-sections -Wall -fstack-usage -fcyclomatic-complexity -MMD -MP -MF"Drivers/STM32F3xx_HAL_Driver/Src/stm32f3xx_hal_flash_ex.d" -MT"Drivers/STM32F3xx_HAL_Driver/Src/stm32f3xx_hal_flash_ex.o" --specs=nano.specs -mfpu=fpv4-sp-d16 -mfloat-abi=hard -mthumb -o "Drivers/STM32F3xx_HAL_Driver/Src/stm32f3xx_hal_flash_ex.o"
arm-none-eabi-gcc "../Drivers/STM32F3xx_HAL_Driver/Src/stm32f3xx_hal_gpio.c" -mcpu=cortex-m4 -std=gnu11 -g3 -DDEBUG -DUSE_HAL_DRIVER -DSTM32F303x8 -c -I"E:/Pulpit/PCB/SOFT_Nie_Git/Cooling_back/Cooling_back/f303_perla_blank/Main_app/Inc/EKO_LIB" -I"E:/Pulpit/PCB/SOFT_Nie_Git/Cooling_back/Cooling_back/f303_perla_blank/Main_app/Inc/MY_LIB" -I"E:/Pulpit/PCB/SOFT_Nie_Git/Cooling_back/Cooling_back/f303_perla_blank/Main_app/Src/EKO_LIB" -I"E:/Pulpit/PCB/SOFT_Nie_Git/Cooling_back/Cooling_back/f303_perla_blank/Main_app/Src/MY_LIB" -I../Core/Inc -I../Drivers/STM32F3xx_HAL_Driver/Inc -I../Drivers/STM32F3xx_HAL_Driver/Inc/Legacy -I../Drivers/CMSIS/Device/ST/STM32F3xx/Include -I../Drivers/CMSIS/Include -O0 -ffunction-sections -fdata-sections -Wall -fstack-usage -fcyclomatic-complexity -MMD -MP -MF"Drivers/STM32F3xx_HAL_Driver/Src/stm32f3xx_hal_gpio.d" -MT"Drivers/STM32F3xx_HAL_Driver/Src/stm32f3xx_hal_gpio.o" --specs=nano.specs -mfpu=fpv4-sp-d16 -mfloat-abi=hard -mthumb -o "Drivers/STM32F3xx_HAL_Driver/Src/stm32f3xx_hal_gpio.o"
arm-none-eabi-gcc "../Drivers/STM32F3xx_HAL_Driver/Src/stm32f3xx_hal_i2c.c" -mcpu=cortex-m4 -std=gnu11 -g3 -DDEBUG -DUSE_HAL_DRIVER -DSTM32F303x8 -c -I"E:/Pulpit/PCB/SOFT_Nie_Git/Cooling_back/Cooling_back/f303_perla_blank/Main_app/Inc/EKO_LIB" -I"E:/Pulpit/PCB/SOFT_Nie_Git/Cooling_back/Cooling_back/f303_perla_blank/Main_app/Inc/MY_LIB" -I"E:/Pulpit/PCB/SOFT_Nie_Git/Cooling_back/Cooling_back/f303_perla_blank/Main_app/Src/EKO_LIB" -I"E:/Pulpit/PCB/SOFT_Nie_Git/Cooling_back/Cooling_back/f303_perla_blank/Main_app/Src/MY_LIB" -I../Core/Inc -I../Drivers/STM32F3xx_HAL_Driver/Inc -I../Drivers/STM32F3xx_HAL_Driver/Inc/Legacy -I../Drivers/CMSIS/Device/ST/STM32F3xx/Include -I../Drivers/CMSIS/Include -O0 -ffunction-sections -fdata-sections -Wall -fstack-usage -fcyclomatic-complexity -MMD -MP -MF"Drivers/STM32F3xx_HAL_Driver/Src/stm32f3xx_hal_i2c.d" -MT"Drivers/STM32F3xx_HAL_Driver/Src/stm32f3xx_hal_i2c.o" --specs=nano.specs -mfpu=fpv4-sp-d16 -mfloat-abi=hard -mthumb -o "Drivers/STM32F3xx_HAL_Driver/Src/stm32f3xx_hal_i2c.o"
../Main_app/Src/MY_LIB/MY_driver_i2c.c: In function 'AM2320_StateMachine':
../Main_app/Src/MY_LIB/MY_driver_i2c.c:153:5: warning: enumeration value 'AM2320_IDLE' not handled in switch [-Wswitch]
  153 |     switch (am2320State)
      |     ^~~~~~
arm-none-eabi-gcc "../Drivers/STM32F3xx_HAL_Driver/Src/stm32f3xx_hal_i2c_ex.c" -mcpu=cortex-m4 -std=gnu11 -g3 -DDEBUG -DUSE_HAL_DRIVER -DSTM32F303x8 -c -I"E:/Pulpit/PCB/SOFT_Nie_Git/Cooling_back/Cooling_back/f303_perla_blank/Main_app/Inc/EKO_LIB" -I"E:/Pulpit/PCB/SOFT_Nie_Git/Cooling_back/Cooling_back/f303_perla_blank/Main_app/Inc/MY_LIB" -I"E:/Pulpit/PCB/SOFT_Nie_Git/Cooling_back/Cooling_back/f303_perla_blank/Main_app/Src/EKO_LIB" -I"E:/Pulpit/PCB/SOFT_Nie_Git/Cooling_back/Cooling_back/f303_perla_blank/Main_app/Src/MY_LIB" -I../Core/Inc -I../Drivers/STM32F3xx_HAL_Driver/Inc -I../Drivers/STM32F3xx_HAL_Driver/Inc/Legacy -I../Drivers/CMSIS/Device/ST/STM32F3xx/Include -I../Drivers/CMSIS/Include -O0 -ffunction-sections -fdata-sections -Wall -fstack-usage -fcyclomatic-complexity -MMD -MP -MF"Drivers/STM32F3xx_HAL_Driver/Src/stm32f3xx_hal_i2c_ex.d" -MT"Drivers/STM32F3xx_HAL_Driver/Src/stm32f3xx_hal_i2c_ex.o" --specs=nano.specs -mfpu=fpv4-sp-d16 -mfloat-abi=hard -mthumb -o "Drivers/STM32F3xx_HAL_Driver/Src/stm32f3xx_hal_i2c_ex.o"
arm-none-eabi-gcc "../Drivers/STM32F3xx_HAL_Driver/Src/stm32f3xx_hal_pwr.c" -mcpu=cortex-m4 -std=gnu11 -g3 -DDEBUG -DUSE_HAL_DRIVER -DSTM32F303x8 -c -I"E:/Pulpit/PCB/SOFT_Nie_Git/Cooling_back/Cooling_back/f303_perla_blank/Main_app/Inc/EKO_LIB" -I"E:/Pulpit/PCB/SOFT_Nie_Git/Cooling_back/Cooling_back/f303_perla_blank/Main_app/Inc/MY_LIB" -I"E:/Pulpit/PCB/SOFT_Nie_Git/Cooling_back/Cooling_back/f303_perla_blank/Main_app/Src/EKO_LIB" -I"E:/Pulpit/PCB/SOFT_Nie_Git/Cooling_back/Cooling_back/f303_perla_blank/Main_app/Src/MY_LIB" -I../Core/Inc -I../Drivers/STM32F3xx_HAL_Driver/Inc -I../Drivers/STM32F3xx_HAL_Driver/Inc/Legacy -I../Drivers/CMSIS/Device/ST/STM32F3xx/Include -I../Drivers/CMSIS/Include -O0 -ffunction-sections -fdata-sections -Wall -fstack-usage -fcyclomatic-complexity -MMD -MP -MF"Drivers/STM32F3xx_HAL_Driver/Src/stm32f3xx_hal_pwr.d" -MT"Drivers/STM32F3xx_HAL_Driver/Src/stm32f3xx_hal_pwr.o" --specs=nano.specs -mfpu=fpv4-sp-d16 -mfloat-abi=hard -mthumb -o "Drivers/STM32F3xx_HAL_Driver/Src/stm32f3xx_hal_pwr.o"
arm-none-eabi-gcc "../Drivers/STM32F3xx_HAL_Driver/Src/stm32f3xx_hal_pwr_ex.c" -mcpu=cortex-m4 -std=gnu11 -g3 -DDEBUG -DUSE_HAL_DRIVER -DSTM32F303x8 -c -I"E:/Pulpit/PCB/SOFT_Nie_Git/Cooling_back/Cooling_back/f303_perla_blank/Main_app/Inc/EKO_LIB" -I"E:/Pulpit/PCB/SOFT_Nie_Git/Cooling_back/Cooling_back/f303_perla_blank/Main_app/Inc/MY_LIB" -I"E:/Pulpit/PCB/SOFT_Nie_Git/Cooling_back/Cooling_back/f303_perla_blank/Main_app/Src/EKO_LIB" -I"E:/Pulpit/PCB/SOFT_Nie_Git/Cooling_back/Cooling_back/f303_perla_blank/Main_app/Src/MY_LIB" -I../Core/Inc -I../Drivers/STM32F3xx_HAL_Driver/Inc -I../Drivers/STM32F3xx_HAL_Driver/Inc/Legacy -I../Drivers/CMSIS/Device/ST/STM32F3xx/Include -I../Drivers/CMSIS/Include -O0 -ffunction-sections -fdata-sections -Wall -fstack-usage -fcyclomatic-complexity -MMD -MP -MF"Drivers/STM32F3xx_HAL_Driver/Src/stm32f3xx_hal_pwr_ex.d" -MT"Drivers/STM32F3xx_HAL_Driver/Src/stm32f3xx_hal_pwr_ex.o" --specs=nano.specs -mfpu=fpv4-sp-d16 -mfloat-abi=hard -mthumb -o "Drivers/STM32F3xx_HAL_Driver/Src/stm32f3xx_hal_pwr_ex.o"
arm-none-eabi-gcc "../Drivers/STM32F3xx_HAL_Driver/Src/stm32f3xx_hal_rcc.c" -mcpu=cortex-m4 -std=gnu11 -g3 -DDEBUG -DUSE_HAL_DRIVER -DSTM32F303x8 -c -I"E:/Pulpit/PCB/SOFT_Nie_Git/Cooling_back/Cooling_back/f303_perla_blank/Main_app/Inc/EKO_LIB" -I"E:/Pulpit/PCB/SOFT_Nie_Git/Cooling_back/Cooling_back/f303_perla_blank/Main_app/Inc/MY_LIB" -I"E:/Pulpit/PCB/SOFT_Nie_Git/Cooling_back/Cooling_back/f303_perla_blank/Main_app/Src/EKO_LIB" -I"E:/Pulpit/PCB/SOFT_Nie_Git/Cooling_back/Cooling_back/f303_perla_blank/Main_app/Src/MY_LIB" -I../Core/Inc -I../Drivers/STM32F3xx_HAL_Driver/Inc -I../Drivers/STM32F3xx_HAL_Driver/Inc/Legacy -I../Drivers/CMSIS/Device/ST/STM32F3xx/Include -I../Drivers/CMSIS/Include -O0 -ffunction-sections -fdata-sections -Wall -fstack-usage -fcyclomatic-complexity -MMD -MP -MF"Drivers/STM32F3xx_HAL_Driver/Src/stm32f3xx_hal_rcc.d" -MT"Drivers/STM32F3xx_HAL_Driver/Src/stm32f3xx_hal_rcc.o" --specs=nano.specs -mfpu=fpv4-sp-d16 -mfloat-abi=hard -mthumb -o "Drivers/STM32F3xx_HAL_Driver/Src/stm32f3xx_hal_rcc.o"
arm-none-eabi-gcc "../Drivers/STM32F3xx_HAL_Driver/Src/stm32f3xx_hal_rcc_ex.c" -mcpu=cortex-m4 -std=gnu11 -g3 -DDEBUG -DUSE_HAL_DRIVER -DSTM32F303x8 -c -I"E:/Pulpit/PCB/SOFT_Nie_Git/Cooling_back/Cooling_back/f303_perla_blank/Main_app/Inc/EKO_LIB" -I"E:/Pulpit/PCB/SOFT_Nie_Git/Cooling_back/Cooling_back/f303_perla_blank/Main_app/Inc/MY_LIB" -I"E:/Pulpit/PCB/SOFT_Nie_Git/Cooling_back/Cooling_back/f303_perla_blank/Main_app/Src/EKO_LIB" -I"E:/Pulpit/PCB/SOFT_Nie_Git/Cooling_back/Cooling_back/f303_perla_blank/Main_app/Src/MY_LIB" -I../Core/Inc -I../Drivers/STM32F3xx_HAL_Driver/Inc -I../Drivers/STM32F3xx_HAL_Driver/Inc/Legacy -I../Drivers/CMSIS/Device/ST/STM32F3xx/Include -I../Drivers/CMSIS/Include -O0 -ffunction-sections -fdata-sections -Wall -fstack-usage -fcyclomatic-complexity -MMD -MP -MF"Drivers/STM32F3xx_HAL_Driver/Src/stm32f3xx_hal_rcc_ex.d" -MT"Drivers/STM32F3xx_HAL_Driver/Src/stm32f3xx_hal_rcc_ex.o" --specs=nano.specs -mfpu=fpv4-sp-d16 -mfloat-abi=hard -mthumb -o "Drivers/STM32F3xx_HAL_Driver/Src/stm32f3xx_hal_rcc_ex.o"
arm-none-eabi-gcc "../Drivers/STM32F3xx_HAL_Driver/Src/stm32f3xx_hal_tim.c" -mcpu=cortex-m4 -std=gnu11 -g3 -DDEBUG -DUSE_HAL_DRIVER -DSTM32F303x8 -c -I"E:/Pulpit/PCB/SOFT_Nie_Git/Cooling_back/Cooling_back/f303_perla_blank/Main_app/Inc/EKO_LIB" -I"E:/Pulpit/PCB/SOFT_Nie_Git/Cooling_back/Cooling_back/f303_perla_blank/Main_app/Inc/MY_LIB" -I"E:/Pulpit/PCB/SOFT_Nie_Git/Cooling_back/Cooling_back/f303_perla_blank/Main_app/Src/EKO_LIB" -I"E:/Pulpit/PCB/SOFT_Nie_Git/Cooling_back/Cooling_back/f303_perla_blank/Main_app/Src/MY_LIB" -I../Core/Inc -I../Drivers/STM32F3xx_HAL_Driver/Inc -I../Drivers/STM32F3xx_HAL_Driver/Inc/Legacy -I../Drivers/CMSIS/Device/ST/STM32F3xx/Include -I../Drivers/CMSIS/Include -O0 -ffunction-sections -fdata-sections -Wall -fstack-usage -fcyclomatic-complexity -MMD -MP -MF"Drivers/STM32F3xx_HAL_Driver/Src/stm32f3xx_hal_tim.d" -MT"Drivers/STM32F3xx_HAL_Driver/Src/stm32f3xx_hal_tim.o" --specs=nano.specs -mfpu=fpv4-sp-d16 -mfloat-abi=hard -mthumb -o "Drivers/STM32F3xx_HAL_Driver/Src/stm32f3xx_hal_tim.o"
arm-none-eabi-gcc "../Drivers/STM32F3xx_HAL_Driver/Src/stm32f3xx_hal_tim_ex.c" -mcpu=cortex-m4 -std=gnu11 -g3 -DDEBUG -DUSE_HAL_DRIVER -DSTM32F303x8 -c -I"E:/Pulpit/PCB/SOFT_Nie_Git/Cooling_back/Cooling_back/f303_perla_blank/Main_app/Inc/EKO_LIB" -I"E:/Pulpit/PCB/SOFT_Nie_Git/Cooling_back/Cooling_back/f303_perla_blank/Main_app/Inc/MY_LIB" -I"E:/Pulpit/PCB/SOFT_Nie_Git/Cooling_back/Cooling_back/f303_perla_blank/Main_app/Src/EKO_LIB" -I"E:/Pulpit/PCB/SOFT_Nie_Git/Cooling_back/Cooling_back/f303_perla_blank/Main_app/Src/MY_LIB" -I../Core/Inc -I../Drivers/STM32F3xx_HAL_Driver/Inc -I../Drivers/STM32F3xx_HAL_Driver/Inc/Legacy -I../Drivers/CMSIS/Device/ST/STM32F3xx/Include -I../Drivers/CMSIS/Include -O0 -ffunction-sections -fdata-sections -Wall -fstack-usage -fcyclomatic-complexity -MMD -MP -MF"Drivers/STM32F3xx_HAL_Driver/Src/stm32f3xx_hal_tim_ex.d" -MT"Drivers/STM32F3xx_HAL_Driver/Src/stm32f3xx_hal_tim_ex.o" --specs=nano.specs -mfpu=fpv4-sp-d16 -mfloat-abi=hard -mthumb -o "Drivers/STM32F3xx_HAL_Driver/Src/stm32f3xx_hal_tim_ex.o"
arm-none-eabi-gcc -mcpu=cortex-m4 -g3 -DDEBUG -c -I"E:/Pulpit/PCB/Plytki_chlodzenia_SOFTWARE/Biblioteki/stm-drivers/CAN/Inc" -I"E:/Pulpit/PCB/Plytki_chlodzenia_SOFTWARE/Biblioteki/stm-drivers/CAN/Src" -x assembler-with-cpp -MMD -MP -MF"Core/Startup/startup_stm32f303k8tx.d" -MT"Core/Startup/startup_stm32f303k8tx.o" --specs=nano.specs -mfpu=fpv4-sp-d16 -mfloat-abi=hard -mthumb -o "Core/Startup/startup_stm32f303k8tx.o" "../Core/Startup/startup_stm32f303k8tx.s"
arm-none-eabi-gcc "../Core/Src/can.c" -mcpu=cortex-m4 -std=gnu11 -g3 -DDEBUG -DUSE_HAL_DRIVER -DSTM32F303x8 -c -I"E:/Pulpit/PCB/SOFT_Nie_Git/Cooling_back/Cooling_back/f303_perla_blank/Main_app/Inc/EKO_LIB" -I"E:/Pulpit/PCB/SOFT_Nie_Git/Cooling_back/Cooling_back/f303_perla_blank/Main_app/Inc/MY_LIB" -I"E:/Pulpit/PCB/SOFT_Nie_Git/Cooling_back/Cooling_back/f303_perla_blank/Main_app/Src/EKO_LIB" -I"E:/Pulpit/PCB/SOFT_Nie_Git/Cooling_back/Cooling_back/f303_perla_blank/Main_app/Src/MY_LIB" -I../Core/Inc -I../Drivers/STM32F3xx_HAL_Driver/Inc -I../Drivers/STM32F3xx_HAL_Driver/Inc/Legacy -I../Drivers/CMSIS/Device/ST/STM32F3xx/Include -I../Drivers/CMSIS/Include -O0 -ffunction-sections -fdata-sections -Wall -fstack-usage -fcyclomatic-complexity -MMD -MP -MF"Core/Src/can.d" -MT"Core/Src/can.o" --specs=nano.specs -mfpu=fpv4-sp-d16 -mfloat-abi=hard -mthumb -o "Core/Src/can.o"
arm-none-eabi-gcc "../Core/Src/dma.c" -mcpu=cortex-m4 -std=gnu11 -g3 -DDEBUG -DUSE_HAL_DRIVER -DSTM32F303x8 -c -I"E:/Pulpit/PCB/SOFT_Nie_Git/Cooling_back/Cooling_back/f303_perla_blank/Main_app/Inc/EKO_LIB" -I"E:/Pulpit/PCB/SOFT_Nie_Git/Cooling_back/Cooling_back/f303_perla_blank/Main_app/Inc/MY_LIB" -I"E:/Pulpit/PCB/SOFT_Nie_Git/Cooling_back/Cooling_back/f303_perla_blank/Main_app/Src/EKO_LIB" -I"E:/Pulpit/PCB/SOFT_Nie_Git/Cooling_back/Cooling_back/f303_perla_blank/Main_app/Src/MY_LIB" -I../Core/Inc -I../Drivers/STM32F3xx_HAL_Driver/Inc -I../Drivers/STM32F3xx_HAL_Driver/Inc/Legacy -I../Drivers/CMSIS/Device/ST/STM32F3xx/Include -I../Drivers/CMSIS/Include -O0 -ffunction-sections -fdata-sections -Wall -fstack-usage -fcyclomatic-complexity -MMD -MP -MF"Core/Src/dma.d" -MT"Core/Src/dma.o" --specs=nano.specs -mfpu=fpv4-sp-d16 -mfloat-abi=hard -mthumb -o "Core/Src/dma.o"
arm-none-eabi-gcc "../Core/Src/gpio.c" -mcpu=cortex-m4 -std=gnu11 -g3 -DDEBUG -DUSE_HAL_DRIVER -DSTM32F303x8 -c -I"E:/Pulpit/PCB/SOFT_Nie_Git/Cooling_back/Cooling_back/f303_perla_blank/Main_app/Inc/EKO_LIB" -I"E:/Pulpit/PCB/SOFT_Nie_Git/Cooling_back/Cooling_back/f303_perla_blank/Main_app/Inc/MY_LIB" -I"E:/Pulpit/PCB/SOFT_Nie_Git/Cooling_back/Cooling_back/f303_perla_blank/Main_app/Src/EKO_LIB" -I"E:/Pulpit/PCB/SOFT_Nie_Git/Cooling_back/Cooling_back/f303_perla_blank/Main_app/Src/MY_LIB" -I../Core/Inc -I../Drivers/STM32F3xx_HAL_Driver/Inc -I../Drivers/STM32F3xx_HAL_Driver/Inc/Legacy -I../Drivers/CMSIS/Device/ST/STM32F3xx/Include -I../Drivers/CMSIS/Include -O0 -ffunction-sections -fdata-sections -Wall -fstack-usage -fcyclomatic-complexity -MMD -MP -MF"Core/Src/gpio.d" -MT"Core/Src/gpio.o" --specs=nano.specs -mfpu=fpv4-sp-d16 -mfloat-abi=hard -mthumb -o "Core/Src/gpio.o"
arm-none-eabi-gcc "../Core/Src/i2c.c" -mcpu=cortex-m4 -std=gnu11 -g3 -DDEBUG -DUSE_HAL_DRIVER -DSTM32F303x8 -c -I"E:/Pulpit/PCB/SOFT_Nie_Git/Cooling_back/Cooling_back/f303_perla_blank/Main_app/Inc/EKO_LIB" -I"E:/Pulpit/PCB/SOFT_Nie_Git/Cooling_back/Cooling_back/f303_perla_blank/Main_app/Inc/MY_LIB" -I"E:/Pulpit/PCB/SOFT_Nie_Git/Cooling_back/Cooling_back/f303_perla_blank/Main_app/Src/EKO_LIB" -I"E:/Pulpit/PCB/SOFT_Nie_Git/Cooling_back/Cooling_back/f303_perla_blank/Main_app/Src/MY_LIB" -I../Core/Inc -I../Drivers/STM32F3xx_HAL_Driver/Inc -I../Drivers/STM32F3xx_HAL_Driver/Inc/Legacy -I../Drivers/CMSIS/Device/ST/STM32F3xx/Include -I../Drivers/CMSIS/Include -O0 -ffunction-sections -fdata-sections -Wall -fstack-usage -fcyclomatic-complexity -MMD -MP -MF"Core/Src/i2c.d" -MT"Core/Src/i2c.o" --specs=nano.specs -mfpu=fpv4-sp-d16 -mfloat-abi=hard -mthumb -o "Core/Src/i2c.o"
arm-none-eabi-gcc "../Core/Src/main.c" -mcpu=cortex-m4 -std=gnu11 -g3 -DDEBUG -DUSE_HAL_DRIVER -DSTM32F303x8 -c -I"E:/Pulpit/PCB/SOFT_Nie_Git/Cooling_back/Cooling_back/f303_perla_blank/Main_app/Inc/EKO_LIB" -I"E:/Pulpit/PCB/SOFT_Nie_Git/Cooling_back/Cooling_back/f303_perla_blank/Main_app/Inc" -I"E:/Pulpit/PCB/SOFT_Nie_Git/Cooling_back/Cooling_back/f303_perla_blank/Main_app/Src" -I"E:/Pulpit/PCB/SOFT_Nie_Git/Cooling_back/Cooling_back/f303_perla_blank/Main_app/Inc/MY_LIB" -I"E:/Pulpit/PCB/SOFT_Nie_Git/Cooling_back/Cooling_back/f303_perla_blank/Main_app/Src/EKO_LIB" -I"E:/Pulpit/PCB/SOFT_Nie_Git/Cooling_back/Cooling_back/f303_perla_blank/Main_app/Src/MY_LIB" -I../Core/Inc -I../Drivers/STM32F3xx_HAL_Driver/Inc -I../Drivers/STM32F3xx_HAL_Driver/Inc/Legacy -I../Drivers/CMSIS/Device/ST/STM32F3xx/Include -I../Drivers/CMSIS/Include -O0 -ffunction-sections -fdata-sections -Wall -fstack-usage -fcyclomatic-complexity -MMD -MP -MF"Core/Src/main.d" -MT"Core/Src/main.o" --specs=nano.specs -mfpu=fpv4-sp-d16 -mfloat-abi=hard -mthumb -o "Core/Src/main.o"
arm-none-eabi-gcc "../Core/Src/stm32f3xx_hal_msp.c" -mcpu=cortex-m4 -std=gnu11 -g3 -DDEBUG -DUSE_HAL_DRIVER -DSTM32F303x8 -c -I"E:/Pulpit/PCB/SOFT_Nie_Git/Cooling_back/Cooling_back/f303_perla_blank/Main_app/Inc/EKO_LIB" -I"E:/Pulpit/PCB/SOFT_Nie_Git/Cooling_back/Cooling_back/f303_perla_blank/Main_app/Inc/MY_LIB" -I"E:/Pulpit/PCB/SOFT_Nie_Git/Cooling_back/Cooling_back/f303_perla_blank/Main_app/Src/EKO_LIB" -I"E:/Pulpit/PCB/SOFT_Nie_Git/Cooling_back/Cooling_back/f303_perla_blank/Main_app/Src/MY_LIB" -I../Core/Inc -I../Drivers/STM32F3xx_HAL_Driver/Inc -I../Drivers/STM32F3xx_HAL_Driver/Inc/Legacy -I../Drivers/CMSIS/Device/ST/STM32F3xx/Include -I../Drivers/CMSIS/Include -O0 -ffunction-sections -fdata-sections -Wall -fstack-usage -fcyclomatic-complexity -MMD -MP -MF"Core/Src/stm32f3xx_hal_msp.d" -MT"Core/Src/stm32f3xx_hal_msp.o" --specs=nano.specs -mfpu=fpv4-sp-d16 -mfloat-abi=hard -mthumb -o "Core/Src/stm32f3xx_hal_msp.o"
arm-none-eabi-gcc "../Core/Src/stm32f3xx_it.c" -mcpu=cortex-m4 -std=gnu11 -g3 -DDEBUG -DUSE_HAL_DRIVER -DSTM32F303x8 -c -I"E:/Pulpit/PCB/SOFT_Nie_Git/Cooling_back/Cooling_back/f303_perla_blank/Main_app/Inc/EKO_LIB" -I"E:/Pulpit/PCB/SOFT_Nie_Git/Cooling_back/Cooling_back/f303_perla_blank/Main_app/Inc/MY_LIB" -I"E:/Pulpit/PCB/SOFT_Nie_Git/Cooling_back/Cooling_back/f303_perla_blank/Main_app/Src/EKO_LIB" -I"E:/Pulpit/PCB/SOFT_Nie_Git/Cooling_back/Cooling_back/f303_perla_blank/Main_app/Src/MY_LIB" -I../Core/Inc -I../Drivers/STM32F3xx_HAL_Driver/Inc -I../Drivers/STM32F3xx_HAL_Driver/Inc/Legacy -I../Drivers/CMSIS/Device/ST/STM32F3xx/Include -I../Drivers/CMSIS/Include -O0 -ffunction-sections -fdata-sections -Wall -fstack-usage -fcyclomatic-complexity -MMD -MP -MF"Core/Src/stm32f3xx_it.d" -MT"Core/Src/stm32f3xx_it.o" --specs=nano.specs -mfpu=fpv4-sp-d16 -mfloat-abi=hard -mthumb -o "Core/Src/stm32f3xx_it.o"
arm-none-eabi-gcc "../Core/Src/syscalls.c" -mcpu=cortex-m4 -std=gnu11 -g3 -DDEBUG -DUSE_HAL_DRIVER -DSTM32F303x8 -c -I"E:/Pulpit/PCB/SOFT_Nie_Git/Cooling_back/Cooling_back/f303_perla_blank/Main_app/Inc/EKO_LIB" -I"E:/Pulpit/PCB/SOFT_Nie_Git/Cooling_back/Cooling_back/f303_perla_blank/Main_app/Inc/MY_LIB" -I"E:/Pulpit/PCB/SOFT_Nie_Git/Cooling_back/Cooling_back/f303_perla_blank/Main_app/Src/EKO_LIB" -I"E:/Pulpit/PCB/SOFT_Nie_Git/Cooling_back/Cooling_back/f303_perla_blank/Main_app/Src/MY_LIB" -I../Core/Inc -I../Drivers/STM32F3xx_HAL_Driver/Inc -I../Drivers/STM32F3xx_HAL_Driver/Inc/Legacy -I../Drivers/CMSIS/Device/ST/STM32F3xx/Include -I../Drivers/CMSIS/Include -O0 -ffunction-sections -fdata-sections -Wall -fstack-usage -fcyclomatic-complexity -MMD -MP -MF"Core/Src/syscalls.d" -MT"Core/Src/syscalls.o" --specs=nano.specs -mfpu=fpv4-sp-d16 -mfloat-abi=hard -mthumb -o "Core/Src/syscalls.o"
arm-none-eabi-gcc "../Core/Src/sysmem.c" -mcpu=cortex-m4 -std=gnu11 -g3 -DDEBUG -DUSE_HAL_DRIVER -DSTM32F303x8 -c -I"E:/Pulpit/PCB/SOFT_Nie_Git/Cooling_back/Cooling_back/f303_perla_blank/Main_app/Inc/EKO_LIB" -I"E:/Pulpit/PCB/SOFT_Nie_Git/Cooling_back/Cooling_back/f303_perla_blank/Main_app/Inc/MY_LIB" -I"E:/Pulpit/PCB/SOFT_Nie_Git/Cooling_back/Cooling_back/f303_perla_blank/Main_app/Src/EKO_LIB" -I"E:/Pulpit/PCB/SOFT_Nie_Git/Cooling_back/Cooling_back/f303_perla_blank/Main_app/Src/MY_LIB" -I../Core/Inc -I../Drivers/STM32F3xx_HAL_Driver/Inc -I../Drivers/STM32F3xx_HAL_Driver/Inc/Legacy -I../Drivers/CMSIS/Device/ST/STM32F3xx/Include -I../Drivers/CMSIS/Include -O0 -ffunction-sections -fdata-sections -Wall -fstack-usage -fcyclomatic-complexity -MMD -MP -MF"Core/Src/sysmem.d" -MT"Core/Src/sysmem.o" --specs=nano.specs -mfpu=fpv4-sp-d16 -mfloat-abi=hard -mthumb -o "Core/Src/sysmem.o"
arm-none-eabi-gcc "../Core/Src/system_stm32f3xx.c" -mcpu=cortex-m4 -std=gnu11 -g3 -DDEBUG -DUSE_HAL_DRIVER -DSTM32F303x8 -c -I"E:/Pulpit/PCB/SOFT_Nie_Git/Cooling_back/Cooling_back/f303_perla_blank/Main_app/Inc/EKO_LIB" -I"E:/Pulpit/PCB/SOFT_Nie_Git/Cooling_back/Cooling_back/f303_perla_blank/Main_app/Inc/MY_LIB" -I"E:/Pulpit/PCB/SOFT_Nie_Git/Cooling_back/Cooling_back/f303_perla_blank/Main_app/Src/EKO_LIB" -I"E:/Pulpit/PCB/SOFT_Nie_Git/Cooling_back/Cooling_back/f303_perla_blank/Main_app/Src/MY_LIB" -I../Core/Inc -I../Drivers/STM32F3xx_HAL_Driver/Inc -I../Drivers/STM32F3xx_HAL_Driver/Inc/Legacy -I../Drivers/CMSIS/Device/ST/STM32F3xx/Include -I../Drivers/CMSIS/Include -O0 -ffunction-sections -fdata-sections -Wall -fstack-usage -fcyclomatic-complexity -MMD -MP -MF"Core/Src/system_stm32f3xx.d" -MT"Core/Src/system_stm32f3xx.o" --specs=nano.specs -mfpu=fpv4-sp-d16 -mfloat-abi=hard -mthumb -o "Core/Src/system_stm32f3xx.o"
arm-none-eabi-gcc "../Core/Src/tim.c" -mcpu=cortex-m4 -std=gnu11 -g3 -DDEBUG -DUSE_HAL_DRIVER -DSTM32F303x8 -c -I"E:/Pulpit/PCB/SOFT_Nie_Git/Cooling_back/Cooling_back/f303_perla_blank/Main_app/Inc/EKO_LIB" -I"E:/Pulpit/PCB/SOFT_Nie_Git/Cooling_back/Cooling_back/f303_perla_blank/Main_app/Inc/MY_LIB" -I"E:/Pulpit/PCB/SOFT_Nie_Git/Cooling_back/Cooling_back/f303_perla_blank/Main_app/Src/EKO_LIB" -I"E:/Pulpit/PCB/SOFT_Nie_Git/Cooling_back/Cooling_back/f303_perla_blank/Main_app/Src/MY_LIB" -I../Core/Inc -I../Drivers/STM32F3xx_HAL_Driver/Inc -I../Drivers/STM32F3xx_HAL_Driver/Inc/Legacy -I../Drivers/CMSIS/Device/ST/STM32F3xx/Include -I../Drivers/CMSIS/Include -O0 -ffunction-sections -fdata-sections -Wall -fstack-usage -fcyclomatic-complexity -MMD -MP -MF"Core/Src/tim.d" -MT"Core/Src/tim.o" --specs=nano.specs -mfpu=fpv4-sp-d16 -mfloat-abi=hard -mthumb -o "Core/Src/tim.o"
arm-none-eabi-gcc -o "f303_perla_blank.elf" @"objects.list"   -mcpu=cortex-m4 -T"E:\Pulpit\PCB\SOFT_Nie_Git\Cooling_back\Cooling_back\f303_perla_blank\STM32F303K8TX_FLASH.ld" --specs=nosys.specs -Wl,-Map="f303_perla_blank.map" -Wl,--gc-sections -static --specs=nano.specs -mfpu=fpv4-sp-d16 -mfloat-abi=hard -mthumb -Wl,--start-group -lc -lm -Wl,--end-group
Finished building target: f303_perla_blank.elf
 
arm-none-eabi-size  f303_perla_blank.elf 
arm-none-eabi-objdump -h -S f303_perla_blank.elf  > "f303_perla_blank.list"
   text	   data	    bss	    dec	    hex	filename
  25532	     12	   5048	  30592	   7780	f303_perla_blank.elf
Finished building: default.size.stdout
 
Finished building: f303_perla_blank.list
 

19:20:56 Build Finished. 0 errors, 1 warnings. (took 3s.900ms)

