Archive member included to satisfy reference by file (symbol)

C:/ST/STM32CubeIDE_1.19.0/STM32CubeIDE/plugins/com.st.stm32cube.ide.mcu.externaltools.gnu-tools-for-stm32.14.3.rel1.win32_1.0.100.202602081740/tools/bin/../lib/gcc/arm-none-eabi/14.3.1/../../../../arm-none-eabi/lib/thumb/v7e-m+fp/hard\libc_nano.a(libc_a-exit.o)
                              C:/ST/STM32CubeIDE_1.19.0/STM32CubeIDE/plugins/com.st.stm32cube.ide.mcu.externaltools.gnu-tools-for-stm32.14.3.rel1.win32_1.0.100.202602081740/tools/bin/../lib/gcc/arm-none-eabi/14.3.1/../../../../arm-none-eabi/lib/thumb/v7e-m+fp/hard/crt0.o (exit)
C:/ST/STM32CubeIDE_1.19.0/STM32CubeIDE/plugins/com.st.stm32cube.ide.mcu.externaltools.gnu-tools-for-stm32.14.3.rel1.win32_1.0.100.202602081740/tools/bin/../lib/gcc/arm-none-eabi/14.3.1/../../../../arm-none-eabi/lib/thumb/v7e-m+fp/hard\libc_nano.a(libc_a-findfp.o)
                              C:/ST/STM32CubeIDE_1.19.0/STM32CubeIDE/plugins/com.st.stm32cube.ide.mcu.externaltools.gnu-tools-for-stm32.14.3.rel1.win32_1.0.100.202602081740/tools/bin/../lib/gcc/arm-none-eabi/14.3.1/../../../../arm-none-eabi/lib/thumb/v7e-m+fp/hard\libc_nano.a(libc_a-exit.o) (__stdio_exit_handler)
C:/ST/STM32CubeIDE_1.19.0/STM32CubeIDE/plugins/com.st.stm32cube.ide.mcu.externaltools.gnu-tools-for-stm32.14.3.rel1.win32_1.0.100.202602081740/tools/bin/../lib/gcc/arm-none-eabi/14.3.1/../../../../arm-none-eabi/lib/thumb/v7e-m+fp/hard\libc_nano.a(libc_a-fwalk.o)
                              C:/ST/STM32CubeIDE_1.19.0/STM32CubeIDE/plugins/com.st.stm32cube.ide.mcu.externaltools.gnu-tools-for-stm32.14.3.rel1.win32_1.0.100.202602081740/tools/bin/../lib/gcc/arm-none-eabi/14.3.1/../../../../arm-none-eabi/lib/thumb/v7e-m+fp/hard\libc_nano.a(libc_a-findfp.o) (_fwalk_sglue)
C:/ST/STM32CubeIDE_1.19.0/STM32CubeIDE/plugins/com.st.stm32cube.ide.mcu.externaltools.gnu-tools-for-stm32.14.3.rel1.win32_1.0.100.202602081740/tools/bin/../lib/gcc/arm-none-eabi/14.3.1/../../../../arm-none-eabi/lib/thumb/v7e-m+fp/hard\libc_nano.a(libc_a-stdio.o)
                              C:/ST/STM32CubeIDE_1.19.0/STM32CubeIDE/plugins/com.st.stm32cube.ide.mcu.externaltools.gnu-tools-for-stm32.14.3.rel1.win32_1.0.100.202602081740/tools/bin/../lib/gcc/arm-none-eabi/14.3.1/../../../../arm-none-eabi/lib/thumb/v7e-m+fp/hard\libc_nano.a(libc_a-findfp.o) (__sread)
C:/ST/STM32CubeIDE_1.19.0/STM32CubeIDE/plugins/com.st.stm32cube.ide.mcu.externaltools.gnu-tools-for-stm32.14.3.rel1.win32_1.0.100.202602081740/tools/bin/../lib/gcc/arm-none-eabi/14.3.1/../../../../arm-none-eabi/lib/thumb/v7e-m+fp/hard\libc_nano.a(libc_a-memset.o)
                              C:/ST/STM32CubeIDE_1.19.0/STM32CubeIDE/plugins/com.st.stm32cube.ide.mcu.externaltools.gnu-tools-for-stm32.14.3.rel1.win32_1.0.100.202602081740/tools/bin/../lib/gcc/arm-none-eabi/14.3.1/../../../../arm-none-eabi/lib/thumb/v7e-m+fp/hard/crt0.o (memset)
C:/ST/STM32CubeIDE_1.19.0/STM32CubeIDE/plugins/com.st.stm32cube.ide.mcu.externaltools.gnu-tools-for-stm32.14.3.rel1.win32_1.0.100.202602081740/tools/bin/../lib/gcc/arm-none-eabi/14.3.1/../../../../arm-none-eabi/lib/thumb/v7e-m+fp/hard\libc_nano.a(libc_a-closer.o)
                              C:/ST/STM32CubeIDE_1.19.0/STM32CubeIDE/plugins/com.st.stm32cube.ide.mcu.externaltools.gnu-tools-for-stm32.14.3.rel1.win32_1.0.100.202602081740/tools/bin/../lib/gcc/arm-none-eabi/14.3.1/../../../../arm-none-eabi/lib/thumb/v7e-m+fp/hard\libc_nano.a(libc_a-stdio.o) (_close_r)
C:/ST/STM32CubeIDE_1.19.0/STM32CubeIDE/plugins/com.st.stm32cube.ide.mcu.externaltools.gnu-tools-for-stm32.14.3.rel1.win32_1.0.100.202602081740/tools/bin/../lib/gcc/arm-none-eabi/14.3.1/../../../../arm-none-eabi/lib/thumb/v7e-m+fp/hard\libc_nano.a(libc_a-reent.o)
                              C:/ST/STM32CubeIDE_1.19.0/STM32CubeIDE/plugins/com.st.stm32cube.ide.mcu.externaltools.gnu-tools-for-stm32.14.3.rel1.win32_1.0.100.202602081740/tools/bin/../lib/gcc/arm-none-eabi/14.3.1/../../../../arm-none-eabi/lib/thumb/v7e-m+fp/hard\libc_nano.a(libc_a-closer.o) (errno)
C:/ST/STM32CubeIDE_1.19.0/STM32CubeIDE/plugins/com.st.stm32cube.ide.mcu.externaltools.gnu-tools-for-stm32.14.3.rel1.win32_1.0.100.202602081740/tools/bin/../lib/gcc/arm-none-eabi/14.3.1/../../../../arm-none-eabi/lib/thumb/v7e-m+fp/hard\libc_nano.a(libc_a-impure.o)
                              C:/ST/STM32CubeIDE_1.19.0/STM32CubeIDE/plugins/com.st.stm32cube.ide.mcu.externaltools.gnu-tools-for-stm32.14.3.rel1.win32_1.0.100.202602081740/tools/bin/../lib/gcc/arm-none-eabi/14.3.1/../../../../arm-none-eabi/lib/thumb/v7e-m+fp/hard\libc_nano.a(libc_a-reent.o) (_impure_ptr)
C:/ST/STM32CubeIDE_1.19.0/STM32CubeIDE/plugins/com.st.stm32cube.ide.mcu.externaltools.gnu-tools-for-stm32.14.3.rel1.win32_1.0.100.202602081740/tools/bin/../lib/gcc/arm-none-eabi/14.3.1/../../../../arm-none-eabi/lib/thumb/v7e-m+fp/hard\libc_nano.a(libc_a-lseekr.o)
[...]
Memory Configuration

Name             Origin             Length             Attributes
CCMRAM           0x10000000         0x00001000         xrw
RAM              0x20000000         0x00003000         xrw
FLASH            0x08000000         0x00010000         xr
*default*        0x00000000         0xffffffff

Linker script and memory map

LOAD C:/ST/STM32CubeIDE_1.19.0/STM32CubeIDE/plugins/com.st.stm32cube.ide.mcu.externaltools.gnu-tools-for-stm32.14.3.rel1.win32_1.0.100.202602081740/tools/bin/../lib/gcc/arm-none-eabi/14.3.1/thumb/v7e-m+fp/hard/crti.o
LOAD C:/ST/STM32CubeIDE_1.19.0/STM32CubeIDE/plugins/com.st.stm32cube.ide.mcu.externaltools.gnu-tools-for-stm32.14.3.rel1.win32_1.0.100.202602081740/tools/bin/../lib/gcc/arm-none-eabi/14.3.1/thumb/v7e-m+fp/hard/crtbegin.o
LOAD C:/ST/STM32CubeIDE_1.19.0/STM32CubeIDE/plugins/com.st.stm32cube.ide.mcu.externaltools.gnu-tools-for-stm32.14.3.rel1.win32_1.0.100.202602081740/tools/bin/../lib/gcc/arm-none-eabi/14.3.1/../../../../arm-none-eabi/lib/thumb/v7e-m+fp/hard/crt0.o
LOAD ./Core/Src/can.o
LOAD ./Core/Src/dma.o
LOAD ./Core/Src/gpio.o
LOAD ./Core/Src/i2c.o
LOAD ./Core/Src/main.o
LOAD ./Core/Src/stm32f3xx_hal_msp.o
LOAD ./Core/Src/stm32f3xx_it.o
LOAD ./Core/Src/syscalls.o
LOAD ./Core/Src/sysmem.o
LOAD ./Core/Src/system_stm32f3xx.o
LOAD ./Core/Src/tim.o
LOAD ./Core/Startup/startup_stm32f303k8tx.o
LOAD ./Drivers/STM32F3xx_HAL_Driver/Src/stm32f3xx_hal.o
LOAD ./Drivers/STM32F3xx_HAL_Driver/Src/stm32f3xx_hal_can.o
LOAD ./Drivers/STM32F3xx_HAL_Driver/Src/stm32f3xx_hal_cortex.o
LOAD ./Drivers/STM32F3xx_HAL_Driver/Src/stm32f3xx_hal_dma.o
LOAD ./Drivers/STM32F3xx_HAL_Driver/Src/stm32f3xx_hal_exti.o
LOAD ./Drivers/STM32F3xx_HAL_Driver/Src/stm32f3xx_hal_flash.o
LOAD ./Drivers/STM32F3xx_HAL_Driver/Src/stm32f3xx_hal_flash_ex.o
LOAD ./Drivers/STM32F3xx_HAL_Driver/Src/stm32f3xx_hal_gpio.o
LOAD ./Drivers/STM32F3xx_HAL_Driver/Src/stm32f3xx_hal_i2c.o
LOAD ./Drivers/STM32F3xx_HAL_Driver/Src/stm32f3xx_hal_i2c_ex.o
LOAD ./Drivers/STM32F3xx_HAL_Driver/Src/stm32f3xx_hal_pwr.o
LOAD ./Drivers/STM32F3xx_HAL_Driver/Src/stm32f3xx_hal_pwr_ex.o
LOAD ./Drivers/STM32F3xx_HAL_Driver/Src/stm32f3xx_hal_rcc.o
LOAD ./Drivers/STM32F3xx_HAL_Driver/Src/stm32f3xx_hal_rcc_ex.o
LOAD ./Drivers/STM32F3xx_HAL_Driver/Src/stm32f3xx_hal_tim.o
LOAD ./Drivers/STM32F3xx_HAL_Driver/Src/stm32f3xx_hal_tim_ex.o
LOAD ./Main_app/Src/EKO_LIB/I2C_driver.o
LOAD ./Main_app/Src/EKO_LIB/can_driver.o
LOAD ./Main_app/Src/MY_LIB/MY_driver_can.o
LOAD ./Main_app/Src/MY_LIB/MY_driver_fan.o
LOAD ./Main_app/Src/MY_LIB/MY_driver_i2c.o
LOAD ./Main_app/Src/MY_LIB/MY_driver_serwo.o
LOAD ./Main_app/Src/cooler_left_app.o
LOAD ./Main_app/Src/cooler_test.o
START GROUP
LOAD C:/ST/STM32CubeIDE_1.19.0/STM32CubeIDE/plugins/com.st.stm32cube.ide.mcu.externaltools.gnu-tools-for-stm32.14.3.rel1.win32_1.0.100.202602081740/tools/bin/../lib/gcc/arm-none-eabi/14.3.1/../../../../arm-none-eabi/lib/thumb/v7e-m+fp/hard\libc_nano.a
LOAD C:/ST/STM32CubeIDE_1.19.0/STM32CubeIDE/plugins/com.st.stm32cube.ide.mcu.externaltools.gnu-tools-for-stm32.14.3.rel1.win32_1.0.100.202602081740/tools/bin/../lib/gcc/arm-none-eabi/14.3.1/../../../../arm-none-eabi/lib/thumb/v7e-m+fp/hard\libm.a
END GROUP
START GROUP
LOAD C:/ST/STM32CubeIDE_1.19.0/STM32CubeIDE/plugins/com.st.stm32cube.ide.mcu.externaltools.gnu-tools-for-stm32.14.3.rel1.win32_1.0.100.202602081740/tools/bin/../lib/gcc/arm-none-eabi/14.3.1/thumb/v7e-m+fp/hard\libgcc.a
LOAD C:/ST/STM32CubeIDE_1.19.0/STM32CubeIDE/plugins/com.st.stm32cube.ide.mcu.externaltools.gnu-tools-for-stm32.14.3.rel1.win32_1.0.100.202602081740/tools/bin/../lib/gcc/arm-none-eabi/14.3.1/../../../../arm-none-eabi/lib/thumb/v7e-m+fp/hard\libc_nano.a
END GROUP
START GROUP
LOAD C:/ST/STM32CubeIDE_1.19.0/STM32CubeIDE/plugins/com.st.stm32cube.ide.mcu.externaltools.gnu-tools-for-stm32.14.3.rel1.win32_1.0.100.202602081740/tools/bin/../lib/gcc/arm-none-eabi/14.3.1/thumb/v7e-m+fp/hard\libgcc.a
LOAD C:/ST/STM32CubeIDE_1.19.0/STM32CubeIDE/plugins/com.st.stm32cube.ide.mcu.externaltools.gnu-tools-for-stm32.14.3.rel1.win32_1.0.100.202602081740/tools/bin/../lib/gcc/arm-none-eabi/14.3.1/../../../../arm-none-eabi/lib/thumb/v7e-m+fp/hard\libc_nano.a
LOAD C:/ST/STM32CubeIDE_1.19.0/STM32CubeIDE/plugins/com.st.stm32cube.ide.mcu.externaltools.gnu-tools-for-stm32.14.3.rel1.win32_1.0.100.202602081740/tools/bin/../lib/gcc/arm-none-eabi/14.3.1/../../../../arm-none-eabi/lib/thumb/v7e-m+fp/hard\libnosys.a
END GROUP
START GROUP
LOAD C:/ST/STM32CubeIDE_1.19.0/STM32CubeIDE/plugins/com.st.stm32cube.ide.mcu.externaltools.gnu-tools-for-stm32.14.3.rel1.win32_1.0.100.202602081740/tools/bin/../lib/gcc/arm-none-eabi/14.3.1/thumb/v7e-m+fp/hard\libgcc.a
LOAD C:/ST/STM32CubeIDE_1.19.0/STM32CubeIDE/plugins/com.st.stm32cube.ide.mcu.externaltools.gnu-tools-for-stm32.14.3.rel1.win32_1.0.100.202602081740/tools/bin/../lib/gcc/arm-none-eabi/14.3.1/../../../../arm-none-eabi/lib/thumb/v7e-m+fp/hard\libc_nano.a
LOAD C:/ST/STM32CubeIDE_1.19.0/STM32CubeIDE/plugins/com.st.stm32cube.ide.mcu.externaltools.gnu-tools-for-stm32.14.3.rel1.win32_1.0.100.202602081740/tools/bin/../lib/gcc/arm-none-eabi/14.3.1/../../../../arm-none-eabi/lib/thumb/v7e-m+fp/hard\libnosys.a
END GROUP
LOAD C:/ST/STM32CubeIDE_1.19.0/STM32CubeIDE/plugins/com.st.stm32cube.ide.mcu.externaltools.gnu-tools-for-stm32.14.3.rel1.win32_1.0.100.202602081740/tools/bin/../lib/gcc/arm-none-eabi/14.3.1/thumb/v7e-m+fp/hard/crtend.o
LOAD C:/ST/STM32CubeIDE_1.19.0/STM32CubeIDE/plugins/com.st.stm32cube.ide.mcu.externaltools.gnu-tools-for-stm32.14.3.rel1.win32_1.0.100.202602081740/tools/bin/../lib/gcc/arm-none-eabi/14.3.1/thumb/v7e-m+fp/hard/crtn.o
                0x20003000                        _estack = (ORIGIN (RAM) + LENGTH (RAM))
                0x00000200                        _Min_Heap_Size = 0x200
                0x00000400                        _Min_Stack_Size = 0x400

.isr_vector     0x08000000      0x188
                0x08000000                        . = ALIGN (0x4)
 *(.isr_vector)
 .isr_vector    0x08000000      0x188 ./Core/Startup/startup_stm32f303k8tx.o
                0x08000000                g_pfnVectors
                0x08000188                        . = ALIGN (0x4)

.text           0x08000188     0x8710
                0x08000188                        . = ALIGN (0x4)
 *(.text)
 .text          0x08000188       0x40 C:/ST/STM32CubeIDE_1.19.0/STM32CubeIDE/plugins/com.st.stm32cube.ide.mcu.externaltools.gnu-tools-for-stm32.14.3.rel1.win32_1.0.100.202602081740/tools/bin/../lib/gcc/arm-none-eabi/14.3.1/thumb/v7e-m+fp/hard/crtbegin.o
 .text          0x080001c8      0x378 C:/ST/STM32CubeIDE_1.19.0/STM32CubeIDE/plugins/com.st.stm32cube.ide.mcu.externaltools.gnu-tools-for-stm32.14.3.rel1.win32_1.0.100.202602081740/tools/bin/../lib/gcc/arm-none-eabi/14.3.1/thumb/v7e-m+fp/hard\libgcc.a(_arm_addsubdf3.o)
                0x080001c8                __aeabi_drsub
                0x080001d0                __aeabi_dsub
                0x080001d0                __subdf3
                0x080001d4                __aeabi_dadd
                0x080001d4                __adddf3
                0x0800044c                __floatunsidf
                0x0800044c                __aeabi_ui2d
                0x0800046c                __floatsidf
                0x0800046c                __aeabi_i2d
                0x08000490                __aeabi_f2d
                0x08000490                __extendsfdf2
                0x080004d4                __floatundidf
                0x080004d4                __aeabi_ul2d
                0x080004e4                __floatdidf
                0x080004e4                __aeabi_l2d
 .text          0x08000540      0x424 C:/ST/STM32CubeIDE_1.19.0/STM32CubeIDE/plugins/com.st.stm32cube.ide.mcu.externaltools.gnu-tools-for-stm32.14.3.rel1.win32_1.0.100.202602081740/tools/bin/../lib/gcc/arm-none-eabi/14.3.1/thumb/v7e-m+fp/hard\libgcc.a(_arm_muldivdf3.o)
                0x08000540                __aeabi_dmul
                0x08000540                __muldf3
                0x08000794                __divdf3
                0x08000794                __aeabi_ddiv
 .text          0x08000964       0x40 C:/ST/STM32CubeIDE_1.19.0/STM32CubeIDE/plugins/com.st.stm32cube.ide.mcu.externaltools.gnu-tools-for-stm32.14.3.rel1.win32_1.0.100.202602081740/tools/bin/../lib/gcc/arm-none-eabi/14.3.1/thumb/v7e-m+fp/hard\libgcc.a(_arm_fixunsdfsi.o)
                0x08000964                __aeabi_d2uiz
                0x08000964                __fixunsdfsi
 .text          0x080009a4       0xa0 C:/ST/STM32CubeIDE_1.19.0/STM32CubeIDE/plugins/com.st.stm32cube.ide.mcu.externaltools.gnu-tools-for-stm32.14.3.rel1.win32_1.0.100.202602081740/tools/bin/../lib/gcc/arm-none-eabi/14.3.1/thumb/v7e-m+fp/hard\libgcc.a(_arm_truncdfsf2.o)
                0x080009a4                __truncdfsf2
                0x080009a4                __aeabi_d2f
 *(.text*)
 .text.MX_CAN_Init
                0x08000a44       0x6c ./Core/Src/can.o
                0x08000a44                MX_CAN_Init
 .text.HAL_CAN_MspInit
                0x08000ab0       0x98 ./Core/Src/can.o
                0x08000ab0                HAL_CAN_MspInit
 .text.MX_DMA_Init
                0x08000b48       0x4c ./Core/Src/dma.o
                0x08000b48                MX_DMA_Init
 .text.MX_GPIO_Init
                0x08000b94       0xc4 ./Core/Src/gpio.o
                0x08000b94                MX_GPIO_Init
 .text.MX_I2C1_Init
                0x08000c58       0x80 ./Core/Src/i2c.o
                0x08000c58                MX_I2C1_Init
 .text.HAL_I2C_MspInit
                0x08000cd8      0x15c ./Core/Src/i2c.o
                0x08000cd8                HAL_I2C_MspInit
 .text.main     0x08000e34       0x32 ./Core/Src/main.o
                0x08000e34                main
 .text.SystemClock_Config
                0x08000e66       0xbc ./Core/Src/main.o
                0x08000e66                SystemClock_Config
 .text.Error_Handler
                0x08000f22        0xc ./Core/Src/main.o
                0x08000f22                Error_Handler
 *fill*         0x08000f2e        0x2 
 .text.HAL_MspInit
                0x08000f30       0x48 ./Core/Src/stm32f3xx_hal_msp.o
                0x08000f30                HAL_MspInit
 .text.NMI_Handler
                0x08000f78        0x8 ./Core/Src/stm32f3xx_it.o
                0x08000f78                NMI_Handler
 .text.HardFault_Handler
                0x08000f80        0x8 ./Core/Src/stm32f3xx_it.o
                0x08000f80                HardFault_Handler
 .text.MemManage_Handler
                0x08000f88        0x8 ./Core/Src/stm32f3xx_it.o
                0x08000f88                MemManage_Handler
 .text.BusFault_Handler
                0x08000f90        0x8 ./Core/Src/stm32f3xx_it.o
                0x08000f90                BusFault_Handler
 .text.UsageFault_Handler
                0x08000f98        0x8 ./Core/Src/stm32f3xx_it.o
                0x08000f98                UsageFault_Handler
 .text.SVC_Handler
                0x08000fa0        0xe ./Core/Src/stm32f3xx_it.o
                0x08000fa0                SVC_Handler
 .text.DebugMon_Handler
                0x08000fae        0xe ./Core/Src/stm32f3xx_it.o
                0x08000fae                DebugMon_Handler
 .text.PendSV_Handler
                0x08000fbc        0xe ./Core/Src/stm32f3xx_it.o
                0x08000fbc                PendSV_Handler
 .text.SysTick_Handler
                0x08000fca        0xc ./Core/Src/stm32f3xx_it.o
                0x08000fca                SysTick_Handler
 *fill*         0x08000fd6        0x2 
 .text.DMA1_Channel2_IRQHandler
                0x08000fd8       0x14 ./Core/Src/stm32f3xx_it.o
                0x08000fd8                DMA1_Channel2_IRQHandler
 .text.DMA1_Channel3_IRQHandler
                0x08000fec       0x14 ./Core/Src/stm32f3xx_it.o
                0x08000fec                DMA1_Channel3_IRQHandler
 .text.CAN_RX0_IRQHandler
                0x08001000       0x14 ./Core/Src/stm32f3xx_it.o
                0x08001000                CAN_RX0_IRQHandler
 .text.TIM3_IRQHandler
                0x08001014       0x14 ./Core/Src/stm32f3xx_it.o
                0x08001014                TIM3_IRQHandler
 .text.I2C1_EV_IRQHandler
                0x08001028       0x14 ./Core/Src/stm32f3xx_it.o
                0x08001028                I2C1_EV_IRQHandler
 .text.TIM6_DAC1_IRQHandler
                0x0800103c       0x14 ./Core/Src/stm32f3xx_it.o
                0x0800103c                TIM6_DAC1_IRQHandler
 .text.TIM7_DAC2_IRQHandler
                0x08001050       0x14 ./Core/Src/stm32f3xx_it.o
                0x08001050                TIM7_DAC2_IRQHandler
 .text.SystemInit
                0x08001064       0x24 ./Core/Src/system_stm32f3xx.o
                0x08001064                SystemInit
 .text.MX_TIM2_Init
                0x08001088      0x100 ./Core/Src/tim.o
                0x08001088                MX_TIM2_Init
 .text.MX_TIM3_Init
                0x08001188      0x108 ./Core/Src/tim.o
                0x08001188                MX_TIM3_Init
 .text.MX_TIM6_Init
                0x08001290       0x70 ./Core/Src/tim.o
                0x08001290                MX_TIM6_Init
 .text.MX_TIM7_Init
                0x08001300       0x6c ./Core/Src/tim.o
                0x08001300                MX_TIM7_Init
 .text.HAL_TIM_Base_MspInit
                0x0800136c       0xe0 ./Core/Src/tim.o
                0x0800136c                HAL_TIM_Base_MspInit
 .text.HAL_TIM_MspPostInit
                0x0800144c       0xb4 ./Core/Src/tim.o
                0x0800144c                HAL_TIM_MspPostInit
 .text.Reset_Handler
                0x08001500       0x50 ./Core/Startup/startup_stm32f303k8tx.o
                0x08001500                Reset_Handler
 .text.Default_Handler
                0x08001550        0x2 ./Core/Startup/startup_stm32f303k8tx.o
                0x08001550                RTC_Alarm_IRQHandler
                0x08001550                TIM1_CC_IRQHandler
                0x08001550                PVD_IRQHandler
                0x08001550                TAMP_STAMP_IRQHandler
                0x08001550                EXTI3_IRQHandler
                0x08001550                EXTI0_IRQHandler
                0x08001550                FPU_IRQHandler
                0x08001550                CAN_TX_IRQHandler
                0x08001550                TIM1_UP_TIM16_IRQHandler
                0x08001550                ADC1_2_IRQHandler
                0x08001550                SPI1_IRQHandler
                0x08001550                CAN_SCE_IRQHandler
                0x08001550                DMA1_Channel4_IRQHandler
                0x08001550                USART3_IRQHandler
                0x08001550                DMA1_Channel7_IRQHandler
                0x08001550                CAN_RX1_IRQHandler
                0x08001550                DMA1_Channel6_IRQHandler
                0x08001550                RCC_IRQHandler
                0x08001550                DMA1_Channel1_IRQHandler
                0x08001550                Default_Handler
                0x08001550                EXTI15_10_IRQHandler
                0x08001550                COMP2_IRQHandler
                0x08001550                EXTI9_5_IRQHandler
                0x08001550                RTC_WKUP_IRQHandler
                0x08001550                DMA1_Channel5_IRQHandler
                0x08001550                EXTI4_IRQHandler
                0x08001550                TIM1_TRG_COM_TIM17_IRQHandler
                0x08001550                WWDG_IRQHandler
                0x08001550                TIM2_IRQHandler
                0x08001550                EXTI1_IRQHandler
                0x08001550                COMP4_6_IRQHandler
                0x08001550                USART2_IRQHandler
                0x08001550                FLASH_IRQHandler
                0x08001550                USART1_IRQHandler
                0x08001550                I2C1_ER_IRQHandler
                0x08001550                EXTI2_TSC_IRQHandler
                0x08001550                TIM1_BRK_TIM15_IRQHandler
 *fill*         0x08001552        0x2 
 .text.HAL_Init
                0x08001554       0x2c ./Drivers/STM32F3xx_HAL_Driver/Src/stm32f3xx_hal.o
                0x08001554                HAL_Init
 .text.HAL_InitTick
                0x08001580       0x60 ./Drivers/STM32F3xx_HAL_Driver/Src/stm32f3xx_hal.o
                0x08001580                HAL_InitTick
 .text.HAL_IncTick
                0x080015e0       0x28 ./Drivers/STM32F3xx_HAL_Driver/Src/stm32f3xx_hal.o
                0x080015e0                HAL_IncTick
 .text.HAL_GetTick
                0x08001608       0x18 ./Drivers/STM32F3xx_HAL_Driver/Src/stm32f3xx_hal.o
                0x08001608                HAL_GetTick
 .text.HAL_CAN_Init
                0x08001620      0x1f6 ./Drivers/STM32F3xx_HAL_Driver/Src/stm32f3xx_hal_can.o
                0x08001620                HAL_CAN_Init
 .text.HAL_CAN_ConfigFilter
                0x08001816      0x194 ./Drivers/STM32F3xx_HAL_Driver/Src/stm32f3xx_hal_can.o
                0x08001816                HAL_CAN_ConfigFilter
 .text.HAL_CAN_Start
                0x080019aa       0x88 ./Drivers/STM32F3xx_HAL_Driver/Src/stm32f3xx_hal_can.o
                0x080019aa                HAL_CAN_Start
 .text.HAL_CAN_AddTxMessage
                0x08001a32      0x1a0 ./Drivers/STM32F3xx_HAL_Driver/Src/stm32f3xx_hal_can.o
                0x08001a32                HAL_CAN_AddTxMessage
 .text.HAL_CAN_GetRxMessage
                0x08001bd2      0x244 ./Drivers/STM32F3xx_HAL_Driver/Src/stm32f3xx_hal_can.o
                0x08001bd2                HAL_CAN_GetRxMessage
 .text.HAL_CAN_ActivateNotification
                0x08001e16       0x4c ./Drivers/STM32F3xx_HAL_Driver/Src/stm32f3xx_hal_can.o
                0x08001e16                HAL_CAN_ActivateNotification
 .text.HAL_CAN_IRQHandler
                0x08001e62      0x36e ./Drivers/STM32F3xx_HAL_Driver/Src/stm32f3xx_hal_can.o
                0x08001e62                HAL_CAN_IRQHandler
 .text.HAL_CAN_TxMailbox0CompleteCallback
                0x080021d0       0x14 ./Drivers/STM32F3xx_HAL_Driver/Src/stm32f3xx_hal_can.o
                0x080021d0                HAL_CAN_TxMailbox0CompleteCallback
 .text.HAL_CAN_TxMailbox1CompleteCallback
                0x080021e4       0x14 ./Drivers/STM32F3xx_HAL_Driver/Src/stm32f3xx_hal_can.o
                0x080021e4                HAL_CAN_TxMailbox1CompleteCallback
 .text.HAL_CAN_TxMailbox2CompleteCallback
                0x080021f8       0x14 ./Drivers/STM32F3xx_HAL_Driver/Src/stm32f3xx_hal_can.o
                0x080021f8                HAL_CAN_TxMailbox2CompleteCallback
 .text.HAL_CAN_TxMailbox0AbortCallback
                0x0800220c       0x14 ./Drivers/STM32F3xx_HAL_Driver/Src/stm32f3xx_hal_can.o
                0x0800220c                HAL_CAN_TxMailbox0AbortCallback
 .text.HAL_CAN_TxMailbox1AbortCallback
                0x08002220       0x14 ./Drivers/STM32F3xx_HAL_Driver/Src/stm32f3xx_hal_can.o
                0x08002220                HAL_CAN_TxMailbox1AbortCallback
 .text.HAL_CAN_TxMailbox2AbortCallback
                0x08002234       0x14 ./Drivers/STM32F3xx_HAL_Driver/Src/stm32f3xx_hal_can.o
                0x08002234                HAL_CAN_TxMailbox2AbortCallback
 .text.HAL_CAN_RxFifo0FullCallback
                0x08002248       0x14 ./Drivers/STM32F3xx_HAL_Driver/Src/stm32f3xx_hal_can.o
                0x08002248                HAL_CAN_RxFifo0FullCallback
 .text.HAL_CAN_RxFifo1MsgPendingCallback
                0x0800225c       0x14 ./Drivers/STM32F3xx_HAL_Driver/Src/stm32f3xx_hal_can.o
                0x0800225c                HAL_CAN_RxFifo1MsgPendingCallback
 .text.HAL_CAN_RxFifo1FullCallback
                0x08002270       0x14 ./Drivers/STM32F3xx_HAL_Driver/Src/stm32f3xx_hal_can.o
                0x08002270                HAL_CAN_RxFifo1FullCallback
 .text.HAL_CAN_SleepCallback
                0x08002284       0x14 ./Drivers/STM32F3xx_HAL_Driver/Src/stm32f3xx_hal_can.o
                0x08002284                HAL_CAN_SleepCallback
 .text.HAL_CAN_WakeUpFromRxMsgCallback
                0x08002298       0x14 ./Drivers/STM32F3xx_HAL_Driver/Src/stm32f3xx_hal_can.o
                0x08002298                HAL_CAN_WakeUpFromRxMsgCallback
 .text.HAL_CAN_ErrorCallback
                0x080022ac       0x14 ./Drivers/STM32F3xx_HAL_Driver/Src/stm32f3xx_hal_can.o
                0x080022ac                HAL_CAN_ErrorCallback
 .text.__NVIC_SetPriorityGrouping
                0x080022c0       0x48 ./Drivers/STM32F3xx_HAL_Driver/Src/stm32f3xx_hal_cortex.o
 .text.__NVIC_GetPriorityGrouping
                0x08002308       0x1c ./Drivers/STM32F3xx_HAL_Driver/Src/stm32f3xx_hal_cortex.o
 .text.__NVIC_EnableIRQ
                0x08002324       0x3c ./Drivers/STM32F3xx_HAL_Driver/Src/stm32f3xx_hal_cortex.o
 .text.__NVIC_SetPriority
                0x08002360       0x54 ./Drivers/STM32F3xx_HAL_Driver/Src/stm32f3xx_hal_cortex.o
 .text.NVIC_EncodePriority
                0x080023b4       0x66 ./Drivers/STM32F3xx_HAL_Driver/Src/stm32f3xx_hal_cortex.o
 *fill*         0x0800241a        0x2 
 .text.SysTick_Config
                0x0800241c       0x44 ./Drivers/STM32F3xx_HAL_Driver/Src/stm32f3xx_hal_cortex.o
 .text.HAL_NVIC_SetPriorityGrouping
                0x08002460       0x16 ./Drivers/STM32F3xx_HAL_Driver/Src/stm32f3xx_hal_cortex.o
                0x08002460                HAL_NVIC_SetPriorityGrouping
 .text.HAL_NVIC_SetPriority
                0x08002476       0x38 ./Drivers/STM32F3xx_HAL_Driver/Src/stm32f3xx_hal_cortex.o
                0x08002476                HAL_NVIC_SetPriority
 .text.HAL_NVIC_EnableIRQ
                0x080024ae       0x1c ./Drivers/STM32F3xx_HAL_Driver/Src/stm32f3xx_hal_cortex.o
                0x080024ae                HAL_NVIC_EnableIRQ
 .text.HAL_SYSTICK_Config
                0x080024ca       0x18 ./Drivers/STM32F3xx_HAL_Driver/Src/stm32f3xx_hal_cortex.o
                0x080024ca                HAL_SYSTICK_Config
 .text.HAL_DMA_Init
                0x080024e2       0x8e ./Drivers/STM32F3xx_HAL_Driver/Src/stm32f3xx_hal_dma.o
                0x080024e2                HAL_DMA_Init
 .text.HAL_DMA_Start_IT
                0x08002570       0xbe ./Drivers/STM32F3xx_HAL_Driver/Src/stm32f3xx_hal_dma.o
                0x08002570                HAL_DMA_Start_IT
 .text.HAL_DMA_Abort_IT
                0x0800262e       0x7c ./Drivers/STM32F3xx_HAL_Driver/Src/stm32f3xx_hal_dma.o
                0x0800262e                HAL_DMA_Abort_IT
 .text.HAL_DMA_IRQHandler
                0x080026aa      0x146 ./Drivers/STM32F3xx_HAL_Driver/Src/stm32f3xx_hal_dma.o
                0x080026aa                HAL_DMA_IRQHandler
 .text.HAL_DMA_GetState
                0x080027f0       0x1a ./Drivers/STM32F3xx_HAL_Driver/Src/stm32f3xx_hal_dma.o
                0x080027f0                HAL_DMA_GetState
 .text.DMA_SetConfig
                0x0800280a       0x5c ./Drivers/STM32F3xx_HAL_Driver/Src/stm32f3xx_hal_dma.o
 *fill*         0x08002866        0x2 
 .text.DMA_CalcBaseAndBitshift
                0x08002868       0x40 ./Drivers/STM32F3xx_HAL_Driver/Src/stm32f3xx_hal_dma.o
 .text.HAL_GPIO_Init
                0x080028a8      0x2e4 ./Drivers/STM32F3xx_HAL_Driver/Src/stm32f3xx_hal_gpio.o
                0x080028a8                HAL_GPIO_Init
 .text.HAL_GPIO_WritePin
                0x08002b8c       0x30 ./Drivers/STM32F3xx_HAL_Driver/Src/stm32f3xx_hal_gpio.o
                0x08002b8c                HAL_GPIO_WritePin
 .text.HAL_GPIO_TogglePin
                0x08002bbc       0x34 ./Drivers/STM32F3xx_HAL_Driver/Src/stm32f3xx_hal_gpio.o
                0x08002bbc                HAL_GPIO_TogglePin
 .text.HAL_I2C_Init
                0x08002bf0      0x136 ./Drivers/STM32F3xx_HAL_Driver/Src/stm32f3xx_hal_i2c.o
                0x08002bf0                HAL_I2C_Init
 *fill*         0x08002d26        0x2 
 .text.HAL_I2C_Master_Transmit_DMA
                0x08002d28      0x228 ./Drivers/STM32F3xx_HAL_Driver/Src/stm32f3xx_hal_i2c.o
                0x08002d28                HAL_I2C_Master_Transmit_DMA
 .text.HAL_I2C_Master_Receive_DMA
                0x08002f50      0x1e0 ./Drivers/STM32F3xx_HAL_Driver/Src/stm32f3xx_hal_i2c.o
                0x08002f50                HAL_I2C_Master_Receive_DMA
 .text.HAL_I2C_EV_IRQHandler
                0x08003130       0x34 ./Drivers/STM32F3xx_HAL_Driver/Src/stm32f3xx_hal_i2c.o
                0x08003130                HAL_I2C_EV_IRQHandler
 .text.HAL_I2C_SlaveTxCpltCallback
                0x08003164       0x14 ./Drivers/STM32F3xx_HAL_Driver/Src/stm32f3xx_hal_i2c.o
                0x08003164                HAL_I2C_SlaveTxCpltCallback
 .text.HAL_I2C_SlaveRxCpltCallback
                0x08003178       0x14 ./Drivers/STM32F3xx_HAL_Driver/Src/stm32f3xx_hal_i2c.o
                0x08003178                HAL_I2C_SlaveRxCpltCallback
 .text.HAL_I2C_AddrCallback
                0x0800318c       0x1c ./Drivers/STM32F3xx_HAL_Driver/Src/stm32f3xx_hal_i2c.o
                0x0800318c                HAL_I2C_AddrCallback
 .text.HAL_I2C_ListenCpltCallback
                0x080031a8       0x14 ./Drivers/STM32F3xx_HAL_Driver/Src/stm32f3xx_hal_i2c.o
                0x080031a8                HAL_I2C_ListenCpltCallback
 .text.HAL_I2C_MemTxCpltCallback
                0x080031bc       0x14 ./Drivers/STM32F3xx_HAL_Driver/Src/stm32f3xx_hal_i2c.o
                0x080031bc                HAL_I2C_MemTxCpltCallback
 .text.HAL_I2C_MemRxCpltCallback
                0x080031d0       0x14 ./Drivers/STM32F3xx_HAL_Driver/Src/stm32f3xx_hal_i2c.o
                0x080031d0                HAL_I2C_MemRxCpltCallback
 .text.HAL_I2C_ErrorCallback
                0x080031e4       0x14 ./Drivers/STM32F3xx_HAL_Driver/Src/stm32f3xx_hal_i2c.o
                0x080031e4                HAL_I2C_ErrorCallback
 .text.HAL_I2C_AbortCpltCallback
                0x080031f8       0x14 ./Drivers/STM32F3xx_HAL_Driver/Src/stm32f3xx_hal_i2c.o
                0x080031f8                HAL_I2C_AbortCpltCallback
 .text.HAL_I2C_GetState
                0x0800320c       0x1c ./Drivers/STM32F3xx_HAL_Driver/Src/stm32f3xx_hal_i2c.o
                0x0800320c                HAL_I2C_GetState
 .text.I2C_Master_ISR_IT
                0x08003228      0x284 ./Drivers/STM32F3xx_HAL_Driver/Src/stm32f3xx_hal_i2c.o
 .text.I2C_Slave_ISR_IT
                0x080034ac      0x208 ./Drivers/STM32F3xx_HAL_Driver/Src/stm32f3xx_hal_i2c.o
 .text.I2C_Master_ISR_DMA
                0x080036b4      0x204 ./Drivers/STM32F3xx_HAL_Driver/Src/stm32f3xx_hal_i2c.o
 .text.I2C_Mem_ISR_DMA
                0x080038b8      0x29c ./Drivers/STM32F3xx_HAL_Driver/Src/stm32f3xx_hal_i2c.o
 .text.I2C_Slave_ISR_DMA
                0x08003b54      0x1c2 ./Drivers/STM32F3xx_HAL_Driver/Src/stm32f3xx_hal_i2c.o
 .text.I2C_ITAddrCplt
                0x08003d16      0x108 ./Drivers/STM32F3xx_HAL_Driver/Src/stm32f3xx_hal_i2c.o
 .text.I2C_ITMasterSeqCplt
                0x08003e1e       0x7a ./Drivers/STM32F3xx_HAL_Driver/Src/stm32f3xx_hal_i2c.o
 .text.I2C_ITSlaveSeqCplt
                0x08003e98       0xbc ./Drivers/STM32F3xx_HAL_Driver/Src/stm32f3xx_hal_i2c.o
 .text.I2C_ITMasterCplt
                0x08003f54      0x194 ./Drivers/STM32F3xx_HAL_Driver/Src/stm32f3xx_hal_i2c.o
 .text.I2C_ITSlaveCplt
                0x080040e8      0x2d4 ./Drivers/STM32F3xx_HAL_Driver/Src/stm32f3xx_hal_i2c.o
 .text.I2C_ITListenCplt
                0x080043bc       0xac ./Drivers/STM32F3xx_HAL_Driver/Src/stm32f3xx_hal_i2c.o
 .text.I2C_ITError
                0x08004468      0x1e0 ./Drivers/STM32F3xx_HAL_Driver/Src/stm32f3xx_hal_i2c.o
 .text.I2C_TreatErrorCallback
                0x08004648       0x4e ./Drivers/STM32F3xx_HAL_Driver/Src/stm32f3xx_hal_i2c.o
 .text.I2C_Flush_TXDR
                0x08004696       0x48 ./Drivers/STM32F3xx_HAL_Driver/Src/stm32f3xx_hal_i2c.o
 .text.I2C_DMAMasterTransmitCplt
                0x080046de       0x96 ./Drivers/STM32F3xx_HAL_Driver/Src/stm32f3xx_hal_i2c.o
 .text.I2C_DMAMasterReceiveCplt
                0x08004774       0xb2 ./Drivers/STM32F3xx_HAL_Driver/Src/stm32f3xx_hal_i2c.o
 .text.I2C_DMAError
                0x08004826       0x2e ./Drivers/STM32F3xx_HAL_Driver/Src/stm32f3xx_hal_i2c.o
 .text.I2C_DMAAbort
                0x08004854       0x3c ./Drivers/STM32F3xx_HAL_Driver/Src/stm32f3xx_hal_i2c.o
 .text.I2C_TransferConfig
                0x08004890       0x64 ./Drivers/STM32F3xx_HAL_Driver/Src/stm32f3xx_hal_i2c.o
 .text.I2C_Enable_IRQ
                0x080048f4      0x108 ./Drivers/STM32F3xx_HAL_Driver/Src/stm32f3xx_hal_i2c.o
 .text.I2C_Disable_IRQ
                0x080049fc       0xbc ./Drivers/STM32F3xx_HAL_Driver/Src/stm32f3xx_hal_i2c.o
 .text.HAL_I2CEx_ConfigAnalogFilter
                0x08004ab8       0x96 ./Drivers/STM32F3xx_HAL_Driver/Src/stm32f3xx_hal_i2c_ex.o
                0x08004ab8                HAL_I2CEx_ConfigAnalogFilter
 .text.HAL_I2CEx_ConfigDigitalFilter
                0x08004b4e       0x98 ./Drivers/STM32F3xx_HAL_Driver/Src/stm32f3xx_hal_i2c_ex.o
                0x08004b4e                HAL_I2CEx_ConfigDigitalFilter
 *fill*         0x08004be6        0x2 
 .text.HAL_RCC_OscConfig
                0x08004be8     0x101c ./Drivers/STM32F3xx_HAL_Driver/Src/stm32f3xx_hal_rcc.o
                0x08004be8                HAL_RCC_OscConfig
 .text.HAL_RCC_ClockConfig
                0x08005c04      0x2dc ./Drivers/STM32F3xx_HAL_Driver/Src/stm32f3xx_hal_rcc.o
                0x08005c04                HAL_RCC_ClockConfig
 .text.HAL_RCC_GetSysClockFreq
                0x08005ee0       0xac ./Drivers/STM32F3xx_HAL_Driver/Src/stm32f3xx_hal_rcc.o
                0x08005ee0                HAL_RCC_GetSysClockFreq
 .text.HAL_RCCEx_PeriphCLKConfig
                0x08005f8c      0x248 ./Drivers/STM32F3xx_HAL_Driver/Src/stm32f3xx_hal_rcc_ex.o
                0x08005f8c                HAL_RCCEx_PeriphCLKConfig
 .text.HAL_TIM_Base_Init
                0x080061d4       0xae ./Drivers/STM32F3xx_HAL_Driver/Src/stm32f3xx_hal_tim.o
                0x080061d4                HAL_TIM_Base_Init
 *fill*         0x08006282        0x2 
 .text.HAL_TIM_Base_Start_IT
                0x08006284       0xb8 ./Drivers/STM32F3xx_HAL_Driver/Src/stm32f3xx_hal_tim.o
                0x08006284                HAL_TIM_Base_Start_IT
 .text.HAL_TIM_PWM_Init
                0x0800633c       0xae ./Drivers/STM32F3xx_HAL_Driver/Src/stm32f3xx_hal_tim.o
                0x0800633c                HAL_TIM_PWM_Init
 .text.HAL_TIM_PWM_MspInit
                0x080063ea       0x14 ./Drivers/STM32F3xx_HAL_Driver/Src/stm32f3xx_hal_tim.o
                0x080063ea                HAL_TIM_PWM_MspInit
 *fill*         0x080063fe        0x2 
 .text.HAL_TIM_PWM_Start
                0x08006400      0x1d8 ./Drivers/STM32F3xx_HAL_Driver/Src/stm32f3xx_hal_tim.o
                0x08006400                HAL_TIM_PWM_Start
 .text.HAL_TIM_IRQHandler
                0x080065d8      0x204 ./Drivers/STM32F3xx_HAL_Driver/Src/stm32f3xx_hal_tim.o
                0x080065d8                HAL_TIM_IRQHandler
 .text.HAL_TIM_PWM_ConfigChannel
                0x080067dc      0x228 ./Drivers/STM32F3xx_HAL_Driver/Src/stm32f3xx_hal_tim.o
                0x080067dc                HAL_TIM_PWM_ConfigChannel
 .text.HAL_TIM_ConfigClockSource
                0x08006a04      0x192 ./Drivers/STM32F3xx_HAL_Driver/Src/stm32f3xx_hal_tim.o
                0x08006a04                HAL_TIM_ConfigClockSource
 .text.HAL_TIM_OC_DelayElapsedCallback
                0x08006b96       0x14 ./Drivers/STM32F3xx_HAL_Driver/Src/stm32f3xx_hal_tim.o
                0x08006b96                HAL_TIM_OC_DelayElapsedCallback
 .text.HAL_TIM_IC_CaptureCallback
                0x08006baa       0x14 ./Drivers/STM32F3xx_HAL_Driver/Src/stm32f3xx_hal_tim.o
                0x08006baa                HAL_TIM_IC_CaptureCallback
 .text.HAL_TIM_PWM_PulseFinishedCallback
                0x08006bbe       0x14 ./Drivers/STM32F3xx_HAL_Driver/Src/stm32f3xx_hal_tim.o
                0x08006bbe                HAL_TIM_PWM_PulseFinishedCallback
 .text.HAL_TIM_TriggerCallback
                0x08006bd2       0x14 ./Drivers/STM32F3xx_HAL_Driver/Src/stm32f3xx_hal_tim.o
                0x08006bd2                HAL_TIM_TriggerCallback
 *fill*         0x08006be6        0x2 
 .text.TIM_Base_SetConfig
                0x08006be8      0x108 ./Drivers/STM32F3xx_HAL_Driver/Src/stm32f3xx_hal_tim.o
                0x08006be8                TIM_Base_SetConfig
 .text.TIM_OC1_SetConfig
                0x08006cf0      0x10c ./Drivers/STM32F3xx_HAL_Driver/Src/stm32f3xx_hal_tim.o
 .text.TIM_OC2_SetConfig
                0x08006dfc      0x100 ./Drivers/STM32F3xx_HAL_Driver/Src/stm32f3xx_hal_tim.o
                0x08006dfc                TIM_OC2_SetConfig
 .text.TIM_OC3_SetConfig
                0x08006efc       0xfc ./Drivers/STM32F3xx_HAL_Driver/Src/stm32f3xx_hal_tim.o
 .text.TIM_OC4_SetConfig
                0x08006ff8       0xc8 ./Drivers/STM32F3xx_HAL_Driver/Src/stm32f3xx_hal_tim.o
 .text.TIM_OC5_SetConfig
                0x080070c0       0xbc ./Drivers/STM32F3xx_HAL_Driver/Src/stm32f3xx_hal_tim.o
 .text.TIM_OC6_SetConfig
                0x0800717c       0xc0 ./Drivers/STM32F3xx_HAL_Driver/Src/stm32f3xx_hal_tim.o
 .text.TIM_TI1_ConfigInputStage
                0x0800723c       0x5e ./Drivers/STM32F3xx_HAL_Driver/Src/stm32f3xx_hal_tim.o
 .text.TIM_TI2_ConfigInputStage
                0x0800729a       0x60 ./Drivers/STM32F3xx_HAL_Driver/Src/stm32f3xx_hal_tim.o
 .text.TIM_ITRx_SetConfig
                0x080072fa       0x36 ./Drivers/STM32F3xx_HAL_Driver/Src/stm32f3xx_hal_tim.o
 .text.TIM_ETR_SetConfig
                0x08007330       0x40 ./Drivers/STM32F3xx_HAL_Driver/Src/stm32f3xx_hal_tim.o
                0x08007330                TIM_ETR_SetConfig
 .text.TIM_CCxChannelCmd
                0x08007370       0x4a ./Drivers/STM32F3xx_HAL_Driver/Src/stm32f3xx_hal_tim.o
                0x08007370                TIM_CCxChannelCmd
 *fill*         0x080073ba        0x2 
 .text.HAL_TIMEx_MasterConfigSynchronization
                0x080073bc       0xdc ./Drivers/STM32F3xx_HAL_Driver/Src/stm32f3xx_hal_tim_ex.o
                0x080073bc                HAL_TIMEx_MasterConfigSynchronization
 .text.HAL_TIMEx_CommutCallback
                0x08007498       0x14 ./Drivers/STM32F3xx_HAL_Driver/Src/stm32f3xx_hal_tim_ex.o
                0x08007498                HAL_TIMEx_CommutCallback
 .text.HAL_TIMEx_BreakCallback
                0x080074ac       0x14 ./Drivers/STM32F3xx_HAL_Driver/Src/stm32f3xx_hal_tim_ex.o
                0x080074ac                HAL_TIMEx_BreakCallback
 .text.HAL_TIMEx_Break2Callback
                0x080074c0       0x14 ./Drivers/STM32F3xx_HAL_Driver/Src/stm32f3xx_hal_tim_ex.o
                0x080074c0                HAL_TIMEx_Break2Callback
 .text.CAN_Init
                0x080074d4       0x70 ./Main_app/Src/EKO_LIB/can_driver.o
                0x080074d4                CAN_Init
 .text.CAN_AddScheduledMsg
                0x08007544      0x11a ./Main_app/Src/EKO_LIB/can_driver.o
                0x08007544                CAN_AddScheduledMsg
 .text.CAN_RemoveScheduledMsg
                0x0800765e       0xe4 ./Main_app/Src/EKO_LIB/can_driver.o
                0x0800765e                CAN_RemoveScheduledMsg
 .text.CAN_HandleScheduled
                0x08007742       0xfa ./Main_app/Src/EKO_LIB/can_driver.o
                0x08007742                CAN_HandleScheduled
 .text.CAN_GetIncomingMsgId
                0x0800783c       0x26 ./Main_app/Src/EKO_LIB/can_driver.o
 .text.CAN_AddIncomingMsg
                0x08007862       0x8a ./Main_app/Src/EKO_LIB/can_driver.o
                0x08007862                CAN_AddIncomingMsg
 .text.CAN_GetLatestMessage
                0x080078ec       0xf2 ./Main_app/Src/EKO_LIB/can_driver.o
                0x080078ec                CAN_GetLatestMessage
 .text.HAL_CAN_RxFifo0MsgPendingCallback
                0x080079de       0x20 ./Main_app/Src/MY_LIB/MY_driver_can.o
                0x080079de                HAL_CAN_RxFifo0MsgPendingCallback
 *fill*         0x080079fe        0x2 
 .text.CAN_ReadFrame
                0x08007a00       0x48 ./Main_app/Src/MY_LIB/MY_driver_can.o
                0x08007a00                CAN_ReadFrame
 .text.CAN_GetFrame
                0x08007a48       0x5c ./Main_app/Src/MY_LIB/MY_driver_can.o
                0x08007a48                CAN_GetFrame
 .text.CAN_WriteFrame
                0x08007aa4       0x52 ./Main_app/Src/MY_LIB/MY_driver_can.o
                0x08007aa4                CAN_WriteFrame
 *fill*         0x08007af6        0x2 
 .text.MapIdToFrameEnum
                0x08007af8      0x1f0 ./Main_app/Src/MY_LIB/MY_driver_can.o
 .text.FAN_FetcherPulse
                0x08007ce8       0x30 ./Main_app/Src/MY_LIB/MY_driver_fan.o
                0x08007ce8                FAN_FetcherPulse
 .text.FAN_SetPulseExternCabin
                0x08007d18       0x20 ./Main_app/Src/MY_LIB/MY_driver_fan.o
                0x08007d18                FAN_SetPulseExternCabin
 .text.FAN_PulseReset
                0x08007d38       0x24 ./Main_app/Src/MY_LIB/MY_driver_fan.o
                0x08007d38                FAN_PulseReset
 .text.FAN_SetOnOff
                0x08007d5c       0xc0 ./Main_app/Src/MY_LIB/MY_driver_fan.o
                0x08007d5c                FAN_SetOnOff
 .text.FAN_SetMaxTemp
                0x08007e1c       0x7c ./Main_app/Src/MY_LIB/MY_driver_fan.o
                0x08007e1c                FAN_SetMaxTemp
 .text.FAN_BatteryController
                0x08007e98       0x98 ./Main_app/Src/MY_LIB/MY_driver_fan.o
                0x08007e98                FAN_BatteryController
 .text.FAN_CabinController
                0x08007f30       0x80 ./Main_app/Src/MY_LIB/MY_driver_fan.o
                0x08007f30                FAN_CabinController
 .text.FAN_SetPulseInternal
                0x08007fb0       0x50 ./Main_app/Src/MY_LIB/MY_driver_fan.o
                0x08007fb0                FAN_SetPulseInternal
 .text.FAN_SetMaxTempPacket
                0x08008000       0xa0 ./Main_app/Src/MY_LIB/MY_driver_fan.o
 .text.HAL_I2C_MasterRxCpltCallback
                0x080080a0       0x30 ./Main_app/Src/MY_LIB/MY_driver_i2c.o
                0x080080a0                HAL_I2C_MasterRxCpltCallback
 .text.HAL_I2C_MasterTxCpltCallback
                0x080080d0       0x14 ./Main_app/Src/MY_LIB/MY_driver_i2c.o
                0x080080d0                HAL_I2C_MasterTxCpltCallback
 .text.AM2320_Init
                0x080080e4       0xac ./Main_app/Src/MY_LIB/MY_driver_i2c.o
                0x080080e4                AM2320_Init
 .text.AM2320_StartMeasure
                0x08008190       0x2c ./Main_app/Src/MY_LIB/MY_driver_i2c.o
                0x08008190                AM2320_StartMeasure
 .text.AM2320_GetTempHum
                0x080081bc       0x30 ./Main_app/Src/MY_LIB/MY_driver_i2c.o
                0x080081bc                AM2320_GetTempHum
 .text.AM2320_StateMachine
                0x080081ec      0x108 ./Main_app/Src/MY_LIB/MY_driver_i2c.o
                0x080081ec                AM2320_StateMachine
 .text.AM2320_PrepareData
                0x080082f4       0x80 ./Main_app/Src/MY_LIB/MY_driver_i2c.o
 .text.AM2320_IsTime
                0x08008374       0x2c ./Main_app/Src/MY_LIB/MY_driver_i2c.o
 .text.AM2320_FetchTempRh
                0x080083a0       0x58 ./Main_app/Src/MY_LIB/MY_driver_i2c.o
 .text.I2C_TransmitMessage
                0x080083f8       0x34 ./Main_app/Src/MY_LIB/MY_driver_i2c.o
 .text.I2C_ReceiveMessage
                0x0800842c       0x34 ./Main_app/Src/MY_LIB/MY_driver_i2c.o
 .text.SERWO_OpenCanal
                0x08008460       0x24 ./Main_app/Src/MY_LIB/MY_driver_serwo.o
                0x08008460                SERWO_OpenCanal
 *fill*         0x08008484        0x4 
 .text.SERWO_FetcherPulse
                0x08008488       0x80 ./Main_app/Src/MY_LIB/MY_driver_serwo.o
                0x08008488                SERWO_FetcherPulse
 .text.SERWO_SetPulseExtern
                0x08008508       0xb8 ./Main_app/Src/MY_LIB/MY_driver_serwo.o
                0x08008508                SERWO_SetPulseExtern
 .text.SERWO_ScalerPulse
                0x080085c0       0x64 ./Main_app/Src/MY_LIB/MY_driver_serwo.o
                0x080085c0                SERWO_ScalerPulse
 .text.SERWO_SetPulseInternal
                0x08008624       0x60 ./Main_app/Src/MY_LIB/MY_driver_serwo.o
                0x08008624                SERWO_SetPulseInternal
 .text.HAL_TIM_PeriodElapsedCallback
                0x08008684       0x48 ./Main_app/Src/cooler_left_app.o
                0x08008684                HAL_TIM_PeriodElapsedCallback
 .text.COOLER_refresh_pulse
                0x080086cc       0x4c ./Main_app/Src/cooler_left_app.o
                0x080086cc                COOLER_refresh_pulse
 .text.COOLER_IsTimeSendMsg
                0x08008718       0x30 ./Main_app/Src/cooler_left_app.o
                0x08008718                COOLER_IsTimeSendMsg
 .text.Init_Cooler
                0x08008748       0x54 ./Main_app/Src/cooler_left_app.o
                0x08008748                Init_Cooler
 .text.COOLER_app
                0x0800879c       0x70 ./Main_app/Src/cooler_left_app.o
                0x0800879c                COOLER_app
 .text.memset   0x0800880c       0x10 C:/ST/STM32CubeIDE_1.19.0/STM32CubeIDE/plugins/com.st.stm32cube.ide.mcu.externaltools.gnu-tools-for-stm32.14.3.rel1.win32_1.0.100.202602081740/tools/bin/../lib/gcc/arm-none-eabi/14.3.1/../../../../arm-none-eabi/lib/thumb/v7e-m+fp/hard\libc_nano.a(libc_a-memset.o)
                0x0800880c                memset
 .text.__libc_init_array
                0x0800881c       0x48 C:/ST/STM32CubeIDE_1.19.0/STM32CubeIDE/plugins/com.st.stm32cube.ide.mcu.externaltools.gnu-tools-for-stm32.14.3.rel1.win32_1.0.100.202602081740/tools/bin/../lib/gcc/arm-none-eabi/14.3.1/../../../../arm-none-eabi/lib/thumb/v7e-m+fp/hard\libc_nano.a(libc_a-init.o)
                0x0800881c                __libc_init_array
 .text.memcpy   0x08008864       0x1c C:/ST/STM32CubeIDE_1.19.0/STM32CubeIDE/plugins/com.st.stm32cube.ide.mcu.externaltools.gnu-tools-for-stm32.14.3.rel1.win32_1.0.100.202602081740/tools/bin/../lib/gcc/arm-none-eabi/14.3.1/../../../../arm-none-eabi/lib/thumb/v7e-m+fp/hard\libc_nano.a(libc_a-memcpy-stub.o)
                0x08008864                memcpy
 *(.glue_7)
 .glue_7        0x08008880        0x0 linker stubs
 *(.glue_7t)
 .glue_7t       0x08008880        0x0 linker stubs
 *(.eh_frame)
 .eh_frame      0x08008880        0x0 C:/ST/STM32CubeIDE_1.19.0/STM32CubeIDE/plugins/com.st.stm32cube.ide.mcu.externaltools.gnu-tools-for-stm32.14.3.rel1.win32_1.0.100.202602081740/tools/bin/../lib/gcc/arm-none-eabi/14.3.1/thumb/v7e-m+fp/hard/crtbegin.o
 *(.init)
 .init          0x08008880        0x4 C:/ST/STM32CubeIDE_1.19.0/STM32CubeIDE/plugins/com.st.stm32cube.ide.mcu.externaltools.gnu-tools-for-stm32.14.3.rel1.win32_1.0.100.202602081740/tools/bin/../lib/gcc/arm-none-eabi/14.3.1/thumb/v7e-m+fp/hard/crti.o
                0x08008880                _init
 .init          0x08008884        0x8 C:/ST/STM32CubeIDE_1.19.0/STM32CubeIDE/plugins/com.st.stm32cube.ide.mcu.externaltools.gnu-tools-for-stm32.14.3.rel1.win32_1.0.100.202602081740/tools/bin/../lib/gcc/arm-none-eabi/14.3.1/thumb/v7e-m+fp/hard/crtn.o
 *(.fini)
 .fini          0x0800888c        0x4 C:/ST/STM32CubeIDE_1.19.0/STM32CubeIDE/plugins/com.st.stm32cube.ide.mcu.externaltools.gnu-tools-for-stm32.14.3.rel1.win32_1.0.100.202602081740/tools/bin/../lib/gcc/arm-none-eabi/14.3.1/thumb/v7e-m+fp/hard/crti.o
                0x0800888c                _fini
 .fini          0x08008890        0x8 C:/ST/STM32CubeIDE_1.19.0/STM32CubeIDE/plugins/com.st.stm32cube.ide.mcu.externaltools.gnu-tools-for-stm32.14.3.rel1.win32_1.0.100.202602081740/tools/bin/../lib/gcc/arm-none-eabi/14.3.1/thumb/v7e-m+fp/hard/crtn.o
                0x08008898                        . = ALIGN (0x4)
                0x08008898                        _etext = .

.vfp11_veneer   0x08008898        0x0
 .vfp11_veneer  0x08008898        0x0 linker stubs

.v4_bx          0x08008898        0x0
 .v4_bx         0x08008898        0x0 linker stubs

.iplt           0x08008898        0x0
 .iplt          0x08008898        0x0 C:/ST/STM32CubeIDE_1.19.0/STM32CubeIDE/plugins/com.st.stm32cube.ide.mcu.externaltools.gnu-tools-for-stm32.14.3.rel1.win32_1.0.100.202602081740/tools/bin/../lib/gcc/arm-none-eabi/14.3.1/thumb/v7e-m+fp/hard/crtbegin.o

.rodata         0x08008898       0x34
                0x08008898                        . = ALIGN (0x4)
 *(.rodata)
 .rodata        0x08008898        0x3 ./Main_app/Src/MY_LIB/MY_driver_i2c.o
 *(.rodata*)
 *fill*         0x0800889b        0x1 
 .rodata.AHBPrescTable
                0x0800889c       0x10 ./Core/Src/system_stm32f3xx.o
                0x0800889c                AHBPrescTable
 .rodata.aPLLMULFactorTable
                0x080088ac       0x10 ./Drivers/STM32F3xx_HAL_Driver/Src/stm32f3xx_hal_rcc.o
 .rodata.aPredivFactorTable
                0x080088bc       0x10 ./Drivers/STM32F3xx_HAL_Driver/Src/stm32f3xx_hal_rcc.o
                0x080088cc                        . = ALIGN (0x4)

.ARM.extab      0x080088cc        0x0
                0x080088cc                        . = ALIGN (0x4)
 *(.ARM.extab* .gnu.linkonce.armextab.*)
                0x080088cc                        . = ALIGN (0x4)

.ARM            0x080088cc        0x0
                0x080088cc                        . = ALIGN (0x4)
                0x080088cc                        __exidx_start = .
 *(.ARM.exidx*)
                0x080088cc                        __exidx_end = .
                0x080088cc                        . = ALIGN (0x4)

.preinit_array  0x080088cc        0x0
                0x080088cc                        . = ALIGN (0x4)
                0x080088cc                        PROVIDE (__preinit_array_start = .)
 *(.preinit_array*)
                0x080088cc                        PROVIDE (__preinit_array_end = .)
                0x080088cc                        . = ALIGN (0x4)

.init_array     0x080088cc        0x4
                0x080088cc                        . = ALIGN (0x4)
                0x080088cc                        PROVIDE (__init_array_start = .)
 *(SORT_BY_NAME(.init_array.*))
 *(.init_array*)
 .init_array    0x080088cc        0x4 C:/ST/STM32CubeIDE_1.19.0/STM32CubeIDE/plugins/com.st.stm32cube.ide.mcu.externaltools.gnu-tools-for-stm32.14.3.rel1.win32_1.0.100.202602081740/tools/bin/../lib/gcc/arm-none-eabi/14.3.1/thumb/v7e-m+fp/hard/crtbegin.o
                0x080088d0                        PROVIDE (__init_array_end = .)
                0x080088d0                        . = ALIGN (0x4)

.fini_array     0x080088d0        0x4
                0x080088d0                        . = ALIGN (0x4)
                [!provide]                        PROVIDE (__fini_array_start = .)
 *(SORT_BY_NAME(.fini_array.*))
 *(.fini_array*)
 .fini_array    0x080088d0        0x4 C:/ST/STM32CubeIDE_1.19.0/STM32CubeIDE/plugins/com.st.stm32cube.ide.mcu.externaltools.gnu-tools-for-stm32.14.3.rel1.win32_1.0.100.202602081740/tools/bin/../lib/gcc/arm-none-eabi/14.3.1/thumb/v7e-m+fp/hard/crtbegin.o
                [!provide]                        PROVIDE (__fini_array_end = .)
                0x080088d4                        . = ALIGN (0x4)
                0x080088d4                        _sidata = LOADADDR (.data)

.rel.dyn        0x080088d4        0x0
 .rel.iplt      0x080088d4        0x0 C:/ST/STM32CubeIDE_1.19.0/STM32CubeIDE/plugins/com.st.stm32cube.ide.mcu.externaltools.gnu-tools-for-stm32.14.3.rel1.win32_1.0.100.202602081740/tools/bin/../lib/gcc/arm-none-eabi/14.3.1/thumb/v7e-m+fp/hard/crtbegin.o

.data           0x20000000        0xc load address 0x080088d4
                0x20000000                        . = ALIGN (0x4)
                0x20000000                        _sdata = .
 *(.data)
 *(.data*)
 .data.SystemCoreClock
                0x20000000        0x4 ./Core/Src/system_stm32f3xx.o
                0x20000000                SystemCoreClock
 .data.uwTickPrio
                0x20000004        0x4 ./Drivers/STM32F3xx_HAL_Driver/Src/stm32f3xx_hal.o
                0x20000004                uwTickPrio
 .data.uwTickFreq
                0x20000008        0x1 ./Drivers/STM32F3xx_HAL_Driver/Src/stm32f3xx_hal.o
                0x20000008                uwTickFreq
 *(.RamFunc)
 *(.RamFunc*)
                0x2000000c                        . = ALIGN (0x4)
 *fill*         0x20000009        0x3 
                0x2000000c                        _edata = .
                0x080088e0                        _siccmram = LOADADDR (.ccmram)

.igot.plt       0x2000000c        0x0 load address 0x080088e0
 .igot.plt      0x2000000c        0x0 C:/ST/STM32CubeIDE_1.19.0/STM32CubeIDE/plugins/com.st.stm32cube.ide.mcu.externaltools.gnu-tools-for-stm32.14.3.rel1.win32_1.0.100.202602081740/tools/bin/../lib/gcc/arm-none-eabi/14.3.1/thumb/v7e-m+fp/hard/crtbegin.o

.ccmram         0x10000000        0x0 load address 0x080088e0
                0x10000000                        . = ALIGN (0x4)
                0x10000000                        _sccmram = .
 *(.ccmram)
 *(.ccmram*)
                0x10000000                        . = ALIGN (0x4)
                0x10000000                        _eccmram = .
                0x10000000                        . = ALIGN (0x4)

.bss            0x20000010      0xdc4
                0x20000010                        _sbss = .
                0x20000010                        __bss_start__ = _sbss
 *(.bss)
 .bss           0x20000010       0x1c C:/ST/STM32CubeIDE_1.19.0/STM32CubeIDE/plugins/com.st.stm32cube.ide.mcu.externaltools.gnu-tools-for-stm32.14.3.rel1.win32_1.0.100.202602081740/tools/bin/../lib/gcc/arm-none-eabi/14.3.1/thumb/v7e-m+fp/hard/crtbegin.o
 *(.bss*)
 .bss.hcan      0x2000002c       0x28 ./Core/Src/can.o
                0x2000002c                hcan
 .bss.hi2c1     0x20000054       0x54 ./Core/Src/i2c.o
                0x20000054                hi2c1
 .bss.hdma_i2c1_rx
                0x200000a8       0x44 ./Core/Src/i2c.o
                0x200000a8                hdma_i2c1_rx
 .bss.hdma_i2c1_tx
                0x200000ec       0x44 ./Core/Src/i2c.o
                0x200000ec                hdma_i2c1_tx
 .bss.htim2     0x20000130       0x4c ./Core/Src/tim.o
                0x20000130                htim2
 .bss.htim3     0x2000017c       0x4c ./Core/Src/tim.o
                0x2000017c                htim3
 .bss.htim6     0x200001c8       0x4c ./Core/Src/tim.o
                0x200001c8                htim6
 .bss.htim7     0x20000214       0x4c ./Core/Src/tim.o
                0x20000214                htim7
 .bss.uwTick    0x20000260        0x4 ./Drivers/STM32F3xx_HAL_Driver/Src/stm32f3xx_hal.o
                0x20000260                uwTick
 .bss.canBufferRx
                0x20000264      0x484 ./Main_app/Src/MY_LIB/MY_driver_can.o
 .bss.canBufferTx
                0x200006e8      0x608 ./Main_app/Src/MY_LIB/MY_driver_can.o
                0x200006e8                canBufferTx
 .bss.fan1Pulse
                0x20000cf0        0x1 ./Main_app/Src/MY_LIB/MY_driver_fan.o
 .bss.fan2Pulse
                0x20000cf1        0x1 ./Main_app/Src/MY_LIB/MY_driver_fan.o
 *fill*         0x20000cf2        0x2 
 .bss.batteryMaxTemp
                0x20000cf4        0x4 ./Main_app/Src/MY_LIB/MY_driver_fan.o
                0x20000cf4                batteryMaxTemp
 .bss.tempPacket.6
                0x20000cf8       0x24 ./Main_app/Src/MY_LIB/MY_driver_fan.o
 .bss.lastTick.5
                0x20000d1c        0x4 ./Main_app/Src/MY_LIB/MY_driver_fan.o
 .bss.pwmDuty.4
                0x20000d20        0x1 ./Main_app/Src/MY_LIB/MY_driver_fan.o
 *fill*         0x20000d21        0x1 
 .bss.tempX10.3
                0x20000d22        0x2 ./Main_app/Src/MY_LIB/MY_driver_fan.o
 .bss.lastTick.2
                0x20000d24        0x4 ./Main_app/Src/MY_LIB/MY_driver_fan.o
 .bss.humX10.1  0x20000d28        0x2 ./Main_app/Src/MY_LIB/MY_driver_fan.o
 .bss.pwmDuty.0
                0x20000d2a        0x1 ./Main_app/Src/MY_LIB/MY_driver_fan.o
 .bss.am2320State
                0x20000d2b        0x1 ./Main_app/Src/MY_LIB/MY_driver_i2c.o
 .bss.am2320TempX10
                0x20000d2c        0x2 ./Main_app/Src/MY_LIB/MY_driver_i2c.o
 .bss.am2320RhX10
                0x20000d2e        0x2 ./Main_app/Src/MY_LIB/MY_driver_i2c.o
 .bss.am2320WakeUp
                0x20000d30       0x30 ./Main_app/Src/MY_LIB/MY_driver_i2c.o
 .bss.am2320Measure
                0x20000d60       0x30 ./Main_app/Src/MY_LIB/MY_driver_i2c.o
 .bss.am2320Read
                0x20000d90       0x30 ./Main_app/Src/MY_LIB/MY_driver_i2c.o
 .bss.serwo1Pulse
                0x20000dc0        0x1 ./Main_app/Src/MY_LIB/MY_driver_serwo.o
 .bss.serwo2Pulse
                0x20000dc1        0x1 ./Main_app/Src/MY_LIB/MY_driver_serwo.o
 *fill*         0x20000dc2        0x2 
 .bss.msg       0x20000dc4        0x9 ./Main_app/Src/cooler_left_app.o
 .bss.interuptCanFlag
                0x20000dcd        0x1 ./Main_app/Src/cooler_left_app.o
                0x20000dcd                interuptCanFlag
 *fill*         0x20000dce        0x2 
 .bss.lastTick.0
                0x20000dd0        0x4 ./Main_app/Src/cooler_left_app.o
 *(COMMON)
                0x20000dd4                        . = ALIGN (0x4)
                0x20000dd4                        _ebss = .
                0x20000dd4                        __bss_end__ = _ebss

._user_heap_stack
                0x20000dd4      0x604
                0x20000dd8                        . = ALIGN (0x8)
 *fill*         0x20000dd4        0x4 
                [!provide]                        PROVIDE (end = .)
                0x20000dd8                        PROVIDE (_end = .)
                0x20000fd8                        . = (. + _Min_Heap_Size)
 *fill*         0x20000dd8      0x200 
                0x200013d8                        . = (. + _Min_Stack_Size)
 *fill*         0x20000fd8      0x400 
                0x200013d8                        . = ALIGN (0x8)

/DISCARD/
 libc.a(*)
 libm.a(*)
 libgcc.a(*)

.ARM.attributes
                0x00000000       0x30
 *(.ARM.attributes)
 .ARM.attributes
                0x00000000       0x22 C:/ST/STM32CubeIDE_1.19.0/STM32CubeIDE/plugins/com.st.stm32cube.ide.mcu.externaltools.gnu-tools-for-stm32.14.3.rel1.win32_1.0.100.202602081740/tools/bin/../lib/gcc/arm-none-eabi/14.3.1/thumb/v7e-m+fp/hard/crti.o
 .ARM.attributes
                0x00000022       0x34 C:/ST/STM32CubeIDE_1.19.0/STM32CubeIDE/plugins/com.st.stm32cube.ide.mcu.externaltools.gnu-tools-for-stm32.14.3.rel1.win32_1.0.100.202602081740/tools/bin/../lib/gcc/arm-none-eabi/14.3.1/thumb/v7e-m+fp/hard/crtbegin.o
 .ARM.attributes
                0x00000056       0x34 ./Core/Src/can.o
 .ARM.attributes
                0x0000008a       0x34 ./Core/Src/dma.o
 .ARM.attributes
                0x000000be       0x34 ./Core/Src/gpio.o
 .ARM.attributes
                0x000000f2       0x34 ./Core/Src/i2c.o
 .ARM.attributes
                0x00000126       0x34 ./Core/Src/main.o
 .ARM.attributes
                0x0000015a       0x34 ./Core/Src/stm32f3xx_hal_msp.o
 .ARM.attributes
                0x0000018e       0x34 ./Core/Src/stm32f3xx_it.o
 .ARM.attributes
                0x000001c2       0x34 ./Core/Src/system_stm32f3xx.o
 .ARM.attributes
                0x000001f6       0x34 ./Core/Src/tim.o
 .ARM.attributes
                0x0000022a       0x21 ./Core/Startup/startup_stm32f303k8tx.o
 .ARM.attributes
                0x0000024b       0x34 ./Drivers/STM32F3xx_HAL_Driver/Src/stm32f3xx_hal.o
 .ARM.attributes
                0x0000027f       0x34 ./Drivers/STM32F3xx_HAL_Driver/Src/stm32f3xx_hal_can.o
 .ARM.attributes
                0x000002b3       0x34 ./Drivers/STM32F3xx_HAL_Driver/Src/stm32f3xx_hal_cortex.o
 .ARM.attributes
                0x000002e7       0x34 ./Drivers/STM32F3xx_HAL_Driver/Src/stm32f3xx_hal_dma.o
 .ARM.attributes
                0x0000031b       0x34 ./Drivers/STM32F3xx_HAL_Driver/Src/stm32f3xx_hal_gpio.o
 .ARM.attributes
                0x0000034f       0x34 ./Drivers/STM32F3xx_HAL_Driver/Src/stm32f3xx_hal_i2c.o
 .ARM.attributes
                0x00000383       0x34 ./Drivers/STM32F3xx_HAL_Driver/Src/stm32f3xx_hal_i2c_ex.o
 .ARM.attributes
                0x000003b7       0x34 ./Drivers/STM32F3xx_HAL_Driver/Src/stm32f3xx_hal_rcc.o
 .ARM.attributes
                0x000003eb       0x34 ./Drivers/STM32F3xx_HAL_Driver/Src/stm32f3xx_hal_rcc_ex.o
 .ARM.attributes
                0x0000041f       0x34 ./Drivers/STM32F3xx_HAL_Driver/Src/stm32f3xx_hal_tim.o
 .ARM.attributes
                0x00000453       0x34 ./Drivers/STM32F3xx_HAL_Driver/Src/stm32f3xx_hal_tim_ex.o
 .ARM.attributes
                0x00000487       0x34 ./Main_app/Src/EKO_LIB/can_driver.o
 .ARM.attributes
                0x000004bb       0x34 ./Main_app/Src/MY_LIB/MY_driver_can.o
 .ARM.attributes
                0x000004ef       0x34 ./Main_app/Src/MY_LIB/MY_driver_fan.o
 .ARM.attributes
                0x00000523       0x34 ./Main_app/Src/MY_LIB/MY_driver_i2c.o
 .ARM.attributes
                0x00000557       0x34 ./Main_app/Src/MY_LIB/MY_driver_serwo.o
 .ARM.attributes
                0x0000058b       0x34 ./Main_app/Src/cooler_left_app.o
 .ARM.attributes
                0x000005bf       0x34 C:/ST/STM32CubeIDE_1.19.0/STM32CubeIDE/plugins/com.st.stm32cube.ide.mcu.externaltools.gnu-tools-for-stm32.14.3.rel1.win32_1.0.100.202602081740/tools/bin/../lib/gcc/arm-none-eabi/14.3.1/../../../../arm-none-eabi/lib/thumb/v7e-m+fp/hard\libc_nano.a(libc_a-memset.o)
 .ARM.attributes
                0x000005f3       0x34 C:/ST/STM32CubeIDE_1.19.0/STM32CubeIDE/plugins/com.st.stm32cube.ide.mcu.externaltools.gnu-tools-for-stm32.14.3.rel1.win32_1.0.100.202602081740/tools/bin/../lib/gcc/arm-none-eabi/14.3.1/../../../../arm-none-eabi/lib/thumb/v7e-m+fp/hard\libc_nano.a(libc_a-init.o)
 .ARM.attributes
                0x00000627       0x34 C:/ST/STM32CubeIDE_1.19.0/STM32CubeIDE/plugins/com.st.stm32cube.ide.mcu.externaltools.gnu-tools-for-stm32.14.3.rel1.win32_1.0.100.202602081740/tools/bin/../lib/gcc/arm-none-eabi/14.3.1/../../../../arm-none-eabi/lib/thumb/v7e-m+fp/hard\libc_nano.a(libc_a-memcpy-stub.o)
 .ARM.attributes
                0x0000065b       0x22 C:/ST/STM32CubeIDE_1.19.0/STM32CubeIDE/plugins/com.st.stm32cube.ide.mcu.externaltools.gnu-tools-for-stm32.14.3.rel1.win32_1.0.100.202602081740/tools/bin/../lib/gcc/arm-none-eabi/14.3.1/thumb/v7e-m+fp/hard\libgcc.a(_arm_addsubdf3.o)
 .ARM.attributes
                0x0000067d       0x22 C:/ST/STM32CubeIDE_1.19.0/STM32CubeIDE/plugins/com.st.stm32cube.ide.mcu.externaltools.gnu-tools-for-stm32.14.3.rel1.win32_1.0.100.202602081740/tools/bin/../lib/gcc/arm-none-eabi/14.3.1/thumb/v7e-m+fp/hard\libgcc.a(_arm_muldivdf3.o)
 .ARM.attributes
                0x0000069f       0x22 C:/ST/STM32CubeIDE_1.19.0/STM32CubeIDE/plugins/com.st.stm32cube.ide.mcu.externaltools.gnu-tools-for-stm32.14.3.rel1.win32_1.0.100.202602081740/tools/bin/../lib/gcc/arm-none-eabi/14.3.1/thumb/v7e-m+fp/hard\libgcc.a(_arm_fixunsdfsi.o)
 .ARM.attributes
                0x000006c1       0x22 C:/ST/STM32CubeIDE_1.19.0/STM32CubeIDE/plugins/com.st.stm32cube.ide.mcu.externaltools.gnu-tools-for-stm32.14.3.rel1.win32_1.0.100.202602081740/tools/bin/../lib/gcc/arm-none-eabi/14.3.1/thumb/v7e-m+fp/hard\libgcc.a(_arm_truncdfsf2.o)
 .ARM.attributes
                0x000006e3       0x22 C:/ST/STM32CubeIDE_1.19.0/STM32CubeIDE/plugins/com.st.stm32cube.ide.mcu.externaltools.gnu-tools-for-stm32.14.3.rel1.win32_1.0.100.202602081740/tools/bin/../lib/gcc/arm-none-eabi/14.3.1/thumb/v7e-m+fp/hard/crtn.o
OUTPUT(f303_perla_blank.elf elf32-littlearm)
LOAD linker stubs
LOAD C:/ST/STM32CubeIDE_1.19.0/STM32CubeIDE/plugins/com.st.stm32cube.ide.mcu.externaltools.gnu-tools-for-stm32.14.3.rel1.win32_1.0.100.202602081740/tools/bin/../lib/gcc/arm-none-eabi/14.3.1/../../../../arm-none-eabi/lib/thumb/v7e-m+fp/hard\libc.a
LOAD C:/ST/STM32CubeIDE_1.19.0/STM32CubeIDE/plugins/com.st.stm32cube.ide.mcu.externaltools.gnu-tools-for-stm32.14.3.rel1.win32_1.0.100.202602081740/tools/bin/../lib/gcc/arm-none-eabi/14.3.1/../../../../arm-none-eabi/lib/thumb/v7e-m+fp/hard\libm.a
LOAD C:/ST/STM32CubeIDE_1.19.0/STM32CubeIDE/plugins/com.st.stm32cube.ide.mcu.externaltools.gnu-tools-for-stm32.14.3.rel1.win32_1.0.100.202602081740/tools/bin/../lib/gcc/arm-none-eabi/14.3.1/thumb/v7e-m+fp/hard\libgcc.a

.debug_info     0x00000000    0x1366c
 .debug_info    0x00000000      0x8e8 ./Core/Src/can.o
 .debug_info    0x000008e8      0x2f3 ./Core/Src/dma.o
 .debug_info    0x00000bdb      0x321 ./Core/Src/gpio.o
 .debug_info    0x00000efc      0xb9e ./Core/Src/i2c.o
 .debug_info    0x00001a9a      0x373 ./Core/Src/main.o
 .debug_info    0x00001e0d      0x18d ./Core/Src/stm32f3xx_hal_msp.o
 .debug_info    0x00001f9a      0xe90 ./Core/Src/stm32f3xx_it.o
 .debug_info    0x00002e2a      0x407 ./Core/Src/system_stm32f3xx.o
 .debug_info    0x00003231      0xddb ./Core/Src/tim.o
 .debug_info    0x0000400c       0x30 ./Core/Startup/startup_stm32f303k8tx.o
 .debug_info    0x0000403c      0x74a ./Drivers/STM32F3xx_HAL_Driver/Src/stm32f3xx_hal.o
 .debug_info    0x00004786      0xf02 ./Drivers/STM32F3xx_HAL_Driver/Src/stm32f3xx_hal_can.o
 .debug_info    0x00005688      0xa87 ./Drivers/STM32F3xx_HAL_Driver/Src/stm32f3xx_hal_cortex.o
 .debug_info    0x0000610f      0x6e1 ./Drivers/STM32F3xx_HAL_Driver/Src/stm32f3xx_hal_dma.o
 .debug_info    0x000067f0      0x6a6 ./Drivers/STM32F3xx_HAL_Driver/Src/stm32f3xx_hal_gpio.o
 .debug_info    0x00006e96     0x20c3 ./Drivers/STM32F3xx_HAL_Driver/Src/stm32f3xx_hal_i2c.o
 .debug_info    0x00008f59      0x8c0 ./Drivers/STM32F3xx_HAL_Driver/Src/stm32f3xx_hal_i2c_ex.o
 .debug_info    0x00009819     0x148a ./Drivers/STM32F3xx_HAL_Driver/Src/stm32f3xx_hal_rcc.o
 .debug_info    0x0000aca3      0x52e ./Drivers/STM32F3xx_HAL_Driver/Src/stm32f3xx_hal_rcc_ex.o
 .debug_info    0x0000b1d1     0x2a70 ./Drivers/STM32F3xx_HAL_Driver/Src/stm32f3xx_hal_tim.o
 .debug_info    0x0000dc41     0x156d ./Drivers/STM32F3xx_HAL_Driver/Src/stm32f3xx_hal_tim_ex.o
 .debug_info    0x0000f1ae      0xa9e ./Main_app/Src/EKO_LIB/can_driver.o
 .debug_info    0x0000fc4c      0xa63 ./Main_app/Src/MY_LIB/MY_driver_can.o
 .debug_info    0x000106af      0xc63 ./Main_app/Src/MY_LIB/MY_driver_fan.o
 .debug_info    0x00011312      0xb0c ./Main_app/Src/MY_LIB/MY_driver_i2c.o
 .debug_info    0x00011e1e      0x8f6 ./Main_app/Src/MY_LIB/MY_driver_serwo.o
 .debug_info    0x00012714      0xf58 ./Main_app/Src/cooler_left_app.o

.debug_abbrev   0x00000000     0x36cb
 .debug_abbrev  0x00000000      0x207 ./Core/Src/can.o
 .debug_abbrev  0x00000207       0xfc ./Core/Src/dma.o
 .debug_abbrev  0x00000303      0x151 ./Core/Src/gpio.o
 .debug_abbrev  0x00000454      0x230 ./Core/Src/i2c.o
 .debug_abbrev  0x00000684      0x1aa ./Core/Src/main.o
 .debug_abbrev  0x0000082e       0xc6 ./Core/Src/stm32f3xx_hal_msp.o
 .debug_abbrev  0x000008f4      0x200 ./Core/Src/stm32f3xx_it.o
 .debug_abbrev  0x00000af4      0x11a ./Core/Src/system_stm32f3xx.o
 .debug_abbrev  0x00000c0e      0x254 ./Core/Src/tim.o
 .debug_abbrev  0x00000e62       0x24 ./Core/Startup/startup_stm32f303k8tx.o
 .debug_abbrev  0x00000e86      0x215 ./Drivers/STM32F3xx_HAL_Driver/Src/stm32f3xx_hal.o
 .debug_abbrev  0x0000109b      0x1fc ./Drivers/STM32F3xx_HAL_Driver/Src/stm32f3xx_hal_can.o
 .debug_abbrev  0x00001297      0x2f8 ./Drivers/STM32F3xx_HAL_Driver/Src/stm32f3xx_hal_cortex.o
 .debug_abbrev  0x0000158f      0x20d ./Drivers/STM32F3xx_HAL_Driver/Src/stm32f3xx_hal_dma.o
 .debug_abbrev  0x0000179c      0x1ca ./Drivers/STM32F3xx_HAL_Driver/Src/stm32f3xx_hal_gpio.o
 .debug_abbrev  0x00001966      0x260 ./Drivers/STM32F3xx_HAL_Driver/Src/stm32f3xx_hal_i2c.o
 .debug_abbrev  0x00001bc6      0x1c2 ./Drivers/STM32F3xx_HAL_Driver/Src/stm32f3xx_hal_i2c_ex.o
 .debug_abbrev  0x00001d88      0x300 ./Drivers/STM32F3xx_HAL_Driver/Src/stm32f3xx_hal_rcc.o
 .debug_abbrev  0x00002088      0x221 ./Drivers/STM32F3xx_HAL_Driver/Src/stm32f3xx_hal_rcc_ex.o
 .debug_abbrev  0x000022a9      0x278 ./Drivers/STM32F3xx_HAL_Driver/Src/stm32f3xx_hal_tim.o
 .debug_abbrev  0x00002521      0x283 ./Drivers/STM32F3xx_HAL_Driver/Src/stm32f3xx_hal_tim_ex.o
 .debug_abbrev  0x000027a4      0x264 ./Main_app/Src/EKO_LIB/can_driver.o
 .debug_abbrev  0x00002a08      0x292 ./Main_app/Src/MY_LIB/MY_driver_can.o
 .debug_abbrev  0x00002c9a      0x29e ./Main_app/Src/MY_LIB/MY_driver_fan.o
 .debug_abbrev  0x00002f38      0x2b7 ./Main_app/Src/MY_LIB/MY_driver_i2c.o
 .debug_abbrev  0x000031ef      0x209 ./Main_app/Src/MY_LIB/MY_driver_serwo.o
 .debug_abbrev  0x000033f8      0x2d3 ./Main_app/Src/cooler_left_app.o

.debug_aranges  0x00000000     0x1110
 .debug_aranges
                0x00000000       0x30 ./Core/Src/can.o
 .debug_aranges
                0x00000030       0x20 ./Core/Src/dma.o
 .debug_aranges
                0x00000050       0x20 ./Core/Src/gpio.o
 .debug_aranges
                0x00000070       0x30 ./Core/Src/i2c.o
 .debug_aranges
                0x000000a0       0x30 ./Core/Src/main.o
 .debug_aranges
                0x000000d0       0x20 ./Core/Src/stm32f3xx_hal_msp.o
 .debug_aranges
                0x000000f0       0x98 ./Core/Src/stm32f3xx_it.o
 .debug_aranges
                0x00000188       0x28 ./Core/Src/system_stm32f3xx.o
 .debug_aranges
                0x000001b0       0x50 ./Core/Src/tim.o
 .debug_aranges
                0x00000200       0x28 ./Core/Startup/startup_stm32f303k8tx.o
 .debug_aranges
                0x00000228       0xe0 ./Drivers/STM32F3xx_HAL_Driver/Src/stm32f3xx_hal.o
 .debug_aranges
                0x00000308      0x138 ./Drivers/STM32F3xx_HAL_Driver/Src/stm32f3xx_hal_can.o
 .debug_aranges
                0x00000440      0x100 ./Drivers/STM32F3xx_HAL_Driver/Src/stm32f3xx_hal_cortex.o
 .debug_aranges
                0x00000540       0x88 ./Drivers/STM32F3xx_HAL_Driver/Src/stm32f3xx_hal_dma.o
 .debug_aranges
                0x000005c8       0x58 ./Drivers/STM32F3xx_HAL_Driver/Src/stm32f3xx_hal_gpio.o
 .debug_aranges
                0x00000620      0x2a0 ./Drivers/STM32F3xx_HAL_Driver/Src/stm32f3xx_hal_i2c.o
 .debug_aranges
                0x000008c0       0x48 ./Drivers/STM32F3xx_HAL_Driver/Src/stm32f3xx_hal_i2c_ex.o
 .debug_aranges
                0x00000908       0x88 ./Drivers/STM32F3xx_HAL_Driver/Src/stm32f3xx_hal_rcc.o
 .debug_aranges
                0x00000990       0x38 ./Drivers/STM32F3xx_HAL_Driver/Src/stm32f3xx_hal_rcc_ex.o
 .debug_aranges
                0x000009c8      0x3e0 ./Drivers/STM32F3xx_HAL_Driver/Src/stm32f3xx_hal_tim.o
 .debug_aranges
                0x00000da8      0x178 ./Drivers/STM32F3xx_HAL_Driver/Src/stm32f3xx_hal_tim_ex.o
 .debug_aranges
                0x00000f20       0x50 ./Main_app/Src/EKO_LIB/can_driver.o
 .debug_aranges
                0x00000f70       0x48 ./Main_app/Src/MY_LIB/MY_driver_can.o
 .debug_aranges
                0x00000fb8       0x60 ./Main_app/Src/MY_LIB/MY_driver_fan.o
 .debug_aranges
                0x00001018       0x78 ./Main_app/Src/MY_LIB/MY_driver_i2c.o
 .debug_aranges
                0x00001090       0x40 ./Main_app/Src/MY_LIB/MY_driver_serwo.o
 .debug_aranges
                0x000010d0       0x40 ./Main_app/Src/cooler_left_app.o

.debug_rnglists
                0x00000000      0xd3f
 .debug_rnglists
                0x00000000       0x20 ./Core/Src/can.o
 .debug_rnglists
                0x00000020       0x13 ./Core/Src/dma.o
 .debug_rnglists
                0x00000033       0x14 ./Core/Src/gpio.o
 .debug_rnglists
                0x00000047       0x21 ./Core/Src/i2c.o
 .debug_rnglists
                0x00000068       0x20 ./Core/Src/main.o
 .debug_rnglists
                0x00000088       0x13 ./Core/Src/stm32f3xx_hal_msp.o
 .debug_rnglists
                0x0000009b       0x6d ./Core/Src/stm32f3xx_it.o
 .debug_rnglists
                0x00000108       0x1a ./Core/Src/system_stm32f3xx.o
 .debug_rnglists
                0x00000122       0x3c ./Core/Src/tim.o
 .debug_rnglists
                0x0000015e       0x19 ./Core/Startup/startup_stm32f303k8tx.o
 .debug_rnglists
                0x00000177       0xa3 ./Drivers/STM32F3xx_HAL_Driver/Src/stm32f3xx_hal.o
 .debug_rnglists
                0x0000021a       0xee ./Drivers/STM32F3xx_HAL_Driver/Src/stm32f3xx_hal_can.o
 .debug_rnglists
                0x00000308       0xbb ./Drivers/STM32F3xx_HAL_Driver/Src/stm32f3xx_hal_cortex.o
 .debug_rnglists
                0x000003c3       0x69 ./Drivers/STM32F3xx_HAL_Driver/Src/stm32f3xx_hal_dma.o
 .debug_rnglists
                0x0000042c       0x3f ./Drivers/STM32F3xx_HAL_Driver/Src/stm32f3xx_hal_gpio.o
 .debug_rnglists
                0x0000046b      0x228 ./Drivers/STM32F3xx_HAL_Driver/Src/stm32f3xx_hal_i2c.o
 .debug_rnglists
                0x00000693       0x35 ./Drivers/STM32F3xx_HAL_Driver/Src/stm32f3xx_hal_i2c_ex.o
 .debug_rnglists
                0x000006c8       0x66 ./Drivers/STM32F3xx_HAL_Driver/Src/stm32f3xx_hal_rcc.o
 .debug_rnglists
                0x0000072e       0x27 ./Drivers/STM32F3xx_HAL_Driver/Src/stm32f3xx_hal_rcc_ex.o
 .debug_rnglists
                0x00000755      0x328 ./Drivers/STM32F3xx_HAL_Driver/Src/stm32f3xx_hal_tim.o
 .debug_rnglists
                0x00000a7d      0x131 ./Drivers/STM32F3xx_HAL_Driver/Src/stm32f3xx_hal_tim_ex.o
 .debug_rnglists
                0x00000bae       0x68 ./Main_app/Src/EKO_LIB/can_driver.o
 .debug_rnglists
                0x00000c16       0x32 ./Main_app/Src/MY_LIB/MY_driver_can.o
 .debug_rnglists
                0x00000c48       0x47 ./Main_app/Src/MY_LIB/MY_driver_fan.o
 .debug_rnglists
                0x00000c8f       0x58 ./Main_app/Src/MY_LIB/MY_driver_i2c.o
 .debug_rnglists
                0x00000ce7       0x2d ./Main_app/Src/MY_LIB/MY_driver_serwo.o
 .debug_rnglists
                0x00000d14       0x2b ./Main_app/Src/cooler_left_app.o

.debug_macro    0x00000000    0x1d445
 .debug_macro   0x00000000      0x1d4 ./Core/Src/can.o
 .debug_macro   0x000001d4      0xad8 ./Core/Src/can.o
 .debug_macro   0x00000cac      0x15e ./Core/Src/can.o
 .debug_macro   0x00000e0a       0x2e ./Core/Src/can.o
 .debug_macro   0x00000e38       0x28 ./Core/Src/can.o
 .debug_macro   0x00000e60       0x22 ./Core/Src/can.o
 .debug_macro   0x00000e82       0x8e ./Core/Src/can.o
 .debug_macro   0x00000f10       0x51 ./Core/Src/can.o
 .debug_macro   0x00000f61      0x103 ./Core/Src/can.o
 .debug_macro   0x00001064       0x6a ./Core/Src/can.o
 .debug_macro   0x000010ce      0x1df ./Core/Src/can.o
 .debug_macro   0x000012ad       0x1c ./Core/Src/can.o
 .debug_macro   0x000012c9       0x22 ./Core/Src/can.o
 .debug_macro   0x000012eb       0xd9 ./Core/Src/can.o
 .debug_macro   0x000013c4      0xf07 ./Core/Src/can.o
 .debug_macro   0x000022cb    0x10be0 ./Core/Src/can.o
 .debug_macro   0x00012eab       0x6d ./Core/Src/can.o
 .debug_macro   0x00012f18     0x3574 ./Core/Src/can.o
 .debug_macro   0x0001648c      0x190 ./Core/Src/can.o
 .debug_macro   0x0001661c       0x55 ./Core/Src/can.o
 .debug_macro   0x00016671      0x8f8 ./Core/Src/can.o
 .debug_macro   0x00016f69      0x304 ./Core/Src/can.o
 .debug_macro   0x0001726d      0x1b5 ./Core/Src/can.o
 .debug_macro   0x00017422      0x11b ./Core/Src/can.o
 .debug_macro   0x0001753d      0x1d5 ./Core/Src/can.o
 .debug_macro   0x00017712      0x1bc ./Core/Src/can.o
 .debug_macro   0x000178ce       0x34 ./Core/Src/can.o
 .debug_macro   0x00017902       0x3c ./Core/Src/can.o
 .debug_macro   0x0001793e       0x57 ./Core/Src/can.o
 .debug_macro   0x00017995      0x408 ./Core/Src/can.o
 .debug_macro   0x00017d9d       0xc5 ./Core/Src/can.o
 .debug_macro   0x00017e62      0x19f ./Core/Src/can.o
 .debug_macro   0x00018001      0x22c ./Core/Src/can.o
 .debug_macro   0x0001822d       0x5b ./Core/Src/can.o
 .debug_macro   0x00018288       0xa5 ./Core/Src/can.o
 .debug_macro   0x0001832d       0x81 ./Core/Src/can.o
 .debug_macro   0x000183ae       0xd3 ./Core/Src/can.o
 .debug_macro   0x00018481      0xa60 ./Core/Src/can.o
 .debug_macro   0x00018ee1       0x59 ./Core/Src/can.o
 .debug_macro   0x00018f3a      0x285 ./Core/Src/can.o
 .debug_macro   0x000191bf       0x7c ./Core/Src/can.o
 .debug_macro   0x0001923b      0x1d4 ./Core/Src/dma.o
 .debug_macro   0x0001940f      0x1d4 ./Core/Src/gpio.o
 .debug_macro   0x000195e3      0x1d4 ./Core/Src/i2c.o
 .debug_macro   0x000197b7      0x36b ./Core/Src/main.o
 .debug_macro   0x00019b22       0x16 ./Core/Src/main.o
 .debug_macro   0x00019b38       0x22 ./Core/Src/main.o
 .debug_macro   0x00019b5a       0x61 ./Core/Src/main.o
 .debug_macro   0x00019bbb       0x2a ./Core/Src/main.o
 .debug_macro   0x00019be5       0x43 ./Core/Src/main.o
 .debug_macro   0x00019c28       0x34 ./Core/Src/main.o
 .debug_macro   0x00019c5c       0x16 ./Core/Src/main.o
 .debug_macro   0x00019c72       0x3c ./Core/Src/main.o
 .debug_macro   0x00019cae      0x364 ./Core/Src/main.o
 .debug_macro   0x0001a012       0x10 ./Core/Src/main.o
 .debug_macro   0x0001a022       0x16 ./Core/Src/main.o
 .debug_macro   0x0001a038       0x4a ./Core/Src/main.o
 .debug_macro   0x0001a082       0x34 ./Core/Src/main.o
 .debug_macro   0x0001a0b6       0x10 ./Core/Src/main.o
 .debug_macro   0x0001a0c6       0x58 ./Core/Src/main.o
 .debug_macro   0x0001a11e       0x8e ./Core/Src/main.o
 .debug_macro   0x0001a1ac       0x1c ./Core/Src/main.o
 .debug_macro   0x0001a1c8      0x17e ./Core/Src/main.o
 .debug_macro   0x0001a346       0x16 ./Core/Src/main.o
 .debug_macro   0x0001a35c       0x16 ./Core/Src/main.o
 .debug_macro   0x0001a372      0x146 ./Core/Src/main.o
 .debug_macro   0x0001a4b8       0x16 ./Core/Src/main.o
 .debug_macro   0x0001a4ce       0x20 ./Core/Src/main.o
 .debug_macro   0x0001a4ee       0x1c ./Core/Src/main.o
 .debug_macro   0x0001a50a       0x22 ./Core/Src/main.o
 .debug_macro   0x0001a52c       0x3a ./Core/Src/main.o
 .debug_macro   0x0001a566       0x4c ./Core/Src/main.o
 .debug_macro   0x0001a5b2       0x22 ./Core/Src/main.o
 .debug_macro   0x0001a5d4      0x1ca ./Core/Src/stm32f3xx_hal_msp.o
 .debug_macro   0x0001a79e      0x1d4 ./Core/Src/stm32f3xx_it.o
 .debug_macro   0x0001a972      0x1bb ./Core/Src/system_stm32f3xx.o
 .debug_macro   0x0001ab2d      0x1d4 ./Core/Src/tim.o
 .debug_macro   0x0001ad01      0x1df ./Drivers/STM32F3xx_HAL_Driver/Src/stm32f3xx_hal.o
 .debug_macro   0x0001aee0      0x1ca ./Drivers/STM32F3xx_HAL_Driver/Src/stm32f3xx_hal_can.o
 .debug_macro   0x0001b0aa      0x1bb ./Drivers/STM32F3xx_HAL_Driver/Src/stm32f3xx_hal_cortex.o
 .debug_macro   0x0001b265      0x1bb ./Drivers/STM32F3xx_HAL_Driver/Src/stm32f3xx_hal_dma.o
 .debug_macro   0x0001b420      0x1c2 ./Drivers/STM32F3xx_HAL_Driver/Src/stm32f3xx_hal_gpio.o
 .debug_macro   0x0001b5e2      0x287 ./Drivers/STM32F3xx_HAL_Driver/Src/stm32f3xx_hal_i2c.o
 .debug_macro   0x0001b869      0x1bb ./Drivers/STM32F3xx_HAL_Driver/Src/stm32f3xx_hal_i2c_ex.o
 .debug_macro   0x0001ba24      0x1df ./Drivers/STM32F3xx_HAL_Driver/Src/stm32f3xx_hal_rcc.o
 .debug_macro   0x0001bc03      0x1bb ./Drivers/STM32F3xx_HAL_Driver/Src/stm32f3xx_hal_rcc_ex.o
 .debug_macro   0x0001bdbe      0x1bc ./Drivers/STM32F3xx_HAL_Driver/Src/stm32f3xx_hal_tim.o
 .debug_macro   0x0001bf7a      0x1bb ./Drivers/STM32F3xx_HAL_Driver/Src/stm32f3xx_hal_tim_ex.o
 .debug_macro   0x0001c135      0x2f0 ./Main_app/Src/EKO_LIB/can_driver.o
 .debug_macro   0x0001c425      0x307 ./Main_app/Src/MY_LIB/MY_driver_can.o
 .debug_macro   0x0001c72c      0x323 ./Main_app/Src/MY_LIB/MY_driver_fan.o
 .debug_macro   0x0001ca4f       0x46 ./Main_app/Src/MY_LIB/MY_driver_fan.o
 .debug_macro   0x0001ca95      0x316 ./Main_app/Src/MY_LIB/MY_driver_i2c.o
 .debug_macro   0x0001cdab       0x1c ./Main_app/Src/MY_LIB/MY_driver_i2c.o
 .debug_macro   0x0001cdc7      0x31f ./Main_app/Src/MY_LIB/MY_driver_serwo.o
 .debug_macro   0x0001d0e6       0x34 ./Main_app/Src/MY_LIB/MY_driver_serwo.o
 .debug_macro   0x0001d11a      0x32b ./Main_app/Src/cooler_left_app.o

.debug_line     0x00000000    0x187a0
 .debug_line    0x00000000      0x7c3 ./Core/Src/can.o
 .debug_line    0x000007c3      0x74c ./Core/Src/dma.o
 .debug_line    0x00000f0f      0x76b ./Core/Src/gpio.o
 .debug_line    0x0000167a      0x82a ./Core/Src/i2c.o
 .debug_line    0x00001ea4      0xb3a ./Core/Src/main.o
 .debug_line    0x000029de      0x74e ./Core/Src/stm32f3xx_hal_msp.o
 .debug_line    0x0000312c      0x8a5 ./Core/Src/stm32f3xx_it.o
 .debug_line    0x000039d1      0x7c8 ./Core/Src/system_stm32f3xx.o
 .debug_line    0x00004199      0x9d6 ./Core/Src/tim.o
 .debug_line    0x00004b6f       0x7a ./Core/Startup/startup_stm32f303k8tx.o
 .debug_line    0x00004be9      0xa07 ./Drivers/STM32F3xx_HAL_Driver/Src/stm32f3xx_hal.o
 .debug_line    0x000055f0     0x11f5 ./Drivers/STM32F3xx_HAL_Driver/Src/stm32f3xx_hal_can.o
 .debug_line    0x000067e5      0xbc8 ./Drivers/STM32F3xx_HAL_Driver/Src/stm32f3xx_hal_cortex.o
 .debug_line    0x000073ad      0xcce ./Drivers/STM32F3xx_HAL_Driver/Src/stm32f3xx_hal_dma.o
 .debug_line    0x0000807b      0xb3b ./Drivers/STM32F3xx_HAL_Driver/Src/stm32f3xx_hal_gpio.o
 .debug_line    0x00008bb6     0x3767 ./Drivers/STM32F3xx_HAL_Driver/Src/stm32f3xx_hal_i2c.o
 .debug_line    0x0000c31d      0x8b4 ./Drivers/STM32F3xx_HAL_Driver/Src/stm32f3xx_hal_i2c_ex.o
 .debug_line    0x0000cbd1     0x1564 ./Drivers/STM32F3xx_HAL_Driver/Src/stm32f3xx_hal_rcc.o
 .debug_line    0x0000e135      0xac4 ./Drivers/STM32F3xx_HAL_Driver/Src/stm32f3xx_hal_rcc_ex.o
 .debug_line    0x0000ebf9     0x3cd5 ./Drivers/STM32F3xx_HAL_Driver/Src/stm32f3xx_hal_tim.o
 .debug_line    0x000128ce     0x19c3 ./Drivers/STM32F3xx_HAL_Driver/Src/stm32f3xx_hal_tim_ex.o
 .debug_line    0x00014291      0xc40 ./Main_app/Src/EKO_LIB/can_driver.o
 .debug_line    0x00014ed1      0xacd ./Main_app/Src/MY_LIB/MY_driver_can.o
 .debug_line    0x0001599e      0xba5 ./Main_app/Src/MY_LIB/MY_driver_fan.o
 .debug_line    0x00016543      0xc5d ./Main_app/Src/MY_LIB/MY_driver_i2c.o
 .debug_line    0x000171a0      0xad4 ./Main_app/Src/MY_LIB/MY_driver_serwo.o
 .debug_line    0x00017c74      0xb2c ./Main_app/Src/cooler_left_app.o

.debug_str      0x00000000    0xa4850
 .debug_str     0x00000000    0xa4850 ./Core/Src/can.o
                              0x9c4cd (size before relaxing)
 .debug_str     0x000a4850    0x9c103 ./Core/Src/dma.o
 .debug_str     0x000a4850    0x9bebb ./Core/Src/gpio.o
 .debug_str     0x000a4850    0x9c7ba ./Core/Src/i2c.o
 .debug_str     0x000a4850    0x9fcc5 ./Core/Src/main.o
 .debug_str     0x000a4850    0x9bdf0 ./Core/Src/stm32f3xx_hal_msp.o
 .debug_str     0x000a4850    0x9c97f ./Core/Src/stm32f3xx_it.o
 .debug_str     0x000a4850    0x9bca7 ./Core/Src/system_stm32f3xx.o
 .debug_str     0x000a4850    0x9c928 ./Core/Src/tim.o
 .debug_str     0x000a4850       0x8e ./Core/Startup/startup_stm32f303k8tx.o
 .debug_str     0x000a4850    0x9c397 ./Drivers/STM32F3xx_HAL_Driver/Src/stm32f3xx_hal.o
 .debug_str     0x000a4850    0x9c436 ./Drivers/STM32F3xx_HAL_Driver/Src/stm32f3xx_hal_can.o
 .debug_str     0x000a4850    0x9c2bc ./Drivers/STM32F3xx_HAL_Driver/Src/stm32f3xx_hal_cortex.o
 .debug_str     0x000a4850    0x9bfef ./Drivers/STM32F3xx_HAL_Driver/Src/stm32f3xx_hal_dma.o
 .debug_str     0x000a4850    0x9be86 ./Drivers/STM32F3xx_HAL_Driver/Src/stm32f3xx_hal_gpio.o
 .debug_str     0x000a4850    0x9cfa7 ./Drivers/STM32F3xx_HAL_Driver/Src/stm32f3xx_hal_i2c.o
 .debug_str     0x000a4850    0x9c224 ./Drivers/STM32F3xx_HAL_Driver/Src/stm32f3xx_hal_i2c_ex.o
 .debug_str     0x000a4850    0x9c147 ./Drivers/STM32F3xx_HAL_Driver/Src/stm32f3xx_hal_rcc.o
 .debug_str     0x000a4850    0x9be46 ./Drivers/STM32F3xx_HAL_Driver/Src/stm32f3xx_hal_rcc_ex.o
 .debug_str     0x000a4850    0x9d0de ./Drivers/STM32F3xx_HAL_Driver/Src/stm32f3xx_hal_tim.o
 .debug_str     0x000a4850    0x9c924 ./Drivers/STM32F3xx_HAL_Driver/Src/stm32f3xx_hal_tim_ex.o
 .debug_str     0x000a4850    0x9fce7 ./Main_app/Src/EKO_LIB/can_driver.o
 .debug_str     0x000a4850    0x9fe24 ./Main_app/Src/MY_LIB/MY_driver_can.o
 .debug_str     0x000a4850    0xa02a1 ./Main_app/Src/MY_LIB/MY_driver_fan.o
 .debug_str     0x000a4850    0xa0025 ./Main_app/Src/MY_LIB/MY_driver_i2c.o
 .debug_str     0x000a4850    0x9ffaf ./Main_app/Src/MY_LIB/MY_driver_serwo.o
 .debug_str     0x000a4850    0xa05f7 ./Main_app/Src/cooler_left_app.o

.comment        0x00000000       0x43
 .comment       0x00000000       0x43 ./Core/Src/can.o
                                 0x44 (size before relaxing)
 .comment       0x00000043       0x44 ./Core/Src/dma.o
 .comment       0x00000043       0x44 ./Core/Src/gpio.o
 .comment       0x00000043       0x44 ./Core/Src/i2c.o
 .comment       0x00000043       0x44 ./Core/Src/main.o
 .comment       0x00000043       0x44 ./Core/Src/stm32f3xx_hal_msp.o
 .comment       0x00000043       0x44 ./Core/Src/stm32f3xx_it.o
 .comment       0x00000043       0x44 ./Core/Src/system_stm32f3xx.o
 .comment       0x00000043       0x44 ./Core/Src/tim.o
 .comment       0x00000043       0x44 ./Drivers/STM32F3xx_HAL_Driver/Src/stm32f3xx_hal.o
 .comment       0x00000043       0x44 ./Drivers/STM32F3xx_HAL_Driver/Src/stm32f3xx_hal_can.o
 .comment       0x00000043       0x44 ./Drivers/STM32F3xx_HAL_Driver/Src/stm32f3xx_hal_cortex.o
 .comment       0x00000043       0x44 ./Drivers/STM32F3xx_HAL_Driver/Src/stm32f3xx_hal_dma.o
 .comment       0x00000043       0x44 ./Drivers/STM32F3xx_HAL_Driver/Src/stm32f3xx_hal_gpio.o
 .comment       0x00000043       0x44 ./Drivers/STM32F3xx_HAL_Driver/Src/stm32f3xx_hal_i2c.o
 .comment       0x00000043       0x44 ./Drivers/STM32F3xx_HAL_Driver/Src/stm32f3xx_hal_i2c_ex.o
 .comment       0x00000043       0x44 ./Drivers/STM32F3xx_HAL_Driver/Src/stm32f3xx_hal_rcc.o
 .comment       0x00000043       0x44 ./Drivers/STM32F3xx_HAL_Driver/Src/stm32f3xx_hal_rcc_ex.o
 .comment       0x00000043       0x44 ./Drivers/STM32F3xx_HAL_Driver/Src/stm32f3xx_hal_tim.o
 .comment       0x00000043       0x44 ./Drivers/STM32F3xx_HAL_Driver/Src/stm32f3xx_hal_tim_ex.o
 .comment       0x00000043       0x44 ./Main_app/Src/EKO_LIB/can_driver.o
 .comment       0x00000043       0x44 ./Main_app/Src/MY_LIB/MY_driver_can.o
 .comment       0x00000043       0x44 ./Main_app/Src/MY_LIB/MY_driver_fan.o
 .comment       0x00000043       0x44 ./Main_app/Src/MY_LIB/MY_driver_i2c.o
 .comment       0x00000043       0x44 ./Main_app/Src/MY_LIB/MY_driver_serwo.o
 .comment       0x00000043       0x44 ./Main_app/Src/cooler_left_app.o

.debug_frame    0x00000000     0x4364
 .debug_frame   0x00000000       0x74 ./Core/Src/can.o
 .debug_frame   0x00000074       0x34 ./Core/Src/dma.o
 .debug_frame   0x000000a8       0x34 ./Core/Src/gpio.o
 .debug_frame   0x000000dc       0x74 ./Core/Src/i2c.o
 .debug_frame   0x00000150       0x68 ./Core/Src/main.o
 .debug_frame   0x000001b8       0x34 ./Core/Src/stm32f3xx_hal_msp.o
 .debug_frame   0x000001ec      0x1bc ./Core/Src/stm32f3xx_it.o
 .debug_frame   0x000003a8       0x50 ./Core/Src/system_stm32f3xx.o
 .debug_frame   0x000003f8      0x10c ./Core/Src/tim.o
 .debug_frame   0x00000504      0x2e4 ./Drivers/STM32F3xx_HAL_Driver/Src/stm32f3xx_hal.o
 .debug_frame   0x000007e8      0x524 ./Drivers/STM32F3xx_HAL_Driver/Src/stm32f3xx_hal_can.o
 .debug_frame   0x00000d0c      0x3f0 ./Drivers/STM32F3xx_HAL_Driver/Src/stm32f3xx_hal_cortex.o
 .debug_frame   0x000010fc      0x208 ./Drivers/STM32F3xx_HAL_Driver/Src/stm32f3xx_hal_dma.o
 .debug_frame   0x00001304      0x130 ./Drivers/STM32F3xx_HAL_Driver/Src/stm32f3xx_hal_gpio.o
 .debug_frame   0x00001434      0xbe8 ./Drivers/STM32F3xx_HAL_Driver/Src/stm32f3xx_hal_i2c.o
 .debug_frame   0x0000201c       0xe8 ./Drivers/STM32F3xx_HAL_Driver/Src/stm32f3xx_hal_i2c_ex.o
 .debug_frame   0x00002104      0x1f8 ./Drivers/STM32F3xx_HAL_Driver/Src/stm32f3xx_hal_rcc.o
 .debug_frame   0x000022fc       0xa4 ./Drivers/STM32F3xx_HAL_Driver/Src/stm32f3xx_hal_rcc_ex.o
 .debug_frame   0x000023a0     0x1140 ./Drivers/STM32F3xx_HAL_Driver/Src/stm32f3xx_hal_tim.o
 .debug_frame   0x000034e0      0x648 ./Drivers/STM32F3xx_HAL_Driver/Src/stm32f3xx_hal_tim_ex.o
 .debug_frame   0x00003b28      0x130 ./Main_app/Src/EKO_LIB/can_driver.o
 .debug_frame   0x00003c58       0xe8 ./Main_app/Src/MY_LIB/MY_driver_can.o
 .debug_frame   0x00003d40      0x148 ./Main_app/Src/MY_LIB/MY_driver_fan.o
 .debug_frame   0x00003e88      0x1b0 ./Main_app/Src/MY_LIB/MY_driver_i2c.o
 .debug_frame   0x00004038       0xc0 ./Main_app/Src/MY_LIB/MY_driver_serwo.o
 .debug_frame   0x000040f8       0xb4 ./Main_app/Src/cooler_left_app.o
 .debug_frame   0x000041ac       0x20 C:/ST/STM32CubeIDE_1.19.0/STM32CubeIDE/plugins/com.st.stm32cube.ide.mcu.externaltools.gnu-tools-for-stm32.14.3.rel1.win32_1.0.100.202602081740/tools/bin/../lib/gcc/arm-none-eabi/14.3.1/../../../../arm-none-eabi/lib/thumb/v7e-m+fp/hard\libc_nano.a(libc_a-memset.o)
 .debug_frame   0x000041cc       0x2c C:/ST/STM32CubeIDE_1.19.0/STM32CubeIDE/plugins/com.st.stm32cube.ide.mcu.externaltools.gnu-tools-for-stm32.14.3.rel1.win32_1.0.100.202602081740/tools/bin/../lib/gcc/arm-none-eabi/14.3.1/../../../../arm-none-eabi/lib/thumb/v7e-m+fp/hard\libc_nano.a(libc_a-init.o)
 .debug_frame   0x000041f8       0x28 C:/ST/STM32CubeIDE_1.19.0/STM32CubeIDE/plugins/com.st.stm32cube.ide.mcu.externaltools.gnu-tools-for-stm32.14.3.rel1.win32_1.0.100.202602081740/tools/bin/../lib/gcc/arm-none-eabi/14.3.1/../../../../arm-none-eabi/lib/thumb/v7e-m+fp/hard\libc_nano.a(libc_a-memcpy-stub.o)
 .debug_frame   0x00004220       0xac C:/ST/STM32CubeIDE_1.19.0/STM32CubeIDE/plugins/com.st.stm32cube.ide.mcu.externaltools.gnu-tools-for-stm32.14.3.rel1.win32_1.0.100.202602081740/tools/bin/../lib/gcc/arm-none-eabi/14.3.1/thumb/v7e-m+fp/hard\libgcc.a(_arm_addsubdf3.o)
 .debug_frame   0x000042cc       0x50 C:/ST/STM32CubeIDE_1.19.0/STM32CubeIDE/plugins/com.st.stm32cube.ide.mcu.externaltools.gnu-tools-for-stm32.14.3.rel1.win32_1.0.100.202602081740/tools/bin/../lib/gcc/arm-none-eabi/14.3.1/thumb/v7e-m+fp/hard\libgcc.a(_arm_muldivdf3.o)
 .debug_frame   0x0000431c       0x24 C:/ST/STM32CubeIDE_1.19.0/STM32CubeIDE/plugins/com.st.stm32cube.ide.mcu.externaltools.gnu-tools-for-stm32.14.3.rel1.win32_1.0.100.202602081740/tools/bin/../lib/gcc/arm-none-eabi/14.3.1/thumb/v7e-m+fp/hard\libgcc.a(_arm_fixunsdfsi.o)
 .debug_frame   0x00004340       0x24 C:/ST/STM32CubeIDE_1.19.0/STM32CubeIDE/plugins/com.st.stm32cube.ide.mcu.externaltools.gnu-tools-for-stm32.14.3.rel1.win32_1.0.100.202602081740/tools/bin/../lib/gcc/arm-none-eabi/14.3.1/thumb/v7e-m+fp/hard\libgcc.a(_arm_truncdfsf2.o)

.debug_line_str
                0x00000000       0x72
 .debug_line_str
                0x00000000       0x72 ./Core/Startup/startup_stm32f303k8tx.o
