../Main_app/Src/MY_LIB/MY_driver_fan.c:31:6:FAN_FetcherPulse	16	static
../Main_app/Src/MY_LIB/MY_driver_fan.c:42:6:FAN_SetPulseExternCabin	16	static
../Main_app/Src/MY_LIB/MY_driver_fan.c:50:6:FAN_PulseReset	4	static
../Main_app/Src/MY_LIB/MY_driver_fan.c:61:6:FAN_SetOnOff	16	static
../Main_app/Src/MY_LIB/MY_driver_fan.c:102:6:FAN_SetMaxTemp	32	static
../Main_app/Src/MY_LIB/MY_driver_fan.c:126:6:FAN_BatteryController	8	static
../Main_app/Src/MY_LIB/MY_driver_fan.c:160:6:FAN_CabinController	8	static
../Main_app/Src/MY_LIB/MY_driver_fan.c:203:6:FAN_SetPulseInternal	24	static
../Main_app/Src/MY_LIB/MY_driver_fan.c:222:14:FAN_SetMaxTempPacket	24	static
