18:54:52 **** Clean-only build of configuration Debug for project f303_perla_blank ****
make -j16 clean 
rm -rf ./Main_app/Src/MY_LIB/MY_driver_can.cyclo ./Main_app/Src/MY_LIB/MY_driver_can.d ./Main_app/Src/MY_LIB/MY_driver_can.o ./Main_app/Src/MY_LIB/MY_driver_can.su ./Main_app/Src/MY_LIB/MY_driver_fan.cyclo ./Main_app/Src/MY_LIB/MY_driver_fan.d ./Main_app/Src/MY_LIB/MY_driver_fan.o ./Main_app/Src/MY_LIB/MY_driver_fan.su ./Main_app/Src/MY_LIB/MY_driver_i2c.cyclo ./Main_app/Src/MY_LIB/MY_driver_i2c.d ./Main_app/Src/MY_LIB/MY_driver_i2c.o ./Main_app/Src/MY_LIB/MY_driver_i2c.su ./Main_app/Src/MY_LIB/MY_driver_serwo.cyclo ./Main_app/Src/MY_LIB/MY_driver_serwo.d ./Main_app/Src/MY_LIB/MY_driver_serwo.o ./Main_app/Src/MY_LIB/MY_driver_serwo.su
rm -rf ./Main_app/Src/EKO_LIB/I2C_driver.cyclo ./Main_app/Src/EKO_LIB/I2C_driver.d ./Main_app/Src/EKO_LIB/I2C_driver.o ./Main_app/Src/EKO_LIB/I2C_driver.su ./Main_app/Src/EKO_LIB/can_driver.cyclo ./Main_app/Src/EKO_LIB/can_driver.d ./Main_app/Src/EKO_LIB/can_driver.o ./Main_app/Src/EKO_LIB/can_driver.su
rm -rf ./Main_app/Src/cooler_left_app.cyclo ./Main_app/Src/cooler_left_app.d ./Main_app/Src/cooler_left_app.o ./Main_app/Src/cooler_left_app.su ./Main_app/Src/cooler_test.cyclo ./Main_app/Src/cooler_test.d ./Main_app/Src/cooler_test.o ./Main_app/Src/cooler_test.su
rm -rf ./Drivers/STM32F3xx_HAL_Driver/Src/stm32f3xx_hal.cyclo ./Drivers/STM32F3xx_HAL_Driver/Src/stm32f3xx_hal.d ./Drivers/STM32F3xx_HAL_Driver/Src/stm32f3xx_hal.o ./Drivers/STM32F3xx_HAL_Driver/Src/stm32f3xx_hal.su ./Drivers/STM32F3xx_HAL_Driver/Src/stm32f3xx_hal_can.cyclo ./Drivers/STM32F3xx_HAL_Driver/Src/stm32f3xx_hal_can.d ./Drivers/STM32F3xx_HAL_Driver/Src/stm32f3xx_hal_can.o ./Drivers/STM32F3xx_HAL_Driver/Src/stm32f3xx_hal_can.su ./Drivers/STM32F3xx_HAL_Driver/Src/stm32f3xx_hal_cortex.cyclo ./Drivers/STM32F3xx_HAL_Driver/Src/stm32f3xx_hal_cortex.d ./Drivers/STM32F3xx_HAL_Driver/Src/stm32f3xx_hal_cortex.o ./Drivers/STM32F3xx_HAL_Driver/Src/stm32f3xx_hal_cortex.su ./Drivers/STM32F3xx_HAL_Driver/Src/stm32f3xx_hal_dma.cyclo ./Drivers/STM32F3xx_HAL_Driver/Src/stm32f3xx_hal_dma.d ./Drivers/STM32F3xx_HAL_Driver/Src/stm32f3xx_hal_dma.o ./Drivers/STM32F3xx_HAL_Driver/Src/stm32f3xx_hal_dma.su ./Drivers/STM32F3xx_HAL_Driver/Src/stm32f3xx_hal_exti.cyclo ./Drivers/STM32F3xx_HAL_Driver/Src/stm32f3xx_hal_exti.d ./Drivers/STM32F3xx_HAL_Driver/Src/stm32f3xx_hal_exti.o ./Drivers/STM32F3xx_HAL_Driver/Src/stm32f3xx_hal_exti.su ./Drivers/STM32F3xx_HAL_Driver/Src/stm32f3xx_hal_flash.cyclo ./Drivers/STM32F3xx_HAL_Driver/Src/stm32f3xx_hal_flash.d ./Drivers/STM32F3xx_HAL_Driver/Src/stm32f3xx_hal_flash.o ./Drivers/STM32F3xx_HAL_Driver/Src/stm32f3xx_hal_flash.su ./Drivers/STM32F3xx_HAL_Driver/Src/stm32f3xx_hal_flash_ex.cyclo ./Drivers/STM32F3xx_HAL_Driver/Src/stm32f3xx_hal_flash_ex.d ./Drivers/STM32F3xx_HAL_Driver/Src/stm32f3xx_hal_flash_ex.o ./Drivers/STM32F3xx_HAL_Driver/Src/stm32f3xx_hal_flash_ex.su ./Drivers/STM32F3xx_HAL_Driver/Src/stm32f3xx_hal_gpio.cyclo ./Drivers/STM32F3xx_HAL_Driver/Src/stm32f3xx_hal_gpio.d ./Drivers/STM32F3xx_HAL_Driver/Src/stm32f3xx_hal_gpio.o ./Drivers/STM32F3xx_HAL_Driver/Src/stm32f3xx_hal_gpio.su ./Drivers/STM32F3xx_HAL_Driver/Src/stm32f3xx_hal_i2c.cyclo ./Drivers/STM32F3xx_HAL_Driver/Src/stm32f3xx_hal_i2c.d ./Drivers/STM32F3xx_HAL_Driver/Src/stm32f3xx_hal_i2c.o ./Drivers/STM32F3xx_HAL_Driver/Src/stm32f3xx_hal_i2c.su ./Drivers/STM32F3xx_HAL_Driver/Src/stm32f3xx_hal_i2c_ex.cyclo ./Drivers/STM32F3xx_HAL_Driver/Src/stm32f3xx_hal_i2c_ex.d ./Drivers/STM32F3xx_HAL_Driver/Src/stm32f3xx_hal_i2c_ex.o ./Drivers/STM32F3xx_HAL_Driver/Src/stm32f3xx_hal_i2c_ex.su ./Drivers/STM32F3xx_HAL_Driver/Src/stm32f3xx_hal_pwr.cyclo ./Drivers/STM32F3xx_HAL_Driver/Src/stm32f3xx_hal_pwr.d ./Drivers/STM32F3xx_HAL_Driver/Src/stm32f3xx_hal_pwr.o ./Drivers/STM32F3xx_HAL_Driver/Src/stm32f3xx_hal_pwr.su ./Drivers/STM32F3xx_HAL_Driver/Src/stm32f3xx_hal_pwr_ex.cyclo ./Drivers/STM32F3xx_HAL_Driver/Src/stm32f3xx_hal_pwr_ex.d ./Drivers/STM32F3xx_HAL_Driver/Src/stm32f3xx_hal_pwr_ex.o ./Drivers/STM32F3xx_HAL_Driver/Src/stm32f3xx_hal_pwr_ex.su ./Drivers/STM32F3xx_HAL_Driver/Src/stm32f3xx_hal_rcc.cyclo ./Drivers/STM32F3xx_HAL_Driver/Src/stm32f3xx_hal_rcc.d ./Drivers/STM32F3xx_HAL_Driver/Src/stm32f3xx_hal_rcc.o ./Drivers/STM32F3xx_HAL_Driver/Src/stm32f3xx_hal_rcc.su ./Drivers/STM32F3xx_HAL_Driver/Src/stm32f3xx_hal_rcc_ex.cyclo ./Drivers/STM32F3xx_HAL_Driver/Src/stm32f3xx_hal_rcc_ex.d ./Drivers/STM32F3xx_HAL_Driver/Src/stm32f3xx_hal_rcc_ex.o ./Drivers/STM32F3xx_HAL_Driver/Src/stm32f3xx_hal_rcc_ex.su ./Drivers/STM32F3xx_HAL_Driver/Src/stm32f3xx_hal_tim.cyclo ./Drivers/STM32F3xx_HAL_Driver/Src/stm32f3xx_hal_tim.d ./Drivers/STM32F3xx_HAL_Driver/Src/stm32f3xx_hal_tim.o ./Drivers/STM32F3xx_HAL_Driver/Src/stm32f3xx_hal_tim.su ./Drivers/STM32F3xx_HAL_Driver/Src/stm32f3xx_hal_tim_ex.cyclo ./Drivers/STM32F3xx_HAL_Driver/Src/stm32f3xx_hal_tim_ex.d ./Drivers/STM32F3xx_HAL_Driver/Src/stm32f3xx_hal_tim_ex.o ./Drivers/STM32F3xx_HAL_Driver/Src/stm32f3xx_hal_tim_ex.su
rm -rf ./Core/Startup/startup_stm32f303k8tx.d ./Core/Startup/startup_stm32f303k8tx.o
rm -rf ./Core/Src/can.cyclo ./Core/Src/can.d ./Core/Src/can.o ./Core/Src/can.su ./Core/Src/dma.cyclo ./Core/Src/dma.d ./Core/Src/dma.o ./Core/Src/dma.su ./Core/Src/gpio.cyclo ./Core/Src/gpio.d ./Core/Src/gpio.o ./Core/Src/gpio.su ./Core/Src/i2c.cyclo ./Core/Src/i2c.d ./Core/Src/i2c.o ./Core/Src/i2c.su ./Core/Src/main.cyclo ./Core/Src/main.d ./Core/Src/main.o ./Core/Src/main.su ./Core/Src/stm32f3xx_hal_msp.cyclo ./Core/Src/stm32f3xx_hal_msp.d ./Core/Src/stm32f3xx_hal_msp.o ./Core/Src/stm32f3xx_hal_msp.su ./Core/Src/stm32f3xx_it.cyclo ./Core/Src/stm32f3xx_it.d ./Core/Src/stm32f3xx_it.o ./Core/Src/stm32f3xx_it.su ./Core/Src/syscalls.cyclo ./Core/Src/syscalls.d ./Core/Src/syscalls.o ./Core/Src/syscalls.su ./Core/Src/sysmem.cyclo ./Core/Src/sysmem.d ./Core/Src/sysmem.o ./Core/Src/sysmem.su ./Core/Src/system_stm32f3xx.cyclo ./Core/Src/system_stm32f3xx.d ./Core/Src/system_stm32f3xx.o ./Core/Src/system_stm32f3xx.su ./Core/Src/tim.cyclo ./Core/Src/tim.d ./Core/Src/tim.o ./Core/Src/tim.su
rm -rf default.size.stdout stm_f303k8_ioc.elf stm_f303k8_ioc.list stm_f303k8_ioc.map
 
18:54:53 **** Build of configuration Debug for project f303_perla_blank ****
make -j16 all 
arm-none-eabi-gcc "../Main_app/Src/MY_LIB/MY_driver_can.c" -mcpu=cortex-m4 -std=gnu11 -g3 -DDEBUG -DUSE_HAL_DRIVER -DSTM32F303x8 -c -I"E:/Pulpit/PCB/SOFT_Nie_Git/work_3/Cooling_motor/stm_f303k8_ioc/Main_app/Inc/EKO_LIB" -I"E:/Pulpit/PCB/SOFT_Nie_Git/work_3/Cooling_motor/stm_f303k8_ioc/Main_app/Inc/MY_LIB" -I"E:/Pulpit/PCB/SOFT_Nie_Git/work_3/Cooling_motor/stm_f303k8_ioc/Main_app/Src/EKO_LIB" -I"E:/Pulpit/PCB/SOFT_Nie_Git/work_3/Cooling_motor/stm_f303k8_ioc/Main_app/Src/MY_LIB" -I../Core/Inc -I../Drivers/STM32F3xx_HAL_Driver/Inc -I../Drivers/STM32F3xx_HAL_Driver/Inc/Legacy -I../Drivers/CMSIS/Device/ST/STM32F3xx/Include -I../Drivers/CMSIS/Include -I"E:/Pulpit/PCB/SOFT_Nie_Git/work_3/Cooling_motor/stm_f303k8_ioc/Main_app/Inc" -I"E:/Pulpit/PCB/SOFT_Nie_Git/work_3/Cooling_motor/stm_f303k8_ioc/Main_app/Src" -O0 -ffunction-sections -fdata-sections -Wall -fstack-usage -fcyclomatic-complexity -MMD -MP -MF"Main_app/Src/MY_LIB/MY_driver_can.d" -MT"Main_app/Src/MY_LIB/MY_driver_can.o" --specs=nano.specs -mfpu=fpv4-sp-d16 -mfloat-abi=hard -mthumb -o "Main_app/Src/MY_LIB/MY_driver_can.o"
arm-none-eabi-gcc "../Main_app/Src/MY_LIB/MY_driver_fan.c" -mcpu=cortex-m4 -std=gnu11 -g3 -DDEBUG -DUSE_HAL_DRIVER -DSTM32F303x8 -c -I"E:/Pulpit/PCB/SOFT_Nie_Git/work_3/Cooling_motor/stm_f303k8_ioc/Main_app/Inc/EKO_LIB" -I"E:/Pulpit/PCB/SOFT_Nie_Git/work_3/Cooling_motor/stm_f303k8_ioc/Main_app/Inc/MY_LIB" -I"E:/Pulpit/PCB/SOFT_Nie_Git/work_3/Cooling_motor/stm_f303k8_ioc/Main_app/Src/EKO_LIB" -I"E:/Pulpit/PCB/SOFT_Nie_Git/work_3/Cooling_motor/stm_f303k8_ioc/Main_app/Src/MY_LIB" -I../Core/Inc -I../Drivers/STM32F3xx_HAL_Driver/Inc -I../Drivers/STM32F3xx_HAL_Driver/Inc/Legacy -I../Drivers/CMSIS/Device/ST/STM32F3xx/Include -I../Drivers/CMSIS/Include -I"E:/Pulpit/PCB/SOFT_Nie_Git/work_3/Cooling_motor/stm_f303k8_ioc/Main_app/Inc" -I"E:/Pulpit/PCB/SOFT_Nie_Git/work_3/Cooling_motor/stm_f303k8_ioc/Main_app/Src" -O0 -ffunction-sections -fdata-sections -Wall -fstack-usage -fcyclomatic-complexity -MMD -MP -MF"Main_app/Src/MY_LIB/MY_driver_fan.d" -MT"Main_app/Src/MY_LIB/MY_driver_fan.o" --specs=nano.specs -mfpu=fpv4-sp-d16 -mfloat-abi=hard -mthumb -o "Main_app/Src/MY_LIB/MY_driver_fan.o"
arm-none-eabi-gcc "../Main_app/Src/MY_LIB/MY_driver_i2c.c" -mcpu=cortex-m4 -std=gnu11 -g3 -DDEBUG -DUSE_HAL_DRIVER -DSTM32F303x8 -c -I"E:/Pulpit/PCB/SOFT_Nie_Git/work_3/Cooling_motor/stm_f303k8_ioc/Main_app/Inc/EKO_LIB" -I"E:/Pulpit/PCB/SOFT_Nie_Git/work_3/Cooling_motor/stm_f303k8_ioc/Main_app/Inc/MY_LIB" -I"E:/Pulpit/PCB/SOFT_Nie_Git/work_3/Cooling_motor/stm_f303k8_ioc/Main_app/Src/EKO_LIB" -I"E:/Pulpit/PCB/SOFT_Nie_Git/work_3/Cooling_motor/stm_f303k8_ioc/Main_app/Src/MY_LIB" -I../Core/Inc -I../Drivers/STM32F3xx_HAL_Driver/Inc -I../Drivers/STM32F3xx_HAL_Driver/Inc/Legacy -I../Drivers/CMSIS/Device/ST/STM32F3xx/Include -I../Drivers/CMSIS/Include -I"E:/Pulpit/PCB/SOFT_Nie_Git/work_3/Cooling_motor/stm_f303k8_ioc/Main_app/Inc" -I"E:/Pulpit/PCB/SOFT_Nie_Git/work_3/Cooling_motor/stm_f303k8_ioc/Main_app/Src" -O0 -ffunction-sections -fdata-sections -Wall -fstack-usage -fcyclomatic-complexity -MMD -MP -MF"Main_app/Src/MY_LIB/MY_driver_i2c.d" -MT"Main_app/Src/MY_LIB/MY_driver_i2c.o" --specs=nano.specs -mfpu=fpv4-sp-d16 -mfloat-abi=hard -mthumb -o "Main_app/Src/MY_LIB/MY_driver_i2c.o"
arm-none-eabi-gcc "../Main_app/Src/MY_LIB/MY_driver_serwo.c" -mcpu=cortex-m4 -std=gnu11 -g3 -DDEBUG -DUSE_HAL_DRIVER -DSTM32F303x8 -c -I"E:/Pulpit/PCB/SOFT_Nie_Git/work_3/Cooling_motor/stm_f303k8_ioc/Main_app/Inc/EKO_LIB" -I"E:/Pulpit/PCB/SOFT_Nie_Git/work_3/Cooling_motor/stm_f303k8_ioc/Main_app/Inc/MY_LIB" -I"E:/Pulpit/PCB/SOFT_Nie_Git/work_3/Cooling_motor/stm_f303k8_ioc/Main_app/Src/EKO_LIB" -I"E:/Pulpit/PCB/SOFT_Nie_Git/work_3/Cooling_motor/stm_f303k8_ioc/Main_app/Src/MY_LIB" -I../Core/Inc -I../Drivers/STM32F3xx_HAL_Driver/Inc -I../Drivers/STM32F3xx_HAL_Driver/Inc/Legacy -I../Drivers/CMSIS/Device/ST/STM32F3xx/Include -I../Drivers/CMSIS/Include -I"E:/Pulpit/PCB/SOFT_Nie_Git/work_3/Cooling_motor/stm_f303k8_ioc/Main_app/Inc" -I"E:/Pulpit/PCB/SOFT_Nie_Git/work_3/Cooling_motor/stm_f303k8_ioc/Main_app/Src" -O0 -ffunction-sections -fdata-sections -Wall -fstack-usage -fcyclomatic-complexity -MMD -MP -MF"Main_app/Src/MY_LIB/MY_driver_serwo.d" -MT"Main_app/Src/MY_LIB/MY_driver_serwo.o" --specs=nano.specs -mfpu=fpv4-sp-d16 -mfloat-abi=hard -mthumb -o "Main_app/Src/MY_LIB/MY_driver_serwo.o"
arm-none-eabi-gcc "../Main_app/Src/EKO_LIB/I2C_driver.c" -mcpu=cortex-m4 -std=gnu11 -g3 -DDEBUG -DUSE_HAL_DRIVER -DSTM32F303x8 -c -I"E:/Pulpit/PCB/SOFT_Nie_Git/work_3/Cooling_motor/stm_f303k8_ioc/Main_app/Inc/EKO_LIB" -I"E:/Pulpit/PCB/SOFT_Nie_Git/work_3/Cooling_motor/stm_f303k8_ioc/Main_app/Inc/MY_LIB" -I"E:/Pulpit/PCB/SOFT_Nie_Git/work_3/Cooling_motor/stm_f303k8_ioc/Main_app/Src/EKO_LIB" -I"E:/Pulpit/PCB/SOFT_Nie_Git/work_3/Cooling_motor/stm_f303k8_ioc/Main_app/Src/MY_LIB" -I../Core/Inc -I../Drivers/STM32F3xx_HAL_Driver/Inc -I../Drivers/STM32F3xx_HAL_Driver/Inc/Legacy -I../Drivers/CMSIS/Device/ST/STM32F3xx/Include -I../Drivers/CMSIS/Include -I"E:/Pulpit/PCB/SOFT_Nie_Git/work_3/Cooling_motor/stm_f303k8_ioc/Main_app/Inc" -I"E:/Pulpit/PCB/SOFT_Nie_Git/work_3/Cooling_motor/stm_f303k8_ioc/Main_app/Src" -O0 -ffunction-sections -fdata-sections -Wall -fstack-usage -fcyclomatic-complexity -MMD -MP -MF"Main_app/Src/EKO_LIB/I2C_driver.d" -MT"Main_app/Src/EKO_LIB/I2C_driver.o" --specs=nano.specs -mfpu=fpv4-sp-d16 -mfloat-abi=hard -mthumb -o "Main_app/Src/EKO_LIB/I2C_driver.o"
arm-none-eabi-gcc "../Main_app/Src/EKO_LIB/can_driver.c" -mcpu=cortex-m4 -std=gnu11 -g3 -DDEBUG -DUSE_HAL_DRIVER -DSTM32F303x8 -c -I"E:/Pulpit/PCB/SOFT_Nie_Git/work_3/Cooling_motor/stm_f303k8_ioc/Main_app/Inc/EKO_LIB" -I"E:/Pulpit/PCB/SOFT_Nie_Git/work_3/Cooling_motor/stm_f303k8_ioc/Main_app/Inc/MY_LIB" -I"E:/Pulpit/PCB/SOFT_Nie_Git/work_3/Cooling_motor/stm_f303k8_ioc/Main_app/Src/EKO_LIB" -I"E:/Pulpit/PCB/SOFT_Nie_Git/work_3/Cooling_motor/stm_f303k8_ioc/Main_app/Src/MY_LIB" -I../Core/Inc -I../Drivers/STM32F3xx_HAL_Driver/Inc -I../Drivers/STM32F3xx_HAL_Driver/Inc/Legacy -I../Drivers/CMSIS/Device/ST/STM32F3xx/Include -I../Drivers/CMSIS/Include -I"E:/Pulpit/PCB/SOFT_Nie_Git/work_3/Cooling_motor/stm_f303k8_ioc/Main_app/Inc" -I"E:/Pulpit/PCB/SOFT_Nie_Git/work_3/Cooling_motor/stm_f303k8_ioc/Main_app/Src" -O0 -ffunction-sections -fdata-sections -Wall -fstack-usage -fcyclomatic-complexity -MMD -MP -MF"Main_app/Src/EKO_LIB/can_driver.d" -MT"Main_app/Src/EKO_LIB/can_driver.o" --specs=nano.specs -mfpu=fpv4-sp-d16 -mfloat-abi=hard -mthumb -o "Main_app/Src/EKO_LIB/can_driver.o"
arm-none-eabi-gcc "../Main_app/Src/cooler_left_app.c" -mcpu=cortex-m4 -std=gnu11 -g3 -DDEBUG -DUSE_HAL_DRIVER -DSTM32F303x8 -c -I"E:/Pulpit/PCB/SOFT_Nie_Git/work_3/Cooling_motor/stm_f303k8_ioc/Main_app/Inc/EKO_LIB" -I"E:/Pulpit/PCB/SOFT_Nie_Git/work_3/Cooling_motor/stm_f303k8_ioc/Main_app/Inc/MY_LIB" -I"E:/Pulpit/PCB/SOFT_Nie_Git/work_3/Cooling_motor/stm_f303k8_ioc/Main_app/Src/EKO_LIB" -I"E:/Pulpit/PCB/SOFT_Nie_Git/work_3/Cooling_motor/stm_f303k8_ioc/Main_app/Src/MY_LIB" -I../Core/Inc -I../Drivers/STM32F3xx_HAL_Driver/Inc -I../Drivers/STM32F3xx_HAL_Driver/Inc/Legacy -I../Drivers/CMSIS/Device/ST/STM32F3xx/Include -I../Drivers/CMSIS/Include -I"E:/Pulpit/PCB/SOFT_Nie_Git/work_3/Cooling_motor/stm_f303k8_ioc/Main_app/Inc" -I"E:/Pulpit/PCB/SOFT_Nie_Git/work_3/Cooling_motor/stm_f303k8_ioc/Main_app/Src" -O0 -ffunction-sections -fdata-sections -Wall -fstack-usage -fcyclomatic-complexity -MMD -MP -MF"Main_app/Src/cooler_left_app.d" -MT"Main_app/Src/cooler_left_app.o" --specs=nano.specs -mfpu=fpv4-sp-d16 -mfloat-abi=hard -mthumb -o "Main_app/Src/cooler_left_app.o"
arm-none-eabi-gcc "../Main_app/Src/cooler_test.c" -mcpu=cortex-m4 -std=gnu11 -g3 -DDEBUG -DUSE_HAL_DRIVER -DSTM32F303x8 -c -I"E:/Pulpit/PCB/SOFT_Nie_Git/work_3/Cooling_motor/stm_f303k8_ioc/Main_app/Inc/EKO_LIB" -I"E:/Pulpit/PCB/SOFT_Nie_Git/work_3/Cooling_motor/stm_f303k8_ioc/Main_app/Inc/MY_LIB" -I"E:/Pulpit/PCB/SOFT_Nie_Git/work_3/Cooling_motor/stm_f303k8_ioc/Main_app/Src/EKO_LIB" -I"E:/Pulpit/PCB/SOFT_Nie_Git/work_3/Cooling_motor/stm_f303k8_ioc/Main_app/Src/MY_LIB" -I../Core/Inc -I../Drivers/STM32F3xx_HAL_Driver/Inc -I../Drivers/STM32F3xx_HAL_Driver/Inc/Legacy -I../Drivers/CMSIS/Device/ST/STM32F3xx/Include -I../Drivers/CMSIS/Include -I"E:/Pulpit/PCB/SOFT_Nie_Git/work_3/Cooling_motor/stm_f303k8_ioc/Main_app/Inc" -I"E:/Pulpit/PCB/SOFT_Nie_Git/work_3/Cooling_motor/stm_f303k8_ioc/Main_app/Src" -O0 -ffunction-sections -fdata-sections -Wall -fstack-usage -fcyclomatic-complexity -MMD -MP -MF"Main_app/Src/cooler_test.d" -MT"Main_app/Src/cooler_test.o" --specs=nano.specs -mfpu=fpv4-sp-d16 -mfloat-abi=hard -mthumb -o "Main_app/Src/cooler_test.o"
arm-none-eabi-gcc "../Drivers/STM32F3xx_HAL_Driver/Src/stm32f3xx_hal.c" -mcpu=cortex-m4 -std=gnu11 -g3 -DDEBUG -DUSE_HAL_DRIVER -DSTM32F303x8 -c -I"E:/Pulpit/PCB/SOFT_Nie_Git/work_3/Cooling_motor/stm_f303k8_ioc/Main_app/Inc/EKO_LIB" -I"E:/Pulpit/PCB/SOFT_Nie_Git/work_3/Cooling_motor/stm_f303k8_ioc/Main_app/Inc/MY_LIB" -I"E:/Pulpit/PCB/SOFT_Nie_Git/work_3/Cooling_motor/stm_f303k8_ioc/Main_app/Src/EKO_LIB" -I"E:/Pulpit/PCB/SOFT_Nie_Git/work_3/Cooling_motor/stm_f303k8_ioc/Main_app/Src/MY_LIB" -I../Core/Inc -I../Drivers/STM32F3xx_HAL_Driver/Inc -I../Drivers/STM32F3xx_HAL_Driver/Inc/Legacy -I../Drivers/CMSIS/Device/ST/STM32F3xx/Include -I../Drivers/CMSIS/Include -I"E:/Pulpit/PCB/SOFT_Nie_Git/work_3/Cooling_motor/stm_f303k8_ioc/Main_app/Inc" -I"E:/Pulpit/PCB/SOFT_Nie_Git/work_3/Cooling_motor/stm_f303k8_ioc/Main_app/Src" -O0 -ffunction-sections -fdata-sections -Wall -fstack-usage -fcyclomatic-complexity -MMD -MP -MF"Drivers/STM32F3xx_HAL_Driver/Src/stm32f3xx_hal.d" -MT"Drivers/STM32F3xx_HAL_Driver/Src/stm32f3xx_hal.o" --specs=nano.specs -mfpu=fpv4-sp-d16 -mfloat-abi=hard -mthumb -o "Drivers/STM32F3xx_HAL_Driver/Src/stm32f3xx_hal.o"
arm-none-eabi-gcc "../Drivers/STM32F3xx_HAL_Driver/Src/stm32f3xx_hal_can.c" -mcpu=cortex-m4 -std=gnu11 -g3 -DDEBUG -DUSE_HAL_DRIVER -DSTM32F303x8 -c -I"E:/Pulpit/PCB/SOFT_Nie_Git/work_3/Cooling_motor/stm_f303k8_ioc/Main_app/Inc/EKO_LIB" -I"E:/Pulpit/PCB/SOFT_Nie_Git/work_3/Cooling_motor/stm_f303k8_ioc/Main_app/Inc/MY_LIB" -I"E:/Pulpit/PCB/SOFT_Nie_Git/work_3/Cooling_motor/stm_f303k8_ioc/Main_app/Src/EKO_LIB" -I"E:/Pulpit/PCB/SOFT_Nie_Git/work_3/Cooling_motor/stm_f303k8_ioc/Main_app/Src/MY_LIB" -I../Core/Inc -I../Drivers/STM32F3xx_HAL_Driver/Inc -I../Drivers/STM32F3xx_HAL_Driver/Inc/Legacy -I../Drivers/CMSIS/Device/ST/STM32F3xx/Include -I../Drivers/CMSIS/Include -I"E:/Pulpit/PCB/SOFT_Nie_Git/work_3/Cooling_motor/stm_f303k8_ioc/Main_app/Inc" -I"E:/Pulpit/PCB/SOFT_Nie_Git/work_3/Cooling_motor/stm_f303k8_ioc/Main_app/Src" -O0 -ffunction-sections -fdata-sections -Wall -fstack-usage -fcyclomatic-complexity -MMD -MP -MF"Drivers/STM32F3xx_HAL_Driver/Src/stm32f3xx_hal_can.d" -MT"Drivers/STM32F3xx_HAL_Driver/Src/stm32f3xx_hal_can.o" --specs=nano.specs -mfpu=fpv4-sp-d16 -mfloat-abi=hard -mthumb -o "Drivers/STM32F3xx_HAL_Driver/Src/stm32f3xx_hal_can.o"
arm-none-eabi-gcc "../Drivers/STM32F3xx_HAL_Driver/Src/stm32f3xx_hal_cortex.c" -mcpu=cortex-m4 -std=gnu11 -g3 -DDEBUG -DUSE_HAL_DRIVER -DSTM32F303x8 -c -I"E:/Pulpit/PCB/SOFT_Nie_Git/work_3/Cooling_motor/stm_f303k8_ioc/Main_app/Inc/EKO_LIB" -I"E:/Pulpit/PCB/SOFT_Nie_Git/work_3/Cooling_motor/stm_f303k8_ioc/Main_app/Inc/MY_LIB" -I"E:/Pulpit/PCB/SOFT_Nie_Git/work_3/Cooling_motor/stm_f303k8_ioc/Main_app/Src/EKO_LIB" -I"E:/Pulpit/PCB/SOFT_Nie_Git/work_3/Cooling_motor/stm_f303k8_ioc/Main_app/Src/MY_LIB" -I../Core/Inc -I../Drivers/STM32F3xx_HAL_Driver/Inc -I../Drivers/STM32F3xx_HAL_Driver/Inc/Legacy -I../Drivers/CMSIS/Device/ST/STM32F3xx/Include -I../Drivers/CMSIS/Include -I"E:/Pulpit/PCB/SOFT_Nie_Git/work_3/Cooling_motor/stm_f303k8_ioc/Main_app/Inc" -I"E:/Pulpit/PCB/SOFT_Nie_Git/work_3/Cooling_motor/stm_f303k8_ioc/Main_app/Src" -O0 -ffunction-sections -fdata-sections -Wall -fstack-usage -fcyclomatic-complexity -MMD -MP -MF"Drivers/STM32F3xx_HAL_Driver/Src/stm32f3xx_hal_cortex.d" -MT"Drivers/STM32F3xx_HAL_Driver/Src/stm32f3xx_hal_cortex.o" --specs=nano.specs -mfpu=fpv4-sp-d16 -mfloat-abi=hard -mthumb -o "Drivers/STM32F3xx_HAL_Driver/Src/stm32f3xx_hal_cortex.o"
arm-none-eabi-gcc "../Drivers/STM32F3xx_HAL_Driver/Src/stm32f3xx_hal_dma.c" -mcpu=cortex-m4 -std=gnu11 -g3 -DDEBUG -DUSE_HAL_DRIVER -DSTM32F303x8 -c -I"E:/Pulpit/PCB/SOFT_Nie_Git/work_3/Cooling_motor/stm_f303k8_ioc/Main_app/Inc/EKO_LIB" -I"E:/Pulpit/PCB/SOFT_Nie_Git/work_3/Cooling_motor/stm_f303k8_ioc/Main_app/Inc/MY_LIB" -I"E:/Pulpit/PCB/SOFT_Nie_Git/work_3/Cooling_motor/stm_f303k8_ioc/Main_app/Src/EKO_LIB" -I"E:/Pulpit/PCB/SOFT_Nie_Git/work_3/Cooling_motor/stm_f303k8_ioc/Main_app/Src/MY_LIB" -I../Core/Inc -I../Drivers/STM32F3xx_HAL_Driver/Inc -I../Drivers/STM32F3xx_HAL_Driver/Inc/Legacy -I../Drivers/CMSIS/Device/ST/STM32F3xx/Include -I../Drivers/CMSIS/Include -I"E:/Pulpit/PCB/SOFT_Nie_Git/work_3/Cooling_motor/stm_f303k8_ioc/Main_app/Inc" -I"E:/Pulpit/PCB/SOFT_Nie_Git/work_3/Cooling_motor/stm_f303k8_ioc/Main_app/Src" -O0 -ffunction-sections -fdata-sections -Wall -fstack-usage -fcyclomatic-complexity -MMD -MP -MF"Drivers/STM32F3xx_HAL_Driver/Src/stm32f3xx_hal_dma.d" -MT"Drivers/STM32F3xx_HAL_Driver/Src/stm32f3xx_hal_dma.o" --specs=nano.specs -mfpu=fpv4-sp-d16 -mfloat-abi=hard -mthumb -o "Drivers/STM32F3xx_HAL_Driver/Src/stm32f3xx_hal_dma.o"
arm-none-eabi-gcc "../Drivers/STM32F3xx_HAL_Driver/Src/stm32f3xx_hal_exti.c" -mcpu=cortex-m4 -std=gnu11 -g3 -DDEBUG -DUSE_HAL_DRIVER -DSTM32F303x8 -c -I"E:/Pulpit/PCB/SOFT_Nie_Git/work_3/Cooling_motor/stm_f303k8_ioc/Main_app/Inc/EKO_LIB" -I"E:/Pulpit/PCB/SOFT_Nie_Git/work_3/Cooling_motor/stm_f303k8_ioc/Main_app/Inc/MY_LIB" -I"E:/Pulpit/PCB/SOFT_Nie_Git/work_3/Cooling_motor/stm_f303k8_ioc/Main_app/Src/EKO_LIB" -I"E:/Pulpit/PCB/SOFT_Nie_Git/work_3/Cooling_motor/stm_f303k8_ioc/Main_app/Src/MY_LIB" -I../Core/Inc -I../Drivers/STM32F3xx_HAL_Driver/Inc -I../Drivers/STM32F3xx_HAL_Driver/Inc/Legacy -I../Drivers/CMSIS/Device/ST/STM32F3xx/Include -I../Drivers/CMSIS/Include -I"E:/Pulpit/PCB/SOFT_Nie_Git/work_3/Cooling_motor/stm_f303k8_ioc/Main_app/Inc" -I"E:/Pulpit/PCB/SOFT_Nie_Git/work_3/Cooling_motor/stm_f303k8_ioc/Main_app/Src" -O0 -ffunction-sections -fdata-sections -Wall -fstack-usage -fcyclomatic-complexity -MMD -MP -MF"Drivers/STM32F3xx_HAL_Driver/Src/stm32f3xx_hal_exti.d" -MT"Drivers/STM32F3xx_HAL_Driver/Src/stm32f3xx_hal_exti.o" --specs=nano.specs -mfpu=fpv4-sp-d16 -mfloat-abi=hard -mthumb -o "Drivers/STM32F3xx_HAL_Driver/Src/stm32f3xx_hal_exti.o"
arm-none-eabi-gcc "../Drivers/STM32F3xx_HAL_Driver/Src/stm32f3xx_hal_flash.c" -mcpu=cortex-m4 -std=gnu11 -g3 -DDEBUG -DUSE_HAL_DRIVER -DSTM32F303x8 -c -I"E:/Pulpit/PCB/SOFT_Nie_Git/work_3/Cooling_motor/stm_f303k8_ioc/Main_app/Inc/EKO_LIB" -I"E:/Pulpit/PCB/SOFT_Nie_Git/work_3/Cooling_motor/stm_f303k8_ioc/Main_app/Inc/MY_LIB" -I"E:/Pulpit/PCB/SOFT_Nie_Git/work_3/Cooling_motor/stm_f303k8_ioc/Main_app/Src/EKO_LIB" -I"E:/Pulpit/PCB/SOFT_Nie_Git/work_3/Cooling_motor/stm_f303k8_ioc/Main_app/Src/MY_LIB" -I../Core/Inc -I../Drivers/STM32F3xx_HAL_Driver/Inc -I../Drivers/STM32F3xx_HAL_Driver/Inc/Legacy -I../Drivers/CMSIS/Device/ST/STM32F3xx/Include -I../Drivers/CMSIS/Include -I"E:/Pulpit/PCB/SOFT_Nie_Git/work_3/Cooling_motor/stm_f303k8_ioc/Main_app/Inc" -I"E:/Pulpit/PCB/SOFT_Nie_Git/work_3/Cooling_motor/stm_f303k8_ioc/Main_app/Src" -O0 -ffunction-sections -fdata-sections -Wall -fstack-usage -fcyclomatic-complexity -MMD -MP -MF"Drivers/STM32F3xx_HAL_Driver/Src/stm32f3xx_hal_flash.d" -MT"Drivers/STM32F3xx_HAL_Driver/Src/stm32f3xx_hal_flash.o" --specs=nano.specs -mfpu=fpv4-sp-d16 -mfloat-abi=hard -mthumb -o "Drivers/STM32F3xx_HAL_Driver/Src/stm32f3xx_hal_flash.o"
arm-none-eabi-gcc "../Drivers/STM32F3xx_HAL_Driver/Src/stm32f3xx_hal_flash_ex.c" -mcpu=cortex-m4 -std=gnu11 -g3 -DDEBUG -DUSE_HAL_DRIVER -DSTM32F303x8 -c -I"E:/Pulpit/PCB/SOFT_Nie_Git/work_3/Cooling_motor/stm_f303k8_ioc/Main_app/Inc/EKO_LIB" -I"E:/Pulpit/PCB/SOFT_Nie_Git/work_3/Cooling_motor/stm_f303k8_ioc/Main_app/Inc/MY_LIB" -I"E:/Pulpit/PCB/SOFT_Nie_Git/work_3/Cooling_motor/stm_f303k8_ioc/Main_app/Src/EKO_LIB" -I"E:/Pulpit/PCB/SOFT_Nie_Git/work_3/Cooling_motor/stm_f303k8_ioc/Main_app/Src/MY_LIB" -I../Core/Inc -I../Drivers/STM32F3xx_HAL_Driver/Inc -I../Drivers/STM32F3xx_HAL_Driver/Inc/Legacy -I../Drivers/CMSIS/Device/ST/STM32F3xx/Include -I../Drivers/CMSIS/Include -I"E:/Pulpit/PCB/SOFT_Nie_Git/work_3/Cooling_motor/stm_f303k8_ioc/Main_app/Inc" -I"E:/Pulpit/PCB/SOFT_Nie_Git/work_3/Cooling_motor/stm_f303k8_ioc/Main_app/Src" -O0 -ffunction-sections -fdata-sections -Wall -fstack-usage -fcyclomatic-complexity -MMD -MP -MF"Drivers/STM32F3xx_HAL_Driver/Src/stm32f3xx_hal_flash_ex.d" -MT"Drivers/STM32F3xx_HAL_Driver/Src/stm32f3xx_hal_flash_ex.o" --specs=nano.specs -mfpu=fpv4-sp-d16 -mfloat-abi=hard -mthumb -o "Drivers/STM32F3xx_HAL_Driver/Src/stm32f3xx_hal_flash_ex.o"
arm-none-eabi-gcc "../Drivers/STM32F3xx_HAL_Driver/Src/stm32f3xx_hal_gpio.c" -mcpu=cortex-m4 -std=gnu11 -g3 -DDEBUG -DUSE_HAL_DRIVER -DSTM32F303x8 -c -I"E:/Pulpit/PCB/SOFT_Nie_Git/work_3/Cooling_motor/stm_f303k8_ioc/Main_app/Inc/EKO_LIB" -I"E:/Pulpit/PCB/SOFT_Nie_Git/work_3/Cooling_motor/stm_f303k8_ioc/Main_app/Inc/MY_LIB" -I"E:/Pulpit/PCB/SOFT_Nie_Git/work_3/Cooling_motor/stm_f303k8_ioc/Main_app/Src/EKO_LIB" -I"E:/Pulpit/PCB/SOFT_Nie_Git/work_3/Cooling_motor/stm_f303k8_ioc/Main_app/Src/MY_LIB" -I../Core/Inc -I../Drivers/STM32F3xx_HAL_Driver/Inc -I../Drivers/STM32F3xx_HAL_Driver/Inc/Legacy -I../Drivers/CMSIS/Device/ST/STM32F3xx/Include -I../Drivers/CMSIS/Include -I"E:/Pulpit/PCB/SOFT_Nie_Git/work_3/Cooling_motor/stm_f303k8_ioc/Main_app/Inc" -I"E:/Pulpit/PCB/SOFT_Nie_Git/work_3/Cooling_motor/stm_f303k8_ioc/Main_app/Src" -O0 -ffunction-sections -fdata-sections -Wall -fstack-usage -fcyclomatic-complexity -MMD -MP -MF"Drivers/STM32F3xx_HAL_Driver/Src/stm32f3xx_hal_gpio.d" -MT"Drivers/STM32F3xx_HAL_Driver/Src/stm32f3xx_hal_gpio.o" --specs=nano.specs -mfpu=fpv4-sp-d16 -mfloat-abi=hard -mthumb -o "Drivers/STM32F3xx_HAL_Driver/Src/stm32f3xx_hal_gpio.o"
arm-none-eabi-gcc "../Drivers/STM32F3xx_HAL_Driver/Src/stm32f3xx_hal_i2c.c" -mcpu=cortex-m4 -std=gnu11 -g3 -DDEBUG -DUSE_HAL_DRIVER -DSTM32F303x8 -c -I"E:/Pulpit/PCB/SOFT_Nie_Git/work_3/Cooling_motor/stm_f303k8_ioc/Main_app/Inc/EKO_LIB" -I"E:/Pulpit/PCB/SOFT_Nie_Git/work_3/Cooling_motor/stm_f303k8_ioc/Main_app/Inc/MY_LIB" -I"E:/Pulpit/PCB/SOFT_Nie_Git/work_3/Cooling_motor/stm_f303k8_ioc/Main_app/Src/EKO_LIB" -I"E:/Pulpit/PCB/SOFT_Nie_Git/work_3/Cooling_motor/stm_f303k8_ioc/Main_app/Src/MY_LIB" -I../Core/Inc -I../Drivers/STM32F3xx_HAL_Driver/Inc -I../Drivers/STM32F3xx_HAL_Driver/Inc/Legacy -I../Drivers/CMSIS/Device/ST/STM32F3xx/Include -I../Drivers/CMSIS/Include -I"E:/Pulpit/PCB/SOFT_Nie_Git/work_3/Cooling_motor/stm_f303k8_ioc/Main_app/Inc" -I"E:/Pulpit/PCB/SOFT_Nie_Git/work_3/Cooling_motor/stm_f303k8_ioc/Main_app/Src" -O0 -ffunction-sections -fdata-sections -Wall -fstack-usage -fcyclomatic-complexity -MMD -MP -MF"Drivers/STM32F3xx_HAL_Driver/Src/stm32f3xx_hal_i2c.d" -MT"Drivers/STM32F3xx_HAL_Driver/Src/stm32f3xx_hal_i2c.o" --specs=nano.specs -mfpu=fpv4-sp-d16 -mfloat-abi=hard -mthumb -o "Drivers/STM32F3xx_HAL_Driver/Src/stm32f3xx_hal_i2c.o"
../Main_app/Src/MY_LIB/MY_driver_i2c.c: In function 'AM2320_StateMachine':
../Main_app/Src/MY_LIB/MY_driver_i2c.c:153:5: warning: enumeration value 'AM2320_IDLE' not handled in switch [-Wswitch]
  153 |     switch (am2320State)
      |     ^~~~~~
../Main_app/Src/cooler_left_app.c: In function 'COOLER_app':
../Main_app/Src/cooler_left_app.c:106:38: warning: passing argument 1 of 'COOLER_IsTimeSendMsg' discards 'volatile' qualifier from pointer target type [-Wdiscarded-qualifiers]
  106 |                 COOLER_IsTimeSendMsg(&interuptCanFlag);
      |                                      ^~~~~~~~~~~~~~~~
../Main_app/Src/cooler_left_app.c:58:36: note: expected 'uint8_t *' {aka 'unsigned char *'} but argument is of type 'volatile uint8_t *' {aka 'volatile unsigned char *'}
   58 | void COOLER_IsTimeSendMsg(uint8_t* interuptCanFlag)
      |                           ~~~~~~~~~^~~~~~~~~~~~~~~
../Main_app/Src/cooler_left_app.c:110:25: warning: enumeration value 'CAN_FRAME_SAFE_STATE' not handled in switch [-Wswitch]
  110 |                         switch(msg.name)
      |                         ^~~~~~
../Main_app/Src/cooler_left_app.c:110:25: warning: enumeration value 'CAN_FRAME_UNKNOWN' not handled in switch [-Wswitch]
arm-none-eabi-gcc "../Drivers/STM32F3xx_HAL_Driver/Src/stm32f3xx_hal_i2c_ex.c" -mcpu=cortex-m4 -std=gnu11 -g3 -DDEBUG -DUSE_HAL_DRIVER -DSTM32F303x8 -c -I"E:/Pulpit/PCB/SOFT_Nie_Git/work_3/Cooling_motor/stm_f303k8_ioc/Main_app/Inc/EKO_LIB" -I"E:/Pulpit/PCB/SOFT_Nie_Git/work_3/Cooling_motor/stm_f303k8_ioc/Main_app/Inc/MY_LIB" -I"E:/Pulpit/PCB/SOFT_Nie_Git/work_3/Cooling_motor/stm_f303k8_ioc/Main_app/Src/EKO_LIB" -I"E:/Pulpit/PCB/SOFT_Nie_Git/work_3/Cooling_motor/stm_f303k8_ioc/Main_app/Src/MY_LIB" -I../Core/Inc -I../Drivers/STM32F3xx_HAL_Driver/Inc -I../Drivers/STM32F3xx_HAL_Driver/Inc/Legacy -I../Drivers/CMSIS/Device/ST/STM32F3xx/Include -I../Drivers/CMSIS/Include -I"E:/Pulpit/PCB/SOFT_Nie_Git/work_3/Cooling_motor/stm_f303k8_ioc/Main_app/Inc" -I"E:/Pulpit/PCB/SOFT_Nie_Git/work_3/Cooling_motor/stm_f303k8_ioc/Main_app/Src" -O0 -ffunction-sections -fdata-sections -Wall -fstack-usage -fcyclomatic-complexity -MMD -MP -MF"Drivers/STM32F3xx_HAL_Driver/Src/stm32f3xx_hal_i2c_ex.d" -MT"Drivers/STM32F3xx_HAL_Driver/Src/stm32f3xx_hal_i2c_ex.o" --specs=nano.specs -mfpu=fpv4-sp-d16 -mfloat-abi=hard -mthumb -o "Drivers/STM32F3xx_HAL_Driver/Src/stm32f3xx_hal_i2c_ex.o"
arm-none-eabi-gcc "../Drivers/STM32F3xx_HAL_Driver/Src/stm32f3xx_hal_pwr.c" -mcpu=cortex-m4 -std=gnu11 -g3 -DDEBUG -DUSE_HAL_DRIVER -DSTM32F303x8 -c -I"E:/Pulpit/PCB/SOFT_Nie_Git/work_3/Cooling_motor/stm_f303k8_ioc/Main_app/Inc/EKO_LIB" -I"E:/Pulpit/PCB/SOFT_Nie_Git/work_3/Cooling_motor/stm_f303k8_ioc/Main_app/Inc/MY_LIB" -I"E:/Pulpit/PCB/SOFT_Nie_Git/work_3/Cooling_motor/stm_f303k8_ioc/Main_app/Src/EKO_LIB" -I"E:/Pulpit/PCB/SOFT_Nie_Git/work_3/Cooling_motor/stm_f303k8_ioc/Main_app/Src/MY_LIB" -I../Core/Inc -I../Drivers/STM32F3xx_HAL_Driver/Inc -I../Drivers/STM32F3xx_HAL_Driver/Inc/Legacy -I../Drivers/CMSIS/Device/ST/STM32F3xx/Include -I../Drivers/CMSIS/Include -I"E:/Pulpit/PCB/SOFT_Nie_Git/work_3/Cooling_motor/stm_f303k8_ioc/Main_app/Inc" -I"E:/Pulpit/PCB/SOFT_Nie_Git/work_3/Cooling_motor/stm_f303k8_ioc/Main_app/Src" -O0 -ffunction-sections -fdata-sections -Wall -fstack-usage -fcyclomatic-complexity -MMD -MP -MF"Drivers/STM32F3xx_HAL_Driver/Src/stm32f3xx_hal_pwr.d" -MT"Drivers/STM32F3xx_HAL_Driver/Src/stm32f3xx_hal_pwr.o" --specs=nano.specs -mfpu=fpv4-sp-d16 -mfloat-abi=hard -mthumb -o "Drivers/STM32F3xx_HAL_Driver/Src/stm32f3xx_hal_pwr.o"
arm-none-eabi-gcc "../Drivers/STM32F3xx_HAL_Driver/Src/stm32f3xx_hal_pwr_ex.c" -mcpu=cortex-m4 -std=gnu11 -g3 -DDEBUG -DUSE_HAL_DRIVER -DSTM32F303x8 -c -I"E:/Pulpit/PCB/SOFT_Nie_Git/work_3/Cooling_motor/stm_f303k8_ioc/Main_app/Inc/EKO_LIB" -I"E:/Pulpit/PCB/SOFT_Nie_Git/work_3/Cooling_motor/stm_f303k8_ioc/Main_app/Inc/MY_LIB" -I"E:/Pulpit/PCB/SOFT_Nie_Git/work_3/Cooling_motor/stm_f303k8_ioc/Main_app/Src/EKO_LIB" -I"E:/Pulpit/PCB/SOFT_Nie_Git/work_3/Cooling_motor/stm_f303k8_ioc/Main_app/Src/MY_LIB" -I../Core/Inc -I../Drivers/STM32F3xx_HAL_Driver/Inc -I../Drivers/STM32F3xx_HAL_Driver/Inc/Legacy -I../Drivers/CMSIS/Device/ST/STM32F3xx/Include -I../Drivers/CMSIS/Include -I"E:/Pulpit/PCB/SOFT_Nie_Git/work_3/Cooling_motor/stm_f303k8_ioc/Main_app/Inc" -I"E:/Pulpit/PCB/SOFT_Nie_Git/work_3/Cooling_motor/stm_f303k8_ioc/Main_app/Src" -O0 -ffunction-sections -fdata-sections -Wall -fstack-usage -fcyclomatic-complexity -MMD -MP -MF"Drivers/STM32F3xx_HAL_Driver/Src/stm32f3xx_hal_pwr_ex.d" -MT"Drivers/STM32F3xx_HAL_Driver/Src/stm32f3xx_hal_pwr_ex.o" --specs=nano.specs -mfpu=fpv4-sp-d16 -mfloat-abi=hard -mthumb -o "Drivers/STM32F3xx_HAL_Driver/Src/stm32f3xx_hal_pwr_ex.o"
arm-none-eabi-gcc "../Drivers/STM32F3xx_HAL_Driver/Src/stm32f3xx_hal_rcc.c" -mcpu=cortex-m4 -std=gnu11 -g3 -DDEBUG -DUSE_HAL_DRIVER -DSTM32F303x8 -c -I"E:/Pulpit/PCB/SOFT_Nie_Git/work_3/Cooling_motor/stm_f303k8_ioc/Main_app/Inc/EKO_LIB" -I"E:/Pulpit/PCB/SOFT_Nie_Git/work_3/Cooling_motor/stm_f303k8_ioc/Main_app/Inc/MY_LIB" -I"E:/Pulpit/PCB/SOFT_Nie_Git/work_3/Cooling_motor/stm_f303k8_ioc/Main_app/Src/EKO_LIB" -I"E:/Pulpit/PCB/SOFT_Nie_Git/work_3/Cooling_motor/stm_f303k8_ioc/Main_app/Src/MY_LIB" -I../Core/Inc -I../Drivers/STM32F3xx_HAL_Driver/Inc -I../Drivers/STM32F3xx_HAL_Driver/Inc/Legacy -I../Drivers/CMSIS/Device/ST/STM32F3xx/Include -I../Drivers/CMSIS/Include -I"E:/Pulpit/PCB/SOFT_Nie_Git/work_3/Cooling_motor/stm_f303k8_ioc/Main_app/Inc" -I"E:/Pulpit/PCB/SOFT_Nie_Git/work_3/Cooling_motor/stm_f303k8_ioc/Main_app/Src" -O0 -ffunction-sections -fdata-sections -Wall -fstack-usage -fcyclomatic-complexity -MMD -MP -MF"Drivers/STM32F3xx_HAL_Driver/Src/stm32f3xx_hal_rcc.d" -MT"Drivers/STM32F3xx_HAL_Driver/Src/stm32f3xx_hal_rcc.o" --specs=nano.specs -mfpu=fpv4-sp-d16 -mfloat-abi=hard -mthumb -o "Drivers/STM32F3xx_HAL_Driver/Src/stm32f3xx_hal_rcc.o"
arm-none-eabi-gcc "../Drivers/STM32F3xx_HAL_Driver/Src/stm32f3xx_hal_rcc_ex.c" -mcpu=cortex-m4 -std=gnu11 -g3 -DDEBUG -DUSE_HAL_DRIVER -DSTM32F303x8 -c -I"E:/Pulpit/PCB/SOFT_Nie_Git/work_3/Cooling_motor/stm_f303k8_ioc/Main_app/Inc/EKO_LIB" -I"E:/Pulpit/PCB/SOFT_Nie_Git/work_3/Cooling_motor/stm_f303k8_ioc/Main_app/Inc/MY_LIB" -I"E:/Pulpit/PCB/SOFT_Nie_Git/work_3/Cooling_motor/stm_f303k8_ioc/Main_app/Src/EKO_LIB" -I"E:/Pulpit/PCB/SOFT_Nie_Git/work_3/Cooling_motor/stm_f303k8_ioc/Main_app/Src/MY_LIB" -I../Core/Inc -I../Drivers/STM32F3xx_HAL_Driver/Inc -I../Drivers/STM32F3xx_HAL_Driver/Inc/Legacy -I../Drivers/CMSIS/Device/ST/STM32F3xx/Include -I../Drivers/CMSIS/Include -I"E:/Pulpit/PCB/SOFT_Nie_Git/work_3/Cooling_motor/stm_f303k8_ioc/Main_app/Inc" -I"E:/Pulpit/PCB/SOFT_Nie_Git/work_3/Cooling_motor/stm_f303k8_ioc/Main_app/Src" -O0 -ffunction-sections -fdata-sections -Wall -fstack-usage -fcyclomatic-complexity -MMD -MP -MF"Drivers/STM32F3xx_HAL_Driver/Src/stm32f3xx_hal_rcc_ex.d" -MT"Drivers/STM32F3xx_HAL_Driver/Src/stm32f3xx_hal_rcc_ex.o" --specs=nano.specs -mfpu=fpv4-sp-d16 -mfloat-abi=hard -mthumb -o "Drivers/STM32F3xx_HAL_Driver/Src/stm32f3xx_hal_rcc_ex.o"
arm-none-eabi-gcc "../Drivers/STM32F3xx_HAL_Driver/Src/stm32f3xx_hal_tim.c" -mcpu=cortex-m4 -std=gnu11 -g3 -DDEBUG -DUSE_HAL_DRIVER -DSTM32F303x8 -c -I"E:/Pulpit/PCB/SOFT_Nie_Git/work_3/Cooling_motor/stm_f303k8_ioc/Main_app/Inc/EKO_LIB" -I"E:/Pulpit/PCB/SOFT_Nie_Git/work_3/Cooling_motor/stm_f303k8_ioc/Main_app/Inc/MY_LIB" -I"E:/Pulpit/PCB/SOFT_Nie_Git/work_3/Cooling_motor/stm_f303k8_ioc/Main_app/Src/EKO_LIB" -I"E:/Pulpit/PCB/SOFT_Nie_Git/work_3/Cooling_motor/stm_f303k8_ioc/Main_app/Src/MY_LIB" -I../Core/Inc -I../Drivers/STM32F3xx_HAL_Driver/Inc -I../Drivers/STM32F3xx_HAL_Driver/Inc/Legacy -I../Drivers/CMSIS/Device/ST/STM32F3xx/Include -I../Drivers/CMSIS/Include -I"E:/Pulpit/PCB/SOFT_Nie_Git/work_3/Cooling_motor/stm_f303k8_ioc/Main_app/Inc" -I"E:/Pulpit/PCB/SOFT_Nie_Git/work_3/Cooling_motor/stm_f303k8_ioc/Main_app/Src" -O0 -ffunction-sections -fdata-sections -Wall -fstack-usage -fcyclomatic-complexity -MMD -MP -MF"Drivers/STM32F3xx_HAL_Driver/Src/stm32f3xx_hal_tim.d" -MT"Drivers/STM32F3xx_HAL_Driver/Src/stm32f3xx_hal_tim.o" --specs=nano.specs -mfpu=fpv4-sp-d16 -mfloat-abi=hard -mthumb -o "Drivers/STM32F3xx_HAL_Driver/Src/stm32f3xx_hal_tim.o"
arm-none-eabi-gcc "../Drivers/STM32F3xx_HAL_Driver/Src/stm32f3xx_hal_tim_ex.c" -mcpu=cortex-m4 -std=gnu11 -g3 -DDEBUG -DUSE_HAL_DRIVER -DSTM32F303x8 -c -I"E:/Pulpit/PCB/SOFT_Nie_Git/work_3/Cooling_motor/stm_f303k8_ioc/Main_app/Inc/EKO_LIB" -I"E:/Pulpit/PCB/SOFT_Nie_Git/work_3/Cooling_motor/stm_f303k8_ioc/Main_app/Inc/MY_LIB" -I"E:/Pulpit/PCB/SOFT_Nie_Git/work_3/Cooling_motor/stm_f303k8_ioc/Main_app/Src/EKO_LIB" -I"E:/Pulpit/PCB/SOFT_Nie_Git/work_3/Cooling_motor/stm_f303k8_ioc/Main_app/Src/MY_LIB" -I../Core/Inc -I../Drivers/STM32F3xx_HAL_Driver/Inc -I../Drivers/STM32F3xx_HAL_Driver/Inc/Legacy -I../Drivers/CMSIS/Device/ST/STM32F3xx/Include -I../Drivers/CMSIS/Include -I"E:/Pulpit/PCB/SOFT_Nie_Git/work_3/Cooling_motor/stm_f303k8_ioc/Main_app/Inc" -I"E:/Pulpit/PCB/SOFT_Nie_Git/work_3/Cooling_motor/stm_f303k8_ioc/Main_app/Src" -O0 -ffunction-sections -fdata-sections -Wall -fstack-usage -fcyclomatic-complexity -MMD -MP -MF"Drivers/STM32F3xx_HAL_Driver/Src/stm32f3xx_hal_tim_ex.d" -MT"Drivers/STM32F3xx_HAL_Driver/Src/stm32f3xx_hal_tim_ex.o" --specs=nano.specs -mfpu=fpv4-sp-d16 -mfloat-abi=hard -mthumb -o "Drivers/STM32F3xx_HAL_Driver/Src/stm32f3xx_hal_tim_ex.o"
arm-none-eabi-gcc -mcpu=cortex-m4 -g3 -DDEBUG -c -I"E:/Pulpit/PCB/Plytki_chlodzenia_SOFTWARE/Biblioteki/stm-drivers/CAN/Inc" -I"E:/Pulpit/PCB/Plytki_chlodzenia_SOFTWARE/Biblioteki/stm-drivers/CAN/Src" -x assembler-with-cpp -MMD -MP -MF"Core/Startup/startup_stm32f303k8tx.d" -MT"Core/Startup/startup_stm32f303k8tx.o" --specs=nano.specs -mfpu=fpv4-sp-d16 -mfloat-abi=hard -mthumb -o "Core/Startup/startup_stm32f303k8tx.o" "../Core/Startup/startup_stm32f303k8tx.s"
arm-none-eabi-gcc "../Core/Src/can.c" -mcpu=cortex-m4 -std=gnu11 -g3 -DDEBUG -DUSE_HAL_DRIVER -DSTM32F303x8 -c -I"E:/Pulpit/PCB/SOFT_Nie_Git/work_3/Cooling_motor/stm_f303k8_ioc/Main_app/Inc/EKO_LIB" -I"E:/Pulpit/PCB/SOFT_Nie_Git/work_3/Cooling_motor/stm_f303k8_ioc/Main_app/Inc/MY_LIB" -I"E:/Pulpit/PCB/SOFT_Nie_Git/work_3/Cooling_motor/stm_f303k8_ioc/Main_app/Src/EKO_LIB" -I"E:/Pulpit/PCB/SOFT_Nie_Git/work_3/Cooling_motor/stm_f303k8_ioc/Main_app/Src/MY_LIB" -I../Core/Inc -I../Drivers/STM32F3xx_HAL_Driver/Inc -I../Drivers/STM32F3xx_HAL_Driver/Inc/Legacy -I../Drivers/CMSIS/Device/ST/STM32F3xx/Include -I../Drivers/CMSIS/Include -I"E:/Pulpit/PCB/SOFT_Nie_Git/work_3/Cooling_motor/stm_f303k8_ioc/Main_app/Inc" -I"E:/Pulpit/PCB/SOFT_Nie_Git/work_3/Cooling_motor/stm_f303k8_ioc/Main_app/Src" -O0 -ffunction-sections -fdata-sections -Wall -fstack-usage -fcyclomatic-complexity -MMD -MP -MF"Core/Src/can.d" -MT"Core/Src/can.o" --specs=nano.specs -mfpu=fpv4-sp-d16 -mfloat-abi=hard -mthumb -o "Core/Src/can.o"
arm-none-eabi-gcc "../Core/Src/dma.c" -mcpu=cortex-m4 -std=gnu11 -g3 -DDEBUG -DUSE_HAL_DRIVER -DSTM32F303x8 -c -I"E:/Pulpit/PCB/SOFT_Nie_Git/work_3/Cooling_motor/stm_f303k8_ioc/Main_app/Inc/EKO_LIB" -I"E:/Pulpit/PCB/SOFT_Nie_Git/work_3/Cooling_motor/stm_f303k8_ioc/Main_app/Inc/MY_LIB" -I"E:/Pulpit/PCB/SOFT_Nie_Git/work_3/Cooling_motor/stm_f303k8_ioc/Main_app/Src/EKO_LIB" -I"E:/Pulpit/PCB/SOFT_Nie_Git/work_3/Cooling_motor/stm_f303k8_ioc/Main_app/Src/MY_LIB" -I../Core/Inc -I../Drivers/STM32F3xx_HAL_Driver/Inc -I../Drivers/STM32F3xx_HAL_Driver/Inc/Legacy -I../Drivers/CMSIS/Device/ST/STM32F3xx/Include -I../Drivers/CMSIS/Include -I"E:/Pulpit/PCB/SOFT_Nie_Git/work_3/Cooling_motor/stm_f303k8_ioc/Main_app/Inc" -I"E:/Pulpit/PCB/SOFT_Nie_Git/work_3/Cooling_motor/stm_f303k8_ioc/Main_app/Src" -O0 -ffunction-sections -fdata-sections -Wall -fstack-usage -fcyclomatic-complexity -MMD -MP -MF"Core/Src/dma.d" -MT"Core/Src/dma.o" --specs=nano.specs -mfpu=fpv4-sp-d16 -mfloat-abi=hard -mthumb -o "Core/Src/dma.o"
arm-none-eabi-gcc "../Core/Src/gpio.c" -mcpu=cortex-m4 -std=gnu11 -g3 -DDEBUG -DUSE_HAL_DRIVER -DSTM32F303x8 -c -I"E:/Pulpit/PCB/SOFT_Nie_Git/work_3/Cooling_motor/stm_f303k8_ioc/Main_app/Inc/EKO_LIB" -I"E:/Pulpit/PCB/SOFT_Nie_Git/work_3/Cooling_motor/stm_f303k8_ioc/Main_app/Inc/MY_LIB" -I"E:/Pulpit/PCB/SOFT_Nie_Git/work_3/Cooling_motor/stm_f303k8_ioc/Main_app/Src/EKO_LIB" -I"E:/Pulpit/PCB/SOFT_Nie_Git/work_3/Cooling_motor/stm_f303k8_ioc/Main_app/Src/MY_LIB" -I../Core/Inc -I../Drivers/STM32F3xx_HAL_Driver/Inc -I../Drivers/STM32F3xx_HAL_Driver/Inc/Legacy -I../Drivers/CMSIS/Device/ST/STM32F3xx/Include -I../Drivers/CMSIS/Include -I"E:/Pulpit/PCB/SOFT_Nie_Git/work_3/Cooling_motor/stm_f303k8_ioc/Main_app/Inc" -I"E:/Pulpit/PCB/SOFT_Nie_Git/work_3/Cooling_motor/stm_f303k8_ioc/Main_app/Src" -O0 -ffunction-sections -fdata-sections -Wall -fstack-usage -fcyclomatic-complexity -MMD -MP -MF"Core/Src/gpio.d" -MT"Core/Src/gpio.o" --specs=nano.specs -mfpu=fpv4-sp-d16 -mfloat-abi=hard -mthumb -o "Core/Src/gpio.o"
arm-none-eabi-gcc "../Core/Src/i2c.c" -mcpu=cortex-m4 -std=gnu11 -g3 -DDEBUG -DUSE_HAL_DRIVER -DSTM32F303x8 -c -I"E:/Pulpit/PCB/SOFT_Nie_Git/work_3/Cooling_motor/stm_f303k8_ioc/Main_app/Inc/EKO_LIB" -I"E:/Pulpit/PCB/SOFT_Nie_Git/work_3/Cooling_motor/stm_f303k8_ioc/Main_app/Inc/MY_LIB" -I"E:/Pulpit/PCB/SOFT_Nie_Git/work_3/Cooling_motor/stm_f303k8_ioc/Main_app/Src/EKO_LIB" -I"E:/Pulpit/PCB/SOFT_Nie_Git/work_3/Cooling_motor/stm_f303k8_ioc/Main_app/Src/MY_LIB" -I../Core/Inc -I../Drivers/STM32F3xx_HAL_Driver/Inc -I../Drivers/STM32F3xx_HAL_Driver/Inc/Legacy -I../Drivers/CMSIS/Device/ST/STM32F3xx/Include -I../Drivers/CMSIS/Include -I"E:/Pulpit/PCB/SOFT_Nie_Git/work_3/Cooling_motor/stm_f303k8_ioc/Main_app/Inc" -I"E:/Pulpit/PCB/SOFT_Nie_Git/work_3/Cooling_motor/stm_f303k8_ioc/Main_app/Src" -O0 -ffunction-sections -fdata-sections -Wall -fstack-usage -fcyclomatic-complexity -MMD -MP -MF"Core/Src/i2c.d" -MT"Core/Src/i2c.o" --specs=nano.specs -mfpu=fpv4-sp-d16 -mfloat-abi=hard -mthumb -o "Core/Src/i2c.o"
arm-none-eabi-gcc "../Core/Src/main.c" -mcpu=cortex-m4 -std=gnu11 -g3 -DDEBUG -DUSE_HAL_DRIVER -DSTM32F303x8 -c -I"E:/Pulpit/PCB/SOFT_Nie_Git/work_3/Cooling_motor/stm_f303k8_ioc/Main_app/Inc/EKO_LIB" -I"E:/Pulpit/PCB/SOFT_Nie_Git/work_3/Cooling_motor/stm_f303k8_ioc/Main_app/Inc" -I"E:/Pulpit/PCB/SOFT_Nie_Git/work_3/Cooling_motor/stm_f303k8_ioc/Main_app/Src" -I"E:/Pulpit/PCB/SOFT_Nie_Git/work_3/Cooling_motor/stm_f303k8_ioc/Main_app/Inc/MY_LIB" -I"E:/Pulpit/PCB/SOFT_Nie_Git/work_3/Cooling_motor/stm_f303k8_ioc/Main_app/Src/EKO_LIB" -I"E:/Pulpit/PCB/SOFT_Nie_Git/work_3/Cooling_motor/stm_f303k8_ioc/Main_app/Src/MY_LIB" -I../Core/Inc -I../Drivers/STM32F3xx_HAL_Driver/Inc -I../Drivers/STM32F3xx_HAL_Driver/Inc/Legacy -I../Drivers/CMSIS/Device/ST/STM32F3xx/Include -I../Drivers/CMSIS/Include -O0 -ffunction-sections -fdata-sections -Wall -fstack-usage -fcyclomatic-complexity -MMD -MP -MF"Core/Src/main.d" -MT"Core/Src/main.o" --specs=nano.specs -mfpu=fpv4-sp-d16 -mfloat-abi=hard -mthumb -o "Core/Src/main.o"
arm-none-eabi-gcc "../Core/Src/stm32f3xx_hal_msp.c" -mcpu=cortex-m4 -std=gnu11 -g3 -DDEBUG -DUSE_HAL_DRIVER -DSTM32F303x8 -c -I"E:/Pulpit/PCB/SOFT_Nie_Git/work_3/Cooling_motor/stm_f303k8_ioc/Main_app/Inc/EKO_LIB" -I"E:/Pulpit/PCB/SOFT_Nie_Git/work_3/Cooling_motor/stm_f303k8_ioc/Main_app/Inc/MY_LIB" -I"E:/Pulpit/PCB/SOFT_Nie_Git/work_3/Cooling_motor/stm_f303k8_ioc/Main_app/Src/EKO_LIB" -I"E:/Pulpit/PCB/SOFT_Nie_Git/work_3/Cooling_motor/stm_f303k8_ioc/Main_app/Src/MY_LIB" -I../Core/Inc -I../Drivers/STM32F3xx_HAL_Driver/Inc -I../Drivers/STM32F3xx_HAL_Driver/Inc/Legacy -I../Drivers/CMSIS/Device/ST/STM32F3xx/Include -I../Drivers/CMSIS/Include -I"E:/Pulpit/PCB/SOFT_Nie_Git/work_3/Cooling_motor/stm_f303k8_ioc/Main_app/Inc" -I"E:/Pulpit/PCB/SOFT_Nie_Git/work_3/Cooling_motor/stm_f303k8_ioc/Main_app/Src" -O0 -ffunction-sections -fdata-sections -Wall -fstack-usage -fcyclomatic-complexity -MMD -MP -MF"Core/Src/stm32f3xx_hal_msp.d" -MT"Core/Src/stm32f3xx_hal_msp.o" --specs=nano.specs -mfpu=fpv4-sp-d16 -mfloat-abi=hard -mthumb -o "Core/Src/stm32f3xx_hal_msp.o"
arm-none-eabi-gcc "../Core/Src/stm32f3xx_it.c" -mcpu=cortex-m4 -std=gnu11 -g3 -DDEBUG -DUSE_HAL_DRIVER -DSTM32F303x8 -c -I"E:/Pulpit/PCB/SOFT_Nie_Git/work_3/Cooling_motor/stm_f303k8_ioc/Main_app/Inc/EKO_LIB" -I"E:/Pulpit/PCB/SOFT_Nie_Git/work_3/Cooling_motor/stm_f303k8_ioc/Main_app/Inc/MY_LIB" -I"E:/Pulpit/PCB/SOFT_Nie_Git/work_3/Cooling_motor/stm_f303k8_ioc/Main_app/Src/EKO_LIB" -I"E:/Pulpit/PCB/SOFT_Nie_Git/work_3/Cooling_motor/stm_f303k8_ioc/Main_app/Src/MY_LIB" -I../Core/Inc -I../Drivers/STM32F3xx_HAL_Driver/Inc -I../Drivers/STM32F3xx_HAL_Driver/Inc/Legacy -I../Drivers/CMSIS/Device/ST/STM32F3xx/Include -I../Drivers/CMSIS/Include -I"E:/Pulpit/PCB/SOFT_Nie_Git/work_3/Cooling_motor/stm_f303k8_ioc/Main_app/Inc" -I"E:/Pulpit/PCB/SOFT_Nie_Git/work_3/Cooling_motor/stm_f303k8_ioc/Main_app/Src" -O0 -ffunction-sections -fdata-sections -Wall -fstack-usage -fcyclomatic-complexity -MMD -MP -MF"Core/Src/stm32f3xx_it.d" -MT"Core/Src/stm32f3xx_it.o" --specs=nano.specs -mfpu=fpv4-sp-d16 -mfloat-abi=hard -mthumb -o "Core/Src/stm32f3xx_it.o"
arm-none-eabi-gcc "../Core/Src/syscalls.c" -mcpu=cortex-m4 -std=gnu11 -g3 -DDEBUG -DUSE_HAL_DRIVER -DSTM32F303x8 -c -I"E:/Pulpit/PCB/SOFT_Nie_Git/work_3/Cooling_motor/stm_f303k8_ioc/Main_app/Inc/EKO_LIB" -I"E:/Pulpit/PCB/SOFT_Nie_Git/work_3/Cooling_motor/stm_f303k8_ioc/Main_app/Inc/MY_LIB" -I"E:/Pulpit/PCB/SOFT_Nie_Git/work_3/Cooling_motor/stm_f303k8_ioc/Main_app/Src/EKO_LIB" -I"E:/Pulpit/PCB/SOFT_Nie_Git/work_3/Cooling_motor/stm_f303k8_ioc/Main_app/Src/MY_LIB" -I../Core/Inc -I../Drivers/STM32F3xx_HAL_Driver/Inc -I../Drivers/STM32F3xx_HAL_Driver/Inc/Legacy -I../Drivers/CMSIS/Device/ST/STM32F3xx/Include -I../Drivers/CMSIS/Include -I"E:/Pulpit/PCB/SOFT_Nie_Git/work_3/Cooling_motor/stm_f303k8_ioc/Main_app/Inc" -I"E:/Pulpit/PCB/SOFT_Nie_Git/work_3/Cooling_motor/stm_f303k8_ioc/Main_app/Src" -O0 -ffunction-sections -fdata-sections -Wall -fstack-usage -fcyclomatic-complexity -MMD -MP -MF"Core/Src/syscalls.d" -MT"Core/Src/syscalls.o" --specs=nano.specs -mfpu=fpv4-sp-d16 -mfloat-abi=hard -mthumb -o "Core/Src/syscalls.o"
arm-none-eabi-gcc "../Core/Src/sysmem.c" -mcpu=cortex-m4 -std=gnu11 -g3 -DDEBUG -DUSE_HAL_DRIVER -DSTM32F303x8 -c -I"E:/Pulpit/PCB/SOFT_Nie_Git/work_3/Cooling_motor/stm_f303k8_ioc/Main_app/Inc/EKO_LIB" -I"E:/Pulpit/PCB/SOFT_Nie_Git/work_3/Cooling_motor/stm_f303k8_ioc/Main_app/Inc/MY_LIB" -I"E:/Pulpit/PCB/SOFT_Nie_Git/work_3/Cooling_motor/stm_f303k8_ioc/Main_app/Src/EKO_LIB" -I"E:/Pulpit/PCB/SOFT_Nie_Git/work_3/Cooling_motor/stm_f303k8_ioc/Main_app/Src/MY_LIB" -I../Core/Inc -I../Drivers/STM32F3xx_HAL_Driver/Inc -I../Drivers/STM32F3xx_HAL_Driver/Inc/Legacy -I../Drivers/CMSIS/Device/ST/STM32F3xx/Include -I../Drivers/CMSIS/Include -I"E:/Pulpit/PCB/SOFT_Nie_Git/work_3/Cooling_motor/stm_f303k8_ioc/Main_app/Inc" -I"E:/Pulpit/PCB/SOFT_Nie_Git/work_3/Cooling_motor/stm_f303k8_ioc/Main_app/Src" -O0 -ffunction-sections -fdata-sections -Wall -fstack-usage -fcyclomatic-complexity -MMD -MP -MF"Core/Src/sysmem.d" -MT"Core/Src/sysmem.o" --specs=nano.specs -mfpu=fpv4-sp-d16 -mfloat-abi=hard -mthumb -o "Core/Src/sysmem.o"
arm-none-eabi-gcc "../Core/Src/system_stm32f3xx.c" -mcpu=cortex-m4 -std=gnu11 -g3 -DDEBUG -DUSE_HAL_DRIVER -DSTM32F303x8 -c -I"E:/Pulpit/PCB/SOFT_Nie_Git/work_3/Cooling_motor/stm_f303k8_ioc/Main_app/Inc/EKO_LIB" -I"E:/Pulpit/PCB/SOFT_Nie_Git/work_3/Cooling_motor/stm_f303k8_ioc/Main_app/Inc/MY_LIB" -I"E:/Pulpit/PCB/SOFT_Nie_Git/work_3/Cooling_motor/stm_f303k8_ioc/Main_app/Src/EKO_LIB" -I"E:/Pulpit/PCB/SOFT_Nie_Git/work_3/Cooling_motor/stm_f303k8_ioc/Main_app/Src/MY_LIB" -I../Core/Inc -I../Drivers/STM32F3xx_HAL_Driver/Inc -I../Drivers/STM32F3xx_HAL_Driver/Inc/Legacy -I../Drivers/CMSIS/Device/ST/STM32F3xx/Include -I../Drivers/CMSIS/Include -I"E:/Pulpit/PCB/SOFT_Nie_Git/work_3/Cooling_motor/stm_f303k8_ioc/Main_app/Inc" -I"E:/Pulpit/PCB/SOFT_Nie_Git/work_3/Cooling_motor/stm_f303k8_ioc/Main_app/Src" -O0 -ffunction-sections -fdata-sections -Wall -fstack-usage -fcyclomatic-complexity -MMD -MP -MF"Core/Src/system_stm32f3xx.d" -MT"Core/Src/system_stm32f3xx.o" --specs=nano.specs -mfpu=fpv4-sp-d16 -mfloat-abi=hard -mthumb -o "Core/Src/system_stm32f3xx.o"
arm-none-eabi-gcc "../Core/Src/tim.c" -mcpu=cortex-m4 -std=gnu11 -g3 -DDEBUG -DUSE_HAL_DRIVER -DSTM32F303x8 -c -I"E:/Pulpit/PCB/SOFT_Nie_Git/work_3/Cooling_motor/stm_f303k8_ioc/Main_app/Inc/EKO_LIB" -I"E:/Pulpit/PCB/SOFT_Nie_Git/work_3/Cooling_motor/stm_f303k8_ioc/Main_app/Inc/MY_LIB" -I"E:/Pulpit/PCB/SOFT_Nie_Git/work_3/Cooling_motor/stm_f303k8_ioc/Main_app/Src/EKO_LIB" -I"E:/Pulpit/PCB/SOFT_Nie_Git/work_3/Cooling_motor/stm_f303k8_ioc/Main_app/Src/MY_LIB" -I../Core/Inc -I../Drivers/STM32F3xx_HAL_Driver/Inc -I../Drivers/STM32F3xx_HAL_Driver/Inc/Legacy -I../Drivers/CMSIS/Device/ST/STM32F3xx/Include -I../Drivers/CMSIS/Include -I"E:/Pulpit/PCB/SOFT_Nie_Git/work_3/Cooling_motor/stm_f303k8_ioc/Main_app/Inc" -I"E:/Pulpit/PCB/SOFT_Nie_Git/work_3/Cooling_motor/stm_f303k8_ioc/Main_app/Src" -O0 -ffunction-sections -fdata-sections -Wall -fstack-usage -fcyclomatic-complexity -MMD -MP -MF"Core/Src/tim.d" -MT"Core/Src/tim.o" --specs=nano.specs -mfpu=fpv4-sp-d16 -mfloat-abi=hard -mthumb -o "Core/Src/tim.o"
arm-none-eabi-gcc -o "f303_perla_blank.elf" @"objects.list"   -mcpu=cortex-m4 -T"E:\Pulpit\PCB\SOFT_Nie_Git\work_3\Cooling_motor\stm_f303k8_ioc\STM32F303K8TX_FLASH.ld" --specs=nosys.specs -Wl,-Map="f303_perla_blank.map" -Wl,--gc-sections -static --specs=nano.specs -mfpu=fpv4-sp-d16 -mfloat-abi=hard -mthumb -Wl,--start-group -lc -lm -Wl,--end-group
Finished building target: f303_perla_blank.elf
 
arm-none-eabi-size  f303_perla_blank.elf 
arm-none-eabi-objdump -h -S f303_perla_blank.elf  > "f303_perla_blank.list"
   text	   data	    bss	    dec	    hex	filename
  33892	     12	   5008	  38912	   9800	f303_perla_blank.elf
Finished building: default.size.stdout
 
Finished building: f303_perla_blank.list
 
18:59:47 **** Incremental Build of configuration Debug for project f303_perla_blank ****
make -j16 all 
arm-none-eabi-gcc "../Main_app/Src/MY_LIB/MY_driver_serwo.c" -mcpu=cortex-m4 -std=gnu11 -g3 -DDEBUG -DUSE_HAL_DRIVER -DSTM32F303x8 -c -I"E:/Pulpit/PCB/SOFT_Nie_Git/work_3/Cooling_motor/stm_f303k8_ioc/Main_app/Inc/EKO_LIB" -I"E:/Pulpit/PCB/SOFT_Nie_Git/work_3/Cooling_motor/stm_f303k8_ioc/Main_app/Inc/MY_LIB" -I"E:/Pulpit/PCB/SOFT_Nie_Git/work_3/Cooling_motor/stm_f303k8_ioc/Main_app/Src/EKO_LIB" -I"E:/Pulpit/PCB/SOFT_Nie_Git/work_3/Cooling_motor/stm_f303k8_ioc/Main_app/Src/MY_LIB" -I../Core/Inc -I../Drivers/STM32F3xx_HAL_Driver/Inc -I../Drivers/STM32F3xx_HAL_Driver/Inc/Legacy -I../Drivers/CMSIS/Device/ST/STM32F3xx/Include -I../Drivers/CMSIS/Include -I"E:/Pulpit/PCB/SOFT_Nie_Git/work_3/Cooling_motor/stm_f303k8_ioc/Main_app/Inc" -I"E:/Pulpit/PCB/SOFT_Nie_Git/work_3/Cooling_motor/stm_f303k8_ioc/Main_app/Src" -O0 -ffunction-sections -fdata-sections -Wall -fstack-usage -fcyclomatic-complexity -MMD -MP -MF"Main_app/Src/MY_LIB/MY_driver_serwo.d" -MT"Main_app/Src/MY_LIB/MY_driver_serwo.o" --specs=nano.specs -mfpu=fpv4-sp-d16 -mfloat-abi=hard -mthumb -o "Main_app/Src/MY_LIB/MY_driver_serwo.o"
arm-none-eabi-gcc "../Main_app/Src/cooler_left_app.c" -mcpu=cortex-m4 -std=gnu11 -g3 -DDEBUG -DUSE_HAL_DRIVER -DSTM32F303x8 -c -I"E:/Pulpit/PCB/SOFT_Nie_Git/work_3/Cooling_motor/stm_f303k8_ioc/Main_app/Inc/EKO_LIB" -I"E:/Pulpit/PCB/SOFT_Nie_Git/work_3/Cooling_motor/stm_f303k8_ioc/Main_app/Inc/MY_LIB" -I"E:/Pulpit/PCB/SOFT_Nie_Git/work_3/Cooling_motor/stm_f303k8_ioc/Main_app/Src/EKO_LIB" -I"E:/Pulpit/PCB/SOFT_Nie_Git/work_3/Cooling_motor/stm_f303k8_ioc/Main_app/Src/MY_LIB" -I../Core/Inc -I../Drivers/STM32F3xx_HAL_Driver/Inc -I../Drivers/STM32F3xx_HAL_Driver/Inc/Legacy -I../Drivers/CMSIS/Device/ST/STM32F3xx/Include -I../Drivers/CMSIS/Include -I"E:/Pulpit/PCB/SOFT_Nie_Git/work_3/Cooling_motor/stm_f303k8_ioc/Main_app/Inc" -I"E:/Pulpit/PCB/SOFT_Nie_Git/work_3/Cooling_motor/stm_f303k8_ioc/Main_app/Src" -O0 -ffunction-sections -fdata-sections -Wall -fstack-usage -fcyclomatic-complexity -MMD -MP -MF"Main_app/Src/cooler_left_app.d" -MT"Main_app/Src/cooler_left_app.o" --specs=nano.specs -mfpu=fpv4-sp-d16 -mfloat-abi=hard -mthumb -o "Main_app/Src/cooler_left_app.o"
../Main_app/Src/cooler_left_app.c: In function 'COOLER_refresh_control':
../Main_app/Src/cooler_left_app.c:53:59: error: expected ';' before 'FAN_EngineController'
   53 |                 FAN_SetPulseInternal(&htim3, &canBufferTx)
      |                                                           ^
      |                                                           ;
   54 |                 FAN_EngineController();
      |                 ~~~~~~~~~~~~~~~~~~~~                       
../Main_app/Src/cooler_left_app.c: In function 'COOLER_app':
../Main_app/Src/cooler_left_app.c:107:38: warning: passing argument 1 of 'COOLER_IsTimeSendMsg' discards 'volatile' qualifier from pointer target type [-Wdiscarded-qualifiers]
  107 |                 COOLER_IsTimeSendMsg(&interuptCanFlag);
      |                                      ^~~~~~~~~~~~~~~~
../Main_app/Src/cooler_left_app.c:59:36: note: expected 'uint8_t *' {aka 'unsigned char *'} but argument is of type 'volatile uint8_t *' {aka 'volatile unsigned char *'}
   59 | void COOLER_IsTimeSendMsg(uint8_t* interuptCanFlag)
      |                           ~~~~~~~~~^~~~~~~~~~~~~~~
../Main_app/Src/cooler_left_app.c:111:25: warning: enumeration value 'CAN_FRAME_SAFE_STATE' not handled in switch [-Wswitch]
  111 |                         switch(msg.name)
      |                         ^~~~~~
../Main_app/Src/cooler_left_app.c:111:25: warning: enumeration value 'CAN_FRAME_UNKNOWN' not handled in switch [-Wswitch]
make: *** [Main_app/Src/subdir.mk:22: Main_app/Src/cooler_left_app.o] Error 1
make: *** Waiting for unfinished jobs....
"make -j16 all" terminated with exit code 2. Build might be incomplete.
18:59:53 **** Incremental Build of configuration Debug for project f303_perla_blank ****
make -j16 all 
arm-none-eabi-gcc "../Main_app/Src/cooler_left_app.c" -mcpu=cortex-m4 -std=gnu11 -g3 -DDEBUG -DUSE_HAL_DRIVER -DSTM32F303x8 -c -I"E:/Pulpit/PCB/SOFT_Nie_Git/work_3/Cooling_motor/stm_f303k8_ioc/Main_app/Inc/EKO_LIB" -I"E:/Pulpit/PCB/SOFT_Nie_Git/work_3/Cooling_motor/stm_f303k8_ioc/Main_app/Inc/MY_LIB" -I"E:/Pulpit/PCB/SOFT_Nie_Git/work_3/Cooling_motor/stm_f303k8_ioc/Main_app/Src/EKO_LIB" -I"E:/Pulpit/PCB/SOFT_Nie_Git/work_3/Cooling_motor/stm_f303k8_ioc/Main_app/Src/MY_LIB" -I../Core/Inc -I../Drivers/STM32F3xx_HAL_Driver/Inc -I../Drivers/STM32F3xx_HAL_Driver/Inc/Legacy -I../Drivers/CMSIS/Device/ST/STM32F3xx/Include -I../Drivers/CMSIS/Include -I"E:/Pulpit/PCB/SOFT_Nie_Git/work_3/Cooling_motor/stm_f303k8_ioc/Main_app/Inc" -I"E:/Pulpit/PCB/SOFT_Nie_Git/work_3/Cooling_motor/stm_f303k8_ioc/Main_app/Src" -O0 -ffunction-sections -fdata-sections -Wall -fstack-usage -fcyclomatic-complexity -MMD -MP -MF"Main_app/Src/cooler_left_app.d" -MT"Main_app/Src/cooler_left_app.o" --specs=nano.specs -mfpu=fpv4-sp-d16 -mfloat-abi=hard -mthumb -o "Main_app/Src/cooler_left_app.o"
../Main_app/Src/cooler_left_app.c: In function 'COOLER_app':
../Main_app/Src/cooler_left_app.c:107:38: warning: passing argument 1 of 'COOLER_IsTimeSendMsg' discards 'volatile' qualifier from pointer target type [-Wdiscarded-qualifiers]
  107 |                 COOLER_IsTimeSendMsg(&interuptCanFlag);
      |                                      ^~~~~~~~~~~~~~~~
../Main_app/Src/cooler_left_app.c:59:36: note: expected 'uint8_t *' {aka 'unsigned char *'} but argument is of type 'volatile uint8_t *' {aka 'volatile unsigned char *'}
   59 | void COOLER_IsTimeSendMsg(uint8_t* interuptCanFlag)
      |                           ~~~~~~~~~^~~~~~~~~~~~~~~
../Main_app/Src/cooler_left_app.c:111:25: warning: enumeration value 'CAN_FRAME_SAFE_STATE' not handled in switch [-Wswitch]
  111 |                         switch(msg.name)
      |                         ^~~~~~
../Main_app/Src/cooler_left_app.c:111:25: warning: enumeration value 'CAN_FRAME_UNKNOWN' not handled in switch [-Wswitch]
arm-none-eabi-gcc -o "f303_perla_blank.elf" @"objects.list"   -mcpu=cortex-m4 -T"E:\Pulpit\PCB\SOFT_Nie_Git\work_3\Cooling_motor\stm_f303k8_ioc\STM32F303K8TX_FLASH.ld" --specs=nosys.specs -Wl,-Map="f303_perla_blank.map" -Wl,--gc-sections -static --specs=nano.specs -mfpu=fpv4-sp-d16 -mfloat-abi=hard -mthumb -Wl,--start-group -lc -lm -Wl,--end-group
Finished building target: f303_perla_blank.elf
 
arm-none-eabi-size  f303_perla_blank.elf 
arm-none-eabi-objdump -h -S f303_perla_blank.elf  > "f303_perla_blank.list"
   text	   data	    bss	    dec	    hex	filename
  33996	     12	   5008	  39016	   9868	f303_perla_blank.elf
Finished building: default.size.stdout
 
Finished building: f303_perla_blank.list
 
19:02:01 **** Incremental Build of configuration Debug for project f303_perla_blank ****
make -j16 all 
arm-none-eabi-gcc "../Main_app/Src/MY_LIB/MY_driver_serwo.c" -mcpu=cortex-m4 -std=gnu11 -g3 -DDEBUG -DUSE_HAL_DRIVER -DSTM32F303x8 -c -I"E:/Pulpit/PCB/SOFT_Nie_Git/work_3/Cooling_motor/stm_f303k8_ioc/Main_app/Inc/EKO_LIB" -I"E:/Pulpit/PCB/SOFT_Nie_Git/work_3/Cooling_motor/stm_f303k8_ioc/Main_app/Inc/MY_LIB" -I"E:/Pulpit/PCB/SOFT_Nie_Git/work_3/Cooling_motor/stm_f303k8_ioc/Main_app/Src/EKO_LIB" -I"E:/Pulpit/PCB/SOFT_Nie_Git/work_3/Cooling_motor/stm_f303k8_ioc/Main_app/Src/MY_LIB" -I../Core/Inc -I../Drivers/STM32F3xx_HAL_Driver/Inc -I../Drivers/STM32F3xx_HAL_Driver/Inc/Legacy -I../Drivers/CMSIS/Device/ST/STM32F3xx/Include -I../Drivers/CMSIS/Include -I"E:/Pulpit/PCB/SOFT_Nie_Git/work_3/Cooling_motor/stm_f303k8_ioc/Main_app/Inc" -I"E:/Pulpit/PCB/SOFT_Nie_Git/work_3/Cooling_motor/stm_f303k8_ioc/Main_app/Src" -O0 -ffunction-sections -fdata-sections -Wall -fstack-usage -fcyclomatic-complexity -MMD -MP -MF"Main_app/Src/MY_LIB/MY_driver_serwo.d" -MT"Main_app/Src/MY_LIB/MY_driver_serwo.o" --specs=nano.specs -mfpu=fpv4-sp-d16 -mfloat-abi=hard -mthumb -o "Main_app/Src/MY_LIB/MY_driver_serwo.o"
arm-none-eabi-gcc -o "f303_perla_blank.elf" @"objects.list"   -mcpu=cortex-m4 -T"E:\Pulpit\PCB\SOFT_Nie_Git\work_3\Cooling_motor\stm_f303k8_ioc\STM32F303K8TX_FLASH.ld" --specs=nosys.specs -Wl,-Map="f303_perla_blank.map" -Wl,--gc-sections -static --specs=nano.specs -mfpu=fpv4-sp-d16 -mfloat-abi=hard -mthumb -Wl,--start-group -lc -lm -Wl,--end-group
Finished building target: f303_perla_blank.elf
 
arm-none-eabi-size  f303_perla_blank.elf 
arm-none-eabi-objdump -h -S f303_perla_blank.elf  > "f303_perla_blank.list"
   text	   data	    bss	    dec	    hex	filename
  33996	     12	   5008	  39016	   9868	f303_perla_blank.elf
Finished building: default.size.stdout
 
Finished building: f303_perla_blank.list
 
19:08:30 **** Incremental Build of configuration Debug for project f303_perla_blank ****
make -j16 all 
arm-none-eabi-gcc "../Main_app/Src/MY_LIB/MY_driver_can.c" -mcpu=cortex-m4 -std=gnu11 -g3 -DDEBUG -DUSE_HAL_DRIVER -DSTM32F303x8 -c -I"E:/Pulpit/PCB/SOFT_Nie_Git/work_3/Cooling_motor/stm_f303k8_ioc/Main_app/Inc/EKO_LIB" -I"E:/Pulpit/PCB/SOFT_Nie_Git/work_3/Cooling_motor/stm_f303k8_ioc/Main_app/Inc/MY_LIB" -I"E:/Pulpit/PCB/SOFT_Nie_Git/work_3/Cooling_motor/stm_f303k8_ioc/Main_app/Src/EKO_LIB" -I"E:/Pulpit/PCB/SOFT_Nie_Git/work_3/Cooling_motor/stm_f303k8_ioc/Main_app/Src/MY_LIB" -I../Core/Inc -I../Drivers/STM32F3xx_HAL_Driver/Inc -I../Drivers/STM32F3xx_HAL_Driver/Inc/Legacy -I../Drivers/CMSIS/Device/ST/STM32F3xx/Include -I../Drivers/CMSIS/Include -I"E:/Pulpit/PCB/SOFT_Nie_Git/work_3/Cooling_motor/stm_f303k8_ioc/Main_app/Inc" -I"E:/Pulpit/PCB/SOFT_Nie_Git/work_3/Cooling_motor/stm_f303k8_ioc/Main_app/Src" -O0 -ffunction-sections -fdata-sections -Wall -fstack-usage -fcyclomatic-complexity -MMD -MP -MF"Main_app/Src/MY_LIB/MY_driver_can.d" -MT"Main_app/Src/MY_LIB/MY_driver_can.o" --specs=nano.specs -mfpu=fpv4-sp-d16 -mfloat-abi=hard -mthumb -o "Main_app/Src/MY_LIB/MY_driver_can.o"
arm-none-eabi-gcc -o "f303_perla_blank.elf" @"objects.list"   -mcpu=cortex-m4 -T"E:\Pulpit\PCB\SOFT_Nie_Git\work_3\Cooling_motor\stm_f303k8_ioc\STM32F303K8TX_FLASH.ld" --specs=nosys.specs -Wl,-Map="f303_perla_blank.map" -Wl,--gc-sections -static --specs=nano.specs -mfpu=fpv4-sp-d16 -mfloat-abi=hard -mthumb -Wl,--start-group -lc -lm -Wl,--end-group
Finished building target: f303_perla_blank.elf
 
arm-none-eabi-size  f303_perla_blank.elf 
arm-none-eabi-objdump -h -S f303_perla_blank.elf  > "f303_perla_blank.list"
   text	   data	    bss	    dec	    hex	filename
  33996	     12	   5008	  39016	   9868	f303_perla_blank.elf
Finished building: default.size.stdout
 
Finished building: f303_perla_blank.list
 
18:36:37 **** Incremental Build of configuration Debug for project f303_perla_blank ****
make -j16 all 
arm-none-eabi-size  f303_perla_blank.elf 
   text	   data	    bss	    dec	    hex	filename
  33996	     12	   5008	  39016	   9868	f303_perla_blank.elf
Finished building: default.size.stdout
 
18:56:34 **** Incremental Build of configuration Debug for project f303_perla_blank ****
make -j16 all 
arm-none-eabi-size  f303_perla_blank.elf 
   text	   data	    bss	    dec	    hex	filename
  33996	     12	   5008	  39016	   9868	f303_perla_blank.elf
Finished building: default.size.stdout
 
18:57:39 **** Incremental Build of configuration Debug for project f303_perla_blank ****
make -j16 all 
arm-none-eabi-size  f303_perla_blank.elf 
   text	   data	    bss	    dec	    hex	filename
  33996	     12	   5008	  39016	   9868	f303_perla_blank.elf
Finished building: default.size.stdout
 
18:58:20 **** Incremental Build of configuration Debug for project f303_perla_blank ****
make -j16 all 
arm-none-eabi-size  f303_perla_blank.elf 
   text	   data	    bss	    dec	    hex	filename
  33996	     12	   5008	  39016	   9868	f303_perla_blank.elf
Finished building: default.size.stdout
 
19:14:28 **** Incremental Build of configuration Debug for project f303_perla_blank ****
make -j16 all 
arm-none-eabi-size  f303_perla_blank.elf 
   text	   data	    bss	    dec	    hex	filename
  33996	     12	   5008	  39016	   9868	f303_perla_blank.elf
Finished building: default.size.stdout
 
19:15:00 **** Incremental Build of configuration Debug for project f303_perla_blank ****
make -j16 all 
arm-none-eabi-size  f303_perla_blank.elf 
   text	   data	    bss	    dec	    hex	filename
  33996	     12	   5008	  39016	   9868	f303_perla_blank.elf
Finished building: default.size.stdout
 
19:15:36 **** Incremental Build of configuration Debug for project f303_perla_blank ****
make -j16 all 
arm-none-eabi-size  f303_perla_blank.elf 
   text	   data	    bss	    dec	    hex	filename
  33996	     12	   5008	  39016	   9868	f303_perla_blank.elf
Finished building: default.size.stdout
 
19:20:50 **** Incremental Build of configuration Debug for project f303_perla_blank ****
make -j16 all 
arm-none-eabi-size  f303_perla_blank.elf 
   text	   data	    bss	    dec	    hex	filename
  33996	     12	   5008	  39016	   9868	f303_perla_blank.elf
Finished building: default.size.stdout
 
19:23:13 **** Incremental Build of configuration Debug for project f303_perla_blank ****
make -j16 all 
arm-none-eabi-size  f303_perla_blank.elf 
   text	   data	    bss	    dec	    hex	filename
  33996	     12	   5008	  39016	   9868	f303_perla_blank.elf
Finished building: default.size.stdout
 
19:27:04 **** Incremental Build of configuration Debug for project f303_perla_blank ****
make -j16 all 
arm-none-eabi-size  f303_perla_blank.elf 
   text	   data	    bss	    dec	    hex	filename
  33996	     12	   5008	  39016	   9868	f303_perla_blank.elf
Finished building: default.size.stdout
 
19:35:05 **** Incremental Build of configuration Debug for project f303_perla_blank ****
make -j16 all 
arm-none-eabi-size  f303_perla_blank.elf 
   text	   data	    bss	    dec	    hex	filename
  33996	     12	   5008	  39016	   9868	f303_perla_blank.elf
Finished building: default.size.stdout
 
19:37:04 **** Incremental Build of configuration Debug for project f303_perla_blank ****
make -j16 all 
arm-none-eabi-size  f303_perla_blank.elf 
   text	   data	    bss	    dec	    hex	filename
  33996	     12	   5008	  39016	   9868	f303_perla_blank.elf
Finished building: default.size.stdout
 
19:38:09 **** Incremental Build of configuration Debug for project f303_perla_blank ****
make -j16 all 
arm-none-eabi-size  f303_perla_blank.elf 
   text	   data	    bss	    dec	    hex	filename
  33996	     12	   5008	  39016	   9868	f303_perla_blank.elf
Finished building: default.size.stdout
 
19:47:14 **** Incremental Build of configuration Debug for project f303_perla_blank ****
make -j16 all 
arm-none-eabi-size  f303_perla_blank.elf 
   text	   data	    bss	    dec	    hex	filename
  33996	     12	   5008	  39016	   9868	f303_perla_blank.elf
Finished building: default.size.stdout
 
19:54:19 **** Incremental Build of configuration Debug for project f303_perla_blank ****
make -j16 all 
arm-none-eabi-size  f303_perla_blank.elf 
   text	   data	    bss	    dec	    hex	filename
  33996	     12	   5008	  39016	   9868	f303_perla_blank.elf
Finished building: default.size.stdout
 
19:54:47 **** Incremental Build of configuration Debug for project f303_perla_blank ****
make -j16 all 
arm-none-eabi-size  f303_perla_blank.elf 
   text	   data	    bss	    dec	    hex	filename
  33996	     12	   5008	  39016	   9868	f303_perla_blank.elf
Finished building: default.size.stdout
 
19:55:22 **** Incremental Build of configuration Debug for project f303_perla_blank ****
make -j16 all 
arm-none-eabi-gcc "../Main_app/Src/cooler_left_app.c" -mcpu=cortex-m4 -std=gnu11 -g3 -DDEBUG -DUSE_HAL_DRIVER -DSTM32F303x8 -c -I"E:/Pulpit/PCB/SOFT_Nie_Git/work_3/Cooling_motor/stm_f303k8_ioc/Main_app/Inc/EKO_LIB" -I"E:/Pulpit/PCB/SOFT_Nie_Git/work_3/Cooling_motor/stm_f303k8_ioc/Main_app/Inc/MY_LIB" -I"E:/Pulpit/PCB/SOFT_Nie_Git/work_3/Cooling_motor/stm_f303k8_ioc/Main_app/Src/EKO_LIB" -I"E:/Pulpit/PCB/SOFT_Nie_Git/work_3/Cooling_motor/stm_f303k8_ioc/Main_app/Src/MY_LIB" -I../Core/Inc -I../Drivers/STM32F3xx_HAL_Driver/Inc -I../Drivers/STM32F3xx_HAL_Driver/Inc/Legacy -I../Drivers/CMSIS/Device/ST/STM32F3xx/Include -I../Drivers/CMSIS/Include -I"E:/Pulpit/PCB/SOFT_Nie_Git/work_3/Cooling_motor/stm_f303k8_ioc/Main_app/Inc" -I"E:/Pulpit/PCB/SOFT_Nie_Git/work_3/Cooling_motor/stm_f303k8_ioc/Main_app/Src" -O0 -ffunction-sections -fdata-sections -Wall -fstack-usage -fcyclomatic-complexity -MMD -MP -MF"Main_app/Src/cooler_left_app.d" -MT"Main_app/Src/cooler_left_app.o" --specs=nano.specs -mfpu=fpv4-sp-d16 -mfloat-abi=hard -mthumb -o "Main_app/Src/cooler_left_app.o"
../Main_app/Src/cooler_left_app.c: In function 'COOLER_app':
../Main_app/Src/cooler_left_app.c:107:38: warning: passing argument 1 of 'COOLER_IsTimeSendMsg' discards 'volatile' qualifier from pointer target type [-Wdiscarded-qualifiers]
  107 |                 COOLER_IsTimeSendMsg(&interuptCanFlag);
      |                                      ^~~~~~~~~~~~~~~~
../Main_app/Src/cooler_left_app.c:59:36: note: expected 'uint8_t *' {aka 'unsigned char *'} but argument is of type 'volatile uint8_t *' {aka 'volatile unsigned char *'}
   59 | void COOLER_IsTimeSendMsg(uint8_t* interuptCanFlag)
      |                           ~~~~~~~~~^~~~~~~~~~~~~~~
../Main_app/Src/cooler_left_app.c:111:25: warning: enumeration value 'CAN_FRAME_SAFE_STATE' not handled in switch [-Wswitch]
  111 |                         switch(msg.name)
      |                         ^~~~~~
../Main_app/Src/cooler_left_app.c:111:25: warning: enumeration value 'CAN_FRAME_UNKNOWN' not handled in switch [-Wswitch]
arm-none-eabi-gcc -o "f303_perla_blank.elf" @"objects.list"   -mcpu=cortex-m4 -T"E:\Pulpit\PCB\SOFT_Nie_Git\work_3\Cooling_motor\stm_f303k8_ioc\STM32F303K8TX_FLASH.ld" --specs=nosys.specs -Wl,-Map="f303_perla_blank.map" -Wl,--gc-sections -static --specs=nano.specs -mfpu=fpv4-sp-d16 -mfloat-abi=hard -mthumb -Wl,--start-group -lc -lm -Wl,--end-group
Finished building target: f303_perla_blank.elf
 
arm-none-eabi-size  f303_perla_blank.elf 
arm-none-eabi-objdump -h -S f303_perla_blank.elf  > "f303_perla_blank.list"
   text	   data	    bss	    dec	    hex	filename
  33984	     12	   5008	  39004	   985c	f303_perla_blank.elf
Finished building: default.size.stdout
 
Finished building: f303_perla_blank.list
 
19:55:48 **** Incremental Build of configuration Debug for project f303_perla_blank ****
make -j16 all 
arm-none-eabi-gcc "../Main_app/Src/cooler_left_app.c" -mcpu=cortex-m4 -std=gnu11 -g3 -DDEBUG -DUSE_HAL_DRIVER -DSTM32F303x8 -c -I"E:/Pulpit/PCB/SOFT_Nie_Git/work_3/Cooling_motor/stm_f303k8_ioc/Main_app/Inc/EKO_LIB" -I"E:/Pulpit/PCB/SOFT_Nie_Git/work_3/Cooling_motor/stm_f303k8_ioc/Main_app/Inc/MY_LIB" -I"E:/Pulpit/PCB/SOFT_Nie_Git/work_3/Cooling_motor/stm_f303k8_ioc/Main_app/Src/EKO_LIB" -I"E:/Pulpit/PCB/SOFT_Nie_Git/work_3/Cooling_motor/stm_f303k8_ioc/Main_app/Src/MY_LIB" -I../Core/Inc -I../Drivers/STM32F3xx_HAL_Driver/Inc -I../Drivers/STM32F3xx_HAL_Driver/Inc/Legacy -I../Drivers/CMSIS/Device/ST/STM32F3xx/Include -I../Drivers/CMSIS/Include -I"E:/Pulpit/PCB/SOFT_Nie_Git/work_3/Cooling_motor/stm_f303k8_ioc/Main_app/Inc" -I"E:/Pulpit/PCB/SOFT_Nie_Git/work_3/Cooling_motor/stm_f303k8_ioc/Main_app/Src" -O0 -ffunction-sections -fdata-sections -Wall -fstack-usage -fcyclomatic-complexity -MMD -MP -MF"Main_app/Src/cooler_left_app.d" -MT"Main_app/Src/cooler_left_app.o" --specs=nano.specs -mfpu=fpv4-sp-d16 -mfloat-abi=hard -mthumb -o "Main_app/Src/cooler_left_app.o"
../Main_app/Src/cooler_left_app.c: In function 'COOLER_app':
../Main_app/Src/cooler_left_app.c:107:38: warning: passing argument 1 of 'COOLER_IsTimeSendMsg' discards 'volatile' qualifier from pointer target type [-Wdiscarded-qualifiers]
  107 |                 COOLER_IsTimeSendMsg(&interuptCanFlag);
      |                                      ^~~~~~~~~~~~~~~~
../Main_app/Src/cooler_left_app.c:59:36: note: expected 'uint8_t *' {aka 'unsigned char *'} but argument is of type 'volatile uint8_t *' {aka 'volatile unsigned char *'}
   59 | void COOLER_IsTimeSendMsg(uint8_t* interuptCanFlag)
      |                           ~~~~~~~~~^~~~~~~~~~~~~~~
../Main_app/Src/cooler_left_app.c:111:25: warning: enumeration value 'CAN_FRAME_SAFE_STATE' not handled in switch [-Wswitch]
  111 |                         switch(msg.name)
      |                         ^~~~~~
../Main_app/Src/cooler_left_app.c:111:25: warning: enumeration value 'CAN_FRAME_UNKNOWN' not handled in switch [-Wswitch]
arm-none-eabi-gcc -o "f303_perla_blank.elf" @"objects.list"   -mcpu=cortex-m4 -T"E:\Pulpit\PCB\SOFT_Nie_Git\work_3\Cooling_motor\stm_f303k8_ioc\STM32F303K8TX_FLASH.ld" --specs=nosys.specs -Wl,-Map="f303_perla_blank.map" -Wl,--gc-sections -static --specs=nano.specs -mfpu=fpv4-sp-d16 -mfloat-abi=hard -mthumb -Wl,--start-group -lc -lm -Wl,--end-group
Finished building target: f303_perla_blank.elf
 
arm-none-eabi-size  f303_perla_blank.elf 
arm-none-eabi-objdump -h -S f303_perla_blank.elf  > "f303_perla_blank.list"
   text	   data	    bss	    dec	    hex	filename
  33996	     12	   5008	  39016	   9868	f303_perla_blank.elf
Finished building: default.size.stdout
 
Finished building: f303_perla_blank.list
 
19:56:25 **** Incremental Build of configuration Debug for project f303_perla_blank ****
make -j16 all 
arm-none-eabi-size  f303_perla_blank.elf 
   text	   data	    bss	    dec	    hex	filename
  33996	     12	   5008	  39016	   9868	f303_perla_blank.elf
Finished building: default.size.stdout
 
20:09:32 **** Incremental Build of configuration Debug for project f303_perla_blank ****
make -j16 all 
arm-none-eabi-size  f303_perla_blank.elf 
   text	   data	    bss	    dec	    hex	filename
  33996	     12	   5008	  39016	   9868	f303_perla_blank.elf
Finished building: default.size.stdout
 
17:53:23 **** Incremental Build of configuration Debug for project f303_perla_blank ****
make -j16 all 
arm-none-eabi-gcc "../Main_app/Src/MY_LIB/MY_driver_can.c" -mcpu=cortex-m4 -std=gnu11 -g3 -DDEBUG -DUSE_HAL_DRIVER -DSTM32F303x8 -c -I"E:/Pulpit/PCB/SOFT_Nie_Git/work_3/Cooling_motor/stm_f303k8_ioc/Main_app/Inc/EKO_LIB" -I"E:/Pulpit/PCB/SOFT_Nie_Git/work_3/Cooling_motor/stm_f303k8_ioc/Main_app/Inc/MY_LIB" -I"E:/Pulpit/PCB/SOFT_Nie_Git/work_3/Cooling_motor/stm_f303k8_ioc/Main_app/Src/EKO_LIB" -I"E:/Pulpit/PCB/SOFT_Nie_Git/work_3/Cooling_motor/stm_f303k8_ioc/Main_app/Src/MY_LIB" -I../Core/Inc -I../Drivers/STM32F3xx_HAL_Driver/Inc -I../Drivers/STM32F3xx_HAL_Driver/Inc/Legacy -I../Drivers/CMSIS/Device/ST/STM32F3xx/Include -I../Drivers/CMSIS/Include -I"E:/Pulpit/PCB/SOFT_Nie_Git/work_3/Cooling_motor/stm_f303k8_ioc/Main_app/Inc" -I"E:/Pulpit/PCB/SOFT_Nie_Git/work_3/Cooling_motor/stm_f303k8_ioc/Main_app/Src" -O0 -ffunction-sections -fdata-sections -Wall -fstack-usage -fcyclomatic-complexity -MMD -MP -MF"Main_app/Src/MY_LIB/MY_driver_can.d" -MT"Main_app/Src/MY_LIB/MY_driver_can.o" --specs=nano.specs -mfpu=fpv4-sp-d16 -mfloat-abi=hard -mthumb -o "Main_app/Src/MY_LIB/MY_driver_can.o"
arm-none-eabi-gcc "../Main_app/Src/MY_LIB/MY_driver_serwo.c" -mcpu=cortex-m4 -std=gnu11 -g3 -DDEBUG -DUSE_HAL_DRIVER -DSTM32F303x8 -c -I"E:/Pulpit/PCB/SOFT_Nie_Git/work_3/Cooling_motor/stm_f303k8_ioc/Main_app/Inc/EKO_LIB" -I"E:/Pulpit/PCB/SOFT_Nie_Git/work_3/Cooling_motor/stm_f303k8_ioc/Main_app/Inc/MY_LIB" -I"E:/Pulpit/PCB/SOFT_Nie_Git/work_3/Cooling_motor/stm_f303k8_ioc/Main_app/Src/EKO_LIB" -I"E:/Pulpit/PCB/SOFT_Nie_Git/work_3/Cooling_motor/stm_f303k8_ioc/Main_app/Src/MY_LIB" -I../Core/Inc -I../Drivers/STM32F3xx_HAL_Driver/Inc -I../Drivers/STM32F3xx_HAL_Driver/Inc/Legacy -I../Drivers/CMSIS/Device/ST/STM32F3xx/Include -I../Drivers/CMSIS/Include -I"E:/Pulpit/PCB/SOFT_Nie_Git/work_3/Cooling_motor/stm_f303k8_ioc/Main_app/Inc" -I"E:/Pulpit/PCB/SOFT_Nie_Git/work_3/Cooling_motor/stm_f303k8_ioc/Main_app/Src" -O0 -ffunction-sections -fdata-sections -Wall -fstack-usage -fcyclomatic-complexity -MMD -MP -MF"Main_app/Src/MY_LIB/MY_driver_serwo.d" -MT"Main_app/Src/MY_LIB/MY_driver_serwo.o" --specs=nano.specs -mfpu=fpv4-sp-d16 -mfloat-abi=hard -mthumb -o "Main_app/Src/MY_LIB/MY_driver_serwo.o"
../Main_app/Src/MY_LIB/MY_driver_serwo.c: In function 'SERWO_SetPulseExtern':
../Main_app/Src/MY_LIB/MY_driver_serwo.c:54:28: warning: comparison between pointer and integer
   54 |         else if(pulseTable == 4)
      |                            ^~
arm-none-eabi-gcc -o "f303_perla_blank.elf" @"objects.list"   -mcpu=cortex-m4 -T"E:\Pulpit\PCB\SOFT_Nie_Git\work_3\Cooling_motor\stm_f303k8_ioc\STM32F303K8TX_FLASH.ld" --specs=nosys.specs -Wl,-Map="f303_perla_blank.map" -Wl,--gc-sections -static --specs=nano.specs -mfpu=fpv4-sp-d16 -mfloat-abi=hard -mthumb -Wl,--start-group -lc -lm -Wl,--end-group
Finished building target: f303_perla_blank.elf
 
arm-none-eabi-size  f303_perla_blank.elf 
arm-none-eabi-objdump -h -S f303_perla_blank.elf  > "f303_perla_blank.list"
   text	   data	    bss	    dec	    hex	filename
  34028	     12	   5008	  39048	   9888	f303_perla_blank.elf
Finished building: default.size.stdout
 
Finished building: f303_perla_blank.list
 
17:54:24 **** Incremental Build of configuration Debug for project f303_perla_blank ****
make -j16 all 
arm-none-eabi-size  f303_perla_blank.elf 
   text	   data	    bss	    dec	    hex	filename
  34028	     12	   5008	  39048	   9888	f303_perla_blank.elf
Finished building: default.size.stdout
 
17:55:29 **** Incremental Build of configuration Debug for project f303_perla_blank ****
make -j16 all 
arm-none-eabi-size  f303_perla_blank.elf 
   text	   data	    bss	    dec	    hex	filename
  34028	     12	   5008	  39048	   9888	f303_perla_blank.elf
Finished building: default.size.stdout
 
17:55:42 **** Incremental Build of configuration Debug for project f303_perla_blank ****
make -j16 all 
arm-none-eabi-size  f303_perla_blank.elf 
   text	   data	    bss	    dec	    hex	filename
  34028	     12	   5008	  39048	   9888	f303_perla_blank.elf
Finished building: default.size.stdout
 
17:56:10 **** Incremental Build of configuration Debug for project f303_perla_blank ****
make -j16 all 
arm-none-eabi-size  f303_perla_blank.elf 
   text	   data	    bss	    dec	    hex	filename
  34028	     12	   5008	  39048	   9888	f303_perla_blank.elf
Finished building: default.size.stdout
 
17:59:02 **** Incremental Build of configuration Debug for project f303_perla_blank ****
make -j16 all 
arm-none-eabi-gcc "../Main_app/Src/MY_LIB/MY_driver_serwo.c" -mcpu=cortex-m4 -std=gnu11 -g3 -DDEBUG -DUSE_HAL_DRIVER -DSTM32F303x8 -c -I"E:/Pulpit/PCB/SOFT_Nie_Git/work_3/Cooling_motor/stm_f303k8_ioc/Main_app/Inc/EKO_LIB" -I"E:/Pulpit/PCB/SOFT_Nie_Git/work_3/Cooling_motor/stm_f303k8_ioc/Main_app/Inc/MY_LIB" -I"E:/Pulpit/PCB/SOFT_Nie_Git/work_3/Cooling_motor/stm_f303k8_ioc/Main_app/Src/EKO_LIB" -I"E:/Pulpit/PCB/SOFT_Nie_Git/work_3/Cooling_motor/stm_f303k8_ioc/Main_app/Src/MY_LIB" -I../Core/Inc -I../Drivers/STM32F3xx_HAL_Driver/Inc -I../Drivers/STM32F3xx_HAL_Driver/Inc/Legacy -I../Drivers/CMSIS/Device/ST/STM32F3xx/Include -I../Drivers/CMSIS/Include -I"E:/Pulpit/PCB/SOFT_Nie_Git/work_3/Cooling_motor/stm_f303k8_ioc/Main_app/Inc" -I"E:/Pulpit/PCB/SOFT_Nie_Git/work_3/Cooling_motor/stm_f303k8_ioc/Main_app/Src" -O0 -ffunction-sections -fdata-sections -Wall -fstack-usage -fcyclomatic-complexity -MMD -MP -MF"Main_app/Src/MY_LIB/MY_driver_serwo.d" -MT"Main_app/Src/MY_LIB/MY_driver_serwo.o" --specs=nano.specs -mfpu=fpv4-sp-d16 -mfloat-abi=hard -mthumb -o "Main_app/Src/MY_LIB/MY_driver_serwo.o"
arm-none-eabi-gcc -o "f303_perla_blank.elf" @"objects.list"   -mcpu=cortex-m4 -T"E:\Pulpit\PCB\SOFT_Nie_Git\work_3\Cooling_motor\stm_f303k8_ioc\STM32F303K8TX_FLASH.ld" --specs=nosys.specs -Wl,-Map="f303_perla_blank.map" -Wl,--gc-sections -static --specs=nano.specs -mfpu=fpv4-sp-d16 -mfloat-abi=hard -mthumb -Wl,--start-group -lc -lm -Wl,--end-group
Finished building target: f303_perla_blank.elf
 
arm-none-eabi-size  f303_perla_blank.elf 
arm-none-eabi-objdump -h -S f303_perla_blank.elf  > "f303_perla_blank.list"
   text	   data	    bss	    dec	    hex	filename
  34036	     12	   5008	  39056	   9890	f303_perla_blank.elf
Finished building: default.size.stdout
 
Finished building: f303_perla_blank.list
 
17:59:17 **** Incremental Build of configuration Debug for project f303_perla_blank ****
make -j16 all 
arm-none-eabi-size  f303_perla_blank.elf 
   text	   data	    bss	    dec	    hex	filename
  34036	     12	   5008	  39056	   9890	f303_perla_blank.elf
Finished building: default.size.stdout
 
18:01:39 **** Incremental Build of configuration Debug for project f303_perla_blank ****
make -j16 all 
arm-none-eabi-size  f303_perla_blank.elf 
   text	   data	    bss	    dec	    hex	filename
  34036	     12	   5008	  39056	   9890	f303_perla_blank.elf
Finished building: default.size.stdout
 
18:01:52 **** Incremental Build of configuration Debug for project f303_perla_blank ****
make -j16 all 
arm-none-eabi-size  f303_perla_blank.elf 
   text	   data	    bss	    dec	    hex	filename
  34036	     12	   5008	  39056	   9890	f303_perla_blank.elf
Finished building: default.size.stdout
 
18:03:12 **** Incremental Build of configuration Debug for project f303_perla_blank ****
make -j16 all 
arm-none-eabi-size  f303_perla_blank.elf 
   text	   data	    bss	    dec	    hex	filename
  34036	     12	   5008	  39056	   9890	f303_perla_blank.elf
Finished building: default.size.stdout
 
18:05:56 **** Incremental Build of configuration Debug for project f303_perla_blank ****
make -j16 all 
arm-none-eabi-gcc "../Main_app/Src/MY_LIB/MY_driver_serwo.c" -mcpu=cortex-m4 -std=gnu11 -g3 -DDEBUG -DUSE_HAL_DRIVER -DSTM32F303x8 -c -I"E:/Pulpit/PCB/SOFT_Nie_Git/work_3/Cooling_motor/stm_f303k8_ioc/Main_app/Inc/EKO_LIB" -I"E:/Pulpit/PCB/SOFT_Nie_Git/work_3/Cooling_motor/stm_f303k8_ioc/Main_app/Inc/MY_LIB" -I"E:/Pulpit/PCB/SOFT_Nie_Git/work_3/Cooling_motor/stm_f303k8_ioc/Main_app/Src/EKO_LIB" -I"E:/Pulpit/PCB/SOFT_Nie_Git/work_3/Cooling_motor/stm_f303k8_ioc/Main_app/Src/MY_LIB" -I../Core/Inc -I../Drivers/STM32F3xx_HAL_Driver/Inc -I../Drivers/STM32F3xx_HAL_Driver/Inc/Legacy -I../Drivers/CMSIS/Device/ST/STM32F3xx/Include -I../Drivers/CMSIS/Include -I"E:/Pulpit/PCB/SOFT_Nie_Git/work_3/Cooling_motor/stm_f303k8_ioc/Main_app/Inc" -I"E:/Pulpit/PCB/SOFT_Nie_Git/work_3/Cooling_motor/stm_f303k8_ioc/Main_app/Src" -O0 -ffunction-sections -fdata-sections -Wall -fstack-usage -fcyclomatic-complexity -MMD -MP -MF"Main_app/Src/MY_LIB/MY_driver_serwo.d" -MT"Main_app/Src/MY_LIB/MY_driver_serwo.o" --specs=nano.specs -mfpu=fpv4-sp-d16 -mfloat-abi=hard -mthumb -o "Main_app/Src/MY_LIB/MY_driver_serwo.o"
arm-none-eabi-gcc "../Main_app/Src/cooler_left_app.c" -mcpu=cortex-m4 -std=gnu11 -g3 -DDEBUG -DUSE_HAL_DRIVER -DSTM32F303x8 -c -I"E:/Pulpit/PCB/SOFT_Nie_Git/work_3/Cooling_motor/stm_f303k8_ioc/Main_app/Inc/EKO_LIB" -I"E:/Pulpit/PCB/SOFT_Nie_Git/work_3/Cooling_motor/stm_f303k8_ioc/Main_app/Inc/MY_LIB" -I"E:/Pulpit/PCB/SOFT_Nie_Git/work_3/Cooling_motor/stm_f303k8_ioc/Main_app/Src/EKO_LIB" -I"E:/Pulpit/PCB/SOFT_Nie_Git/work_3/Cooling_motor/stm_f303k8_ioc/Main_app/Src/MY_LIB" -I../Core/Inc -I../Drivers/STM32F3xx_HAL_Driver/Inc -I../Drivers/STM32F3xx_HAL_Driver/Inc/Legacy -I../Drivers/CMSIS/Device/ST/STM32F3xx/Include -I../Drivers/CMSIS/Include -I"E:/Pulpit/PCB/SOFT_Nie_Git/work_3/Cooling_motor/stm_f303k8_ioc/Main_app/Inc" -I"E:/Pulpit/PCB/SOFT_Nie_Git/work_3/Cooling_motor/stm_f303k8_ioc/Main_app/Src" -O0 -ffunction-sections -fdata-sections -Wall -fstack-usage -fcyclomatic-complexity -MMD -MP -MF"Main_app/Src/cooler_left_app.d" -MT"Main_app/Src/cooler_left_app.o" --specs=nano.specs -mfpu=fpv4-sp-d16 -mfloat-abi=hard -mthumb -o "Main_app/Src/cooler_left_app.o"
arm-none-eabi-gcc "../Main_app/Src/cooler_test.c" -mcpu=cortex-m4 -std=gnu11 -g3 -DDEBUG -DUSE_HAL_DRIVER -DSTM32F303x8 -c -I"E:/Pulpit/PCB/SOFT_Nie_Git/work_3/Cooling_motor/stm_f303k8_ioc/Main_app/Inc/EKO_LIB" -I"E:/Pulpit/PCB/SOFT_Nie_Git/work_3/Cooling_motor/stm_f303k8_ioc/Main_app/Inc/MY_LIB" -I"E:/Pulpit/PCB/SOFT_Nie_Git/work_3/Cooling_motor/stm_f303k8_ioc/Main_app/Src/EKO_LIB" -I"E:/Pulpit/PCB/SOFT_Nie_Git/work_3/Cooling_motor/stm_f303k8_ioc/Main_app/Src/MY_LIB" -I../Core/Inc -I../Drivers/STM32F3xx_HAL_Driver/Inc -I../Drivers/STM32F3xx_HAL_Driver/Inc/Legacy -I../Drivers/CMSIS/Device/ST/STM32F3xx/Include -I../Drivers/CMSIS/Include -I"E:/Pulpit/PCB/SOFT_Nie_Git/work_3/Cooling_motor/stm_f303k8_ioc/Main_app/Inc" -I"E:/Pulpit/PCB/SOFT_Nie_Git/work_3/Cooling_motor/stm_f303k8_ioc/Main_app/Src" -O0 -ffunction-sections -fdata-sections -Wall -fstack-usage -fcyclomatic-complexity -MMD -MP -MF"Main_app/Src/cooler_test.d" -MT"Main_app/Src/cooler_test.o" --specs=nano.specs -mfpu=fpv4-sp-d16 -mfloat-abi=hard -mthumb -o "Main_app/Src/cooler_test.o"
arm-none-eabi-gcc "../Core/Src/main.c" -mcpu=cortex-m4 -std=gnu11 -g3 -DDEBUG -DUSE_HAL_DRIVER -DSTM32F303x8 -c -I"E:/Pulpit/PCB/SOFT_Nie_Git/work_3/Cooling_motor/stm_f303k8_ioc/Main_app/Inc/EKO_LIB" -I"E:/Pulpit/PCB/SOFT_Nie_Git/work_3/Cooling_motor/stm_f303k8_ioc/Main_app/Inc" -I"E:/Pulpit/PCB/SOFT_Nie_Git/work_3/Cooling_motor/stm_f303k8_ioc/Main_app/Src" -I"E:/Pulpit/PCB/SOFT_Nie_Git/work_3/Cooling_motor/stm_f303k8_ioc/Main_app/Inc/MY_LIB" -I"E:/Pulpit/PCB/SOFT_Nie_Git/work_3/Cooling_motor/stm_f303k8_ioc/Main_app/Src/EKO_LIB" -I"E:/Pulpit/PCB/SOFT_Nie_Git/work_3/Cooling_motor/stm_f303k8_ioc/Main_app/Src/MY_LIB" -I../Core/Inc -I../Drivers/STM32F3xx_HAL_Driver/Inc -I../Drivers/STM32F3xx_HAL_Driver/Inc/Legacy -I../Drivers/CMSIS/Device/ST/STM32F3xx/Include -I../Drivers/CMSIS/Include -O0 -ffunction-sections -fdata-sections -Wall -fstack-usage -fcyclomatic-complexity -MMD -MP -MF"Core/Src/main.d" -MT"Core/Src/main.o" --specs=nano.specs -mfpu=fpv4-sp-d16 -mfloat-abi=hard -mthumb -o "Core/Src/main.o"
../Main_app/Src/cooler_left_app.c: In function 'COOLER_app':
../Main_app/Src/cooler_left_app.c:107:38: warning: passing argument 1 of 'COOLER_IsTimeSendMsg' discards 'volatile' qualifier from pointer target type [-Wdiscarded-qualifiers]
  107 |                 COOLER_IsTimeSendMsg(&interuptCanFlag);
      |                                      ^~~~~~~~~~~~~~~~
../Main_app/Src/cooler_left_app.c:59:36: note: expected 'uint8_t *' {aka 'unsigned char *'} but argument is of type 'volatile uint8_t *' {aka 'volatile unsigned char *'}
   59 | void COOLER_IsTimeSendMsg(uint8_t* interuptCanFlag)
      |                           ~~~~~~~~~^~~~~~~~~~~~~~~
../Main_app/Src/cooler_left_app.c:111:25: warning: enumeration value 'CAN_FRAME_SAFE_STATE' not handled in switch [-Wswitch]
  111 |                         switch(msg.name)
      |                         ^~~~~~
../Main_app/Src/cooler_left_app.c:111:25: warning: enumeration value 'CAN_FRAME_UNKNOWN' not handled in switch [-Wswitch]
arm-none-eabi-gcc -o "f303_perla_blank.elf" @"objects.list"   -mcpu=cortex-m4 -T"E:\Pulpit\PCB\SOFT_Nie_Git\work_3\Cooling_motor\stm_f303k8_ioc\STM32F303K8TX_FLASH.ld" --specs=nosys.specs -Wl,-Map="f303_perla_blank.map" -Wl,--gc-sections -static --specs=nano.specs -mfpu=fpv4-sp-d16 -mfloat-abi=hard -mthumb -Wl,--start-group -lc -lm -Wl,--end-group
Finished building target: f303_perla_blank.elf
 
arm-none-eabi-size  f303_perla_blank.elf 
arm-none-eabi-objdump -h -S f303_perla_blank.elf  > "f303_perla_blank.list"
   text	   data	    bss	    dec	    hex	filename
  34036	     12	   5008	  39056	   9890	f303_perla_blank.elf
Finished building: default.size.stdout
 
Finished building: f303_perla_blank.list
 
18:06:55 **** Incremental Build of configuration Debug for project f303_perla_blank ****
make -j16 all 
arm-none-eabi-gcc "../Main_app/Src/MY_LIB/MY_driver_serwo.c" -mcpu=cortex-m4 -std=gnu11 -g3 -DDEBUG -DUSE_HAL_DRIVER -DSTM32F303x8 -c -I"E:/Pulpit/PCB/SOFT_Nie_Git/work_3/Cooling_motor/stm_f303k8_ioc/Main_app/Inc/EKO_LIB" -I"E:/Pulpit/PCB/SOFT_Nie_Git/work_3/Cooling_motor/stm_f303k8_ioc/Main_app/Inc/MY_LIB" -I"E:/Pulpit/PCB/SOFT_Nie_Git/work_3/Cooling_motor/stm_f303k8_ioc/Main_app/Src/EKO_LIB" -I"E:/Pulpit/PCB/SOFT_Nie_Git/work_3/Cooling_motor/stm_f303k8_ioc/Main_app/Src/MY_LIB" -I../Core/Inc -I../Drivers/STM32F3xx_HAL_Driver/Inc -I../Drivers/STM32F3xx_HAL_Driver/Inc/Legacy -I../Drivers/CMSIS/Device/ST/STM32F3xx/Include -I../Drivers/CMSIS/Include -I"E:/Pulpit/PCB/SOFT_Nie_Git/work_3/Cooling_motor/stm_f303k8_ioc/Main_app/Inc" -I"E:/Pulpit/PCB/SOFT_Nie_Git/work_3/Cooling_motor/stm_f303k8_ioc/Main_app/Src" -O0 -ffunction-sections -fdata-sections -Wall -fstack-usage -fcyclomatic-complexity -MMD -MP -MF"Main_app/Src/MY_LIB/MY_driver_serwo.d" -MT"Main_app/Src/MY_LIB/MY_driver_serwo.o" --specs=nano.specs -mfpu=fpv4-sp-d16 -mfloat-abi=hard -mthumb -o "Main_app/Src/MY_LIB/MY_driver_serwo.o"
arm-none-eabi-gcc -o "f303_perla_blank.elf" @"objects.list"   -mcpu=cortex-m4 -T"E:\Pulpit\PCB\SOFT_Nie_Git\work_3\Cooling_motor\stm_f303k8_ioc\STM32F303K8TX_FLASH.ld" --specs=nosys.specs -Wl,-Map="f303_perla_blank.map" -Wl,--gc-sections -static --specs=nano.specs -mfpu=fpv4-sp-d16 -mfloat-abi=hard -mthumb -Wl,--start-group -lc -lm -Wl,--end-group
Finished building target: f303_perla_blank.elf
 
arm-none-eabi-size  f303_perla_blank.elf 
arm-none-eabi-objdump -h -S f303_perla_blank.elf  > "f303_perla_blank.list"
   text	   data	    bss	    dec	    hex	filename
  34028	     12	   5008	  39048	   9888	f303_perla_blank.elf
Finished building: default.size.stdout
 
Finished building: f303_perla_blank.list
 
18:08:39 **** Incremental Build of configuration Debug for project f303_perla_blank ****
make -j16 all 
arm-none-eabi-gcc "../Main_app/Src/MY_LIB/MY_driver_serwo.c" -mcpu=cortex-m4 -std=gnu11 -g3 -DDEBUG -DUSE_HAL_DRIVER -DSTM32F303x8 -c -I"E:/Pulpit/PCB/SOFT_Nie_Git/work_3/Cooling_motor/stm_f303k8_ioc/Main_app/Inc/EKO_LIB" -I"E:/Pulpit/PCB/SOFT_Nie_Git/work_3/Cooling_motor/stm_f303k8_ioc/Main_app/Inc/MY_LIB" -I"E:/Pulpit/PCB/SOFT_Nie_Git/work_3/Cooling_motor/stm_f303k8_ioc/Main_app/Src/EKO_LIB" -I"E:/Pulpit/PCB/SOFT_Nie_Git/work_3/Cooling_motor/stm_f303k8_ioc/Main_app/Src/MY_LIB" -I../Core/Inc -I../Drivers/STM32F3xx_HAL_Driver/Inc -I../Drivers/STM32F3xx_HAL_Driver/Inc/Legacy -I../Drivers/CMSIS/Device/ST/STM32F3xx/Include -I../Drivers/CMSIS/Include -I"E:/Pulpit/PCB/SOFT_Nie_Git/work_3/Cooling_motor/stm_f303k8_ioc/Main_app/Inc" -I"E:/Pulpit/PCB/SOFT_Nie_Git/work_3/Cooling_motor/stm_f303k8_ioc/Main_app/Src" -O0 -ffunction-sections -fdata-sections -Wall -fstack-usage -fcyclomatic-complexity -MMD -MP -MF"Main_app/Src/MY_LIB/MY_driver_serwo.d" -MT"Main_app/Src/MY_LIB/MY_driver_serwo.o" --specs=nano.specs -mfpu=fpv4-sp-d16 -mfloat-abi=hard -mthumb -o "Main_app/Src/MY_LIB/MY_driver_serwo.o"
arm-none-eabi-gcc "../Main_app/Src/cooler_left_app.c" -mcpu=cortex-m4 -std=gnu11 -g3 -DDEBUG -DUSE_HAL_DRIVER -DSTM32F303x8 -c -I"E:/Pulpit/PCB/SOFT_Nie_Git/work_3/Cooling_motor/stm_f303k8_ioc/Main_app/Inc/EKO_LIB" -I"E:/Pulpit/PCB/SOFT_Nie_Git/work_3/Cooling_motor/stm_f303k8_ioc/Main_app/Inc/MY_LIB" -I"E:/Pulpit/PCB/SOFT_Nie_Git/work_3/Cooling_motor/stm_f303k8_ioc/Main_app/Src/EKO_LIB" -I"E:/Pulpit/PCB/SOFT_Nie_Git/work_3/Cooling_motor/stm_f303k8_ioc/Main_app/Src/MY_LIB" -I../Core/Inc -I../Drivers/STM32F3xx_HAL_Driver/Inc -I../Drivers/STM32F3xx_HAL_Driver/Inc/Legacy -I../Drivers/CMSIS/Device/ST/STM32F3xx/Include -I../Drivers/CMSIS/Include -I"E:/Pulpit/PCB/SOFT_Nie_Git/work_3/Cooling_motor/stm_f303k8_ioc/Main_app/Inc" -I"E:/Pulpit/PCB/SOFT_Nie_Git/work_3/Cooling_motor/stm_f303k8_ioc/Main_app/Src" -O0 -ffunction-sections -fdata-sections -Wall -fstack-usage -fcyclomatic-complexity -MMD -MP -MF"Main_app/Src/cooler_left_app.d" -MT"Main_app/Src/cooler_left_app.o" --specs=nano.specs -mfpu=fpv4-sp-d16 -mfloat-abi=hard -mthumb -o "Main_app/Src/cooler_left_app.o"
arm-none-eabi-gcc "../Main_app/Src/cooler_test.c" -mcpu=cortex-m4 -std=gnu11 -g3 -DDEBUG -DUSE_HAL_DRIVER -DSTM32F303x8 -c -I"E:/Pulpit/PCB/SOFT_Nie_Git/work_3/Cooling_motor/stm_f303k8_ioc/Main_app/Inc/EKO_LIB" -I"E:/Pulpit/PCB/SOFT_Nie_Git/work_3/Cooling_motor/stm_f303k8_ioc/Main_app/Inc/MY_LIB" -I"E:/Pulpit/PCB/SOFT_Nie_Git/work_3/Cooling_motor/stm_f303k8_ioc/Main_app/Src/EKO_LIB" -I"E:/Pulpit/PCB/SOFT_Nie_Git/work_3/Cooling_motor/stm_f303k8_ioc/Main_app/Src/MY_LIB" -I../Core/Inc -I../Drivers/STM32F3xx_HAL_Driver/Inc -I../Drivers/STM32F3xx_HAL_Driver/Inc/Legacy -I../Drivers/CMSIS/Device/ST/STM32F3xx/Include -I../Drivers/CMSIS/Include -I"E:/Pulpit/PCB/SOFT_Nie_Git/work_3/Cooling_motor/stm_f303k8_ioc/Main_app/Inc" -I"E:/Pulpit/PCB/SOFT_Nie_Git/work_3/Cooling_motor/stm_f303k8_ioc/Main_app/Src" -O0 -ffunction-sections -fdata-sections -Wall -fstack-usage -fcyclomatic-complexity -MMD -MP -MF"Main_app/Src/cooler_test.d" -MT"Main_app/Src/cooler_test.o" --specs=nano.specs -mfpu=fpv4-sp-d16 -mfloat-abi=hard -mthumb -o "Main_app/Src/cooler_test.o"
arm-none-eabi-gcc "../Core/Src/main.c" -mcpu=cortex-m4 -std=gnu11 -g3 -DDEBUG -DUSE_HAL_DRIVER -DSTM32F303x8 -c -I"E:/Pulpit/PCB/SOFT_Nie_Git/work_3/Cooling_motor/stm_f303k8_ioc/Main_app/Inc/EKO_LIB" -I"E:/Pulpit/PCB/SOFT_Nie_Git/work_3/Cooling_motor/stm_f303k8_ioc/Main_app/Inc" -I"E:/Pulpit/PCB/SOFT_Nie_Git/work_3/Cooling_motor/stm_f303k8_ioc/Main_app/Src" -I"E:/Pulpit/PCB/SOFT_Nie_Git/work_3/Cooling_motor/stm_f303k8_ioc/Main_app/Inc/MY_LIB" -I"E:/Pulpit/PCB/SOFT_Nie_Git/work_3/Cooling_motor/stm_f303k8_ioc/Main_app/Src/EKO_LIB" -I"E:/Pulpit/PCB/SOFT_Nie_Git/work_3/Cooling_motor/stm_f303k8_ioc/Main_app/Src/MY_LIB" -I../Core/Inc -I../Drivers/STM32F3xx_HAL_Driver/Inc -I../Drivers/STM32F3xx_HAL_Driver/Inc/Legacy -I../Drivers/CMSIS/Device/ST/STM32F3xx/Include -I../Drivers/CMSIS/Include -O0 -ffunction-sections -fdata-sections -Wall -fstack-usage -fcyclomatic-complexity -MMD -MP -MF"Core/Src/main.d" -MT"Core/Src/main.o" --specs=nano.specs -mfpu=fpv4-sp-d16 -mfloat-abi=hard -mthumb -o "Core/Src/main.o"
../Main_app/Src/cooler_left_app.c: In function 'COOLER_app':
../Main_app/Src/cooler_left_app.c:107:38: warning: passing argument 1 of 'COOLER_IsTimeSendMsg' discards 'volatile' qualifier from pointer target type [-Wdiscarded-qualifiers]
  107 |                 COOLER_IsTimeSendMsg(&interuptCanFlag);
      |                                      ^~~~~~~~~~~~~~~~
../Main_app/Src/cooler_left_app.c:59:36: note: expected 'uint8_t *' {aka 'unsigned char *'} but argument is of type 'volatile uint8_t *' {aka 'volatile unsigned char *'}
   59 | void COOLER_IsTimeSendMsg(uint8_t* interuptCanFlag)
      |                           ~~~~~~~~~^~~~~~~~~~~~~~~
../Main_app/Src/cooler_left_app.c:111:25: warning: enumeration value 'CAN_FRAME_SAFE_STATE' not handled in switch [-Wswitch]
  111 |                         switch(msg.name)
      |                         ^~~~~~
../Main_app/Src/cooler_left_app.c:111:25: warning: enumeration value 'CAN_FRAME_UNKNOWN' not handled in switch [-Wswitch]
arm-none-eabi-gcc -o "f303_perla_blank.elf" @"objects.list"   -mcpu=cortex-m4 -T"E:\Pulpit\PCB\SOFT_Nie_Git\work_3\Cooling_motor\stm_f303k8_ioc\STM32F303K8TX_FLASH.ld" --specs=nosys.specs -Wl,-Map="f303_perla_blank.map" -Wl,--gc-sections -static --specs=nano.specs -mfpu=fpv4-sp-d16 -mfloat-abi=hard -mthumb -Wl,--start-group -lc -lm -Wl,--end-group
Finished building target: f303_perla_blank.elf
 
arm-none-eabi-size  f303_perla_blank.elf 
arm-none-eabi-objdump -h -S f303_perla_blank.elf  > "f303_perla_blank.list"
   text	   data	    bss	    dec	    hex	filename
  34028	     12	   5008	  39048	   9888	f303_perla_blank.elf
Finished building: default.size.stdout
 
Finished building: f303_perla_blank.list
 
18:08:52 **** Incremental Build of configuration Debug for project f303_perla_blank ****
make -j16 all 
arm-none-eabi-size  f303_perla_blank.elf 
   text	   data	    bss	    dec	    hex	filename
  34028	     12	   5008	  39048	   9888	f303_perla_blank.elf
Finished building: default.size.stdout
 
