21:26:25 **** Incremental Build of configuration Debug for project f303_perla_blank ****
make -j16 all 
arm-none-eabi-gcc "../Main_app/Src/MY_LIB/MY_driver_can.c" -mcpu=cortex-m4 -std=gnu11 -g3 -DDEBUG -DUSE_HAL_DRIVER -DSTM32F303x8 -c -I"E:/Pulpit/PCB/Plytki_chlodzenia_SOFTWARE/Cooling_left/stm_f303k8_ioc/Main_app/Inc/EKO_LIB" -I"E:/Pulpit/PCB/Plytki_chlodzenia_SOFTWARE/Cooling_left/stm_f303k8_ioc/Main_app/Inc/MY_LIB" -I"E:/Pulpit/PCB/Plytki_chlodzenia_SOFTWARE/Cooling_left/stm_f303k8_ioc/Main_app/Src/EKO_LIB" -I"E:/Pulpit/PCB/Plytki_chlodzenia_SOFTWARE/Cooling_left/stm_f303k8_ioc/Main_app/Src/MY_LIB" -I../Core/Inc -I../Drivers/STM32F3xx_HAL_Driver/Inc -I../Drivers/STM32F3xx_HAL_Driver/Inc/Legacy -I../Drivers/CMSIS/Device/ST/STM32F3xx/Include -I../Drivers/CMSIS/Include -O0 -ffunction-sections -fdata-sections -Wall -fstack-usage -fcyclomatic-complexity -MMD -MP -MF"Main_app/Src/MY_LIB/MY_driver_can.d" -MT"Main_app/Src/MY_LIB/MY_driver_can.o" --specs=nano.specs -mfpu=fpv4-sp-d16 -mfloat-abi=hard -mthumb -o "Main_app/Src/MY_LIB/MY_driver_can.o"
arm-none-eabi-gcc "../Main_app/Src/MY_LIB/MY_driver_fan.c" -mcpu=cortex-m4 -std=gnu11 -g3 -DDEBUG -DUSE_HAL_DRIVER -DSTM32F303x8 -c -I"E:/Pulpit/PCB/Plytki_chlodzenia_SOFTWARE/Cooling_left/stm_f303k8_ioc/Main_app/Inc/EKO_LIB" -I"E:/Pulpit/PCB/Plytki_chlodzenia_SOFTWARE/Cooling_left/stm_f303k8_ioc/Main_app/Inc/MY_LIB" -I"E:/Pulpit/PCB/Plytki_chlodzenia_SOFTWARE/Cooling_left/stm_f303k8_ioc/Main_app/Src/EKO_LIB" -I"E:/Pulpit/PCB/Plytki_chlodzenia_SOFTWARE/Cooling_left/stm_f303k8_ioc/Main_app/Src/MY_LIB" -I../Core/Inc -I../Drivers/STM32F3xx_HAL_Driver/Inc -I../Drivers/STM32F3xx_HAL_Driver/Inc/Legacy -I../Drivers/CMSIS/Device/ST/STM32F3xx/Include -I../Drivers/CMSIS/Include -O0 -ffunction-sections -fdata-sections -Wall -fstack-usage -fcyclomatic-complexity -MMD -MP -MF"Main_app/Src/MY_LIB/MY_driver_fan.d" -MT"Main_app/Src/MY_LIB/MY_driver_fan.o" --specs=nano.specs -mfpu=fpv4-sp-d16 -mfloat-abi=hard -mthumb -o "Main_app/Src/MY_LIB/MY_driver_fan.o"
arm-none-eabi-gcc "../Main_app/Src/MY_LIB/MY_driver_i2c.c" -mcpu=cortex-m4 -std=gnu11 -g3 -DDEBUG -DUSE_HAL_DRIVER -DSTM32F303x8 -c -I"E:/Pulpit/PCB/Plytki_chlodzenia_SOFTWARE/Cooling_left/stm_f303k8_ioc/Main_app/Inc/EKO_LIB" -I"E:/Pulpit/PCB/Plytki_chlodzenia_SOFTWARE/Cooling_left/stm_f303k8_ioc/Main_app/Inc/MY_LIB" -I"E:/Pulpit/PCB/Plytki_chlodzenia_SOFTWARE/Cooling_left/stm_f303k8_ioc/Main_app/Src/EKO_LIB" -I"E:/Pulpit/PCB/Plytki_chlodzenia_SOFTWARE/Cooling_left/stm_f303k8_ioc/Main_app/Src/MY_LIB" -I../Core/Inc -I../Drivers/STM32F3xx_HAL_Driver/Inc -I../Drivers/STM32F3xx_HAL_Driver/Inc/Legacy -I../Drivers/CMSIS/Device/ST/STM32F3xx/Include -I../Drivers/CMSIS/Include -O0 -ffunction-sections -fdata-sections -Wall -fstack-usage -fcyclomatic-complexity -MMD -MP -MF"Main_app/Src/MY_LIB/MY_driver_i2c.d" -MT"Main_app/Src/MY_LIB/MY_driver_i2c.o" --specs=nano.specs -mfpu=fpv4-sp-d16 -mfloat-abi=hard -mthumb -o "Main_app/Src/MY_LIB/MY_driver_i2c.o"
arm-none-eabi-gcc "../Main_app/Src/MY_LIB/MY_driver_serwo.c" -mcpu=cortex-m4 -std=gnu11 -g3 -DDEBUG -DUSE_HAL_DRIVER -DSTM32F303x8 -c -I"E:/Pulpit/PCB/Plytki_chlodzenia_SOFTWARE/Cooling_left/stm_f303k8_ioc/Main_app/Inc/EKO_LIB" -I"E:/Pulpit/PCB/Plytki_chlodzenia_SOFTWARE/Cooling_left/stm_f303k8_ioc/Main_app/Inc/MY_LIB" -I"E:/Pulpit/PCB/Plytki_chlodzenia_SOFTWARE/Cooling_left/stm_f303k8_ioc/Main_app/Src/EKO_LIB" -I"E:/Pulpit/PCB/Plytki_chlodzenia_SOFTWARE/Cooling_left/stm_f303k8_ioc/Main_app/Src/MY_LIB" -I../Core/Inc -I../Drivers/STM32F3xx_HAL_Driver/Inc -I../Drivers/STM32F3xx_HAL_Driver/Inc/Legacy -I../Drivers/CMSIS/Device/ST/STM32F3xx/Include -I../Drivers/CMSIS/Include -O0 -ffunction-sections -fdata-sections -Wall -fstack-usage -fcyclomatic-complexity -MMD -MP -MF"Main_app/Src/MY_LIB/MY_driver_serwo.d" -MT"Main_app/Src/MY_LIB/MY_driver_serwo.o" --specs=nano.specs -mfpu=fpv4-sp-d16 -mfloat-abi=hard -mthumb -o "Main_app/Src/MY_LIB/MY_driver_serwo.o"
arm-none-eabi-gcc "../Main_app/Src/cooler_left_app.c" -mcpu=cortex-m4 -std=gnu11 -g3 -DDEBUG -DUSE_HAL_DRIVER -DSTM32F303x8 -c -I"E:/Pulpit/PCB/Plytki_chlodzenia_SOFTWARE/Cooling_left/stm_f303k8_ioc/Main_app/Inc/EKO_LIB" -I"E:/Pulpit/PCB/Plytki_chlodzenia_SOFTWARE/Cooling_left/stm_f303k8_ioc/Main_app/Src" -I"E:/Pulpit/PCB/Plytki_chlodzenia_SOFTWARE/Cooling_left/stm_f303k8_ioc/Main_app/Inc" -I"E:/Pulpit/PCB/Plytki_chlodzenia_SOFTWARE/Cooling_left/stm_f303k8_ioc/Main_app/Inc/MY_LIB" -I"E:/Pulpit/PCB/Plytki_chlodzenia_SOFTWARE/Cooling_left/stm_f303k8_ioc/Main_app/Src/EKO_LIB" -I"E:/Pulpit/PCB/Plytki_chlodzenia_SOFTWARE/Cooling_left/stm_f303k8_ioc/Main_app/Src/MY_LIB" -I../Core/Inc -I../Drivers/STM32F3xx_HAL_Driver/Inc -I../Drivers/STM32F3xx_HAL_Driver/Inc/Legacy -I../Drivers/CMSIS/Device/ST/STM32F3xx/Include -I../Drivers/CMSIS/Include -O0 -ffunction-sections -fdata-sections -Wall -fstack-usage -fcyclomatic-complexity -MMD -MP -MF"Main_app/Src/cooler_left_app.d" -MT"Main_app/Src/cooler_left_app.o" --specs=nano.specs -mfpu=fpv4-sp-d16 -mfloat-abi=hard -mthumb -o "Main_app/Src/cooler_left_app.o"
arm-none-eabi-gcc "../Main_app/Src/cooler_test.c" -mcpu=cortex-m4 -std=gnu11 -g3 -DDEBUG -DUSE_HAL_DRIVER -DSTM32F303x8 -c -I"E:/Pulpit/PCB/Plytki_chlodzenia_SOFTWARE/Cooling_left/stm_f303k8_ioc/Main_app/Inc/EKO_LIB" -I"E:/Pulpit/PCB/Plytki_chlodzenia_SOFTWARE/Cooling_left/stm_f303k8_ioc/Main_app/Inc/MY_LIB" -I"E:/Pulpit/PCB/Plytki_chlodzenia_SOFTWARE/Cooling_left/stm_f303k8_ioc/Main_app/Src/EKO_LIB" -I"E:/Pulpit/PCB/Plytki_chlodzenia_SOFTWARE/Cooling_left/stm_f303k8_ioc/Main_app/Src/MY_LIB" -I../Core/Inc -I../Drivers/STM32F3xx_HAL_Driver/Inc -I../Drivers/STM32F3xx_HAL_Driver/Inc/Legacy -I../Drivers/CMSIS/Device/ST/STM32F3xx/Include -I../Drivers/CMSIS/Include -O0 -ffunction-sections -fdata-sections -Wall -fstack-usage -fcyclomatic-complexity -MMD -MP -MF"Main_app/Src/cooler_test.d" -MT"Main_app/Src/cooler_test.o" --specs=nano.specs -mfpu=fpv4-sp-d16 -mfloat-abi=hard -mthumb -o "Main_app/Src/cooler_test.o"
arm-none-eabi-gcc "../Core/Src/main.c" -mcpu=cortex-m4 -std=gnu11 -g3 -DDEBUG -DUSE_HAL_DRIVER -DSTM32F303x8 -c -I"E:/Pulpit/PCB/Plytki_chlodzenia_SOFTWARE/Cooling_left/stm_f303k8_ioc/Main_app/Inc/EKO_LIB" -I"E:/Pulpit/PCB/Plytki_chlodzenia_SOFTWARE/Cooling_left/stm_f303k8_ioc/Main_app/Inc" -I"E:/Pulpit/PCB/Plytki_chlodzenia_SOFTWARE/Cooling_left/stm_f303k8_ioc/Main_app/Src" -I"E:/Pulpit/PCB/Plytki_chlodzenia_SOFTWARE/Cooling_left/stm_f303k8_ioc/Main_app/Inc/MY_LIB" -I"E:/Pulpit/PCB/Plytki_chlodzenia_SOFTWARE/Cooling_left/stm_f303k8_ioc/Main_app/Src/EKO_LIB" -I"E:/Pulpit/PCB/Plytki_chlodzenia_SOFTWARE/Cooling_left/stm_f303k8_ioc/Main_app/Src/MY_LIB" -I../Core/Inc -I../Drivers/STM32F3xx_HAL_Driver/Inc -I../Drivers/STM32F3xx_HAL_Driver/Inc/Legacy -I../Drivers/CMSIS/Device/ST/STM32F3xx/Include -I../Drivers/CMSIS/Include -O0 -ffunction-sections -fdata-sections -Wall -fstack-usage -fcyclomatic-complexity -MMD -MP -MF"Core/Src/main.d" -MT"Core/Src/main.o" --specs=nano.specs -mfpu=fpv4-sp-d16 -mfloat-abi=hard -mthumb -o "Core/Src/main.o"
../Main_app/Src/MY_LIB/MY_driver_i2c.c: In function 'AM2320_StateMachine':
../Main_app/Src/MY_LIB/MY_driver_i2c.c:153:5: warning: enumeration value 'AM2320_IDLE' not handled in switch [-Wswitch]
  153 |     switch (am2320State)
      |     ^~~~~~
../Main_app/Src/cooler_left_app.c: In function 'COOLER_app':
../Main_app/Src/cooler_left_app.c:104:32: warning: passing argument 1 of 'COOLER_IsTimeSendMsg' discards 'volatile' qualifier from pointer target type [-Wdiscarded-qualifiers]
  104 |           COOLER_IsTimeSendMsg(&interuptCanFlag);
      |                                ^~~~~~~~~~~~~~~~
../Main_app/Src/cooler_left_app.c:58:36: note: expected 'uint8_t *' {aka 'unsigned char *'} but argument is of type 'volatile uint8_t *' {aka 'volatile unsigned char *'}
   58 | void COOLER_IsTimeSendMsg(uint8_t* interuptCanFlag)
      |                           ~~~~~~~~~^~~~~~~~~~~~~~~
../Main_app/Src/cooler_left_app.c:119:27: warning: enumeration value 'CAN_FRAME_BMS_TEMP_1' not handled in switch [-Wswitch]
  119 |                           switch(msg.name)
      |                           ^~~~~~
../Main_app/Src/cooler_left_app.c:119:27: warning: enumeration value 'CAN_FRAME_BMS_TEMP_2' not handled in switch [-Wswitch]
../Main_app/Src/cooler_left_app.c:119:27: warning: enumeration value 'CAN_FRAME_BMS_TEMP_3' not handled in switch [-Wswitch]
../Main_app/Src/cooler_left_app.c:119:27: warning: enumeration value 'CAN_FRAME_BMS_TEMP_4' not handled in switch [-Wswitch]
../Main_app/Src/cooler_left_app.c:119:27: warning: enumeration value 'CAN_FRAME_BMS_TEMP_5' not handled in switch [-Wswitch]
../Main_app/Src/cooler_left_app.c:119:27: warning: enumeration value 'CAN_FRAME_BMS_TEMP_6' not handled in switch [-Wswitch]
../Main_app/Src/cooler_left_app.c:119:27: warning: enumeration value 'CAN_FRAME_BMS_TEMP_7' not handled in switch [-Wswitch]
../Main_app/Src/cooler_left_app.c:119:27: warning: enumeration value 'CAN_FRAME_BMS_TEMP_8' not handled in switch [-Wswitch]
../Main_app/Src/cooler_left_app.c:119:27: warning: enumeration value 'CAN_FRAME_BMS_TEMP_9' not handled in switch [-Wswitch]
../Main_app/Src/cooler_left_app.c:119:27: warning: enumeration value 'CAN_FRAME_SAFE_STATE' not handled in switch [-Wswitch]
../Main_app/Src/cooler_left_app.c:119:27: warning: enumeration value 'CAN_FRAME_BATTERY_SET_FAN' not handled in switch [-Wswitch]
../Main_app/Src/cooler_left_app.c:119:27: warning: enumeration value 'CAN_FRAME_UNKNOWN' not handled in switch [-Wswitch]
arm-none-eabi-gcc -o "f303_perla_blank.elf" @"objects.list"   -mcpu=cortex-m4 -T"E:\Pulpit\PCB\Plytki_chlodzenia_SOFTWARE\Cooling_left\stm_f303k8_ioc\STM32F303K8TX_FLASH.ld" --specs=nosys.specs -Wl,-Map="f303_perla_blank.map" -Wl,--gc-sections -static --specs=nano.specs -mfpu=fpv4-sp-d16 -mfloat-abi=hard -mthumb -Wl,--start-group -lc -lm -Wl,--end-group
Finished building target: f303_perla_blank.elf
 
arm-none-eabi-size  f303_perla_blank.elf 
arm-none-eabi-objdump -h -S f303_perla_blank.elf  > "f303_perla_blank.list"
   text	   data	    bss	    dec	    hex	filename
  32352	     12	   4820	  37184	   9140	f303_perla_blank.elf
Finished building: default.size.stdout
 
Finished building: f303_perla_blank.list
 
21:26:28 **** Incremental Build of configuration Debug for project f303_perla_blank ****
make -j16 all 
arm-none-eabi-size  f303_perla_blank.elf 
   text	   data	    bss	    dec	    hex	filename
  32352	     12	   4820	  37184	   9140	f303_perla_blank.elf
Finished building: default.size.stdout
 
21:41:41 **** Incremental Build of configuration Debug for project f303_perla_blank ****
make -j16 all 
arm-none-eabi-gcc "../Main_app/Src/MY_LIB/MY_driver_can.c" -mcpu=cortex-m4 -std=gnu11 -g3 -DDEBUG -DUSE_HAL_DRIVER -DSTM32F303x8 -c -I"E:/Pulpit/PCB/Plytki_chlodzenia_SOFTWARE/Cooling_left/stm_f303k8_ioc/Main_app/Inc/EKO_LIB" -I"E:/Pulpit/PCB/Plytki_chlodzenia_SOFTWARE/Cooling_left/stm_f303k8_ioc/Main_app/Inc/MY_LIB" -I"E:/Pulpit/PCB/Plytki_chlodzenia_SOFTWARE/Cooling_left/stm_f303k8_ioc/Main_app/Src/EKO_LIB" -I"E:/Pulpit/PCB/Plytki_chlodzenia_SOFTWARE/Cooling_left/stm_f303k8_ioc/Main_app/Src/MY_LIB" -I../Core/Inc -I../Drivers/STM32F3xx_HAL_Driver/Inc -I../Drivers/STM32F3xx_HAL_Driver/Inc/Legacy -I../Drivers/CMSIS/Device/ST/STM32F3xx/Include -I../Drivers/CMSIS/Include -O0 -ffunction-sections -fdata-sections -Wall -fstack-usage -fcyclomatic-complexity -MMD -MP -MF"Main_app/Src/MY_LIB/MY_driver_can.d" -MT"Main_app/Src/MY_LIB/MY_driver_can.o" --specs=nano.specs -mfpu=fpv4-sp-d16 -mfloat-abi=hard -mthumb -o "Main_app/Src/MY_LIB/MY_driver_can.o"
arm-none-eabi-gcc "../Main_app/Src/MY_LIB/MY_driver_fan.c" -mcpu=cortex-m4 -std=gnu11 -g3 -DDEBUG -DUSE_HAL_DRIVER -DSTM32F303x8 -c -I"E:/Pulpit/PCB/Plytki_chlodzenia_SOFTWARE/Cooling_left/stm_f303k8_ioc/Main_app/Inc/EKO_LIB" -I"E:/Pulpit/PCB/Plytki_chlodzenia_SOFTWARE/Cooling_left/stm_f303k8_ioc/Main_app/Inc/MY_LIB" -I"E:/Pulpit/PCB/Plytki_chlodzenia_SOFTWARE/Cooling_left/stm_f303k8_ioc/Main_app/Src/EKO_LIB" -I"E:/Pulpit/PCB/Plytki_chlodzenia_SOFTWARE/Cooling_left/stm_f303k8_ioc/Main_app/Src/MY_LIB" -I../Core/Inc -I../Drivers/STM32F3xx_HAL_Driver/Inc -I../Drivers/STM32F3xx_HAL_Driver/Inc/Legacy -I../Drivers/CMSIS/Device/ST/STM32F3xx/Include -I../Drivers/CMSIS/Include -O0 -ffunction-sections -fdata-sections -Wall -fstack-usage -fcyclomatic-complexity -MMD -MP -MF"Main_app/Src/MY_LIB/MY_driver_fan.d" -MT"Main_app/Src/MY_LIB/MY_driver_fan.o" --specs=nano.specs -mfpu=fpv4-sp-d16 -mfloat-abi=hard -mthumb -o "Main_app/Src/MY_LIB/MY_driver_fan.o"
arm-none-eabi-gcc "../Main_app/Src/MY_LIB/MY_driver_i2c.c" -mcpu=cortex-m4 -std=gnu11 -g3 -DDEBUG -DUSE_HAL_DRIVER -DSTM32F303x8 -c -I"E:/Pulpit/PCB/Plytki_chlodzenia_SOFTWARE/Cooling_left/stm_f303k8_ioc/Main_app/Inc/EKO_LIB" -I"E:/Pulpit/PCB/Plytki_chlodzenia_SOFTWARE/Cooling_left/stm_f303k8_ioc/Main_app/Inc/MY_LIB" -I"E:/Pulpit/PCB/Plytki_chlodzenia_SOFTWARE/Cooling_left/stm_f303k8_ioc/Main_app/Src/EKO_LIB" -I"E:/Pulpit/PCB/Plytki_chlodzenia_SOFTWARE/Cooling_left/stm_f303k8_ioc/Main_app/Src/MY_LIB" -I../Core/Inc -I../Drivers/STM32F3xx_HAL_Driver/Inc -I../Drivers/STM32F3xx_HAL_Driver/Inc/Legacy -I../Drivers/CMSIS/Device/ST/STM32F3xx/Include -I../Drivers/CMSIS/Include -O0 -ffunction-sections -fdata-sections -Wall -fstack-usage -fcyclomatic-complexity -MMD -MP -MF"Main_app/Src/MY_LIB/MY_driver_i2c.d" -MT"Main_app/Src/MY_LIB/MY_driver_i2c.o" --specs=nano.specs -mfpu=fpv4-sp-d16 -mfloat-abi=hard -mthumb -o "Main_app/Src/MY_LIB/MY_driver_i2c.o"
arm-none-eabi-gcc "../Main_app/Src/MY_LIB/MY_driver_serwo.c" -mcpu=cortex-m4 -std=gnu11 -g3 -DDEBUG -DUSE_HAL_DRIVER -DSTM32F303x8 -c -I"E:/Pulpit/PCB/Plytki_chlodzenia_SOFTWARE/Cooling_left/stm_f303k8_ioc/Main_app/Inc/EKO_LIB" -I"E:/Pulpit/PCB/Plytki_chlodzenia_SOFTWARE/Cooling_left/stm_f303k8_ioc/Main_app/Inc/MY_LIB" -I"E:/Pulpit/PCB/Plytki_chlodzenia_SOFTWARE/Cooling_left/stm_f303k8_ioc/Main_app/Src/EKO_LIB" -I"E:/Pulpit/PCB/Plytki_chlodzenia_SOFTWARE/Cooling_left/stm_f303k8_ioc/Main_app/Src/MY_LIB" -I../Core/Inc -I../Drivers/STM32F3xx_HAL_Driver/Inc -I../Drivers/STM32F3xx_HAL_Driver/Inc/Legacy -I../Drivers/CMSIS/Device/ST/STM32F3xx/Include -I../Drivers/CMSIS/Include -O0 -ffunction-sections -fdata-sections -Wall -fstack-usage -fcyclomatic-complexity -MMD -MP -MF"Main_app/Src/MY_LIB/MY_driver_serwo.d" -MT"Main_app/Src/MY_LIB/MY_driver_serwo.o" --specs=nano.specs -mfpu=fpv4-sp-d16 -mfloat-abi=hard -mthumb -o "Main_app/Src/MY_LIB/MY_driver_serwo.o"
arm-none-eabi-gcc "../Main_app/Src/EKO_LIB/can_driver.c" -mcpu=cortex-m4 -std=gnu11 -g3 -DDEBUG -DUSE_HAL_DRIVER -DSTM32F303x8 -c -I"E:/Pulpit/PCB/Plytki_chlodzenia_SOFTWARE/Cooling_left/stm_f303k8_ioc/Main_app/Inc/EKO_LIB" -I"E:/Pulpit/PCB/Plytki_chlodzenia_SOFTWARE/Cooling_left/stm_f303k8_ioc/Main_app/Inc/MY_LIB" -I"E:/Pulpit/PCB/Plytki_chlodzenia_SOFTWARE/Cooling_left/stm_f303k8_ioc/Main_app/Src/EKO_LIB" -I"E:/Pulpit/PCB/Plytki_chlodzenia_SOFTWARE/Cooling_left/stm_f303k8_ioc/Main_app/Src/MY_LIB" -I../Core/Inc -I../Drivers/STM32F3xx_HAL_Driver/Inc -I../Drivers/STM32F3xx_HAL_Driver/Inc/Legacy -I../Drivers/CMSIS/Device/ST/STM32F3xx/Include -I../Drivers/CMSIS/Include -O0 -ffunction-sections -fdata-sections -Wall -fstack-usage -fcyclomatic-complexity -MMD -MP -MF"Main_app/Src/EKO_LIB/can_driver.d" -MT"Main_app/Src/EKO_LIB/can_driver.o" --specs=nano.specs -mfpu=fpv4-sp-d16 -mfloat-abi=hard -mthumb -o "Main_app/Src/EKO_LIB/can_driver.o"
arm-none-eabi-gcc "../Main_app/Src/cooler_left_app.c" -mcpu=cortex-m4 -std=gnu11 -g3 -DDEBUG -DUSE_HAL_DRIVER -DSTM32F303x8 -c -I"E:/Pulpit/PCB/Plytki_chlodzenia_SOFTWARE/Cooling_left/stm_f303k8_ioc/Main_app/Inc/EKO_LIB" -I"E:/Pulpit/PCB/Plytki_chlodzenia_SOFTWARE/Cooling_left/stm_f303k8_ioc/Main_app/Src" -I"E:/Pulpit/PCB/Plytki_chlodzenia_SOFTWARE/Cooling_left/stm_f303k8_ioc/Main_app/Inc" -I"E:/Pulpit/PCB/Plytki_chlodzenia_SOFTWARE/Cooling_left/stm_f303k8_ioc/Main_app/Inc/MY_LIB" -I"E:/Pulpit/PCB/Plytki_chlodzenia_SOFTWARE/Cooling_left/stm_f303k8_ioc/Main_app/Src/EKO_LIB" -I"E:/Pulpit/PCB/Plytki_chlodzenia_SOFTWARE/Cooling_left/stm_f303k8_ioc/Main_app/Src/MY_LIB" -I../Core/Inc -I../Drivers/STM32F3xx_HAL_Driver/Inc -I../Drivers/STM32F3xx_HAL_Driver/Inc/Legacy -I../Drivers/CMSIS/Device/ST/STM32F3xx/Include -I../Drivers/CMSIS/Include -O0 -ffunction-sections -fdata-sections -Wall -fstack-usage -fcyclomatic-complexity -MMD -MP -MF"Main_app/Src/cooler_left_app.d" -MT"Main_app/Src/cooler_left_app.o" --specs=nano.specs -mfpu=fpv4-sp-d16 -mfloat-abi=hard -mthumb -o "Main_app/Src/cooler_left_app.o"
arm-none-eabi-gcc "../Main_app/Src/cooler_test.c" -mcpu=cortex-m4 -std=gnu11 -g3 -DDEBUG -DUSE_HAL_DRIVER -DSTM32F303x8 -c -I"E:/Pulpit/PCB/Plytki_chlodzenia_SOFTWARE/Cooling_left/stm_f303k8_ioc/Main_app/Inc/EKO_LIB" -I"E:/Pulpit/PCB/Plytki_chlodzenia_SOFTWARE/Cooling_left/stm_f303k8_ioc/Main_app/Inc/MY_LIB" -I"E:/Pulpit/PCB/Plytki_chlodzenia_SOFTWARE/Cooling_left/stm_f303k8_ioc/Main_app/Src/EKO_LIB" -I"E:/Pulpit/PCB/Plytki_chlodzenia_SOFTWARE/Cooling_left/stm_f303k8_ioc/Main_app/Src/MY_LIB" -I../Core/Inc -I../Drivers/STM32F3xx_HAL_Driver/Inc -I../Drivers/STM32F3xx_HAL_Driver/Inc/Legacy -I../Drivers/CMSIS/Device/ST/STM32F3xx/Include -I../Drivers/CMSIS/Include -O0 -ffunction-sections -fdata-sections -Wall -fstack-usage -fcyclomatic-complexity -MMD -MP -MF"Main_app/Src/cooler_test.d" -MT"Main_app/Src/cooler_test.o" --specs=nano.specs -mfpu=fpv4-sp-d16 -mfloat-abi=hard -mthumb -o "Main_app/Src/cooler_test.o"
arm-none-eabi-gcc "../Core/Src/main.c" -mcpu=cortex-m4 -std=gnu11 -g3 -DDEBUG -DUSE_HAL_DRIVER -DSTM32F303x8 -c -I"E:/Pulpit/PCB/Plytki_chlodzenia_SOFTWARE/Cooling_left/stm_f303k8_ioc/Main_app/Inc/EKO_LIB" -I"E:/Pulpit/PCB/Plytki_chlodzenia_SOFTWARE/Cooling_left/stm_f303k8_ioc/Main_app/Inc" -I"E:/Pulpit/PCB/Plytki_chlodzenia_SOFTWARE/Cooling_left/stm_f303k8_ioc/Main_app/Src" -I"E:/Pulpit/PCB/Plytki_chlodzenia_SOFTWARE/Cooling_left/stm_f303k8_ioc/Main_app/Inc/MY_LIB" -I"E:/Pulpit/PCB/Plytki_chlodzenia_SOFTWARE/Cooling_left/stm_f303k8_ioc/Main_app/Src/EKO_LIB" -I"E:/Pulpit/PCB/Plytki_chlodzenia_SOFTWARE/Cooling_left/stm_f303k8_ioc/Main_app/Src/MY_LIB" -I../Core/Inc -I../Drivers/STM32F3xx_HAL_Driver/Inc -I../Drivers/STM32F3xx_HAL_Driver/Inc/Legacy -I../Drivers/CMSIS/Device/ST/STM32F3xx/Include -I../Drivers/CMSIS/Include -O0 -ffunction-sections -fdata-sections -Wall -fstack-usage -fcyclomatic-complexity -MMD -MP -MF"Core/Src/main.d" -MT"Core/Src/main.o" --specs=nano.specs -mfpu=fpv4-sp-d16 -mfloat-abi=hard -mthumb -o "Core/Src/main.o"
../Main_app/Src/MY_LIB/MY_driver_i2c.c: In function 'AM2320_StateMachine':
../Main_app/Src/MY_LIB/MY_driver_i2c.c:153:5: warning: enumeration value 'AM2320_IDLE' not handled in switch [-Wswitch]
  153 |     switch (am2320State)
      |     ^~~~~~
../Main_app/Src/cooler_left_app.c: In function 'COOLER_app':
../Main_app/Src/cooler_left_app.c:104:32: warning: passing argument 1 of 'COOLER_IsTimeSendMsg' discards 'volatile' qualifier from pointer target type [-Wdiscarded-qualifiers]
  104 |           COOLER_IsTimeSendMsg(&interuptCanFlag);
      |                                ^~~~~~~~~~~~~~~~
../Main_app/Src/cooler_left_app.c:58:36: note: expected 'uint8_t *' {aka 'unsigned char *'} but argument is of type 'volatile uint8_t *' {aka 'volatile unsigned char *'}
   58 | void COOLER_IsTimeSendMsg(uint8_t* interuptCanFlag)
      |                           ~~~~~~~~~^~~~~~~~~~~~~~~
../Main_app/Src/cooler_left_app.c:119:27: warning: enumeration value 'CAN_FRAME_BMS_TEMP_1' not handled in switch [-Wswitch]
  119 |                           switch(msg.name)
      |                           ^~~~~~
../Main_app/Src/cooler_left_app.c:119:27: warning: enumeration value 'CAN_FRAME_BMS_TEMP_2' not handled in switch [-Wswitch]
../Main_app/Src/cooler_left_app.c:119:27: warning: enumeration value 'CAN_FRAME_BMS_TEMP_3' not handled in switch [-Wswitch]
../Main_app/Src/cooler_left_app.c:119:27: warning: enumeration value 'CAN_FRAME_BMS_TEMP_4' not handled in switch [-Wswitch]
../Main_app/Src/cooler_left_app.c:119:27: warning: enumeration value 'CAN_FRAME_BMS_TEMP_5' not handled in switch [-Wswitch]
../Main_app/Src/cooler_left_app.c:119:27: warning: enumeration value 'CAN_FRAME_BMS_TEMP_6' not handled in switch [-Wswitch]
../Main_app/Src/cooler_left_app.c:119:27: warning: enumeration value 'CAN_FRAME_BMS_TEMP_7' not handled in switch [-Wswitch]
../Main_app/Src/cooler_left_app.c:119:27: warning: enumeration value 'CAN_FRAME_BMS_TEMP_8' not handled in switch [-Wswitch]
../Main_app/Src/cooler_left_app.c:119:27: warning: enumeration value 'CAN_FRAME_BMS_TEMP_9' not handled in switch [-Wswitch]
../Main_app/Src/cooler_left_app.c:119:27: warning: enumeration value 'CAN_FRAME_SAFE_STATE' not handled in switch [-Wswitch]
../Main_app/Src/cooler_left_app.c:119:27: warning: enumeration value 'CAN_FRAME_BATTERY_SET_FAN' not handled in switch [-Wswitch]
../Main_app/Src/cooler_left_app.c:119:27: warning: enumeration value 'CAN_FRAME_UNKNOWN' not handled in switch [-Wswitch]
arm-none-eabi-gcc -o "f303_perla_blank.elf" @"objects.list"   -mcpu=cortex-m4 -T"E:\Pulpit\PCB\Plytki_chlodzenia_SOFTWARE\Cooling_left\stm_f303k8_ioc\STM32F303K8TX_FLASH.ld" --specs=nosys.specs -Wl,-Map="f303_perla_blank.map" -Wl,--gc-sections -static --specs=nano.specs -mfpu=fpv4-sp-d16 -mfloat-abi=hard -mthumb -Wl,--start-group -lc -lm -Wl,--end-group
Finished building target: f303_perla_blank.elf
 
arm-none-eabi-size  f303_perla_blank.elf 
arm-none-eabi-objdump -h -S f303_perla_blank.elf  > "f303_perla_blank.list"
   text	   data	    bss	    dec	    hex	filename
  32548	     12	   5112	  37672	   9328	f303_perla_blank.elf
Finished building: default.size.stdout
 
Finished building: f303_perla_blank.list
 
21:44:17 **** Incremental Build of configuration Debug for project f303_perla_blank ****
make -j16 all 
arm-none-eabi-gcc "../Main_app/Src/cooler_left_app.c" -mcpu=cortex-m4 -std=gnu11 -g3 -DDEBUG -DUSE_HAL_DRIVER -DSTM32F303x8 -c -I"E:/Pulpit/PCB/Plytki_chlodzenia_SOFTWARE/Cooling_left/stm_f303k8_ioc/Main_app/Inc/EKO_LIB" -I"E:/Pulpit/PCB/Plytki_chlodzenia_SOFTWARE/Cooling_left/stm_f303k8_ioc/Main_app/Src" -I"E:/Pulpit/PCB/Plytki_chlodzenia_SOFTWARE/Cooling_left/stm_f303k8_ioc/Main_app/Inc" -I"E:/Pulpit/PCB/Plytki_chlodzenia_SOFTWARE/Cooling_left/stm_f303k8_ioc/Main_app/Inc/MY_LIB" -I"E:/Pulpit/PCB/Plytki_chlodzenia_SOFTWARE/Cooling_left/stm_f303k8_ioc/Main_app/Src/EKO_LIB" -I"E:/Pulpit/PCB/Plytki_chlodzenia_SOFTWARE/Cooling_left/stm_f303k8_ioc/Main_app/Src/MY_LIB" -I../Core/Inc -I../Drivers/STM32F3xx_HAL_Driver/Inc -I../Drivers/STM32F3xx_HAL_Driver/Inc/Legacy -I../Drivers/CMSIS/Device/ST/STM32F3xx/Include -I../Drivers/CMSIS/Include -O0 -ffunction-sections -fdata-sections -Wall -fstack-usage -fcyclomatic-complexity -MMD -MP -MF"Main_app/Src/cooler_left_app.d" -MT"Main_app/Src/cooler_left_app.o" --specs=nano.specs -mfpu=fpv4-sp-d16 -mfloat-abi=hard -mthumb -o "Main_app/Src/cooler_left_app.o"
../Main_app/Src/cooler_left_app.c: In function 'COOLER_app':
../Main_app/Src/cooler_left_app.c:104:32: warning: passing argument 1 of 'COOLER_IsTimeSendMsg' discards 'volatile' qualifier from pointer target type [-Wdiscarded-qualifiers]
  104 |           COOLER_IsTimeSendMsg(&interuptCanFlag);
      |                                ^~~~~~~~~~~~~~~~
../Main_app/Src/cooler_left_app.c:58:36: note: expected 'uint8_t *' {aka 'unsigned char *'} but argument is of type 'volatile uint8_t *' {aka 'volatile unsigned char *'}
   58 | void COOLER_IsTimeSendMsg(uint8_t* interuptCanFlag)
      |                           ~~~~~~~~~^~~~~~~~~~~~~~~
../Main_app/Src/cooler_left_app.c:119:27: warning: enumeration value 'CAN_FRAME_BMS_TEMP_1' not handled in switch [-Wswitch]
  119 |                           switch(msg.name)
      |                           ^~~~~~
../Main_app/Src/cooler_left_app.c:119:27: warning: enumeration value 'CAN_FRAME_BMS_TEMP_2' not handled in switch [-Wswitch]
../Main_app/Src/cooler_left_app.c:119:27: warning: enumeration value 'CAN_FRAME_BMS_TEMP_3' not handled in switch [-Wswitch]
../Main_app/Src/cooler_left_app.c:119:27: warning: enumeration value 'CAN_FRAME_BMS_TEMP_4' not handled in switch [-Wswitch]
../Main_app/Src/cooler_left_app.c:119:27: warning: enumeration value 'CAN_FRAME_BMS_TEMP_5' not handled in switch [-Wswitch]
../Main_app/Src/cooler_left_app.c:119:27: warning: enumeration value 'CAN_FRAME_BMS_TEMP_6' not handled in switch [-Wswitch]
../Main_app/Src/cooler_left_app.c:119:27: warning: enumeration value 'CAN_FRAME_BMS_TEMP_7' not handled in switch [-Wswitch]
../Main_app/Src/cooler_left_app.c:119:27: warning: enumeration value 'CAN_FRAME_BMS_TEMP_8' not handled in switch [-Wswitch]
../Main_app/Src/cooler_left_app.c:119:27: warning: enumeration value 'CAN_FRAME_BMS_TEMP_9' not handled in switch [-Wswitch]
../Main_app/Src/cooler_left_app.c:119:27: warning: enumeration value 'CAN_FRAME_SAFE_STATE' not handled in switch [-Wswitch]
../Main_app/Src/cooler_left_app.c:119:27: warning: enumeration value 'CAN_FRAME_BATTERY_SET_FAN' not handled in switch [-Wswitch]
../Main_app/Src/cooler_left_app.c:119:27: warning: enumeration value 'CAN_FRAME_UNKNOWN' not handled in switch [-Wswitch]
arm-none-eabi-gcc -o "f303_perla_blank.elf" @"objects.list"   -mcpu=cortex-m4 -T"E:\Pulpit\PCB\Plytki_chlodzenia_SOFTWARE\Cooling_left\stm_f303k8_ioc\STM32F303K8TX_FLASH.ld" --specs=nosys.specs -Wl,-Map="f303_perla_blank.map" -Wl,--gc-sections -static --specs=nano.specs -mfpu=fpv4-sp-d16 -mfloat-abi=hard -mthumb -Wl,--start-group -lc -lm -Wl,--end-group
Finished building target: f303_perla_blank.elf
 
arm-none-eabi-size  f303_perla_blank.elf 
arm-none-eabi-objdump -h -S f303_perla_blank.elf  > "f303_perla_blank.list"
   text	   data	    bss	    dec	    hex	filename
  32576	     12	   5120	  37708	   934c	f303_perla_blank.elf
Finished building: default.size.stdout
 
Finished building: f303_perla_blank.list
 
