21:26:25 **** Incremental Build of configuration Debug for project f303_perla_blank ****
make -j16 all 
arm-none-eabi-gcc "../Main_app/Src/MY_LIB/MY_driver_can.c" -mcpu=cortex-m4 -std=gnu11 -g3 -DDEBUG -DUSE_HAL_DRIVER -DSTM32F303x8 -c -I"E:/Pulpit/PCB/Plytki_chlodzenia_SOFTWARE/Cooling_left/stm_f303k8_ioc/Main_app/Inc/EKO_LIB" -I"E:/Pulpit/PCB/Plytki_chlodzenia_SOFTWARE/Cooling_left/stm_f303k8_ioc/Main_app/Inc/MY_LIB" -I"E:/Pulpit/PCB/Plytki_chlodzenia_SOFTWARE/Cooling_left/stm_f303k8_ioc/Main_app/Src/EKO_LIB" -I"E:/Pulpit/PCB/Plytki_chlodzenia_SOFTWARE/Cooling_left/stm_f303k8_ioc/Main_app/Src/MY_LIB" -I../Core/Inc -I../Drivers/STM32F3xx_HAL_Driver/Inc -I../Drivers/STM32F3xx_HAL_Driver/Inc/Legacy -I../Drivers/CMSIS/Device/ST/STM32F3xx/Include -I../Drivers/CMSIS/Include -O0 -ffunction-sections -fdata-sections -Wall -fstack-usage -fcyclomatic-complexity -MMD -MP -MF"Main_app/Src/MY_LIB/MY_driver_can.d" -MT"Main_app/Src/MY_LIB/MY_driver_can.o" --specs=nano.specs -mfpu=fpv4-sp-d16 -mfloat-abi=hard -mthumb -o "Main_app/Src/MY_LIB/MY_driver_can.o"
arm-none-eabi-gcc "../Main_app/Src/MY_LIB/MY_driver_fan.c" -mcpu=cortex-m4 -std=gnu11 -g3 -DDEBUG -DUSE_HAL_DRIVER -DSTM32F303x8 -c -I"E:/Pulpit/PCB/Plytki_chlodzenia_SOFTWARE/Cooling_left/stm_f303k8_ioc/Main_app/Inc/EKO_LIB" -I"E:/Pulpit/PCB/Plytki_chlodzenia_SOFTWARE/Cooling_left/stm_f303k8_ioc/Main_app/Inc/MY_LIB" -I"E:/Pulpit/PCB/Plytki_chlodzenia_SOFTWARE/Cooling_left/stm_f303k8_ioc/Main_app/Src/EKO_LIB" -I"E:/Pulpit/PCB/Plytki_chlodzenia_SOFTWARE/Cooling_left/stm_f303k8_ioc/Main_app/Src/MY_LIB" -I../Core/Inc -I../Drivers/STM32F3xx_HAL_Driver/Inc -I../Drivers/STM32F3xx_HAL_Driver/Inc/Legacy -I../Drivers/CMSIS/Device/ST/STM32F3xx/Include -I../Drivers/CMSIS/Include -O0 -ffunction-sections -fdata-sections -Wall -fstack-usage -fcyclomatic-complexity -MMD -MP -MF"Main_app/Src/MY_LIB/MY_driver_fan.d" -MT"Main_app/Src/MY_LIB/MY_driver_fan.o" --specs=nano.specs -mfpu=fpv4-sp-d16 -mfloat-abi=hard -mthumb -o "Main_app/Src/MY_LIB/MY_driver_fan.o"
arm-none-eabi-gcc "../Main_app/Src/MY_LIB/MY_driver_i2c.c" -mcpu=cortex-m4 -std=gnu11 -g3 -DDEBUG -DUSE_HAL_DRIVER -DSTM32F303x8 -c -I"E:/Pulpit/PCB/Plytki_chlodzenia_SOFTWARE/Cooling_left/stm_f303k8_ioc/Main_app/Inc/EKO_LIB" -I"E:/Pulpit/PCB/Plytki_chlodzenia_SOFTWARE/Cooling_left/stm_f303k8_ioc/Main_app/Inc/MY_LIB" -I"E:/Pulpit/PCB/Plytki_chlodzenia_SOFTWARE/Cooling_left/stm_f303k8_ioc/Main_app/Src/EKO_LIB" -I"E:/Pulpit/PCB/Plytki_chlodzenia_SOFTWARE/Cooling_left/stm_f303k8_ioc/Main_app/Src/MY_LIB" -I../Core/Inc -I../Drivers/STM32F3xx_HAL_Driver/Inc -I../Drivers/STM32F3xx_HAL_Driver/Inc/Legacy -I../Drivers/CMSIS/Device/ST/STM32F3xx/Include -I../Drivers/CMSIS/Include -O0 -ffunction-sections -fdata-sections -Wall -fstack-usage -fcyclomatic-complexity -MMD -MP -MF"Main_app/Src/MY_LIB/MY_driver_i2c.d" -MT"Main_app/Src/MY_LIB/MY_driver_i2c.o" --specs=nano.specs -mfpu=fpv4-sp-d16 -mfloat-abi=hard -mthumb -o "Main_app/Src/MY_LIB/MY_driver_i2c.o"
arm-none-eabi-gcc "../Main_app/Src/MY_LIB/MY_driver_serwo.c" -mcpu=cortex-m4 -std=gnu11 -g3 -DDEBUG -DUSE_HAL_DRIVER -DSTM32F303x8 -c -I"E:/Pulpit/PCB/Plytki_chlodzenia_SOFTWARE/Cooling_left/stm_f303k8_ioc/Main_app/Inc/EKO_LIB" -I"E:/Pulpit/PCB/Plytki_chlodzenia_SOFTWARE/Cooling_left/stm_f303k8_ioc/Main_app/Inc/MY_LIB" -I"E:/Pulpit/PCB/Plytki_chlodzenia_SOFTWARE/Cooling_left/stm_f303k8_ioc/Main_app/Src/EKO_LIB" -I"E:/Pulpit/PCB/Plytki_chlodzenia_SOFTWARE/Cooling_left/stm_f303k8_ioc/Main_app/Src/MY_LIB" -I../Core/Inc -I../Drivers/STM32F3xx_HAL_Driver/Inc -I../Drivers/STM32F3xx_HAL_Driver/Inc/Legacy -I../Drivers/CMSIS/Device/ST/STM32F3xx/Include -I../Drivers/CMSIS/Include -O0 -ffunction-sections -fdata-sections -Wall -fstack-usage -fcyclomatic-complexity -MMD -MP -MF"Main_app/Src/MY_LIB/MY_driver_serwo.d" -MT"Main_app/Src/MY_LIB/MY_driver_serwo.o" --specs=nano.specs -mfpu=fpv4-sp-d16 -mfloat-abi=hard -mthumb -o "Main_app/Src/MY_LIB/MY_driver_serwo.o"
arm-none-eabi-gcc "../Main_app/Src/cooler_left_app.c" -mcpu=cortex-m4 -std=gnu11 -g3 -DDEBUG -DUSE_HAL_DRIVER -DSTM32F303x8 -c -I"E:/Pulpit/PCB/Plytki_chlodzenia_SOFTWARE/Cooling_left/stm_f303k8_ioc/Main_app/Inc/EKO_LIB" -I"E:/Pulpit/PCB/Plytki_chlodzenia_SOFTWARE/Cooling_left/stm_f303k8_ioc/Main_app/Src" -I"E:/Pulpit/PCB/Plytki_chlodzenia_SOFTWARE/Cooling_left/stm_f303k8_ioc/Main_app/Inc" -I"E:/Pulpit/PCB/Plytki_chlodzenia_SOFTWARE/Cooling_left/stm_f303k8_ioc/Main_app/Inc/MY_LIB" -I"E:/Pulpit/PCB/Plytki_chlodzenia_SOFTWARE/Cooling_left/stm_f303k8_ioc/Main_app/Src/EKO_LIB" -I"E:/Pulpit/PCB/Plytki_chlodzenia_SOFTWARE/Cooling_left/stm_f303k8_ioc/Main_app/Src/MY_LIB" -I../Core/Inc -I../Drivers/STM32F3xx_HAL_Driver/Inc -I../Drivers/STM32F3xx_HAL_Driver/Inc/Legacy -I../Drivers/CMSIS/Device/ST/STM32F3xx/Include -I../Drivers/CMSIS/Include -O0 -ffunction-sections -fdata-sections -Wall -fstack-usage -fcyclomatic-complexity -MMD -MP -MF"Main_app/Src/cooler_left_app.d" -MT"Main_app/Src/cooler_left_app.o" --specs=nano.specs -mfpu=fpv4-sp-d16 -mfloat-abi=hard -mthumb -o "Main_app/Src/cooler_left_app.o"
arm-none-eabi-gcc "../Main_app/Src/cooler_test.c" -mcpu=cortex-m4 -std=gnu11 -g3 -DDEBUG -DUSE_HAL_DRIVER -DSTM32F303x8 -c -I"E:/Pulpit/PCB/Plytki_chlodzenia_SOFTWARE/Cooling_left/stm_f303k8_ioc/Main_app/Inc/EKO_LIB" -I"E:/Pulpit/PCB/Plytki_chlodzenia_SOFTWARE/Cooling_left/stm_f303k8_ioc/Main_app/Inc/MY_LIB" -I"E:/Pulpit/PCB/Plytki_chlodzenia_SOFTWARE/Cooling_left/stm_f303k8_ioc/Main_app/Src/EKO_LIB" -I"E:/Pulpit/PCB/Plytki_chlodzenia_SOFTWARE/Cooling_left/stm_f303k8_ioc/Main_app/Src/MY_LIB" -I../Core/Inc -I../Drivers/STM32F3xx_HAL_Driver/Inc -I../Drivers/STM32F3xx_HAL_Driver/Inc/Legacy -I../Drivers/CMSIS/Device/ST/STM32F3xx/Include -I../Drivers/CMSIS/Include -O0 -ffunction-sections -fdata-sections -Wall -fstack-usage -fcyclomatic-complexity -MMD -MP -MF"Main_app/Src/cooler_test.d" -MT"Main_app/Src/cooler_test.o" --specs=nano.specs -mfpu=fpv4-sp-d16 -mfloat-abi=hard -mthumb -o "Main_app/Src/cooler_test.o"
arm-none-eabi-gcc "../Core/Src/main.c" -mcpu=cortex-m4 -std=gnu11 -g3 -DDEBUG -DUSE_HAL_DRIVER -DSTM32F303x8 -c -I"E:/Pulpit/PCB/Plytki_chlodzenia_SOFTWARE/Cooling_left/stm_f303k8_ioc/Main_app/Inc/EKO_LIB" -I"E:/Pulpit/PCB/Plytki_chlodzenia_SOFTWARE/Cooling_left/stm_f303k8_ioc/Main_app/Inc" -I"E:/Pulpit/PCB/Plytki_chlodzenia_SOFTWARE/Cooling_left/stm_f303k8_ioc/Main_app/Src" -I"E:/Pulpit/PCB/Plytki_chlodzenia_SOFTWARE/Cooling_left/stm_f303k8_ioc/Main_app/Inc/MY_LIB" -I"E:/Pulpit/PCB/Plytki_chlodzenia_SOFTWARE/Cooling_left/stm_f303k8_ioc/Main_app/Src/EKO_LIB" -I"E:/Pulpit/PCB/Plytki_chlodzenia_SOFTWARE/Cooling_left/stm_f303k8_ioc/Main_app/Src/MY_LIB" -I../Core/Inc -I../Drivers/STM32F3xx_HAL_Driver/Inc -I../Drivers/STM32F3xx_HAL_Driver/Inc/Legacy -I../Drivers/CMSIS/Device/ST/STM32F3xx/Include -I../Drivers/CMSIS/Include -O0 -ffunction-sections -fdata-sections -Wall -fstack-usage -fcyclomatic-complexity -MMD -MP -MF"Core/Src/main.d" -MT"Core/Src/main.o" --specs=nano.specs -mfpu=fpv4-sp-d16 -mfloat-abi=hard -mthumb -o "Core/Src/main.o"
../Main_app/Src/MY_LIB/MY_driver_i2c.c: In function 'AM2320_StateMachine':
../Main_app/Src/MY_LIB/MY_driver_i2c.c:153:5: warning: enumeration value 'AM2320_IDLE' not handled in switch [-Wswitch]
  153 |     switch (am2320State)
      |     ^~~~~~
../Main_app/Src/cooler_left_app.c: In function 'COOLER_app':
../Main_app/Src/cooler_left_app.c:104:32: warning: passing argument 1 of 'COOLER_IsTimeSendMsg' discards 'volatile' qualifier from pointer target type [-Wdiscarded-qualifiers]
  104 |           COOLER_IsTimeSendMsg(&interuptCanFlag);
      |                                ^~~~~~~~~~~~~~~~
../Main_app/Src/cooler_left_app.c:58:36: note: expected 'uint8_t *' {aka 'unsigned char *'} but argument is of type 'volatile uint8_t *' {aka 'volatile unsigned char *'}
   58 | void COOLER_IsTimeSendMsg(uint8_t* interuptCanFlag)
      |                           ~~~~~~~~~^~~~~~~~~~~~~~~
../Main_app/Src/cooler_left_app.c:119:27: warning: enumeration value 'CAN_FRAME_BMS_TEMP_1' not handled in switch [-Wswitch]
  119 |                           switch(msg.name)
      |                           ^~~~~~
../Main_app/Src/cooler_left_app.c:119:27: warning: enumeration value 'CAN_FRAME_BMS_TEMP_2' not handled in switch [-Wswitch]
../Main_app/Src/cooler_left_app.c:119:27: warning: enumeration value 'CAN_FRAME_BMS_TEMP_3' not handled in switch [-Wswitch]
../Main_app/Src/cooler_left_app.c:119:27: warning: enumeration value 'CAN_FRAME_BMS_TEMP_4' not handled in switch [-Wswitch]
../Main_app/Src/cooler_left_app.c:119:27: warning: enumeration value 'CAN_FRAME_BMS_TEMP_5' not handled in switch [-Wswitch]
../Main_app/Src/cooler_left_app.c:119:27: warning: enumeration value 'CAN_FRAME_BMS_TEMP_6' not handled in switch [-Wswitch]
../Main_app/Src/cooler_left_app.c:119:27: warning: enumeration value 'CAN_FRAME_BMS_TEMP_7' not handled in switch [-Wswitch]
../Main_app/Src/cooler_left_app.c:119:27: warning: enumeration value 'CAN_FRAME_BMS_TEMP_8' not handled in switch [-Wswitch]
../Main_app/Src/cooler_left_app.c:119:27: warning: enumeration value 'CAN_FRAME_BMS_TEMP_9' not handled in switch [-Wswitch]
../Main_app/Src/cooler_left_app.c:119:27: warning: enumeration value 'CAN_FRAME_SAFE_STATE' not handled in switch [-Wswitch]
../Main_app/Src/cooler_left_app.c:119:27: warning: enumeration value 'CAN_FRAME_BATTERY_SET_FAN' not handled in switch [-Wswitch]
../Main_app/Src/cooler_left_app.c:119:27: warning: enumeration value 'CAN_FRAME_UNKNOWN' not handled in switch [-Wswitch]
arm-none-eabi-gcc -o "f303_perla_blank.elf" @"objects.list"   -mcpu=cortex-m4 -T"E:\Pulpit\PCB\Plytki_chlodzenia_SOFTWARE\Cooling_left\stm_f303k8_ioc\STM32F303K8TX_FLASH.ld" --specs=nosys.specs -Wl,-Map="f303_perla_blank.map" -Wl,--gc-sections -static --specs=nano.specs -mfpu=fpv4-sp-d16 -mfloat-abi=hard -mthumb -Wl,--start-group -lc -lm -Wl,--end-group
Finished building target: f303_perla_blank.elf
 
arm-none-eabi-size  f303_perla_blank.elf 
arm-none-eabi-objdump -h -S f303_perla_blank.elf  > "f303_perla_blank.list"
   text	   data	    bss	    dec	    hex	filename
  32352	     12	   4820	  37184	   9140	f303_perla_blank.elf
Finished building: default.size.stdout
 
Finished building: f303_perla_blank.list
 
21:26:28 **** Incremental Build of configuration Debug for project f303_perla_blank ****
make -j16 all 
arm-none-eabi-size  f303_perla_blank.elf 
   text	   data	    bss	    dec	    hex	filename
  32352	     12	   4820	  37184	   9140	f303_perla_blank.elf
Finished building: default.size.stdout
 
21:41:41 **** Incremental Build of configuration Debug for project f303_perla_blank ****
make -j16 all 
arm-none-eabi-gcc "../Main_app/Src/MY_LIB/MY_driver_can.c" -mcpu=cortex-m4 -std=gnu11 -g3 -DDEBUG -DUSE_HAL_DRIVER -DSTM32F303x8 -c -I"E:/Pulpit/PCB/Plytki_chlodzenia_SOFTWARE/Cooling_left/stm_f303k8_ioc/Main_app/Inc/EKO_LIB" -I"E:/Pulpit/PCB/Plytki_chlodzenia_SOFTWARE/Cooling_left/stm_f303k8_ioc/Main_app/Inc/MY_LIB" -I"E:/Pulpit/PCB/Plytki_chlodzenia_SOFTWARE/Cooling_left/stm_f303k8_ioc/Main_app/Src/EKO_LIB" -I"E:/Pulpit/PCB/Plytki_chlodzenia_SOFTWARE/Cooling_left/stm_f303k8_ioc/Main_app/Src/MY_LIB" -I../Core/Inc -I../Drivers/STM32F3xx_HAL_Driver/Inc -I../Drivers/STM32F3xx_HAL_Driver/Inc/Legacy -I../Drivers/CMSIS/Device/ST/STM32F3xx/Include -I../Drivers/CMSIS/Include -O0 -ffunction-sections -fdata-sections -Wall -fstack-usage -fcyclomatic-complexity -MMD -MP -MF"Main_app/Src/MY_LIB/MY_driver_can.d" -MT"Main_app/Src/MY_LIB/MY_driver_can.o" --specs=nano.specs -mfpu=fpv4-sp-d16 -mfloat-abi=hard -mthumb -o "Main_app/Src/MY_LIB/MY_driver_can.o"
arm-none-eabi-gcc "../Main_app/Src/MY_LIB/MY_driver_fan.c" -mcpu=cortex-m4 -std=gnu11 -g3 -DDEBUG -DUSE_HAL_DRIVER -DSTM32F303x8 -c -I"E:/Pulpit/PCB/Plytki_chlodzenia_SOFTWARE/Cooling_left/stm_f303k8_ioc/Main_app/Inc/EKO_LIB" -I"E:/Pulpit/PCB/Plytki_chlodzenia_SOFTWARE/Cooling_left/stm_f303k8_ioc/Main_app/Inc/MY_LIB" -I"E:/Pulpit/PCB/Plytki_chlodzenia_SOFTWARE/Cooling_left/stm_f303k8_ioc/Main_app/Src/EKO_LIB" -I"E:/Pulpit/PCB/Plytki_chlodzenia_SOFTWARE/Cooling_left/stm_f303k8_ioc/Main_app/Src/MY_LIB" -I../Core/Inc -I../Drivers/STM32F3xx_HAL_Driver/Inc -I../Drivers/STM32F3xx_HAL_Driver/Inc/Legacy -I../Drivers/CMSIS/Device/ST/STM32F3xx/Include -I../Drivers/CMSIS/Include -O0 -ffunction-sections -fdata-sections -Wall -fstack-usage -fcyclomatic-complexity -MMD -MP -MF"Main_app/Src/MY_LIB/MY_driver_fan.d" -MT"Main_app/Src/MY_LIB/MY_driver_fan.o" --specs=nano.specs -mfpu=fpv4-sp-d16 -mfloat-abi=hard -mthumb -o "Main_app/Src/MY_LIB/MY_driver_fan.o"
arm-none-eabi-gcc "../Main_app/Src/MY_LIB/MY_driver_i2c.c" -mcpu=cortex-m4 -std=gnu11 -g3 -DDEBUG -DUSE_HAL_DRIVER -DSTM32F303x8 -c -I"E:/Pulpit/PCB/Plytki_chlodzenia_SOFTWARE/Cooling_left/stm_f303k8_ioc/Main_app/Inc/EKO_LIB" -I"E:/Pulpit/PCB/Plytki_chlodzenia_SOFTWARE/Cooling_left/stm_f303k8_ioc/Main_app/Inc/MY_LIB" -I"E:/Pulpit/PCB/Plytki_chlodzenia_SOFTWARE/Cooling_left/stm_f303k8_ioc/Main_app/Src/EKO_LIB" -I"E:/Pulpit/PCB/Plytki_chlodzenia_SOFTWARE/Cooling_left/stm_f303k8_ioc/Main_app/Src/MY_LIB" -I../Core/Inc -I../Drivers/STM32F3xx_HAL_Driver/Inc -I../Drivers/STM32F3xx_HAL_Driver/Inc/Legacy -I../Drivers/CMSIS/Device/ST/STM32F3xx/Include -I../Drivers/CMSIS/Include -O0 -ffunction-sections -fdata-sections -Wall -fstack-usage -fcyclomatic-complexity -MMD -MP -MF"Main_app/Src/MY_LIB/MY_driver_i2c.d" -MT"Main_app/Src/MY_LIB/MY_driver_i2c.o" --specs=nano.specs -mfpu=fpv4-sp-d16 -mfloat-abi=hard -mthumb -o "Main_app/Src/MY_LIB/MY_driver_i2c.o"
arm-none-eabi-gcc "../Main_app/Src/MY_LIB/MY_driver_serwo.c" -mcpu=cortex-m4 -std=gnu11 -g3 -DDEBUG -DUSE_HAL_DRIVER -DSTM32F303x8 -c -I"E:/Pulpit/PCB/Plytki_chlodzenia_SOFTWARE/Cooling_left/stm_f303k8_ioc/Main_app/Inc/EKO_LIB" -I"E:/Pulpit/PCB/Plytki_chlodzenia_SOFTWARE/Cooling_left/stm_f303k8_ioc/Main_app/Inc/MY_LIB" -I"E:/Pulpit/PCB/Plytki_chlodzenia_SOFTWARE/Cooling_left/stm_f303k8_ioc/Main_app/Src/EKO_LIB" -I"E:/Pulpit/PCB/Plytki_chlodzenia_SOFTWARE/Cooling_left/stm_f303k8_ioc/Main_app/Src/MY_LIB" -I../Core/Inc -I../Drivers/STM32F3xx_HAL_Driver/Inc -I../Drivers/STM32F3xx_HAL_Driver/Inc/Legacy -I../Drivers/CMSIS/Device/ST/STM32F3xx/Include -I../Drivers/CMSIS/Include -O0 -ffunction-sections -fdata-sections -Wall -fstack-usage -fcyclomatic-complexity -MMD -MP -MF"Main_app/Src/MY_LIB/MY_driver_serwo.d" -MT"Main_app/Src/MY_LIB/MY_driver_serwo.o" --specs=nano.specs -mfpu=fpv4-sp-d16 -mfloat-abi=hard -mthumb -o "Main_app/Src/MY_LIB/MY_driver_serwo.o"
arm-none-eabi-gcc "../Main_app/Src/EKO_LIB/can_driver.c" -mcpu=cortex-m4 -std=gnu11 -g3 -DDEBUG -DUSE_HAL_DRIVER -DSTM32F303x8 -c -I"E:/Pulpit/PCB/Plytki_chlodzenia_SOFTWARE/Cooling_left/stm_f303k8_ioc/Main_app/Inc/EKO_LIB" -I"E:/Pulpit/PCB/Plytki_chlodzenia_SOFTWARE/Cooling_left/stm_f303k8_ioc/Main_app/Inc/MY_LIB" -I"E:/Pulpit/PCB/Plytki_chlodzenia_SOFTWARE/Cooling_left/stm_f303k8_ioc/Main_app/Src/EKO_LIB" -I"E:/Pulpit/PCB/Plytki_chlodzenia_SOFTWARE/Cooling_left/stm_f303k8_ioc/Main_app/Src/MY_LIB" -I../Core/Inc -I../Drivers/STM32F3xx_HAL_Driver/Inc -I../Drivers/STM32F3xx_HAL_Driver/Inc/Legacy -I../Drivers/CMSIS/Device/ST/STM32F3xx/Include -I../Drivers/CMSIS/Include -O0 -ffunction-sections -fdata-sections -Wall -fstack-usage -fcyclomatic-complexity -MMD -MP -MF"Main_app/Src/EKO_LIB/can_driver.d" -MT"Main_app/Src/EKO_LIB/can_driver.o" --specs=nano.specs -mfpu=fpv4-sp-d16 -mfloat-abi=hard -mthumb -o "Main_app/Src/EKO_LIB/can_driver.o"
arm-none-eabi-gcc "../Main_app/Src/cooler_left_app.c" -mcpu=cortex-m4 -std=gnu11 -g3 -DDEBUG -DUSE_HAL_DRIVER -DSTM32F303x8 -c -I"E:/Pulpit/PCB/Plytki_chlodzenia_SOFTWARE/Cooling_left/stm_f303k8_ioc/Main_app/Inc/EKO_LIB" -I"E:/Pulpit/PCB/Plytki_chlodzenia_SOFTWARE/Cooling_left/stm_f303k8_ioc/Main_app/Src" -I"E:/Pulpit/PCB/Plytki_chlodzenia_SOFTWARE/Cooling_left/stm_f303k8_ioc/Main_app/Inc" -I"E:/Pulpit/PCB/Plytki_chlodzenia_SOFTWARE/Cooling_left/stm_f303k8_ioc/Main_app/Inc/MY_LIB" -I"E:/Pulpit/PCB/Plytki_chlodzenia_SOFTWARE/Cooling_left/stm_f303k8_ioc/Main_app/Src/EKO_LIB" -I"E:/Pulpit/PCB/Plytki_chlodzenia_SOFTWARE/Cooling_left/stm_f303k8_ioc/Main_app/Src/MY_LIB" -I../Core/Inc -I../Drivers/STM32F3xx_HAL_Driver/Inc -I../Drivers/STM32F3xx_HAL_Driver/Inc/Legacy -I../Drivers/CMSIS/Device/ST/STM32F3xx/Include -I../Drivers/CMSIS/Include -O0 -ffunction-sections -fdata-sections -Wall -fstack-usage -fcyclomatic-complexity -MMD -MP -MF"Main_app/Src/cooler_left_app.d" -MT"Main_app/Src/cooler_left_app.o" --specs=nano.specs -mfpu=fpv4-sp-d16 -mfloat-abi=hard -mthumb -o "Main_app/Src/cooler_left_app.o"
arm-none-eabi-gcc "../Main_app/Src/cooler_test.c" -mcpu=cortex-m4 -std=gnu11 -g3 -DDEBUG -DUSE_HAL_DRIVER -DSTM32F303x8 -c -I"E:/Pulpit/PCB/Plytki_chlodzenia_SOFTWARE/Cooling_left/stm_f303k8_ioc/Main_app/Inc/EKO_LIB" -I"E:/Pulpit/PCB/Plytki_chlodzenia_SOFTWARE/Cooling_left/stm_f303k8_ioc/Main_app/Inc/MY_LIB" -I"E:/Pulpit/PCB/Plytki_chlodzenia_SOFTWARE/Cooling_left/stm_f303k8_ioc/Main_app/Src/EKO_LIB" -I"E:/Pulpit/PCB/Plytki_chlodzenia_SOFTWARE/Cooling_left/stm_f303k8_ioc/Main_app/Src/MY_LIB" -I../Core/Inc -I../Drivers/STM32F3xx_HAL_Driver/Inc -I../Drivers/STM32F3xx_HAL_Driver/Inc/Legacy -I../Drivers/CMSIS/Device/ST/STM32F3xx/Include -I../Drivers/CMSIS/Include -O0 -ffunction-sections -fdata-sections -Wall -fstack-usage -fcyclomatic-complexity -MMD -MP -MF"Main_app/Src/cooler_test.d" -MT"Main_app/Src/cooler_test.o" --specs=nano.specs -mfpu=fpv4-sp-d16 -mfloat-abi=hard -mthumb -o "Main_app/Src/cooler_test.o"
arm-none-eabi-gcc "../Core/Src/main.c" -mcpu=cortex-m4 -std=gnu11 -g3 -DDEBUG -DUSE_HAL_DRIVER -DSTM32F303x8 -c -I"E:/Pulpit/PCB/Plytki_chlodzenia_SOFTWARE/Cooling_left/stm_f303k8_ioc/Main_app/Inc/EKO_LIB" -I"E:/Pulpit/PCB/Plytki_chlodzenia_SOFTWARE/Cooling_left/stm_f303k8_ioc/Main_app/Inc" -I"E:/Pulpit/PCB/Plytki_chlodzenia_SOFTWARE/Cooling_left/stm_f303k8_ioc/Main_app/Src" -I"E:/Pulpit/PCB/Plytki_chlodzenia_SOFTWARE/Cooling_left/stm_f303k8_ioc/Main_app/Inc/MY_LIB" -I"E:/Pulpit/PCB/Plytki_chlodzenia_SOFTWARE/Cooling_left/stm_f303k8_ioc/Main_app/Src/EKO_LIB" -I"E:/Pulpit/PCB/Plytki_chlodzenia_SOFTWARE/Cooling_left/stm_f303k8_ioc/Main_app/Src/MY_LIB" -I../Core/Inc -I../Drivers/STM32F3xx_HAL_Driver/Inc -I../Drivers/STM32F3xx_HAL_Driver/Inc/Legacy -I../Drivers/CMSIS/Device/ST/STM32F3xx/Include -I../Drivers/CMSIS/Include -O0 -ffunction-sections -fdata-sections -Wall -fstack-usage -fcyclomatic-complexity -MMD -MP -MF"Core/Src/main.d" -MT"Core/Src/main.o" --specs=nano.specs -mfpu=fpv4-sp-d16 -mfloat-abi=hard -mthumb -o "Core/Src/main.o"
../Main_app/Src/MY_LIB/MY_driver_i2c.c: In function 'AM2320_StateMachine':
../Main_app/Src/MY_LIB/MY_driver_i2c.c:153:5: warning: enumeration value 'AM2320_IDLE' not handled in switch [-Wswitch]
  153 |     switch (am2320State)
      |     ^~~~~~
../Main_app/Src/cooler_left_app.c: In function 'COOLER_app':
../Main_app/Src/cooler_left_app.c:104:32: warning: passing argument 1 of 'COOLER_IsTimeSendMsg' discards 'volatile' qualifier from pointer target type [-Wdiscarded-qualifiers]
  104 |           COOLER_IsTimeSendMsg(&interuptCanFlag);
      |                                ^~~~~~~~~~~~~~~~
../Main_app/Src/cooler_left_app.c:58:36: note: expected 'uint8_t *' {aka 'unsigned char *'} but argument is of type 'volatile uint8_t *' {aka 'volatile unsigned char *'}
   58 | void COOLER_IsTimeSendMsg(uint8_t* interuptCanFlag)
      |                           ~~~~~~~~~^~~~~~~~~~~~~~~
../Main_app/Src/cooler_left_app.c:119:27: warning: enumeration value 'CAN_FRAME_BMS_TEMP_1' not handled in switch [-Wswitch]
  119 |                           switch(msg.name)
      |                           ^~~~~~
../Main_app/Src/cooler_left_app.c:119:27: warning: enumeration value 'CAN_FRAME_BMS_TEMP_2' not handled in switch [-Wswitch]
../Main_app/Src/cooler_left_app.c:119:27: warning: enumeration value 'CAN_FRAME_BMS_TEMP_3' not handled in switch [-Wswitch]
../Main_app/Src/cooler_left_app.c:119:27: warning: enumeration value 'CAN_FRAME_BMS_TEMP_4' not handled in switch [-Wswitch]
../Main_app/Src/cooler_left_app.c:119:27: warning: enumeration value 'CAN_FRAME_BMS_TEMP_5' not handled in switch [-Wswitch]
../Main_app/Src/cooler_left_app.c:119:27: warning: enumeration value 'CAN_FRAME_BMS_TEMP_6' not handled in switch [-Wswitch]
../Main_app/Src/cooler_left_app.c:119:27: warning: enumeration value 'CAN_FRAME_BMS_TEMP_7' not handled in switch [-Wswitch]
../Main_app/Src/cooler_left_app.c:119:27: warning: enumeration value 'CAN_FRAME_BMS_TEMP_8' not handled in switch [-Wswitch]
../Main_app/Src/cooler_left_app.c:119:27: warning: enumeration value 'CAN_FRAME_BMS_TEMP_9' not handled in switch [-Wswitch]
../Main_app/Src/cooler_left_app.c:119:27: warning: enumeration value 'CAN_FRAME_SAFE_STATE' not handled in switch [-Wswitch]
../Main_app/Src/cooler_left_app.c:119:27: warning: enumeration value 'CAN_FRAME_BATTERY_SET_FAN' not handled in switch [-Wswitch]
../Main_app/Src/cooler_left_app.c:119:27: warning: enumeration value 'CAN_FRAME_UNKNOWN' not handled in switch [-Wswitch]
arm-none-eabi-gcc -o "f303_perla_blank.elf" @"objects.list"   -mcpu=cortex-m4 -T"E:\Pulpit\PCB\Plytki_chlodzenia_SOFTWARE\Cooling_left\stm_f303k8_ioc\STM32F303K8TX_FLASH.ld" --specs=nosys.specs -Wl,-Map="f303_perla_blank.map" -Wl,--gc-sections -static --specs=nano.specs -mfpu=fpv4-sp-d16 -mfloat-abi=hard -mthumb -Wl,--start-group -lc -lm -Wl,--end-group
Finished building target: f303_perla_blank.elf
 
arm-none-eabi-size  f303_perla_blank.elf 
arm-none-eabi-objdump -h -S f303_perla_blank.elf  > "f303_perla_blank.list"
   text	   data	    bss	    dec	    hex	filename
  32548	     12	   5112	  37672	   9328	f303_perla_blank.elf
Finished building: default.size.stdout
 
Finished building: f303_perla_blank.list
 
21:44:17 **** Incremental Build of configuration Debug for project f303_perla_blank ****
make -j16 all 
arm-none-eabi-gcc "../Main_app/Src/cooler_left_app.c" -mcpu=cortex-m4 -std=gnu11 -g3 -DDEBUG -DUSE_HAL_DRIVER -DSTM32F303x8 -c -I"E:/Pulpit/PCB/Plytki_chlodzenia_SOFTWARE/Cooling_left/stm_f303k8_ioc/Main_app/Inc/EKO_LIB" -I"E:/Pulpit/PCB/Plytki_chlodzenia_SOFTWARE/Cooling_left/stm_f303k8_ioc/Main_app/Src" -I"E:/Pulpit/PCB/Plytki_chlodzenia_SOFTWARE/Cooling_left/stm_f303k8_ioc/Main_app/Inc" -I"E:/Pulpit/PCB/Plytki_chlodzenia_SOFTWARE/Cooling_left/stm_f303k8_ioc/Main_app/Inc/MY_LIB" -I"E:/Pulpit/PCB/Plytki_chlodzenia_SOFTWARE/Cooling_left/stm_f303k8_ioc/Main_app/Src/EKO_LIB" -I"E:/Pulpit/PCB/Plytki_chlodzenia_SOFTWARE/Cooling_left/stm_f303k8_ioc/Main_app/Src/MY_LIB" -I../Core/Inc -I../Drivers/STM32F3xx_HAL_Driver/Inc -I../Drivers/STM32F3xx_HAL_Driver/Inc/Legacy -I../Drivers/CMSIS/Device/ST/STM32F3xx/Include -I../Drivers/CMSIS/Include -O0 -ffunction-sections -fdata-sections -Wall -fstack-usage -fcyclomatic-complexity -MMD -MP -MF"Main_app/Src/cooler_left_app.d" -MT"Main_app/Src/cooler_left_app.o" --specs=nano.specs -mfpu=fpv4-sp-d16 -mfloat-abi=hard -mthumb -o "Main_app/Src/cooler_left_app.o"
../Main_app/Src/cooler_left_app.c: In function 'COOLER_app':
../Main_app/Src/cooler_left_app.c:104:32: warning: passing argument 1 of 'COOLER_IsTimeSendMsg' discards 'volatile' qualifier from pointer target type [-Wdiscarded-qualifiers]
  104 |           COOLER_IsTimeSendMsg(&interuptCanFlag);
      |                                ^~~~~~~~~~~~~~~~
../Main_app/Src/cooler_left_app.c:58:36: note: expected 'uint8_t *' {aka 'unsigned char *'} but argument is of type 'volatile uint8_t *' {aka 'volatile unsigned char *'}
   58 | void COOLER_IsTimeSendMsg(uint8_t* interuptCanFlag)
      |                           ~~~~~~~~~^~~~~~~~~~~~~~~
../Main_app/Src/cooler_left_app.c:119:27: warning: enumeration value 'CAN_FRAME_BMS_TEMP_1' not handled in switch [-Wswitch]
  119 |                           switch(msg.name)
      |                           ^~~~~~
../Main_app/Src/cooler_left_app.c:119:27: warning: enumeration value 'CAN_FRAME_BMS_TEMP_2' not handled in switch [-Wswitch]
../Main_app/Src/cooler_left_app.c:119:27: warning: enumeration value 'CAN_FRAME_BMS_TEMP_3' not handled in switch [-Wswitch]
../Main_app/Src/cooler_left_app.c:119:27: warning: enumeration value 'CAN_FRAME_BMS_TEMP_4' not handled in switch [-Wswitch]
../Main_app/Src/cooler_left_app.c:119:27: warning: enumeration value 'CAN_FRAME_BMS_TEMP_5' not handled in switch [-Wswitch]
../Main_app/Src/cooler_left_app.c:119:27: warning: enumeration value 'CAN_FRAME_BMS_TEMP_6' not handled in switch [-Wswitch]
../Main_app/Src/cooler_left_app.c:119:27: warning: enumeration value 'CAN_FRAME_BMS_TEMP_7' not handled in switch [-Wswitch]
../Main_app/Src/cooler_left_app.c:119:27: warning: enumeration value 'CAN_FRAME_BMS_TEMP_8' not handled in switch [-Wswitch]
../Main_app/Src/cooler_left_app.c:119:27: warning: enumeration value 'CAN_FRAME_BMS_TEMP_9' not handled in switch [-Wswitch]
../Main_app/Src/cooler_left_app.c:119:27: warning: enumeration value 'CAN_FRAME_SAFE_STATE' not handled in switch [-Wswitch]
../Main_app/Src/cooler_left_app.c:119:27: warning: enumeration value 'CAN_FRAME_BATTERY_SET_FAN' not handled in switch [-Wswitch]
../Main_app/Src/cooler_left_app.c:119:27: warning: enumeration value 'CAN_FRAME_UNKNOWN' not handled in switch [-Wswitch]
arm-none-eabi-gcc -o "f303_perla_blank.elf" @"objects.list"   -mcpu=cortex-m4 -T"E:\Pulpit\PCB\Plytki_chlodzenia_SOFTWARE\Cooling_left\stm_f303k8_ioc\STM32F303K8TX_FLASH.ld" --specs=nosys.specs -Wl,-Map="f303_perla_blank.map" -Wl,--gc-sections -static --specs=nano.specs -mfpu=fpv4-sp-d16 -mfloat-abi=hard -mthumb -Wl,--start-group -lc -lm -Wl,--end-group
Finished building target: f303_perla_blank.elf
 
arm-none-eabi-size  f303_perla_blank.elf 
arm-none-eabi-objdump -h -S f303_perla_blank.elf  > "f303_perla_blank.list"
   text	   data	    bss	    dec	    hex	filename
  32576	     12	   5120	  37708	   934c	f303_perla_blank.elf
Finished building: default.size.stdout
 
Finished building: f303_perla_blank.list
 
15:53:23 **** Incremental Build of configuration Debug for project f303_perla_blank ****
make -j16 all 
arm-none-eabi-gcc "../Main_app/Src/MY_LIB/MY_driver_fan.c" -mcpu=cortex-m4 -std=gnu11 -g3 -DDEBUG -DUSE_HAL_DRIVER -DSTM32F303x8 -c -I"E:/Pulpit/PCB/Plytki_chlodzenia_SOFTWARE/Cooling_left/stm_f303k8_ioc/Main_app/Inc/EKO_LIB" -I"E:/Pulpit/PCB/Plytki_chlodzenia_SOFTWARE/Cooling_left/stm_f303k8_ioc/Main_app/Inc/MY_LIB" -I"E:/Pulpit/PCB/Plytki_chlodzenia_SOFTWARE/Cooling_left/stm_f303k8_ioc/Main_app/Src/EKO_LIB" -I"E:/Pulpit/PCB/Plytki_chlodzenia_SOFTWARE/Cooling_left/stm_f303k8_ioc/Main_app/Src/MY_LIB" -I../Core/Inc -I../Drivers/STM32F3xx_HAL_Driver/Inc -I../Drivers/STM32F3xx_HAL_Driver/Inc/Legacy -I../Drivers/CMSIS/Device/ST/STM32F3xx/Include -I../Drivers/CMSIS/Include -O0 -ffunction-sections -fdata-sections -Wall -fstack-usage -fcyclomatic-complexity -MMD -MP -MF"Main_app/Src/MY_LIB/MY_driver_fan.d" -MT"Main_app/Src/MY_LIB/MY_driver_fan.o" --specs=nano.specs -mfpu=fpv4-sp-d16 -mfloat-abi=hard -mthumb -o "Main_app/Src/MY_LIB/MY_driver_fan.o"
arm-none-eabi-gcc "../Main_app/Src/MY_LIB/MY_driver_serwo.c" -mcpu=cortex-m4 -std=gnu11 -g3 -DDEBUG -DUSE_HAL_DRIVER -DSTM32F303x8 -c -I"E:/Pulpit/PCB/Plytki_chlodzenia_SOFTWARE/Cooling_left/stm_f303k8_ioc/Main_app/Inc/EKO_LIB" -I"E:/Pulpit/PCB/Plytki_chlodzenia_SOFTWARE/Cooling_left/stm_f303k8_ioc/Main_app/Inc/MY_LIB" -I"E:/Pulpit/PCB/Plytki_chlodzenia_SOFTWARE/Cooling_left/stm_f303k8_ioc/Main_app/Src/EKO_LIB" -I"E:/Pulpit/PCB/Plytki_chlodzenia_SOFTWARE/Cooling_left/stm_f303k8_ioc/Main_app/Src/MY_LIB" -I../Core/Inc -I../Drivers/STM32F3xx_HAL_Driver/Inc -I../Drivers/STM32F3xx_HAL_Driver/Inc/Legacy -I../Drivers/CMSIS/Device/ST/STM32F3xx/Include -I../Drivers/CMSIS/Include -O0 -ffunction-sections -fdata-sections -Wall -fstack-usage -fcyclomatic-complexity -MMD -MP -MF"Main_app/Src/MY_LIB/MY_driver_serwo.d" -MT"Main_app/Src/MY_LIB/MY_driver_serwo.o" --specs=nano.specs -mfpu=fpv4-sp-d16 -mfloat-abi=hard -mthumb -o "Main_app/Src/MY_LIB/MY_driver_serwo.o"
arm-none-eabi-gcc "../Main_app/Src/cooler_left_app.c" -mcpu=cortex-m4 -std=gnu11 -g3 -DDEBUG -DUSE_HAL_DRIVER -DSTM32F303x8 -c -I"E:/Pulpit/PCB/Plytki_chlodzenia_SOFTWARE/Cooling_left/stm_f303k8_ioc/Main_app/Inc/EKO_LIB" -I"E:/Pulpit/PCB/Plytki_chlodzenia_SOFTWARE/Cooling_left/stm_f303k8_ioc/Main_app/Src" -I"E:/Pulpit/PCB/Plytki_chlodzenia_SOFTWARE/Cooling_left/stm_f303k8_ioc/Main_app/Inc" -I"E:/Pulpit/PCB/Plytki_chlodzenia_SOFTWARE/Cooling_left/stm_f303k8_ioc/Main_app/Inc/MY_LIB" -I"E:/Pulpit/PCB/Plytki_chlodzenia_SOFTWARE/Cooling_left/stm_f303k8_ioc/Main_app/Src/EKO_LIB" -I"E:/Pulpit/PCB/Plytki_chlodzenia_SOFTWARE/Cooling_left/stm_f303k8_ioc/Main_app/Src/MY_LIB" -I../Core/Inc -I../Drivers/STM32F3xx_HAL_Driver/Inc -I../Drivers/STM32F3xx_HAL_Driver/Inc/Legacy -I../Drivers/CMSIS/Device/ST/STM32F3xx/Include -I../Drivers/CMSIS/Include -O0 -ffunction-sections -fdata-sections -Wall -fstack-usage -fcyclomatic-complexity -MMD -MP -MF"Main_app/Src/cooler_left_app.d" -MT"Main_app/Src/cooler_left_app.o" --specs=nano.specs -mfpu=fpv4-sp-d16 -mfloat-abi=hard -mthumb -o "Main_app/Src/cooler_left_app.o"
../Main_app/Src/cooler_left_app.c: In function 'COOLER_app':
../Main_app/Src/cooler_left_app.c:104:32: warning: passing argument 1 of 'COOLER_IsTimeSendMsg' discards 'volatile' qualifier from pointer target type [-Wdiscarded-qualifiers]
  104 |           COOLER_IsTimeSendMsg(&interuptCanFlag);
      |                                ^~~~~~~~~~~~~~~~
../Main_app/Src/cooler_left_app.c:58:36: note: expected 'uint8_t *' {aka 'unsigned char *'} but argument is of type 'volatile uint8_t *' {aka 'volatile unsigned char *'}
   58 | void COOLER_IsTimeSendMsg(uint8_t* interuptCanFlag)
      |                           ~~~~~~~~~^~~~~~~~~~~~~~~
../Main_app/Src/cooler_left_app.c:119:27: warning: enumeration value 'CAN_FRAME_BMS_TEMP_1' not handled in switch [-Wswitch]
  119 |                           switch(msg.name)
      |                           ^~~~~~
../Main_app/Src/cooler_left_app.c:119:27: warning: enumeration value 'CAN_FRAME_BMS_TEMP_2' not handled in switch [-Wswitch]
../Main_app/Src/cooler_left_app.c:119:27: warning: enumeration value 'CAN_FRAME_BMS_TEMP_3' not handled in switch [-Wswitch]
../Main_app/Src/cooler_left_app.c:119:27: warning: enumeration value 'CAN_FRAME_BMS_TEMP_4' not handled in switch [-Wswitch]
../Main_app/Src/cooler_left_app.c:119:27: warning: enumeration value 'CAN_FRAME_BMS_TEMP_5' not handled in switch [-Wswitch]
../Main_app/Src/cooler_left_app.c:119:27: warning: enumeration value 'CAN_FRAME_BMS_TEMP_6' not handled in switch [-Wswitch]
../Main_app/Src/cooler_left_app.c:119:27: warning: enumeration value 'CAN_FRAME_BMS_TEMP_7' not handled in switch [-Wswitch]
../Main_app/Src/cooler_left_app.c:119:27: warning: enumeration value 'CAN_FRAME_BMS_TEMP_8' not handled in switch [-Wswitch]
../Main_app/Src/cooler_left_app.c:119:27: warning: enumeration value 'CAN_FRAME_BMS_TEMP_9' not handled in switch [-Wswitch]
../Main_app/Src/cooler_left_app.c:119:27: warning: enumeration value 'CAN_FRAME_SAFE_STATE' not handled in switch [-Wswitch]
../Main_app/Src/cooler_left_app.c:119:27: warning: enumeration value 'CAN_FRAME_BATTERY_SET_FAN' not handled in switch [-Wswitch]
../Main_app/Src/cooler_left_app.c:119:27: warning: enumeration value 'CAN_FRAME_UNKNOWN' not handled in switch [-Wswitch]
arm-none-eabi-gcc -o "f303_perla_blank.elf" @"objects.list"   -mcpu=cortex-m4 -T"E:\Pulpit\PCB\Plytki_chlodzenia_SOFTWARE\Cooling_left\stm_f303k8_ioc\STM32F303K8TX_FLASH.ld" --specs=nosys.specs -Wl,-Map="f303_perla_blank.map" -Wl,--gc-sections -static --specs=nano.specs -mfpu=fpv4-sp-d16 -mfloat-abi=hard -mthumb -Wl,--start-group -lc -lm -Wl,--end-group
Finished building target: f303_perla_blank.elf
 
arm-none-eabi-size  f303_perla_blank.elf 
arm-none-eabi-objdump -h -S f303_perla_blank.elf  > "f303_perla_blank.list"
   text	   data	    bss	    dec	    hex	filename
  32424	     12	   5088	  37524	   9294	f303_perla_blank.elf
Finished building: default.size.stdout
 
Finished building: f303_perla_blank.list
 
15:53:49 **** Incremental Build of configuration Debug for project f303_perla_blank ****
make -j16 all 
arm-none-eabi-size  f303_perla_blank.elf 
   text	   data	    bss	    dec	    hex	filename
  32424	     12	   5088	  37524	   9294	f303_perla_blank.elf
Finished building: default.size.stdout
 
15:54:32 **** Incremental Build of configuration Debug for project f303_perla_blank ****
make -j16 all 
arm-none-eabi-size  f303_perla_blank.elf 
   text	   data	    bss	    dec	    hex	filename
  32424	     12	   5088	  37524	   9294	f303_perla_blank.elf
Finished building: default.size.stdout
 
15:55:09 **** Incremental Build of configuration Debug for project f303_perla_blank ****
make -j16 all 
arm-none-eabi-size  f303_perla_blank.elf 
   text	   data	    bss	    dec	    hex	filename
  32424	     12	   5088	  37524	   9294	f303_perla_blank.elf
Finished building: default.size.stdout
 
15:55:50 **** Incremental Build of configuration Debug for project f303_perla_blank ****
make -j16 all 
arm-none-eabi-size  f303_perla_blank.elf 
   text	   data	    bss	    dec	    hex	filename
  32424	     12	   5088	  37524	   9294	f303_perla_blank.elf
Finished building: default.size.stdout
 
15:56:13 **** Incremental Build of configuration Debug for project f303_perla_blank ****
make -j16 all 
arm-none-eabi-size  f303_perla_blank.elf 
   text	   data	    bss	    dec	    hex	filename
  32424	     12	   5088	  37524	   9294	f303_perla_blank.elf
Finished building: default.size.stdout
 
15:56:59 **** Incremental Build of configuration Debug for project f303_perla_blank ****
make -j16 all 
arm-none-eabi-size  f303_perla_blank.elf 
   text	   data	    bss	    dec	    hex	filename
  32424	     12	   5088	  37524	   9294	f303_perla_blank.elf
Finished building: default.size.stdout
 
15:57:34 **** Incremental Build of configuration Debug for project f303_perla_blank ****
make -j16 all 
arm-none-eabi-size  f303_perla_blank.elf 
   text	   data	    bss	    dec	    hex	filename
  32424	     12	   5088	  37524	   9294	f303_perla_blank.elf
Finished building: default.size.stdout
 
16:06:17 **** Incremental Build of configuration Debug for project f303_perla_blank ****
make -j16 all 
arm-none-eabi-size  f303_perla_blank.elf 
   text	   data	    bss	    dec	    hex	filename
  32424	     12	   5088	  37524	   9294	f303_perla_blank.elf
Finished building: default.size.stdout
 
16:06:55 **** Incremental Build of configuration Debug for project f303_perla_blank ****
make -j16 all 
arm-none-eabi-size  f303_perla_blank.elf 
   text	   data	    bss	    dec	    hex	filename
  32424	     12	   5088	  37524	   9294	f303_perla_blank.elf
Finished building: default.size.stdout
 
16:12:23 **** Incremental Build of configuration Debug for project f303_perla_blank ****
make -j16 all 
arm-none-eabi-size  f303_perla_blank.elf 
   text	   data	    bss	    dec	    hex	filename
  32424	     12	   5088	  37524	   9294	f303_perla_blank.elf
Finished building: default.size.stdout
 
16:12:41 **** Incremental Build of configuration Debug for project f303_perla_blank ****
make -j16 all 
arm-none-eabi-size  f303_perla_blank.elf 
   text	   data	    bss	    dec	    hex	filename
  32424	     12	   5088	  37524	   9294	f303_perla_blank.elf
Finished building: default.size.stdout
 
16:13:28 **** Incremental Build of configuration Debug for project f303_perla_blank ****
make -j16 all 
arm-none-eabi-size  f303_perla_blank.elf 
   text	   data	    bss	    dec	    hex	filename
  32424	     12	   5088	  37524	   9294	f303_perla_blank.elf
Finished building: default.size.stdout
 
16:14:04 **** Incremental Build of configuration Debug for project f303_perla_blank ****
make -j16 all 
arm-none-eabi-size  f303_perla_blank.elf 
   text	   data	    bss	    dec	    hex	filename
  32424	     12	   5088	  37524	   9294	f303_perla_blank.elf
Finished building: default.size.stdout
 
16:15:02 **** Incremental Build of configuration Debug for project f303_perla_blank ****
make -j16 all 
arm-none-eabi-size  f303_perla_blank.elf 
   text	   data	    bss	    dec	    hex	filename
  32424	     12	   5088	  37524	   9294	f303_perla_blank.elf
Finished building: default.size.stdout
 
16:15:12 **** Incremental Build of configuration Debug for project f303_perla_blank ****
make -j16 all 
arm-none-eabi-size  f303_perla_blank.elf 
   text	   data	    bss	    dec	    hex	filename
  32424	     12	   5088	  37524	   9294	f303_perla_blank.elf
Finished building: default.size.stdout
 
16:16:03 **** Incremental Build of configuration Debug for project f303_perla_blank ****
make -j16 all 
arm-none-eabi-size  f303_perla_blank.elf 
   text	   data	    bss	    dec	    hex	filename
  32424	     12	   5088	  37524	   9294	f303_perla_blank.elf
Finished building: default.size.stdout
 
16:16:30 **** Incremental Build of configuration Debug for project f303_perla_blank ****
make -j16 all 
arm-none-eabi-size  f303_perla_blank.elf 
   text	   data	    bss	    dec	    hex	filename
  32424	     12	   5088	  37524	   9294	f303_perla_blank.elf
Finished building: default.size.stdout
 
16:20:28 **** Incremental Build of configuration Debug for project f303_perla_blank ****
make -j16 all 
arm-none-eabi-size  f303_perla_blank.elf 
   text	   data	    bss	    dec	    hex	filename
  32424	     12	   5088	  37524	   9294	f303_perla_blank.elf
Finished building: default.size.stdout
 
13:20:03 **** Incremental Build of configuration Debug for project f303_perla_blank ****
make -j16 all 
arm-none-eabi-gcc "../Main_app/Src/MY_LIB/MY_driver_can.c" -mcpu=cortex-m4 -std=gnu11 -g3 -DDEBUG -DUSE_HAL_DRIVER -DSTM32F303x8 -c -I"E:/Pulpit/PCB/Plytki_chlodzenia_SOFTWARE/Cooling_left/stm_f303k8_ioc/Main_app/Inc/EKO_LIB" -I"E:/Pulpit/PCB/Plytki_chlodzenia_SOFTWARE/Cooling_left/stm_f303k8_ioc/Main_app/Inc/MY_LIB" -I"E:/Pulpit/PCB/Plytki_chlodzenia_SOFTWARE/Cooling_left/stm_f303k8_ioc/Main_app/Src/EKO_LIB" -I"E:/Pulpit/PCB/Plytki_chlodzenia_SOFTWARE/Cooling_left/stm_f303k8_ioc/Main_app/Src/MY_LIB" -I../Core/Inc -I../Drivers/STM32F3xx_HAL_Driver/Inc -I../Drivers/STM32F3xx_HAL_Driver/Inc/Legacy -I../Drivers/CMSIS/Device/ST/STM32F3xx/Include -I../Drivers/CMSIS/Include -O0 -ffunction-sections -fdata-sections -Wall -fstack-usage -fcyclomatic-complexity -MMD -MP -MF"Main_app/Src/MY_LIB/MY_driver_can.d" -MT"Main_app/Src/MY_LIB/MY_driver_can.o" --specs=nano.specs -mfpu=fpv4-sp-d16 -mfloat-abi=hard -mthumb -o "Main_app/Src/MY_LIB/MY_driver_can.o"
arm-none-eabi-gcc "../Main_app/Src/MY_LIB/MY_driver_fan.c" -mcpu=cortex-m4 -std=gnu11 -g3 -DDEBUG -DUSE_HAL_DRIVER -DSTM32F303x8 -c -I"E:/Pulpit/PCB/Plytki_chlodzenia_SOFTWARE/Cooling_left/stm_f303k8_ioc/Main_app/Inc/EKO_LIB" -I"E:/Pulpit/PCB/Plytki_chlodzenia_SOFTWARE/Cooling_left/stm_f303k8_ioc/Main_app/Inc/MY_LIB" -I"E:/Pulpit/PCB/Plytki_chlodzenia_SOFTWARE/Cooling_left/stm_f303k8_ioc/Main_app/Src/EKO_LIB" -I"E:/Pulpit/PCB/Plytki_chlodzenia_SOFTWARE/Cooling_left/stm_f303k8_ioc/Main_app/Src/MY_LIB" -I../Core/Inc -I../Drivers/STM32F3xx_HAL_Driver/Inc -I../Drivers/STM32F3xx_HAL_Driver/Inc/Legacy -I../Drivers/CMSIS/Device/ST/STM32F3xx/Include -I../Drivers/CMSIS/Include -O0 -ffunction-sections -fdata-sections -Wall -fstack-usage -fcyclomatic-complexity -MMD -MP -MF"Main_app/Src/MY_LIB/MY_driver_fan.d" -MT"Main_app/Src/MY_LIB/MY_driver_fan.o" --specs=nano.specs -mfpu=fpv4-sp-d16 -mfloat-abi=hard -mthumb -o "Main_app/Src/MY_LIB/MY_driver_fan.o"
arm-none-eabi-gcc "../Main_app/Src/MY_LIB/MY_driver_i2c.c" -mcpu=cortex-m4 -std=gnu11 -g3 -DDEBUG -DUSE_HAL_DRIVER -DSTM32F303x8 -c -I"E:/Pulpit/PCB/Plytki_chlodzenia_SOFTWARE/Cooling_left/stm_f303k8_ioc/Main_app/Inc/EKO_LIB" -I"E:/Pulpit/PCB/Plytki_chlodzenia_SOFTWARE/Cooling_left/stm_f303k8_ioc/Main_app/Inc/MY_LIB" -I"E:/Pulpit/PCB/Plytki_chlodzenia_SOFTWARE/Cooling_left/stm_f303k8_ioc/Main_app/Src/EKO_LIB" -I"E:/Pulpit/PCB/Plytki_chlodzenia_SOFTWARE/Cooling_left/stm_f303k8_ioc/Main_app/Src/MY_LIB" -I../Core/Inc -I../Drivers/STM32F3xx_HAL_Driver/Inc -I../Drivers/STM32F3xx_HAL_Driver/Inc/Legacy -I../Drivers/CMSIS/Device/ST/STM32F3xx/Include -I../Drivers/CMSIS/Include -O0 -ffunction-sections -fdata-sections -Wall -fstack-usage -fcyclomatic-complexity -MMD -MP -MF"Main_app/Src/MY_LIB/MY_driver_i2c.d" -MT"Main_app/Src/MY_LIB/MY_driver_i2c.o" --specs=nano.specs -mfpu=fpv4-sp-d16 -mfloat-abi=hard -mthumb -o "Main_app/Src/MY_LIB/MY_driver_i2c.o"
arm-none-eabi-gcc "../Main_app/Src/MY_LIB/MY_driver_serwo.c" -mcpu=cortex-m4 -std=gnu11 -g3 -DDEBUG -DUSE_HAL_DRIVER -DSTM32F303x8 -c -I"E:/Pulpit/PCB/Plytki_chlodzenia_SOFTWARE/Cooling_left/stm_f303k8_ioc/Main_app/Inc/EKO_LIB" -I"E:/Pulpit/PCB/Plytki_chlodzenia_SOFTWARE/Cooling_left/stm_f303k8_ioc/Main_app/Inc/MY_LIB" -I"E:/Pulpit/PCB/Plytki_chlodzenia_SOFTWARE/Cooling_left/stm_f303k8_ioc/Main_app/Src/EKO_LIB" -I"E:/Pulpit/PCB/Plytki_chlodzenia_SOFTWARE/Cooling_left/stm_f303k8_ioc/Main_app/Src/MY_LIB" -I../Core/Inc -I../Drivers/STM32F3xx_HAL_Driver/Inc -I../Drivers/STM32F3xx_HAL_Driver/Inc/Legacy -I../Drivers/CMSIS/Device/ST/STM32F3xx/Include -I../Drivers/CMSIS/Include -O0 -ffunction-sections -fdata-sections -Wall -fstack-usage -fcyclomatic-complexity -MMD -MP -MF"Main_app/Src/MY_LIB/MY_driver_serwo.d" -MT"Main_app/Src/MY_LIB/MY_driver_serwo.o" --specs=nano.specs -mfpu=fpv4-sp-d16 -mfloat-abi=hard -mthumb -o "Main_app/Src/MY_LIB/MY_driver_serwo.o"
arm-none-eabi-gcc "../Main_app/Src/cooler_left_app.c" -mcpu=cortex-m4 -std=gnu11 -g3 -DDEBUG -DUSE_HAL_DRIVER -DSTM32F303x8 -c -I"E:/Pulpit/PCB/Plytki_chlodzenia_SOFTWARE/Cooling_left/stm_f303k8_ioc/Main_app/Inc/EKO_LIB" -I"E:/Pulpit/PCB/Plytki_chlodzenia_SOFTWARE/Cooling_left/stm_f303k8_ioc/Main_app/Src" -I"E:/Pulpit/PCB/Plytki_chlodzenia_SOFTWARE/Cooling_left/stm_f303k8_ioc/Main_app/Inc" -I"E:/Pulpit/PCB/Plytki_chlodzenia_SOFTWARE/Cooling_left/stm_f303k8_ioc/Main_app/Inc/MY_LIB" -I"E:/Pulpit/PCB/Plytki_chlodzenia_SOFTWARE/Cooling_left/stm_f303k8_ioc/Main_app/Src/EKO_LIB" -I"E:/Pulpit/PCB/Plytki_chlodzenia_SOFTWARE/Cooling_left/stm_f303k8_ioc/Main_app/Src/MY_LIB" -I../Core/Inc -I../Drivers/STM32F3xx_HAL_Driver/Inc -I../Drivers/STM32F3xx_HAL_Driver/Inc/Legacy -I../Drivers/CMSIS/Device/ST/STM32F3xx/Include -I../Drivers/CMSIS/Include -O0 -ffunction-sections -fdata-sections -Wall -fstack-usage -fcyclomatic-complexity -MMD -MP -MF"Main_app/Src/cooler_left_app.d" -MT"Main_app/Src/cooler_left_app.o" --specs=nano.specs -mfpu=fpv4-sp-d16 -mfloat-abi=hard -mthumb -o "Main_app/Src/cooler_left_app.o"
arm-none-eabi-gcc "../Main_app/Src/cooler_test.c" -mcpu=cortex-m4 -std=gnu11 -g3 -DDEBUG -DUSE_HAL_DRIVER -DSTM32F303x8 -c -I"E:/Pulpit/PCB/Plytki_chlodzenia_SOFTWARE/Cooling_left/stm_f303k8_ioc/Main_app/Inc/EKO_LIB" -I"E:/Pulpit/PCB/Plytki_chlodzenia_SOFTWARE/Cooling_left/stm_f303k8_ioc/Main_app/Inc/MY_LIB" -I"E:/Pulpit/PCB/Plytki_chlodzenia_SOFTWARE/Cooling_left/stm_f303k8_ioc/Main_app/Src/EKO_LIB" -I"E:/Pulpit/PCB/Plytki_chlodzenia_SOFTWARE/Cooling_left/stm_f303k8_ioc/Main_app/Src/MY_LIB" -I../Core/Inc -I../Drivers/STM32F3xx_HAL_Driver/Inc -I../Drivers/STM32F3xx_HAL_Driver/Inc/Legacy -I../Drivers/CMSIS/Device/ST/STM32F3xx/Include -I../Drivers/CMSIS/Include -O0 -ffunction-sections -fdata-sections -Wall -fstack-usage -fcyclomatic-complexity -MMD -MP -MF"Main_app/Src/cooler_test.d" -MT"Main_app/Src/cooler_test.o" --specs=nano.specs -mfpu=fpv4-sp-d16 -mfloat-abi=hard -mthumb -o "Main_app/Src/cooler_test.o"
arm-none-eabi-gcc "../Core/Src/main.c" -mcpu=cortex-m4 -std=gnu11 -g3 -DDEBUG -DUSE_HAL_DRIVER -DSTM32F303x8 -c -I"E:/Pulpit/PCB/Plytki_chlodzenia_SOFTWARE/Cooling_left/stm_f303k8_ioc/Main_app/Inc/EKO_LIB" -I"E:/Pulpit/PCB/Plytki_chlodzenia_SOFTWARE/Cooling_left/stm_f303k8_ioc/Main_app/Inc" -I"E:/Pulpit/PCB/Plytki_chlodzenia_SOFTWARE/Cooling_left/stm_f303k8_ioc/Main_app/Src" -I"E:/Pulpit/PCB/Plytki_chlodzenia_SOFTWARE/Cooling_left/stm_f303k8_ioc/Main_app/Inc/MY_LIB" -I"E:/Pulpit/PCB/Plytki_chlodzenia_SOFTWARE/Cooling_left/stm_f303k8_ioc/Main_app/Src/EKO_LIB" -I"E:/Pulpit/PCB/Plytki_chlodzenia_SOFTWARE/Cooling_left/stm_f303k8_ioc/Main_app/Src/MY_LIB" -I../Core/Inc -I../Drivers/STM32F3xx_HAL_Driver/Inc -I../Drivers/STM32F3xx_HAL_Driver/Inc/Legacy -I../Drivers/CMSIS/Device/ST/STM32F3xx/Include -I../Drivers/CMSIS/Include -O0 -ffunction-sections -fdata-sections -Wall -fstack-usage -fcyclomatic-complexity -MMD -MP -MF"Core/Src/main.d" -MT"Core/Src/main.o" --specs=nano.specs -mfpu=fpv4-sp-d16 -mfloat-abi=hard -mthumb -o "Core/Src/main.o"
../Main_app/Src/MY_LIB/MY_driver_i2c.c: In function 'AM2320_StateMachine':
../Main_app/Src/MY_LIB/MY_driver_i2c.c:153:5: warning: enumeration value 'AM2320_IDLE' not handled in switch [-Wswitch]
  153 |     switch (am2320State)
      |     ^~~~~~
../Main_app/Src/cooler_test.c: In function 'TEST_Serwo':
../Main_app/Src/cooler_test.c:37:17: error: implicit declaration of function 'SERWO_SetPulse'; did you mean 'SERWO_ScalerPulse'? [-Wimplicit-function-declaration]
   37 |                 SERWO_SetPulse(&htim3, &canBufferTx,dutyTable_[0], dutyTable_[1]);
      |                 ^~~~~~~~~~~~~~
      |                 SERWO_ScalerPulse
../Main_app/Src/cooler_left_app.c: In function 'COOLER_app':
../Main_app/Src/cooler_left_app.c:98:3: error: implicit declaration of function 'SERWO_OpenCanal'; did you mean 'SERWO_OPEN_CANAL'? [-Wimplicit-function-declaration]
   98 |   SERWO_OpenCanal();
      |   ^~~~~~~~~~~~~~~
      |   SERWO_OPEN_CANAL
../Main_app/Src/cooler_left_app.c:105:32: warning: passing argument 1 of 'COOLER_IsTimeSendMsg' discards 'volatile' qualifier from pointer target type [-Wdiscarded-qualifiers]
  105 |           COOLER_IsTimeSendMsg(&interuptCanFlag);
      |                                ^~~~~~~~~~~~~~~~
../Main_app/Src/cooler_left_app.c:58:36: note: expected 'uint8_t *' {aka 'unsigned char *'} but argument is of type 'volatile uint8_t *' {aka 'volatile unsigned char *'}
   58 | void COOLER_IsTimeSendMsg(uint8_t* interuptCanFlag)
      |                           ~~~~~~~~~^~~~~~~~~~~~~~~
../Main_app/Src/cooler_left_app.c:118:27: warning: enumeration value 'CAN_FRAME_BMS_TEMP_1' not handled in switch [-Wswitch]
  118 |                           switch(msg.name)
      |                           ^~~~~~
../Main_app/Src/cooler_left_app.c:118:27: warning: enumeration value 'CAN_FRAME_BMS_TEMP_2' not handled in switch [-Wswitch]
../Main_app/Src/cooler_left_app.c:118:27: warning: enumeration value 'CAN_FRAME_BMS_TEMP_3' not handled in switch [-Wswitch]
../Main_app/Src/cooler_left_app.c:118:27: warning: enumeration value 'CAN_FRAME_BMS_TEMP_4' not handled in switch [-Wswitch]
../Main_app/Src/cooler_left_app.c:118:27: warning: enumeration value 'CAN_FRAME_BMS_TEMP_5' not handled in switch [-Wswitch]
../Main_app/Src/cooler_left_app.c:118:27: warning: enumeration value 'CAN_FRAME_BMS_TEMP_6' not handled in switch [-Wswitch]
../Main_app/Src/cooler_left_app.c:118:27: warning: enumeration value 'CAN_FRAME_BMS_TEMP_7' not handled in switch [-Wswitch]
../Main_app/Src/cooler_left_app.c:118:27: warning: enumeration value 'CAN_FRAME_BMS_TEMP_8' not handled in switch [-Wswitch]
../Main_app/Src/cooler_left_app.c:118:27: warning: enumeration value 'CAN_FRAME_BMS_TEMP_9' not handled in switch [-Wswitch]
../Main_app/Src/cooler_left_app.c:118:27: warning: enumeration value 'CAN_FRAME_SET_SERVOS_ENGINE' not handled in switch [-Wswitch]
../Main_app/Src/cooler_left_app.c:118:27: warning: enumeration value 'CAN_FRAME_SAFE_STATE' not handled in switch [-Wswitch]
../Main_app/Src/cooler_left_app.c:118:27: warning: enumeration value 'CAN_FRAME_BATTERY_SET_FAN' not handled in switch [-Wswitch]
../Main_app/Src/cooler_left_app.c:118:27: warning: enumeration value 'CAN_FRAME_UNKNOWN' not handled in switch [-Wswitch]
make: *** [Main_app/Src/subdir.mk:24: Main_app/Src/cooler_test.o] Error 1
make: *** Waiting for unfinished jobs....
make: *** [Main_app/Src/subdir.mk:22: Main_app/Src/cooler_left_app.o] Error 1
"make -j16 all" terminated with exit code 2. Build might be incomplete.
13:21:33 **** Incremental Build of configuration Debug for project f303_perla_blank ****
make -j16 all 
arm-none-eabi-gcc "../Main_app/Src/MY_LIB/MY_driver_serwo.c" -mcpu=cortex-m4 -std=gnu11 -g3 -DDEBUG -DUSE_HAL_DRIVER -DSTM32F303x8 -c -I"E:/Pulpit/PCB/Plytki_chlodzenia_SOFTWARE/Cooling_left/stm_f303k8_ioc/Main_app/Inc/EKO_LIB" -I"E:/Pulpit/PCB/Plytki_chlodzenia_SOFTWARE/Cooling_left/stm_f303k8_ioc/Main_app/Inc/MY_LIB" -I"E:/Pulpit/PCB/Plytki_chlodzenia_SOFTWARE/Cooling_left/stm_f303k8_ioc/Main_app/Src/EKO_LIB" -I"E:/Pulpit/PCB/Plytki_chlodzenia_SOFTWARE/Cooling_left/stm_f303k8_ioc/Main_app/Src/MY_LIB" -I../Core/Inc -I../Drivers/STM32F3xx_HAL_Driver/Inc -I../Drivers/STM32F3xx_HAL_Driver/Inc/Legacy -I../Drivers/CMSIS/Device/ST/STM32F3xx/Include -I../Drivers/CMSIS/Include -O0 -ffunction-sections -fdata-sections -Wall -fstack-usage -fcyclomatic-complexity -MMD -MP -MF"Main_app/Src/MY_LIB/MY_driver_serwo.d" -MT"Main_app/Src/MY_LIB/MY_driver_serwo.o" --specs=nano.specs -mfpu=fpv4-sp-d16 -mfloat-abi=hard -mthumb -o "Main_app/Src/MY_LIB/MY_driver_serwo.o"
arm-none-eabi-gcc "../Main_app/Src/cooler_left_app.c" -mcpu=cortex-m4 -std=gnu11 -g3 -DDEBUG -DUSE_HAL_DRIVER -DSTM32F303x8 -c -I"E:/Pulpit/PCB/Plytki_chlodzenia_SOFTWARE/Cooling_left/stm_f303k8_ioc/Main_app/Inc/EKO_LIB" -I"E:/Pulpit/PCB/Plytki_chlodzenia_SOFTWARE/Cooling_left/stm_f303k8_ioc/Main_app/Src" -I"E:/Pulpit/PCB/Plytki_chlodzenia_SOFTWARE/Cooling_left/stm_f303k8_ioc/Main_app/Inc" -I"E:/Pulpit/PCB/Plytki_chlodzenia_SOFTWARE/Cooling_left/stm_f303k8_ioc/Main_app/Inc/MY_LIB" -I"E:/Pulpit/PCB/Plytki_chlodzenia_SOFTWARE/Cooling_left/stm_f303k8_ioc/Main_app/Src/EKO_LIB" -I"E:/Pulpit/PCB/Plytki_chlodzenia_SOFTWARE/Cooling_left/stm_f303k8_ioc/Main_app/Src/MY_LIB" -I../Core/Inc -I../Drivers/STM32F3xx_HAL_Driver/Inc -I../Drivers/STM32F3xx_HAL_Driver/Inc/Legacy -I../Drivers/CMSIS/Device/ST/STM32F3xx/Include -I../Drivers/CMSIS/Include -O0 -ffunction-sections -fdata-sections -Wall -fstack-usage -fcyclomatic-complexity -MMD -MP -MF"Main_app/Src/cooler_left_app.d" -MT"Main_app/Src/cooler_left_app.o" --specs=nano.specs -mfpu=fpv4-sp-d16 -mfloat-abi=hard -mthumb -o "Main_app/Src/cooler_left_app.o"
arm-none-eabi-gcc "../Main_app/Src/cooler_test.c" -mcpu=cortex-m4 -std=gnu11 -g3 -DDEBUG -DUSE_HAL_DRIVER -DSTM32F303x8 -c -I"E:/Pulpit/PCB/Plytki_chlodzenia_SOFTWARE/Cooling_left/stm_f303k8_ioc/Main_app/Inc/EKO_LIB" -I"E:/Pulpit/PCB/Plytki_chlodzenia_SOFTWARE/Cooling_left/stm_f303k8_ioc/Main_app/Inc/MY_LIB" -I"E:/Pulpit/PCB/Plytki_chlodzenia_SOFTWARE/Cooling_left/stm_f303k8_ioc/Main_app/Src/EKO_LIB" -I"E:/Pulpit/PCB/Plytki_chlodzenia_SOFTWARE/Cooling_left/stm_f303k8_ioc/Main_app/Src/MY_LIB" -I../Core/Inc -I../Drivers/STM32F3xx_HAL_Driver/Inc -I../Drivers/STM32F3xx_HAL_Driver/Inc/Legacy -I../Drivers/CMSIS/Device/ST/STM32F3xx/Include -I../Drivers/CMSIS/Include -O0 -ffunction-sections -fdata-sections -Wall -fstack-usage -fcyclomatic-complexity -MMD -MP -MF"Main_app/Src/cooler_test.d" -MT"Main_app/Src/cooler_test.o" --specs=nano.specs -mfpu=fpv4-sp-d16 -mfloat-abi=hard -mthumb -o "Main_app/Src/cooler_test.o"
arm-none-eabi-gcc "../Core/Src/main.c" -mcpu=cortex-m4 -std=gnu11 -g3 -DDEBUG -DUSE_HAL_DRIVER -DSTM32F303x8 -c -I"E:/Pulpit/PCB/Plytki_chlodzenia_SOFTWARE/Cooling_left/stm_f303k8_ioc/Main_app/Inc/EKO_LIB" -I"E:/Pulpit/PCB/Plytki_chlodzenia_SOFTWARE/Cooling_left/stm_f303k8_ioc/Main_app/Inc" -I"E:/Pulpit/PCB/Plytki_chlodzenia_SOFTWARE/Cooling_left/stm_f303k8_ioc/Main_app/Src" -I"E:/Pulpit/PCB/Plytki_chlodzenia_SOFTWARE/Cooling_left/stm_f303k8_ioc/Main_app/Inc/MY_LIB" -I"E:/Pulpit/PCB/Plytki_chlodzenia_SOFTWARE/Cooling_left/stm_f303k8_ioc/Main_app/Src/EKO_LIB" -I"E:/Pulpit/PCB/Plytki_chlodzenia_SOFTWARE/Cooling_left/stm_f303k8_ioc/Main_app/Src/MY_LIB" -I../Core/Inc -I../Drivers/STM32F3xx_HAL_Driver/Inc -I../Drivers/STM32F3xx_HAL_Driver/Inc/Legacy -I../Drivers/CMSIS/Device/ST/STM32F3xx/Include -I../Drivers/CMSIS/Include -O0 -ffunction-sections -fdata-sections -Wall -fstack-usage -fcyclomatic-complexity -MMD -MP -MF"Core/Src/main.d" -MT"Core/Src/main.o" --specs=nano.specs -mfpu=fpv4-sp-d16 -mfloat-abi=hard -mthumb -o "Core/Src/main.o"
../Main_app/Src/cooler_left_app.c: In function 'COOLER_app':
../Main_app/Src/cooler_left_app.c:105:32: warning: passing argument 1 of 'COOLER_IsTimeSendMsg' discards 'volatile' qualifier from pointer target type [-Wdiscarded-qualifiers]
  105 |           COOLER_IsTimeSendMsg(&interuptCanFlag);
      |                                ^~~~~~~~~~~~~~~~
../Main_app/Src/cooler_left_app.c:58:36: note: expected 'uint8_t *' {aka 'unsigned char *'} but argument is of type 'volatile uint8_t *' {aka 'volatile unsigned char *'}
   58 | void COOLER_IsTimeSendMsg(uint8_t* interuptCanFlag)
      |                           ~~~~~~~~~^~~~~~~~~~~~~~~
../Main_app/Src/cooler_left_app.c:118:27: warning: enumeration value 'CAN_FRAME_BMS_TEMP_1' not handled in switch [-Wswitch]
  118 |                           switch(msg.name)
      |                           ^~~~~~
../Main_app/Src/cooler_left_app.c:118:27: warning: enumeration value 'CAN_FRAME_BMS_TEMP_2' not handled in switch [-Wswitch]
../Main_app/Src/cooler_left_app.c:118:27: warning: enumeration value 'CAN_FRAME_BMS_TEMP_3' not handled in switch [-Wswitch]
../Main_app/Src/cooler_left_app.c:118:27: warning: enumeration value 'CAN_FRAME_BMS_TEMP_4' not handled in switch [-Wswitch]
../Main_app/Src/cooler_left_app.c:118:27: warning: enumeration value 'CAN_FRAME_BMS_TEMP_5' not handled in switch [-Wswitch]
../Main_app/Src/cooler_left_app.c:118:27: warning: enumeration value 'CAN_FRAME_BMS_TEMP_6' not handled in switch [-Wswitch]
../Main_app/Src/cooler_left_app.c:118:27: warning: enumeration value 'CAN_FRAME_BMS_TEMP_7' not handled in switch [-Wswitch]
../Main_app/Src/cooler_left_app.c:118:27: warning: enumeration value 'CAN_FRAME_BMS_TEMP_8' not handled in switch [-Wswitch]
../Main_app/Src/cooler_left_app.c:118:27: warning: enumeration value 'CAN_FRAME_BMS_TEMP_9' not handled in switch [-Wswitch]
../Main_app/Src/cooler_left_app.c:118:27: warning: enumeration value 'CAN_FRAME_SET_SERVOS_ENGINE' not handled in switch [-Wswitch]
../Main_app/Src/cooler_left_app.c:118:27: warning: enumeration value 'CAN_FRAME_SAFE_STATE' not handled in switch [-Wswitch]
../Main_app/Src/cooler_left_app.c:118:27: warning: enumeration value 'CAN_FRAME_BATTERY_SET_FAN' not handled in switch [-Wswitch]
../Main_app/Src/cooler_left_app.c:118:27: warning: enumeration value 'CAN_FRAME_UNKNOWN' not handled in switch [-Wswitch]
arm-none-eabi-gcc -o "f303_perla_blank.elf" @"objects.list"   -mcpu=cortex-m4 -T"E:\Pulpit\PCB\Plytki_chlodzenia_SOFTWARE\Cooling_left\stm_f303k8_ioc\STM32F303K8TX_FLASH.ld" --specs=nosys.specs -Wl,-Map="f303_perla_blank.map" -Wl,--gc-sections -static --specs=nano.specs -mfpu=fpv4-sp-d16 -mfloat-abi=hard -mthumb -Wl,--start-group -lc -lm -Wl,--end-group
Finished building target: f303_perla_blank.elf
 
arm-none-eabi-size  f303_perla_blank.elf 
arm-none-eabi-objdump -h -S f303_perla_blank.elf  > "f303_perla_blank.list"
   text	   data	    bss	    dec	    hex	filename
  32560	     12	   5064	  37636	   9304	f303_perla_blank.elf
Finished building: default.size.stdout
 
Finished building: f303_perla_blank.list
 
13:38:36 **** Incremental Build of configuration Debug for project f303_perla_blank ****
make -j16 all 
arm-none-eabi-gcc "../Main_app/Src/MY_LIB/MY_driver_serwo.c" -mcpu=cortex-m4 -std=gnu11 -g3 -DDEBUG -DUSE_HAL_DRIVER -DSTM32F303x8 -c -I"E:/Pulpit/PCB/Plytki_chlodzenia_SOFTWARE/Cooling_left/stm_f303k8_ioc/Main_app/Inc/EKO_LIB" -I"E:/Pulpit/PCB/Plytki_chlodzenia_SOFTWARE/Cooling_left/stm_f303k8_ioc/Main_app/Inc/MY_LIB" -I"E:/Pulpit/PCB/Plytki_chlodzenia_SOFTWARE/Cooling_left/stm_f303k8_ioc/Main_app/Src/EKO_LIB" -I"E:/Pulpit/PCB/Plytki_chlodzenia_SOFTWARE/Cooling_left/stm_f303k8_ioc/Main_app/Src/MY_LIB" -I../Core/Inc -I../Drivers/STM32F3xx_HAL_Driver/Inc -I../Drivers/STM32F3xx_HAL_Driver/Inc/Legacy -I../Drivers/CMSIS/Device/ST/STM32F3xx/Include -I../Drivers/CMSIS/Include -O0 -ffunction-sections -fdata-sections -Wall -fstack-usage -fcyclomatic-complexity -MMD -MP -MF"Main_app/Src/MY_LIB/MY_driver_serwo.d" -MT"Main_app/Src/MY_LIB/MY_driver_serwo.o" --specs=nano.specs -mfpu=fpv4-sp-d16 -mfloat-abi=hard -mthumb -o "Main_app/Src/MY_LIB/MY_driver_serwo.o"
arm-none-eabi-gcc -o "f303_perla_blank.elf" @"objects.list"   -mcpu=cortex-m4 -T"E:\Pulpit\PCB\Plytki_chlodzenia_SOFTWARE\Cooling_left\stm_f303k8_ioc\STM32F303K8TX_FLASH.ld" --specs=nosys.specs -Wl,-Map="f303_perla_blank.map" -Wl,--gc-sections -static --specs=nano.specs -mfpu=fpv4-sp-d16 -mfloat-abi=hard -mthumb -Wl,--start-group -lc -lm -Wl,--end-group
Finished building target: f303_perla_blank.elf
 
arm-none-eabi-size  f303_perla_blank.elf 
arm-none-eabi-objdump -h -S f303_perla_blank.elf  > "f303_perla_blank.list"
   text	   data	    bss	    dec	    hex	filename
  32560	     12	   5064	  37636	   9304	f303_perla_blank.elf
Finished building: default.size.stdout
 
Finished building: f303_perla_blank.list
 
13:52:43 **** Incremental Build of configuration Debug for project f303_perla_blank ****
make -j16 all 
arm-none-eabi-gcc "../Main_app/Src/MY_LIB/MY_driver_serwo.c" -mcpu=cortex-m4 -std=gnu11 -g3 -DDEBUG -DUSE_HAL_DRIVER -DSTM32F303x8 -c -I"E:/Pulpit/PCB/Plytki_chlodzenia_SOFTWARE/Cooling_left/stm_f303k8_ioc/Main_app/Inc/EKO_LIB" -I"E:/Pulpit/PCB/Plytki_chlodzenia_SOFTWARE/Cooling_left/stm_f303k8_ioc/Main_app/Inc/MY_LIB" -I"E:/Pulpit/PCB/Plytki_chlodzenia_SOFTWARE/Cooling_left/stm_f303k8_ioc/Main_app/Src/EKO_LIB" -I"E:/Pulpit/PCB/Plytki_chlodzenia_SOFTWARE/Cooling_left/stm_f303k8_ioc/Main_app/Src/MY_LIB" -I../Core/Inc -I../Drivers/STM32F3xx_HAL_Driver/Inc -I../Drivers/STM32F3xx_HAL_Driver/Inc/Legacy -I../Drivers/CMSIS/Device/ST/STM32F3xx/Include -I../Drivers/CMSIS/Include -O0 -ffunction-sections -fdata-sections -Wall -fstack-usage -fcyclomatic-complexity -MMD -MP -MF"Main_app/Src/MY_LIB/MY_driver_serwo.d" -MT"Main_app/Src/MY_LIB/MY_driver_serwo.o" --specs=nano.specs -mfpu=fpv4-sp-d16 -mfloat-abi=hard -mthumb -o "Main_app/Src/MY_LIB/MY_driver_serwo.o"
arm-none-eabi-gcc "../Main_app/Src/cooler_left_app.c" -mcpu=cortex-m4 -std=gnu11 -g3 -DDEBUG -DUSE_HAL_DRIVER -DSTM32F303x8 -c -I"E:/Pulpit/PCB/Plytki_chlodzenia_SOFTWARE/Cooling_left/stm_f303k8_ioc/Main_app/Inc/EKO_LIB" -I"E:/Pulpit/PCB/Plytki_chlodzenia_SOFTWARE/Cooling_left/stm_f303k8_ioc/Main_app/Src" -I"E:/Pulpit/PCB/Plytki_chlodzenia_SOFTWARE/Cooling_left/stm_f303k8_ioc/Main_app/Inc" -I"E:/Pulpit/PCB/Plytki_chlodzenia_SOFTWARE/Cooling_left/stm_f303k8_ioc/Main_app/Inc/MY_LIB" -I"E:/Pulpit/PCB/Plytki_chlodzenia_SOFTWARE/Cooling_left/stm_f303k8_ioc/Main_app/Src/EKO_LIB" -I"E:/Pulpit/PCB/Plytki_chlodzenia_SOFTWARE/Cooling_left/stm_f303k8_ioc/Main_app/Src/MY_LIB" -I../Core/Inc -I../Drivers/STM32F3xx_HAL_Driver/Inc -I../Drivers/STM32F3xx_HAL_Driver/Inc/Legacy -I../Drivers/CMSIS/Device/ST/STM32F3xx/Include -I../Drivers/CMSIS/Include -O0 -ffunction-sections -fdata-sections -Wall -fstack-usage -fcyclomatic-complexity -MMD -MP -MF"Main_app/Src/cooler_left_app.d" -MT"Main_app/Src/cooler_left_app.o" --specs=nano.specs -mfpu=fpv4-sp-d16 -mfloat-abi=hard -mthumb -o "Main_app/Src/cooler_left_app.o"
arm-none-eabi-gcc "../Main_app/Src/cooler_test.c" -mcpu=cortex-m4 -std=gnu11 -g3 -DDEBUG -DUSE_HAL_DRIVER -DSTM32F303x8 -c -I"E:/Pulpit/PCB/Plytki_chlodzenia_SOFTWARE/Cooling_left/stm_f303k8_ioc/Main_app/Inc/EKO_LIB" -I"E:/Pulpit/PCB/Plytki_chlodzenia_SOFTWARE/Cooling_left/stm_f303k8_ioc/Main_app/Inc/MY_LIB" -I"E:/Pulpit/PCB/Plytki_chlodzenia_SOFTWARE/Cooling_left/stm_f303k8_ioc/Main_app/Src/EKO_LIB" -I"E:/Pulpit/PCB/Plytki_chlodzenia_SOFTWARE/Cooling_left/stm_f303k8_ioc/Main_app/Src/MY_LIB" -I../Core/Inc -I../Drivers/STM32F3xx_HAL_Driver/Inc -I../Drivers/STM32F3xx_HAL_Driver/Inc/Legacy -I../Drivers/CMSIS/Device/ST/STM32F3xx/Include -I../Drivers/CMSIS/Include -O0 -ffunction-sections -fdata-sections -Wall -fstack-usage -fcyclomatic-complexity -MMD -MP -MF"Main_app/Src/cooler_test.d" -MT"Main_app/Src/cooler_test.o" --specs=nano.specs -mfpu=fpv4-sp-d16 -mfloat-abi=hard -mthumb -o "Main_app/Src/cooler_test.o"
arm-none-eabi-gcc "../Core/Src/main.c" -mcpu=cortex-m4 -std=gnu11 -g3 -DDEBUG -DUSE_HAL_DRIVER -DSTM32F303x8 -c -I"E:/Pulpit/PCB/Plytki_chlodzenia_SOFTWARE/Cooling_left/stm_f303k8_ioc/Main_app/Inc/EKO_LIB" -I"E:/Pulpit/PCB/Plytki_chlodzenia_SOFTWARE/Cooling_left/stm_f303k8_ioc/Main_app/Inc" -I"E:/Pulpit/PCB/Plytki_chlodzenia_SOFTWARE/Cooling_left/stm_f303k8_ioc/Main_app/Src" -I"E:/Pulpit/PCB/Plytki_chlodzenia_SOFTWARE/Cooling_left/stm_f303k8_ioc/Main_app/Inc/MY_LIB" -I"E:/Pulpit/PCB/Plytki_chlodzenia_SOFTWARE/Cooling_left/stm_f303k8_ioc/Main_app/Src/EKO_LIB" -I"E:/Pulpit/PCB/Plytki_chlodzenia_SOFTWARE/Cooling_left/stm_f303k8_ioc/Main_app/Src/MY_LIB" -I../Core/Inc -I../Drivers/STM32F3xx_HAL_Driver/Inc -I../Drivers/STM32F3xx_HAL_Driver/Inc/Legacy -I../Drivers/CMSIS/Device/ST/STM32F3xx/Include -I../Drivers/CMSIS/Include -O0 -ffunction-sections -fdata-sections -Wall -fstack-usage -fcyclomatic-complexity -MMD -MP -MF"Core/Src/main.d" -MT"Core/Src/main.o" --specs=nano.specs -mfpu=fpv4-sp-d16 -mfloat-abi=hard -mthumb -o "Core/Src/main.o"
../Main_app/Src/cooler_left_app.c: In function 'COOLER_app':
../Main_app/Src/cooler_left_app.c:105:32: warning: passing argument 1 of 'COOLER_IsTimeSendMsg' discards 'volatile' qualifier from pointer target type [-Wdiscarded-qualifiers]
  105 |           COOLER_IsTimeSendMsg(&interuptCanFlag);
      |                                ^~~~~~~~~~~~~~~~
../Main_app/Src/cooler_left_app.c:58:36: note: expected 'uint8_t *' {aka 'unsigned char *'} but argument is of type 'volatile uint8_t *' {aka 'volatile unsigned char *'}
   58 | void COOLER_IsTimeSendMsg(uint8_t* interuptCanFlag)
      |                           ~~~~~~~~~^~~~~~~~~~~~~~~
../Main_app/Src/cooler_left_app.c:118:27: warning: enumeration value 'CAN_FRAME_BMS_TEMP_1' not handled in switch [-Wswitch]
  118 |                           switch(msg.name)
      |                           ^~~~~~
../Main_app/Src/cooler_left_app.c:118:27: warning: enumeration value 'CAN_FRAME_BMS_TEMP_2' not handled in switch [-Wswitch]
../Main_app/Src/cooler_left_app.c:118:27: warning: enumeration value 'CAN_FRAME_BMS_TEMP_3' not handled in switch [-Wswitch]
../Main_app/Src/cooler_left_app.c:118:27: warning: enumeration value 'CAN_FRAME_BMS_TEMP_4' not handled in switch [-Wswitch]
../Main_app/Src/cooler_left_app.c:118:27: warning: enumeration value 'CAN_FRAME_BMS_TEMP_5' not handled in switch [-Wswitch]
../Main_app/Src/cooler_left_app.c:118:27: warning: enumeration value 'CAN_FRAME_BMS_TEMP_6' not handled in switch [-Wswitch]
../Main_app/Src/cooler_left_app.c:118:27: warning: enumeration value 'CAN_FRAME_BMS_TEMP_7' not handled in switch [-Wswitch]
../Main_app/Src/cooler_left_app.c:118:27: warning: enumeration value 'CAN_FRAME_BMS_TEMP_8' not handled in switch [-Wswitch]
../Main_app/Src/cooler_left_app.c:118:27: warning: enumeration value 'CAN_FRAME_BMS_TEMP_9' not handled in switch [-Wswitch]
../Main_app/Src/cooler_left_app.c:118:27: warning: enumeration value 'CAN_FRAME_SET_SERVOS_ENGINE' not handled in switch [-Wswitch]
../Main_app/Src/cooler_left_app.c:118:27: warning: enumeration value 'CAN_FRAME_SAFE_STATE' not handled in switch [-Wswitch]
../Main_app/Src/cooler_left_app.c:118:27: warning: enumeration value 'CAN_FRAME_BATTERY_SET_FAN' not handled in switch [-Wswitch]
../Main_app/Src/cooler_left_app.c:118:27: warning: enumeration value 'CAN_FRAME_UNKNOWN' not handled in switch [-Wswitch]
arm-none-eabi-gcc -o "f303_perla_blank.elf" @"objects.list"   -mcpu=cortex-m4 -T"E:\Pulpit\PCB\Plytki_chlodzenia_SOFTWARE\Cooling_left\stm_f303k8_ioc\STM32F303K8TX_FLASH.ld" --specs=nosys.specs -Wl,-Map="f303_perla_blank.map" -Wl,--gc-sections -static --specs=nano.specs -mfpu=fpv4-sp-d16 -mfloat-abi=hard -mthumb -Wl,--start-group -lc -lm -Wl,--end-group
Finished building target: f303_perla_blank.elf
 
arm-none-eabi-size  f303_perla_blank.elf 
arm-none-eabi-objdump -h -S f303_perla_blank.elf  > "f303_perla_blank.list"
   text	   data	    bss	    dec	    hex	filename
  34844	     12	   5064	  39920	   9bf0	f303_perla_blank.elf
Finished building: default.size.stdout
 
Finished building: f303_perla_blank.list
 
